172.18.0.1 - - [12/Sep/2021:23:38:47 +0000] "GET /wp-includes/js/dist/token-list.min.js?ver=91a1487ea5b32c4ea39b7a40c5e90652 HTTP/1.1" 200 1233 "http://localhost/wp-admin/post.php?post=17&action=edit" "Mozilla/5.0 (Windows NT 10.0; WOW64) AppleWebKit/537.36 (KHTML, like Gecko) Chrome/93.0.4577.63 Safari/537.36"
172.18.0.1 - - [12/Sep/2021:23:38:47 +0000] "GET /wp-includes/js/dist/wordcount.min.js?ver=61ab1af9326f4d5fda7ed01990e1be70 HTTP/1.1" 200 1625 "http://localhost/wp-admin/post.php?post=17&action=edit" "Mozilla/5.0 (Windows NT 10.0; WOW64) AppleWebKit/537.36 (KHTML, like Gecko) Chrome/93.0.4577.63 Safari/537.36"
172.18.0.1 - - [12/Sep/2021:23:38:46 +0000] "GET /wp-content/plugins/forminator/assets/forminator-ui/css/src/forminator-ui.min.css?ver=1.15.2 HTTP/1.1" 200 92480 "http://localhost/wp-admin/post.php?post=17&action=edit" "Mozilla/5.0 (Windows NT 10.0; WOW64) AppleWebKit/537.36 (KHTML, like Gecko) Chrome/93.0.4577.63 Safari/537.36"
172.18.0.1 - - [12/Sep/2021:23:38:47 +0000] "GET /wp-includes/js/dist/keyboard-shortcuts.min.js?ver=d60f79d652998d8dc5f4ddb1f9ae5051 HTTP/1.1" 200 2153 "http://localhost/wp-admin/post.php?post=17&action=edit" "Mozilla/5.0 (Windows NT 10.0; WOW64) AppleWebKit/537.36 (KHTML, like Gecko) Chrome/93.0.4577.63 Safari/537.36"
172.18.0.1 - - [12/Sep/2021:23:38:47 +0000] "GET /wp-includes/js/dist/server-side-render.min.js?ver=2942b2a9b4710a872a0ba1f2776eb170 HTTP/1.1" 200 2041 "http://localhost/wp-admin/post.php?post=17&action=edit" "Mozilla/5.0 (Windows NT 10.0; WOW64) AppleWebKit/537.36 (KHTML, like Gecko) Chrome/93.0.4577.63 Safari/537.36"
172.18.0.1 - - [12/Sep/2021:23:38:47 +0000] "GET /wp-includes/js/dist/reusable-blocks.min.js?ver=d40ac0cd16ea074b061fb448acb3fcd4 HTTP/1.1" 200 2981 "http://localhost/wp-admin/post.php?post=17&action=edit" "Mozilla/5.0 (Windows NT 10.0; WOW64) AppleWebKit/537.36 (KHTML, like Gecko) Chrome/93.0.4577.63 Safari/537.36"
172.18.0.1 - - [12/Sep/2021:23:38:47 +0000] "GET /wp-admin/js/editor.min.js?ver=5.8 HTTP/1.1" 200 5092 "http://localhost/wp-admin/post.php?post=17&action=edit" "Mozilla/5.0 (Windows NT 10.0; WOW64) AppleWebKit/537.36 (KHTML, like Gecko) Chrome/93.0.4577.63 Safari/537.36"
172.18.0.1 - - [12/Sep/2021:23:38:47 +0000] "GET /wp-includes/js/dist/block-editor.min.js?ver=390a9f83b606a55e8b523c4d16bdb08c HTTP/1.1" 200 120605 "http://localhost/wp-admin/post.php?post=17&action=edit" "Mozilla/5.0 (Windows NT 10.0; WOW64) AppleWebKit/537.36 (KHTML, like Gecko) Chrome/93.0.4577.63 Safari/537.36"
172.18.0.1 - - [12/Sep/2021:23:38:48 +0000] "GET /wp-includes/js/dist/media-utils.min.js?ver=5e105975fcfe18922cd4f0163466f454 HTTP/1.1" 200 3466 "http://localhost/wp-admin/post.php?post=17&action=edit" "Mozilla/5.0 (Windows NT 10.0; WOW64) AppleWebKit/537.36 (KHTML, like Gecko) Chrome/93.0.4577.63 Safari/537.36"
172.18.0.1 - - [12/Sep/2021:23:38:48 +0000] "GET /wp-includes/js/dist/editor.min.js?ver=d5f5b146e9d5ff8cbdc964235141b29c HTTP/1.1" 200 39178 "http://localhost/wp-admin/post.php?post=17&action=edit" "Mozilla/5.0 (Windows NT 10.0; WOW64) AppleWebKit/537.36 (KHTML, like Gecko) Chrome/93.0.4577.63 Safari/537.36"
172.18.0.1 - - [12/Sep/2021:23:38:48 +0000] "GET /wp-content/plugins/woocommerce/packages/woocommerce-blocks/build/wc-blocks.js?ver=8924e5165dc33d4886122b77d6672e6e HTTP/1.1" 200 3852 "http://localhost/wp-admin/post.php?post=17&action=edit" "Mozilla/5.0 (Windows NT 10.0; WOW64) AppleWebKit/537.36 (KHTML, like Gecko) Chrome/93.0.4577.63 Safari/537.36"
172.18.0.1 - - [12/Sep/2021:23:38:48 +0000] "GET /wp-content/plugins/woocommerce/packages/woocommerce-blocks/build/all-reviews.js?ver=0840d3de8c72f5b9d2c18af9ec7b3526 HTTP/1.1" 200 9919 "http://localhost/wp-admin/post.php?post=17&action=edit" "Mozilla/5.0 (Windows NT 10.0; WOW64) AppleWebKit/537.36 (KHTML, like Gecko) Chrome/93.0.4577.63 Safari/537.36"
172.18.0.1 - - [12/Sep/2021:23:38:48 +0000] "GET /wp-includes/js/dist/block-library.min.js?ver=a5313ddeed0fcc308ffcc61a2f8d729c HTTP/1.1" 200 133778 "http://localhost/wp-admin/post.php?post=17&action=edit" "Mozilla/5.0 (Windows NT 10.0; WOW64) AppleWebKit/537.36 (KHTML, like Gecko) Chrome/93.0.4577.63 Safari/537.36"
172.18.0.1 - - [12/Sep/2021:23:38:48 +0000] "GET /wp-includes/js/dist/edit-post.min.js?ver=1eb14b17cd9ee51cd7e6f98652830641 HTTP/1.1" 200 61108 "http://localhost/wp-admin/post.php?post=17&action=edit" "Mozilla/5.0 (Windows NT 10.0; WOW64) AppleWebKit/537.36 (KHTML, like Gecko) Chrome/93.0.4577.63 Safari/537.36"
172.18.0.1 - - [12/Sep/2021:23:38:48 +0000] "GET /wp-content/plugins/woocommerce/packages/woocommerce-blocks/build/featured-product.js?ver=4ec6fe3819922d05a3dc0f3e800b2793 HTTP/1.1" 200 9903 "http://localhost/wp-admin/post.php?post=17&action=edit" "Mozilla/5.0 (Windows NT 10.0; WOW64) AppleWebKit/537.36 (KHTML, like Gecko) Chrome/93.0.4577.63 Safari/537.36"
172.18.0.1 - - [12/Sep/2021:23:38:48 +0000] "GET /wp-content/plugins/woocommerce/packages/woocommerce-blocks/build/wc-settings.js?ver=eb9fff9e86cd8c11bfb8c225bea87ed4 HTTP/1.1" 200 3265 "http://localhost/wp-admin/post.php?post=17&action=edit" "Mozilla/5.0 (Windows NT 10.0; WOW64) AppleWebKit/537.36 (KHTML, like Gecko) Chrome/93.0.4577.63 Safari/537.36"
172.18.0.1 - - [12/Sep/2021:23:38:48 +0000] "GET /wp-content/plugins/woocommerce/packages/woocommerce-blocks/build/featured-category.js?ver=119adff3a728e18a209b645e98a94250 HTTP/1.1" 200 7740 "http://localhost/wp-admin/post.php?post=17&action=edit" "Mozilla/5.0 (Windows NT 10.0; WOW64) AppleWebKit/537.36 (KHTML, like Gecko) Chrome/93.0.4577.63 Safari/537.36"
172.18.0.1 - - [12/Sep/2021:23:38:48 +0000] "GET /wp-content/plugins/woocommerce/packages/woocommerce-blocks/build/handpicked-products.js?ver=497598eeb8ab35b325aa73929675182e HTTP/1.1" 200 6899 "http://localhost/wp-admin/post.php?post=17&action=edit" "Mozilla/5.0 (Windows NT 10.0; WOW64) AppleWebKit/537.36 (KHTML, like Gecko) Chrome/93.0.4577.63 Safari/537.36"
172.18.0.1 - - [12/Sep/2021:23:38:48 +0000] "GET /wp-content/plugins/woocommerce/packages/woocommerce-blocks/build/product-best-sellers.js?ver=d1c72265039da37f8acf2a8313b702c2 HTTP/1.1" 200 7086 "http://localhost/wp-admin/post.php?post=17&action=edit" "Mozilla/5.0 (Windows NT 10.0; WOW64) AppleWebKit/537.36 (KHTML, like Gecko) Chrome/93.0.4577.63 Safari/537.36"
172.18.0.1 - - [12/Sep/2021:23:38:48 +0000] "GET /wp-content/plugins/woocommerce/packages/woocommerce-blocks/build/product-categories.js?ver=3fefb7fbdca5014d6f78a54f026726f6 HTTP/1.1" 200 3725 "http://localhost/wp-admin/post.php?post=17&action=edit" "Mozilla/5.0 (Windows NT 10.0; WOW64) AppleWebKit/537.36 (KHTML, like Gecko) Chrome/93.0.4577.63 Safari/537.36"
172.18.0.1 - - [12/Sep/2021:23:38:48 +0000] "GET /wp-content/plugins/woocommerce/packages/woocommerce-blocks/build/product-category.js?ver=a63305f0a91e9e684848e81c31f00358 HTTP/1.1" 200 7940 "http://localhost/wp-admin/post.php?post=17&action=edit" "Mozilla/5.0 (Windows NT 10.0; WOW64) AppleWebKit/537.36 (KHTML, like Gecko) Chrome/93.0.4577.63 Safari/537.36"
172.18.0.1 - - [12/Sep/2021:23:38:48 +0000] "GET /wp-content/plugins/woocommerce/packages/woocommerce-blocks/build/product-on-sale.js?ver=75d1548fae17107c3ad9d5eaba9818c5 HTTP/1.1" 200 7587 "http://localhost/wp-admin/post.php?post=17&action=edit" "Mozilla/5.0 (Windows NT 10.0; WOW64) AppleWebKit/537.36 (KHTML, like Gecko) Chrome/93.0.4577.63 Safari/537.36"
172.18.0.1 - - [12/Sep/2021:23:38:48 +0000] "GET /wp-content/plugins/woocommerce/packages/woocommerce-blocks/build/reviews-by-product.js?ver=32c44899a78877a464395035699c6513 HTTP/1.1" 200 13457 "http://localhost/wp-admin/post.php?post=17&action=edit" "Mozilla/5.0 (Windows NT 10.0; WOW64) AppleWebKit/537.36 (KHTML, like Gecko) Chrome/93.0.4577.63 Safari/537.36"
172.18.0.1 - - [12/Sep/2021:23:38:48 +0000] "GET /wp-content/plugins/woocommerce/packages/woocommerce-blocks/build/reviews-by-category.js?ver=67343adcf6468e5855c71deb8a5bce06 HTTP/1.1" 200 11896 "http://localhost/wp-admin/post.php?post=17&action=edit" "Mozilla/5.0 (Windows NT 10.0; WOW64) AppleWebKit/537.36 (KHTML, like Gecko) Chrome/93.0.4577.63 Safari/537.36"
172.18.0.1 - - [12/Sep/2021:23:38:48 +0000] "GET /wp-content/plugins/woocommerce/packages/woocommerce-blocks/build/products-by-attribute.js?ver=88c1cc581f3ad75fbcc4b39849758ebe HTTP/1.1" 200 8171 "http://localhost/wp-admin/post.php?post=17&action=edit" "Mozilla/5.0 (Windows NT 10.0; WOW64) AppleWebKit/537.36 (KHTML, like Gecko) Chrome/93.0.4577.63 Safari/537.36"
172.18.0.1 - - [12/Sep/2021:23:38:48 +0000] "GET /wp-content/plugins/woocommerce/packages/woocommerce-blocks/build/product-tag.js?ver=5bbbe1b0651be06b89458520c902ceaa HTTP/1.1" 200 7060 "http://localhost/wp-admin/post.php?post=17&action=edit" "Mozilla/5.0 (Windows NT 10.0; WOW64) AppleWebKit/537.36 (KHTML, like Gecko) Chrome/93.0.4577.63 Safari/537.36"
172.18.0.1 - - [12/Sep/2021:23:38:48 +0000] "GET /wp-content/plugins/woocommerce/packages/woocommerce-blocks/build/product-search.js?ver=7634472ab3bc0538225e49f4912ec1dd HTTP/1.1" 200 3018 "http://localhost/wp-admin/post.php?post=17&action=edit" "Mozilla/5.0 (Windows NT 10.0; WOW64) AppleWebKit/537.36 (KHTML, like Gecko) Chrome/93.0.4577.63 Safari/537.36"
172.18.0.1 - - [12/Sep/2021:23:38:48 +0000] "GET /wp-content/plugins/woocommerce/packages/woocommerce-blocks/build/product-new.js?ver=9b35378beeec7c60d562072863720d52 HTTP/1.1" 200 7243 "http://localhost/wp-admin/post.php?post=17&action=edit" "Mozilla/5.0 (Windows NT 10.0; WOW64) AppleWebKit/537.36 (KHTML, like Gecko) Chrome/93.0.4577.63 Safari/537.36"
172.18.0.1 - - [12/Sep/2021:23:38:48 +0000] "GET /wp-content/plugins/woocommerce/packages/woocommerce-blocks/build/product-top-rated.js?ver=cfd3dcbb4be2034d37e2a0ceda4c91d5 HTTP/1.1" 200 7213 "http://localhost/wp-admin/post.php?post=17&action=edit" "Mozilla/5.0 (Windows NT 10.0; WOW64) AppleWebKit/537.36 (KHTML, like Gecko) Chrome/93.0.4577.63 Safari/537.36"
172.18.0.1 - - [12/Sep/2021:23:38:48 +0000] "GET /wp-content/plugins/woocommerce/packages/woocommerce-blocks/build/wc-blocks-vendors.js?ver=5.5.1 HTTP/1.1" 200 241587 "http://localhost/wp-admin/post.php?post=17&action=edit" "Mozilla/5.0 (Windows NT 10.0; WOW64) AppleWebKit/537.36 (KHTML, like Gecko) Chrome/93.0.4577.63 Safari/537.36"
172.18.0.1 - - [12/Sep/2021:23:38:48 +0000] "GET /wp-content/plugins/woocommerce/packages/woocommerce-blocks/build/wc-blocks-registry.js?ver=ce4c633cde26d33c38ccad354e7a595e HTTP/1.1" 200 3104 "http://localhost/wp-admin/post.php?post=17&action=edit" "Mozilla/5.0 (Windows NT 10.0; WOW64) AppleWebKit/537.36 (KHTML, like Gecko) Chrome/93.0.4577.63 Safari/537.36"
172.18.0.1 - - [12/Sep/2021:23:38:48 +0000] "GET /wp-content/plugins/woocommerce/packages/woocommerce-blocks/build/wc-blocks-middleware.js?ver=eb6d63f5d225dee6596bfb746604afd0 HTTP/1.1" 200 1820 "http://localhost/wp-admin/post.php?post=17&action=edit" "Mozilla/5.0 (Windows NT 10.0; WOW64) AppleWebKit/537.36 (KHTML, like Gecko) Chrome/93.0.4577.63 Safari/537.36"
172.18.0.1 - - [12/Sep/2021:23:38:48 +0000] "GET /wp-content/plugins/woocommerce/packages/woocommerce-blocks/build/wc-blocks-shared-context.js?ver=65cb8148395020af1941ee765b88f0ba HTTP/1.1" 200 1890 "http://localhost/wp-admin/post.php?post=17&action=edit" "Mozilla/5.0 (Windows NT 10.0; WOW64) AppleWebKit/537.36 (KHTML, like Gecko) Chrome/93.0.4577.63 Safari/537.36"
172.18.0.1 - - [12/Sep/2021:23:38:48 +0000] "GET /wp-content/plugins/woocommerce/packages/woocommerce-blocks/build/wc-blocks-shared-hocs.js?ver=a7f67829fed70851c7cdcb89f7cb8185 HTTP/1.1" 200 2098 "http://localhost/wp-admin/post.php?post=17&action=edit" "Mozilla/5.0 (Windows NT 10.0; WOW64) AppleWebKit/537.36 (KHTML, like Gecko) Chrome/93.0.4577.63 Safari/537.36"
172.18.0.1 - - [12/Sep/2021:23:38:48 +0000] "GET /wp-content/plugins/woocommerce/packages/woocommerce-blocks/build/price-format.js?ver=e3aeb9532ad2c4f2c998e862d0c0dea2 HTTP/1.1" 200 1727 "http://localhost/wp-admin/post.php?post=17&action=edit" "Mozilla/5.0 (Windows NT 10.0; WOW64) AppleWebKit/537.36 (KHTML, like Gecko) Chrome/93.0.4577.63 Safari/537.36"
172.18.0.1 - - [12/Sep/2021:23:38:48 +0000] "GET /wp-content/plugins/woocommerce/packages/woocommerce-blocks/build/active-filters.js?ver=7c68fd7d7503eb1b229249788763db96 HTTP/1.1" 200 8196 "http://localhost/wp-admin/post.php?post=17&action=edit" "Mozilla/5.0 (Windows NT 10.0; WOW64) AppleWebKit/537.36 (KHTML, like Gecko) Chrome/93.0.4577.63 Safari/537.36"
172.18.0.1 - - [12/Sep/2021:23:38:48 +0000] "GET /wp-content/plugins/woocommerce/packages/woocommerce-blocks/build/attribute-filter.js?ver=afa510a33ab2f4dfcfd3a5ca5d9f7ec6 HTTP/1.1" 200 12126 "http://localhost/wp-admin/post.php?post=17&action=edit" "Mozilla/5.0 (Windows NT 10.0; WOW64) AppleWebKit/537.36 (KHTML, like Gecko) Chrome/93.0.4577.63 Safari/537.36"
172.18.0.1 - - [12/Sep/2021:23:38:48 +0000] "GET /wp-content/plugins/woocommerce/packages/woocommerce-blocks/build/wc-blocks-data.js?ver=2b87aa4d49bfabd4f91c5bd6974dd982 HTTP/1.1" 200 11242 "http://localhost/wp-admin/post.php?post=17&action=edit" "Mozilla/5.0 (Windows NT 10.0; WOW64) AppleWebKit/537.36 (KHTML, like Gecko) Chrome/93.0.4577.63 Safari/537.36"
172.18.0.1 - - [12/Sep/2021:23:38:48 +0000] "GET /wp-content/plugins/woocommerce/packages/woocommerce-blocks/build/price-filter.js?ver=d0057deca03b9b08f2683a4637f9be7c HTTP/1.1" 200 9930 "http://localhost/wp-admin/post.php?post=17&action=edit" "Mozilla/5.0 (Windows NT 10.0; WOW64) AppleWebKit/537.36 (KHTML, like Gecko) Chrome/93.0.4577.63 Safari/537.36"
172.18.0.1 - - [12/Sep/2021:23:38:48 +0000] "GET /wp-content/plugins/woocommerce/packages/woocommerce-blocks/build/all-products.js?ver=33f72feaffbbb7b60f7b57afb2c4724c HTTP/1.1" 200 37792 "http://localhost/wp-admin/post.php?post=17&action=edit" "Mozilla/5.0 (Windows NT 10.0; WOW64) AppleWebKit/537.36 (KHTML, like Gecko) Chrome/93.0.4577.63 Safari/537.36"
172.18.0.1 - - [12/Sep/2021:23:38:48 +0000] "GET /wp-includes/js/dist/block-directory.min.js?ver=533a4867df7aa239ef83b649b8a10e46 HTTP/1.1" 200 7028 "http://localhost/wp-admin/post.php?post=17&action=edit" "Mozilla/5.0 (Windows NT 10.0; WOW64) AppleWebKit/537.36 (KHTML, like Gecko) Chrome/93.0.4577.63 Safari/537.36"
172.18.0.1 - - [12/Sep/2021:23:38:49 +0000] "GET /wp-content/themes/twentytwentyone/assets/js/editor.js?ver=1.4 HTTP/1.1" 200 812 "http://localhost/wp-admin/post.php?post=17&action=edit" "Mozilla/5.0 (Windows NT 10.0; WOW64) AppleWebKit/537.36 (KHTML, like Gecko) Chrome/93.0.4577.63 Safari/537.36"
172.18.0.1 - - [12/Sep/2021:23:38:49 +0000] "GET /wp-includes/js/jquery/ui/tabs.min.js?ver=1.12.1 HTTP/1.1" 200 4260 "http://localhost/wp-admin/post.php?post=17&action=edit" "Mozilla/5.0 (Windows NT 10.0; WOW64) AppleWebKit/537.36 (KHTML, like Gecko) Chrome/93.0.4577.63 Safari/537.36"
172.18.0.1 - - [12/Sep/2021:23:38:49 +0000] "GET /wp-content/plugins/forminator/build/admin/scgen.min.js?ver=1.15.2 HTTP/1.1" 200 1076 "http://localhost/wp-admin/post.php?post=17&action=edit" "Mozilla/5.0 (Windows NT 10.0; WOW64) AppleWebKit/537.36 (KHTML, like Gecko) Chrome/93.0.4577.63 Safari/537.36"
172.18.0.1 - - [12/Sep/2021:23:38:49 +0000] "GET /wp-includes/js/dist/format-library.min.js?ver=0f67262398792a75002e277d5a010e37 HTTP/1.1" 200 6175 "http://localhost/wp-admin/post.php?post=17&action=edit" "Mozilla/5.0 (Windows NT 10.0; WOW64) AppleWebKit/537.36 (KHTML, like Gecko) Chrome/93.0.4577.63 Safari/537.36"
172.18.0.1 - - [12/Sep/2021:23:38:49 +0000] "GET /wp-includes/js/tinymce/plugins/compat3x/plugin.min.js?ver=49110-20201110 HTTP/1.1" 200 2090 "http://localhost/wp-admin/post.php?post=17&action=edit" "Mozilla/5.0 (Windows NT 10.0; WOW64) AppleWebKit/537.36 (KHTML, like Gecko) Chrome/93.0.4577.63 Safari/537.36"
172.18.0.1 - - [12/Sep/2021:23:38:49 +0000] "GET /wp-includes/js/tinymce/tinymce.min.js?ver=49110-20201110 HTTP/1.1" 200 124876 "http://localhost/wp-admin/post.php?post=17&action=edit" "Mozilla/5.0 (Windows NT 10.0; WOW64) AppleWebKit/537.36 (KHTML, like Gecko) Chrome/93.0.4577.63 Safari/537.36"
172.18.0.1 - - [12/Sep/2021:23:38:49 +0000] "GET /wp-content/plugins/forminator/assets/js/shared-ui.min.js?ver=sui-2-6-0 HTTP/1.1" 200 162582 "http://localhost/wp-admin/post.php?post=17&action=edit" "Mozilla/5.0 (Windows NT 10.0; WOW64) AppleWebKit/537.36 (KHTML, like Gecko) Chrome/93.0.4577.63 Safari/537.36"
127.0.0.1 - - [12/Sep/2021:23:38:50 +0000] "OPTIONS * HTTP/1.0" 200 126 "-" "Apache/2.4.48 (Debian) PHP/7.4.23 (internal dummy connection)"
172.18.0.1 - - [12/Sep/2021:23:38:50 +0000] "GET /wp-json/wp/v2/blocks?context=edit&per_page=100&_locale=user HTTP/1.1" 200 696 "http://localhost/wp-admin/post.php?post=17&action=edit" "Mozilla/5.0 (Windows NT 10.0; WOW64) AppleWebKit/537.36 (KHTML, like Gecko) Chrome/93.0.4577.63 Safari/537.36"
172.18.0.1 - - [12/Sep/2021:23:38:50 +0000] "GET /wp-json/wp/v2/users/?who=authors&per_page=100&_locale=user HTTP/1.1" 200 1914 "http://localhost/wp-admin/post.php?post=17&action=edit" "Mozilla/5.0 (Windows NT 10.0; WOW64) AppleWebKit/537.36 (KHTML, like Gecko) Chrome/93.0.4577.63 Safari/537.36"
172.18.0.1 - - [12/Sep/2021:23:38:50 +0000] "GET /wp-json/wp/v2/users/me?_locale=user HTTP/1.1" 200 1897 "http://localhost/wp-admin/post.php?post=17&action=edit" "Mozilla/5.0 (Windows NT 10.0; WOW64) AppleWebKit/537.36 (KHTML, like Gecko) Chrome/93.0.4577.63 Safari/537.36"
172.18.0.1 - - [12/Sep/2021:23:38:50 +0000] "GET /wp-json/wp/v2/templates?context=edit&per_page=100&_locale=user HTTP/1.1" 200 661 "http://localhost/wp-admin/post.php?post=17&action=edit" "Mozilla/5.0 (Windows NT 10.0; WOW64) AppleWebKit/537.36 (KHTML, like Gecko) Chrome/93.0.4577.63 Safari/537.36"
172.18.0.1 - - [12/Sep/2021:23:38:52 +0000] "POST /wp-admin/admin-ajax.php HTTP/1.1" 200 598 "http://localhost/wp-admin/edit.php?post_type=page" "Mozilla/5.0 (Windows NT 10.0; WOW64) AppleWebKit/537.36 (KHTML, like Gecko) Chrome/93.0.4577.63 Safari/537.36"
172.18.0.1 - - [12/Sep/2021:23:38:50 +0000] "GET /wp-json/wp/v2/pages/17?_locale=user HTTP/1.1" 200 1863 "http://localhost/wp-admin/post.php?post=17&action=edit" "Mozilla/5.0 (Windows NT 10.0; WOW64) AppleWebKit/537.36 (KHTML, like Gecko) Chrome/93.0.4577.63 Safari/537.36"
127.0.0.1 - - [12/Sep/2021:23:39:05 +0000] "POST /wp-cron.php?doing_wp_cron=1631489945.6415300369262695312500 HTTP/1.1" 200 192 "http://localhost/wp-cron.php?doing_wp_cron=1631489945.6415300369262695312500" "WordPress/5.8; http://localhost"
172.18.0.1 - - [12/Sep/2021:23:39:05 +0000] "POST /wp-json/wp/v2/pages/17/autosaves?_locale=user HTTP/1.1" 200 1457 "http://localhost/wp-admin/post.php?post=17&action=edit" "Mozilla/5.0 (Windows NT 10.0; WOW64) AppleWebKit/537.36 (KHTML, like Gecko) Chrome/93.0.4577.63 Safari/537.36"
127.0.0.1 - - [12/Sep/2021:23:39:07 +0000] "POST /wp-cron.php?doing_wp_cron=1631489947.2849841117858886718750 HTTP/1.1" 200 192 "http://localhost/wp-cron.php?doing_wp_cron=1631489947.2849841117858886718750" "WordPress/5.8; http://localhost"
172.18.0.1 - - [12/Sep/2021:23:39:07 +0000] "GET /cart/?preview_id=17&preview_nonce=1cedf1a562&preview=true HTTP/1.1" 200 24097 "http://localhost/wp-admin/post.php?post=17&action=edit" "Mozilla/5.0 (Windows NT 10.0; WOW64) AppleWebKit/537.36 (KHTML, like Gecko) Chrome/93.0.4577.63 Safari/537.36"
172.18.0.1 - - [12/Sep/2021:23:39:08 +0000] "GET /wp-content/plugins/woocommerce/assets/css/select2.css?ver=5.6.0 HTTP/1.1" 200 2280 "http://localhost/cart/?preview_id=17&preview_nonce=1cedf1a562&preview=true" "Mozilla/5.0 (Windows NT 10.0; WOW64) AppleWebKit/537.36 (KHTML, like Gecko) Chrome/93.0.4577.63 Safari/537.36"
172.18.0.1 - - [12/Sep/2021:23:39:08 +0000] "GET /wp-content/plugins/woocommerce/assets/js/frontend/country-select.min.js?ver=5.6.0 HTTP/1.1" 200 1435 "http://localhost/cart/?preview_id=17&preview_nonce=1cedf1a562&preview=true" "Mozilla/5.0 (Windows NT 10.0; WOW64) AppleWebKit/537.36 (KHTML, like Gecko) Chrome/93.0.4577.63 Safari/537.36"
172.18.0.1 - - [12/Sep/2021:23:39:08 +0000] "GET /wp-content/plugins/woocommerce/assets/js/frontend/address-i18n.min.js?ver=5.6.0 HTTP/1.1" 200 1294 "http://localhost/cart/?preview_id=17&preview_nonce=1cedf1a562&preview=true" "Mozilla/5.0 (Windows NT 10.0; WOW64) AppleWebKit/537.36 (KHTML, like Gecko) Chrome/93.0.4577.63 Safari/537.36"
172.18.0.1 - - [12/Sep/2021:23:39:08 +0000] "GET /wp-content/plugins/woocommerce/assets/js/frontend/cart.min.js?ver=5.6.0 HTTP/1.1" 200 2338 "http://localhost/cart/?preview_id=17&preview_nonce=1cedf1a562&preview=true" "Mozilla/5.0 (Windows NT 10.0; WOW64) AppleWebKit/537.36 (KHTML, like Gecko) Chrome/93.0.4577.63 Safari/537.36"
172.18.0.1 - - [12/Sep/2021:23:39:08 +0000] "GET /wp-content/plugins/woocommerce/assets/js/selectWoo/selectWoo.full.min.js?ver=1.0.9-wc.5.6.0 HTTP/1.1" 200 21917 "http://localhost/cart/?preview_id=17&preview_nonce=1cedf1a562&preview=true" "Mozilla/5.0 (Windows NT 10.0; WOW64) AppleWebKit/537.36 (KHTML, like Gecko) Chrome/93.0.4577.63 Safari/537.36"
127.0.0.1 - - [12/Sep/2021:23:39:08 +0000] "POST /wp-cron.php?doing_wp_cron=1631489948.3248059749603271484375 HTTP/1.1" 200 192 "http://localhost/wp-cron.php?doing_wp_cron=1631489948.3248059749603271484375" "WordPress/5.8; http://localhost"
172.18.0.1 - - [12/Sep/2021:23:39:08 +0000] "POST /?wc-ajax=get_refreshed_fragments HTTP/1.1" 200 683 "http://localhost/cart/?preview_id=17&preview_nonce=1cedf1a562&preview=true" "Mozilla/5.0 (Windows NT 10.0; WOW64) AppleWebKit/537.36 (KHTML, like Gecko) Chrome/93.0.4577.63 Safari/537.36"
172.18.0.1 - - [12/Sep/2021:23:39:13 +0000] "GET /shop/ HTTP/1.1" 200 6481 "http://localhost/cart/?preview_id=17&preview_nonce=1cedf1a562&preview=true" "Mozilla/5.0 (Windows NT 10.0; WOW64) AppleWebKit/537.36 (KHTML, like Gecko) Chrome/93.0.4577.63 Safari/537.36"
172.18.0.1 - - [12/Sep/2021:23:39:17 +0000] "GET /cart/?preview_id=17&preview_nonce=1cedf1a562&preview=true HTTP/1.1" 200 24097 "http://localhost/wp-admin/post.php?post=17&action=edit" "Mozilla/5.0 (Windows NT 10.0; WOW64) AppleWebKit/537.36 (KHTML, like Gecko) Chrome/93.0.4577.63 Safari/537.36"
172.18.0.1 - - [12/Sep/2021:23:39:21 +0000] "GET /shop/ HTTP/1.1" 200 6481 "http://localhost/cart/?preview_id=17&preview_nonce=1cedf1a562&preview=true" "Mozilla/5.0 (Windows NT 10.0; WOW64) AppleWebKit/537.36 (KHTML, like Gecko) Chrome/93.0.4577.63 Safari/537.36"
172.18.0.1 - - [12/Sep/2021:23:39:30 +0000] "POST /wp-admin/admin-ajax.php HTTP/1.1" 200 545 "http://localhost/wp-admin/post.php?post=17&action=edit" "Mozilla/5.0 (Windows NT 10.0; WOW64) AppleWebKit/537.36 (KHTML, like Gecko) Chrome/93.0.4577.63 Safari/537.36"
172.18.0.1 - - [12/Sep/2021:23:39:31 +0000] "POST /wp-admin/admin-ajax.php HTTP/1.1" 200 598 "http://localhost/wp-admin/edit.php?post_type=page" "Mozilla/5.0 (Windows NT 10.0; WOW64) AppleWebKit/537.36 (KHTML, like Gecko) Chrome/93.0.4577.63 Safari/537.36"
172.18.0.1 - - [12/Sep/2021:23:39:35 +0000] "GET /wp-admin/post.php?post=18&action=edit HTTP/1.1" 200 170787 "http://localhost/wp-admin/edit.php?post_type=page" "Mozilla/5.0 (Windows NT 10.0; WOW64) AppleWebKit/537.36 (KHTML, like Gecko) Chrome/93.0.4577.63 Safari/537.36"
172.18.0.1 - - [12/Sep/2021:23:39:39 +0000] "POST /wp-admin/admin-ajax.php HTTP/1.1" 200 598 "http://localhost/wp-admin/edit.php?post_type=page" "Mozilla/5.0 (Windows NT 10.0; WOW64) AppleWebKit/537.36 (KHTML, like Gecko) Chrome/93.0.4577.63 Safari/537.36"
172.18.0.1 - - [12/Sep/2021:23:39:41 +0000] "GET /wp-admin/edit.php?post_type=page HTTP/1.1" 200 28961 "http://localhost/wp-admin/" "Mozilla/5.0 (Windows NT 10.0; WOW64) AppleWebKit/537.36 (KHTML, like Gecko) Chrome/93.0.4577.63 Safari/537.36"
172.18.0.1 - - [12/Sep/2021:23:39:41 +0000] "POST /wp-admin/admin-ajax.php HTTP/1.1" 200 598 "http://localhost/wp-admin/edit.php?post_type=page" "Mozilla/5.0 (Windows NT 10.0; WOW64) AppleWebKit/537.36 (KHTML, like Gecko) Chrome/93.0.4577.63 Safari/537.36"
172.18.0.1 - - [12/Sep/2021:23:39:41 +0000] "GET /favicon.ico HTTP/1.1" 302 483 "http://localhost/wp-admin/edit.php?post_type=page" "Mozilla/5.0 (Windows NT 10.0; WOW64) AppleWebKit/537.36 (KHTML, like Gecko) Chrome/93.0.4577.63 Safari/537.36"
172.18.0.1 - - [12/Sep/2021:23:39:41 +0000] "GET /wp-includes/images/w-logo-blue-white-bg.png HTTP/1.1" 200 4405 "http://localhost/wp-admin/edit.php?post_type=page" "Mozilla/5.0 (Windows NT 10.0; WOW64) AppleWebKit/537.36 (KHTML, like Gecko) Chrome/93.0.4577.63 Safari/537.36"
172.18.0.1 - - [12/Sep/2021:23:39:38 +0000] "GET /wp-admin/post.php?post=18&action=edit HTTP/1.1" 200 170792 "http://localhost/wp-admin/edit.php?post_type=page" "Mozilla/5.0 (Windows NT 10.0; WOW64) AppleWebKit/537.36 (KHTML, like Gecko) Chrome/93.0.4577.63 Safari/537.36"
172.18.0.1 - - [12/Sep/2021:23:39:43 +0000] "GET /wp-json/wp/v2/blocks?context=edit&per_page=100&_locale=user HTTP/1.1" 200 695 "http://localhost/wp-admin/post.php?post=18&action=edit" "Mozilla/5.0 (Windows NT 10.0; WOW64) AppleWebKit/537.36 (KHTML, like Gecko) Chrome/93.0.4577.63 Safari/537.36"
172.18.0.1 - - [12/Sep/2021:23:39:43 +0000] "GET /wp-json/wp/v2/templates?context=edit&per_page=100&_locale=user HTTP/1.1" 200 661 "http://localhost/wp-admin/post.php?post=18&action=edit" "Mozilla/5.0 (Windows NT 10.0; WOW64) AppleWebKit/537.36 (KHTML, like Gecko) Chrome/93.0.4577.63 Safari/537.36"
172.18.0.1 - - [12/Sep/2021:23:39:43 +0000] "GET /wp-json/wp/v2/users/me?_locale=user HTTP/1.1" 200 1896 "http://localhost/wp-admin/post.php?post=18&action=edit" "Mozilla/5.0 (Windows NT 10.0; WOW64) AppleWebKit/537.36 (KHTML, like Gecko) Chrome/93.0.4577.63 Safari/537.36"
172.18.0.1 - - [12/Sep/2021:23:39:43 +0000] "GET /wp-json/wp/v2/pages/18?_locale=user HTTP/1.1" 200 1917 "http://localhost/wp-admin/post.php?post=18&action=edit" "Mozilla/5.0 (Windows NT 10.0; WOW64) AppleWebKit/537.36 (KHTML, like Gecko) Chrome/93.0.4577.63 Safari/537.36"
172.18.0.1 - - [12/Sep/2021:23:39:43 +0000] "GET /wp-json/wp/v2/users/?who=authors&per_page=100&_locale=user HTTP/1.1" 200 1914 "http://localhost/wp-admin/post.php?post=18&action=edit" "Mozilla/5.0 (Windows NT 10.0; WOW64) AppleWebKit/537.36 (KHTML, like Gecko) Chrome/93.0.4577.63 Safari/537.36"
172.18.0.1 - - [12/Sep/2021:23:39:57 +0000] "POST /wp-admin/admin-ajax.php HTTP/1.1" 200 599 "http://localhost/wp-admin/edit.php?post_type=page" "Mozilla/5.0 (Windows NT 10.0; WOW64) AppleWebKit/537.36 (KHTML, like Gecko) Chrome/93.0.4577.63 Safari/537.36"
127.0.0.1 - - [12/Sep/2021:23:40:20 +0000] "POST /wp-cron.php?doing_wp_cron=1631490020.5317239761352539062500 HTTP/1.1" 200 192 "http://localhost/wp-cron.php?doing_wp_cron=1631490020.5317239761352539062500" "WordPress/5.8; http://localhost"
172.18.0.1 - - [12/Sep/2021:23:40:20 +0000] "POST /wp-json/wp/v2/pages/18/autosaves?_locale=user HTTP/1.1" 200 1507 "http://localhost/wp-admin/post.php?post=18&action=edit" "Mozilla/5.0 (Windows NT 10.0; WOW64) AppleWebKit/537.36 (KHTML, like Gecko) Chrome/93.0.4577.63 Safari/537.36"
172.18.0.1 - - [12/Sep/2021:23:40:22 +0000] "GET /checkout/?preview_id=18&preview_nonce=b5d3e34274&preview=true HTTP/1.1" 302 384 "http://localhost/wp-admin/post.php?post=18&action=edit" "Mozilla/5.0 (Windows NT 10.0; WOW64) AppleWebKit/537.36 (KHTML, like Gecko) Chrome/93.0.4577.63 Safari/537.36"
172.18.0.1 - - [12/Sep/2021:23:40:22 +0000] "GET /cart/ HTTP/1.1" 200 23984 "http://localhost/wp-admin/post.php?post=18&action=edit" "Mozilla/5.0 (Windows NT 10.0; WOW64) AppleWebKit/537.36 (KHTML, like Gecko) Chrome/93.0.4577.63 Safari/537.36"
172.18.0.1 - - [12/Sep/2021:23:40:23 +0000] "POST /?wc-ajax=get_refreshed_fragments HTTP/1.1" 200 683 "http://localhost/cart/" "Mozilla/5.0 (Windows NT 10.0; WOW64) AppleWebKit/537.36 (KHTML, like Gecko) Chrome/93.0.4577.63 Safari/537.36"
172.18.0.1 - - [12/Sep/2021:23:40:31 +0000] "POST /wp-json/wp/v2/pages/18/autosaves?_locale=user HTTP/1.1" 200 1507 "http://localhost/wp-admin/post.php?post=18&action=edit" "Mozilla/5.0 (Windows NT 10.0; WOW64) AppleWebKit/537.36 (KHTML, like Gecko) Chrome/93.0.4577.63 Safari/537.36"
172.18.0.1 - - [12/Sep/2021:23:40:33 +0000] "GET /checkout/?preview_id=18&preview_nonce=b5d3e34274&preview=true HTTP/1.1" 302 384 "http://localhost/wp-admin/post.php?post=18&action=edit" "Mozilla/5.0 (Windows NT 10.0; WOW64) AppleWebKit/537.36 (KHTML, like Gecko) Chrome/93.0.4577.63 Safari/537.36"
172.18.0.1 - - [12/Sep/2021:23:40:33 +0000] "GET /cart/ HTTP/1.1" 200 23984 "http://localhost/wp-admin/post.php?post=18&action=edit" "Mozilla/5.0 (Windows NT 10.0; WOW64) AppleWebKit/537.36 (KHTML, like Gecko) Chrome/93.0.4577.63 Safari/537.36"
172.18.0.1 - - [12/Sep/2021:23:40:33 +0000] "POST /?wc-ajax=get_refreshed_fragments HTTP/1.1" 200 683 "http://localhost/cart/" "Mozilla/5.0 (Windows NT 10.0; WOW64) AppleWebKit/537.36 (KHTML, like Gecko) Chrome/93.0.4577.63 Safari/537.36"
172.18.0.1 - - [12/Sep/2021:23:40:43 +0000] "POST /wp-admin/admin-ajax.php HTTP/1.1" 200 650 "http://localhost/wp-admin/post.php?post=18&action=edit" "Mozilla/5.0 (Windows NT 10.0; WOW64) AppleWebKit/537.36 (KHTML, like Gecko) Chrome/93.0.4577.63 Safari/537.36"
172.18.0.1 - - [12/Sep/2021:23:40:52 +0000] "GET /checkout/ HTTP/1.1" 302 385 "-" "Mozilla/5.0 (Windows NT 10.0; WOW64) AppleWebKit/537.36 (KHTML, like Gecko) Chrome/93.0.4577.63 Safari/537.36"
172.18.0.1 - - [12/Sep/2021:23:40:52 +0000] "GET /cart/ HTTP/1.1" 200 23984 "-" "Mozilla/5.0 (Windows NT 10.0; WOW64) AppleWebKit/537.36 (KHTML, like Gecko) Chrome/93.0.4577.63 Safari/537.36"
127.0.0.1 - - [12/Sep/2021:23:41:58 +0000] "POST /wp-cron.php?doing_wp_cron=1631490118.3919579982757568359375 HTTP/1.1" 200 192 "http://localhost/wp-cron.php?doing_wp_cron=1631490118.3919579982757568359375" "WordPress/5.8; http://localhost"
172.18.0.1 - - [12/Sep/2021:23:41:58 +0000] "POST /wp-admin/admin-ajax.php HTTP/1.1" 200 599 "http://localhost/wp-admin/edit.php?post_type=page" "Mozilla/5.0 (Windows NT 10.0; WOW64) AppleWebKit/537.36 (KHTML, like Gecko) Chrome/93.0.4577.63 Safari/537.36"
127.0.0.1 - - [12/Sep/2021:23:42:44 +0000] "POST /wp-cron.php?doing_wp_cron=1631490164.4061059951782226562500 HTTP/1.1" 200 192 "http://localhost/wp-cron.php?doing_wp_cron=1631490164.4061059951782226562500" "WordPress/5.8; http://localhost"
172.18.0.1 - - [12/Sep/2021:23:42:44 +0000] "POST /wp-admin/admin-ajax.php HTTP/1.1" 200 650 "http://localhost/wp-admin/post.php?post=18&action=edit" "Mozilla/5.0 (Windows NT 10.0; WOW64) AppleWebKit/537.36 (KHTML, like Gecko) Chrome/93.0.4577.63 Safari/537.36"
127.0.0.1 - - [12/Sep/2021:23:43:59 +0000] "POST /wp-cron.php?doing_wp_cron=1631490239.3955240249633789062500 HTTP/1.1" 200 192 "http://localhost/wp-cron.php?doing_wp_cron=1631490239.3955240249633789062500" "WordPress/5.8; http://localhost"
172.18.0.1 - - [12/Sep/2021:23:43:59 +0000] "POST /wp-admin/admin-ajax.php HTTP/1.1" 200 599 "http://localhost/wp-admin/edit.php?post_type=page" "Mozilla/5.0 (Windows NT 10.0; WOW64) AppleWebKit/537.36 (KHTML, like Gecko) Chrome/93.0.4577.63 Safari/537.36"
127.0.0.1 - - [12/Sep/2021:23:44:45 +0000] "POST /wp-cron.php?doing_wp_cron=1631490285.3903810977935791015625 HTTP/1.1" 200 192 "http://localhost/wp-cron.php?doing_wp_cron=1631490285.3903810977935791015625" "WordPress/5.8; http://localhost"
172.18.0.1 - - [12/Sep/2021:23:44:45 +0000] "POST /wp-admin/admin-ajax.php HTTP/1.1" 200 650 "http://localhost/wp-admin/post.php?post=18&action=edit" "Mozilla/5.0 (Windows NT 10.0; WOW64) AppleWebKit/537.36 (KHTML, like Gecko) Chrome/93.0.4577.63 Safari/537.36"
127.0.0.1 - - [12/Sep/2021:23:46:00 +0000] "POST /wp-cron.php?doing_wp_cron=1631490360.5058920383453369140625 HTTP/1.1" 200 192 "http://localhost/wp-cron.php?doing_wp_cron=1631490360.5058920383453369140625" "WordPress/5.8; http://localhost"
172.18.0.1 - - [12/Sep/2021:23:46:00 +0000] "POST /wp-admin/admin-ajax.php HTTP/1.1" 200 599 "http://localhost/wp-admin/edit.php?post_type=page" "Mozilla/5.0 (Windows NT 10.0; WOW64) AppleWebKit/537.36 (KHTML, like Gecko) Chrome/93.0.4577.63 Safari/537.36"
127.0.0.1 - - [12/Sep/2021:23:46:46 +0000] "POST /wp-cron.php?doing_wp_cron=1631490406.4080760478973388671875 HTTP/1.1" 200 192 "http://localhost/wp-cron.php?doing_wp_cron=1631490406.4080760478973388671875" "WordPress/5.8; http://localhost"
172.18.0.1 - - [12/Sep/2021:23:46:46 +0000] "POST /wp-admin/admin-ajax.php HTTP/1.1" 200 650 "http://localhost/wp-admin/post.php?post=18&action=edit" "Mozilla/5.0 (Windows NT 10.0; WOW64) AppleWebKit/537.36 (KHTML, like Gecko) Chrome/93.0.4577.63 Safari/537.36"
127.0.0.1 - - [12/Sep/2021:23:48:01 +0000] "POST /wp-cron.php?doing_wp_cron=1631490481.3555929660797119140625 HTTP/1.1" 200 192 "http://localhost/wp-cron.php?doing_wp_cron=1631490481.3555929660797119140625" "WordPress/5.8; http://localhost"
172.18.0.1 - - [12/Sep/2021:23:48:01 +0000] "POST /wp-admin/admin-ajax.php HTTP/1.1" 200 599 "http://localhost/wp-admin/edit.php?post_type=page" "Mozilla/5.0 (Windows NT 10.0; WOW64) AppleWebKit/537.36 (KHTML, like Gecko) Chrome/93.0.4577.63 Safari/537.36"
127.0.0.1 - - [12/Sep/2021:23:48:47 +0000] "POST /wp-cron.php?doing_wp_cron=1631490527.3980870246887207031250 HTTP/1.1" 200 192 "http://localhost/wp-cron.php?doing_wp_cron=1631490527.3980870246887207031250" "WordPress/5.8; http://localhost"
172.18.0.1 - - [12/Sep/2021:23:48:47 +0000] "POST /wp-admin/admin-ajax.php HTTP/1.1" 200 650 "http://localhost/wp-admin/post.php?post=18&action=edit" "Mozilla/5.0 (Windows NT 10.0; WOW64) AppleWebKit/537.36 (KHTML, like Gecko) Chrome/93.0.4577.63 Safari/537.36"
127.0.0.1 - - [12/Sep/2021:23:50:01 +0000] "POST /wp-cron.php?doing_wp_cron=1631490601.3628249168395996093750 HTTP/1.1" 200 192 "http://localhost/wp-cron.php?doing_wp_cron=1631490601.3628249168395996093750" "WordPress/5.8; http://localhost"
172.18.0.1 - - [12/Sep/2021:23:50:01 +0000] "POST /wp-admin/admin-ajax.php HTTP/1.1" 200 599 "http://localhost/wp-admin/edit.php?post_type=page" "Mozilla/5.0 (Windows NT 10.0; WOW64) AppleWebKit/537.36 (KHTML, like Gecko) Chrome/93.0.4577.63 Safari/537.36"
127.0.0.1 - - [12/Sep/2021:23:52:02 +0000] "POST /wp-cron.php?doing_wp_cron=1631490722.3676950931549072265625 HTTP/1.1" 200 192 "http://localhost/wp-cron.php?doing_wp_cron=1631490722.3676950931549072265625" "WordPress/5.8; http://localhost"
172.18.0.1 - - [12/Sep/2021:23:52:02 +0000] "POST /wp-admin/admin-ajax.php HTTP/1.1" 200 599 "http://localhost/wp-admin/edit.php?post_type=page" "Mozilla/5.0 (Windows NT 10.0; WOW64) AppleWebKit/537.36 (KHTML, like Gecko) Chrome/93.0.4577.63 Safari/537.36"
127.0.0.1 - - [12/Sep/2021:23:54:03 +0000] "POST /wp-cron.php?doing_wp_cron=1631490843.3926179409027099609375 HTTP/1.1" 200 192 "http://localhost/wp-cron.php?doing_wp_cron=1631490843.3926179409027099609375" "WordPress/5.8; http://localhost"
172.18.0.1 - - [12/Sep/2021:23:54:03 +0000] "POST /wp-admin/admin-ajax.php HTTP/1.1" 200 599 "http://localhost/wp-admin/edit.php?post_type=page" "Mozilla/5.0 (Windows NT 10.0; WOW64) AppleWebKit/537.36 (KHTML, like Gecko) Chrome/93.0.4577.63 Safari/537.36"
127.0.0.1 - - [12/Sep/2021:23:56:04 +0000] "POST /wp-cron.php?doing_wp_cron=1631490964.3902819156646728515625 HTTP/1.1" 200 192 "http://localhost/wp-cron.php?doing_wp_cron=1631490964.3902819156646728515625" "WordPress/5.8; http://localhost"
172.18.0.1 - - [12/Sep/2021:23:56:04 +0000] "POST /wp-admin/admin-ajax.php HTTP/1.1" 200 599 "http://localhost/wp-admin/edit.php?post_type=page" "Mozilla/5.0 (Windows NT 10.0; WOW64) AppleWebKit/537.36 (KHTML, like Gecko) Chrome/93.0.4577.63 Safari/537.36"
127.0.0.1 - - [12/Sep/2021:23:58:05 +0000] "POST /wp-cron.php?doing_wp_cron=1631491085.3970289230346679687500 HTTP/1.1" 200 192 "http://localhost/wp-cron.php?doing_wp_cron=1631491085.3970289230346679687500" "WordPress/5.8; http://localhost"
172.18.0.1 - - [12/Sep/2021:23:58:05 +0000] "POST /wp-admin/admin-ajax.php HTTP/1.1" 200 599 "http://localhost/wp-admin/edit.php?post_type=page" "Mozilla/5.0 (Windows NT 10.0; WOW64) AppleWebKit/537.36 (KHTML, like Gecko) Chrome/93.0.4577.63 Safari/537.36"
127.0.0.1 - - [13/Sep/2021:00:00:06 +0000] "POST /wp-cron.php?doing_wp_cron=1631491206.4129400253295898437500 HTTP/1.1" 200 192 "http://localhost/wp-cron.php?doing_wp_cron=1631491206.4129400253295898437500" "WordPress/5.8; http://localhost"
172.18.0.1 - - [13/Sep/2021:00:00:06 +0000] "POST /wp-admin/admin-ajax.php HTTP/1.1" 200 657 "http://localhost/wp-admin/edit.php?post_type=page" "Mozilla/5.0 (Windows NT 10.0; WOW64) AppleWebKit/537.36 (KHTML, like Gecko) Chrome/93.0.4577.63 Safari/537.36"
127.0.0.1 - - [13/Sep/2021:00:02:07 +0000] "POST /wp-cron.php?doing_wp_cron=1631491327.4007859230041503906250 HTTP/1.1" 200 192 "http://localhost/wp-cron.php?doing_wp_cron=1631491327.4007859230041503906250" "WordPress/5.8; http://localhost"
172.18.0.1 - - [13/Sep/2021:00:02:07 +0000] "POST /wp-admin/admin-ajax.php HTTP/1.1" 200 599 "http://localhost/wp-admin/edit.php?post_type=page" "Mozilla/5.0 (Windows NT 10.0; WOW64) AppleWebKit/537.36 (KHTML, like Gecko) Chrome/93.0.4577.63 Safari/537.36"
127.0.0.1 - - [13/Sep/2021:00:04:08 +0000] "POST /wp-cron.php?doing_wp_cron=1631491448.3845090866088867187500 HTTP/1.1" 200 192 "http://localhost/wp-cron.php?doing_wp_cron=1631491448.3845090866088867187500" "WordPress/5.8; http://localhost"
172.18.0.1 - - [13/Sep/2021:00:04:08 +0000] "POST /wp-admin/admin-ajax.php HTTP/1.1" 200 599 "http://localhost/wp-admin/edit.php?post_type=page" "Mozilla/5.0 (Windows NT 10.0; WOW64) AppleWebKit/537.36 (KHTML, like Gecko) Chrome/93.0.4577.63 Safari/537.36"
127.0.0.1 - - [13/Sep/2021:00:06:09 +0000] "POST /wp-cron.php?doing_wp_cron=1631491569.4039080142974853515625 HTTP/1.1" 200 192 "http://localhost/wp-cron.php?doing_wp_cron=1631491569.4039080142974853515625" "WordPress/5.8; http://localhost"
172.18.0.1 - - [13/Sep/2021:00:06:09 +0000] "POST /wp-admin/admin-ajax.php HTTP/1.1" 200 599 "http://localhost/wp-admin/edit.php?post_type=page" "Mozilla/5.0 (Windows NT 10.0; WOW64) AppleWebKit/537.36 (KHTML, like Gecko) Chrome/93.0.4577.63 Safari/537.36"
127.0.0.1 - - [13/Sep/2021:00:08:10 +0000] "POST /wp-cron.php?doing_wp_cron=1631491690.3823440074920654296875 HTTP/1.1" 200 192 "http://localhost/wp-cron.php?doing_wp_cron=1631491690.3823440074920654296875" "WordPress/5.8; http://localhost"
172.18.0.1 - - [13/Sep/2021:00:08:10 +0000] "POST /wp-admin/admin-ajax.php HTTP/1.1" 200 599 "http://localhost/wp-admin/edit.php?post_type=page" "Mozilla/5.0 (Windows NT 10.0; WOW64) AppleWebKit/537.36 (KHTML, like Gecko) Chrome/93.0.4577.63 Safari/537.36"
127.0.0.1 - - [13/Sep/2021:00:10:11 +0000] "POST /wp-cron.php?doing_wp_cron=1631491811.4156429767608642578125 HTTP/1.1" 200 192 "http://localhost/wp-cron.php?doing_wp_cron=1631491811.4156429767608642578125" "WordPress/5.8; http://localhost"
172.18.0.1 - - [13/Sep/2021:00:10:11 +0000] "POST /wp-admin/admin-ajax.php HTTP/1.1" 200 599 "http://localhost/wp-admin/edit.php?post_type=page" "Mozilla/5.0 (Windows NT 10.0; WOW64) AppleWebKit/537.36 (KHTML, like Gecko) Chrome/93.0.4577.63 Safari/537.36"
127.0.0.1 - - [13/Sep/2021:00:12:12 +0000] "POST /wp-cron.php?doing_wp_cron=1631491932.3990941047668457031250 HTTP/1.1" 200 192 "http://localhost/wp-cron.php?doing_wp_cron=1631491932.3990941047668457031250" "WordPress/5.8; http://localhost"
172.18.0.1 - - [13/Sep/2021:00:12:12 +0000] "POST /wp-admin/admin-ajax.php HTTP/1.1" 200 599 "http://localhost/wp-admin/edit.php?post_type=page" "Mozilla/5.0 (Windows NT 10.0; WOW64) AppleWebKit/537.36 (KHTML, like Gecko) Chrome/93.0.4577.63 Safari/537.36"
127.0.0.1 - - [13/Sep/2021:00:14:13 +0000] "POST /wp-cron.php?doing_wp_cron=1631492053.3753039836883544921875 HTTP/1.1" 200 192 "http://localhost/wp-cron.php?doing_wp_cron=1631492053.3753039836883544921875" "WordPress/5.8; http://localhost"
172.18.0.1 - - [13/Sep/2021:00:14:13 +0000] "POST /wp-admin/admin-ajax.php HTTP/1.1" 200 599 "http://localhost/wp-admin/edit.php?post_type=page" "Mozilla/5.0 (Windows NT 10.0; WOW64) AppleWebKit/537.36 (KHTML, like Gecko) Chrome/93.0.4577.63 Safari/537.36"
127.0.0.1 - - [13/Sep/2021:00:16:14 +0000] "POST /wp-cron.php?doing_wp_cron=1631492174.3823270797729492187500 HTTP/1.1" 200 192 "http://localhost/wp-cron.php?doing_wp_cron=1631492174.3823270797729492187500" "WordPress/5.8; http://localhost"
172.18.0.1 - - [13/Sep/2021:00:16:14 +0000] "POST /wp-admin/admin-ajax.php HTTP/1.1" 200 599 "http://localhost/wp-admin/edit.php?post_type=page" "Mozilla/5.0 (Windows NT 10.0; WOW64) AppleWebKit/537.36 (KHTML, like Gecko) Chrome/93.0.4577.63 Safari/537.36"
127.0.0.1 - - [13/Sep/2021:00:18:15 +0000] "POST /wp-cron.php?doing_wp_cron=1631492295.3905639648437500000000 HTTP/1.1" 200 192 "http://localhost/wp-cron.php?doing_wp_cron=1631492295.3905639648437500000000" "WordPress/5.8; http://localhost"
172.18.0.1 - - [13/Sep/2021:00:18:15 +0000] "POST /wp-admin/admin-ajax.php HTTP/1.1" 200 599 "http://localhost/wp-admin/edit.php?post_type=page" "Mozilla/5.0 (Windows NT 10.0; WOW64) AppleWebKit/537.36 (KHTML, like Gecko) Chrome/93.0.4577.63 Safari/537.36"
127.0.0.1 - - [13/Sep/2021:00:20:16 +0000] "POST /wp-cron.php?doing_wp_cron=1631492416.4017469882965087890625 HTTP/1.1" 200 192 "http://localhost/wp-cron.php?doing_wp_cron=1631492416.4017469882965087890625" "WordPress/5.8; http://localhost"
172.18.0.1 - - [13/Sep/2021:00:20:16 +0000] "POST /wp-admin/admin-ajax.php HTTP/1.1" 200 599 "http://localhost/wp-admin/edit.php?post_type=page" "Mozilla/5.0 (Windows NT 10.0; WOW64) AppleWebKit/537.36 (KHTML, like Gecko) Chrome/93.0.4577.63 Safari/537.36"
127.0.0.1 - - [13/Sep/2021:00:22:17 +0000] "POST /wp-cron.php?doing_wp_cron=1631492537.3984179496765136718750 HTTP/1.1" 200 192 "http://localhost/wp-cron.php?doing_wp_cron=1631492537.3984179496765136718750" "WordPress/5.8; http://localhost"
172.18.0.1 - - [13/Sep/2021:00:22:17 +0000] "POST /wp-admin/admin-ajax.php HTTP/1.1" 200 599 "http://localhost/wp-admin/edit.php?post_type=page" "Mozilla/5.0 (Windows NT 10.0; WOW64) AppleWebKit/537.36 (KHTML, like Gecko) Chrome/93.0.4577.63 Safari/537.36"
127.0.0.1 - - [13/Sep/2021:00:24:18 +0000] "POST /wp-cron.php?doing_wp_cron=1631492658.3547151088714599609375 HTTP/1.1" 200 192 "http://localhost/wp-cron.php?doing_wp_cron=1631492658.3547151088714599609375" "WordPress/5.8; http://localhost"
172.18.0.1 - - [13/Sep/2021:00:24:18 +0000] "POST /wp-admin/admin-ajax.php HTTP/1.1" 200 599 "http://localhost/wp-admin/edit.php?post_type=page" "Mozilla/5.0 (Windows NT 10.0; WOW64) AppleWebKit/537.36 (KHTML, like Gecko) Chrome/93.0.4577.63 Safari/537.36"
127.0.0.1 - - [13/Sep/2021:00:26:19 +0000] "POST /wp-cron.php?doing_wp_cron=1631492779.3959469795227050781250 HTTP/1.1" 200 192 "http://localhost/wp-cron.php?doing_wp_cron=1631492779.3959469795227050781250" "WordPress/5.8; http://localhost"
172.18.0.1 - - [13/Sep/2021:00:26:19 +0000] "POST /wp-admin/admin-ajax.php HTTP/1.1" 200 599 "http://localhost/wp-admin/edit.php?post_type=page" "Mozilla/5.0 (Windows NT 10.0; WOW64) AppleWebKit/537.36 (KHTML, like Gecko) Chrome/93.0.4577.63 Safari/537.36"
127.0.0.1 - - [13/Sep/2021:00:28:20 +0000] "POST /wp-cron.php?doing_wp_cron=1631492900.4004609584808349609375 HTTP/1.1" 200 192 "http://localhost/wp-cron.php?doing_wp_cron=1631492900.4004609584808349609375" "WordPress/5.8; http://localhost"
172.18.0.1 - - [13/Sep/2021:00:28:20 +0000] "POST /wp-admin/admin-ajax.php HTTP/1.1" 200 599 "http://localhost/wp-admin/edit.php?post_type=page" "Mozilla/5.0 (Windows NT 10.0; WOW64) AppleWebKit/537.36 (KHTML, like Gecko) Chrome/93.0.4577.63 Safari/537.36"
127.0.0.1 - - [13/Sep/2021:00:30:21 +0000] "POST /wp-cron.php?doing_wp_cron=1631493021.3933730125427246093750 HTTP/1.1" 200 192 "http://localhost/wp-cron.php?doing_wp_cron=1631493021.3933730125427246093750" "WordPress/5.8; http://localhost"
172.18.0.1 - - [13/Sep/2021:00:30:21 +0000] "POST /wp-admin/admin-ajax.php HTTP/1.1" 200 599 "http://localhost/wp-admin/edit.php?post_type=page" "Mozilla/5.0 (Windows NT 10.0; WOW64) AppleWebKit/537.36 (KHTML, like Gecko) Chrome/93.0.4577.63 Safari/537.36"
127.0.0.1 - - [13/Sep/2021:00:32:22 +0000] "POST /wp-cron.php?doing_wp_cron=1631493142.4137461185455322265625 HTTP/1.1" 200 192 "http://localhost/wp-cron.php?doing_wp_cron=1631493142.4137461185455322265625" "WordPress/5.8; http://localhost"
172.18.0.1 - - [13/Sep/2021:00:32:22 +0000] "POST /wp-admin/admin-ajax.php HTTP/1.1" 200 599 "http://localhost/wp-admin/edit.php?post_type=page" "Mozilla/5.0 (Windows NT 10.0; WOW64) AppleWebKit/537.36 (KHTML, like Gecko) Chrome/93.0.4577.63 Safari/537.36"
127.0.0.1 - - [13/Sep/2021:00:34:23 +0000] "POST /wp-cron.php?doing_wp_cron=1631493263.3774499893188476562500 HTTP/1.1" 200 192 "http://localhost/wp-cron.php?doing_wp_cron=1631493263.3774499893188476562500" "WordPress/5.8; http://localhost"
172.18.0.1 - - [13/Sep/2021:00:34:23 +0000] "POST /wp-admin/admin-ajax.php HTTP/1.1" 200 599 "http://localhost/wp-admin/edit.php?post_type=page" "Mozilla/5.0 (Windows NT 10.0; WOW64) AppleWebKit/537.36 (KHTML, like Gecko) Chrome/93.0.4577.63 Safari/537.36"
127.0.0.1 - - [13/Sep/2021:00:36:24 +0000] "POST /wp-cron.php?doing_wp_cron=1631493384.4160389900207519531250 HTTP/1.1" 200 192 "http://localhost/wp-cron.php?doing_wp_cron=1631493384.4160389900207519531250" "WordPress/5.8; http://localhost"
172.18.0.1 - - [13/Sep/2021:00:36:24 +0000] "POST /wp-admin/admin-ajax.php HTTP/1.1" 200 599 "http://localhost/wp-admin/edit.php?post_type=page" "Mozilla/5.0 (Windows NT 10.0; WOW64) AppleWebKit/537.36 (KHTML, like Gecko) Chrome/93.0.4577.63 Safari/537.36"
127.0.0.1 - - [13/Sep/2021:00:38:25 +0000] "POST /wp-cron.php?doing_wp_cron=1631493505.3950989246368408203125 HTTP/1.1" 200 192 "http://localhost/wp-cron.php?doing_wp_cron=1631493505.3950989246368408203125" "WordPress/5.8; http://localhost"
172.18.0.1 - - [13/Sep/2021:00:38:25 +0000] "POST /wp-admin/admin-ajax.php HTTP/1.1" 200 599 "http://localhost/wp-admin/edit.php?post_type=page" "Mozilla/5.0 (Windows NT 10.0; WOW64) AppleWebKit/537.36 (KHTML, like Gecko) Chrome/93.0.4577.63 Safari/537.36"
127.0.0.1 - - [13/Sep/2021:00:40:26 +0000] "POST /wp-cron.php?doing_wp_cron=1631493626.4146409034729003906250 HTTP/1.1" 200 192 "http://localhost/wp-cron.php?doing_wp_cron=1631493626.4146409034729003906250" "WordPress/5.8; http://localhost"
172.18.0.1 - - [13/Sep/2021:00:40:26 +0000] "POST /wp-admin/admin-ajax.php HTTP/1.1" 200 599 "http://localhost/wp-admin/edit.php?post_type=page" "Mozilla/5.0 (Windows NT 10.0; WOW64) AppleWebKit/537.36 (KHTML, like Gecko) Chrome/93.0.4577.63 Safari/537.36"
127.0.0.1 - - [13/Sep/2021:00:42:27 +0000] "POST /wp-cron.php?doing_wp_cron=1631493747.3927268981933593750000 HTTP/1.1" 200 192 "http://localhost/wp-cron.php?doing_wp_cron=1631493747.3927268981933593750000" "WordPress/5.8; http://localhost"
172.18.0.1 - - [13/Sep/2021:00:42:27 +0000] "POST /wp-admin/admin-ajax.php HTTP/1.1" 200 599 "http://localhost/wp-admin/edit.php?post_type=page" "Mozilla/5.0 (Windows NT 10.0; WOW64) AppleWebKit/537.36 (KHTML, like Gecko) Chrome/93.0.4577.63 Safari/537.36"
127.0.0.1 - - [13/Sep/2021:00:44:28 +0000] "POST /wp-cron.php?doing_wp_cron=1631493868.3943879604339599609375 HTTP/1.1" 200 192 "http://localhost/wp-cron.php?doing_wp_cron=1631493868.3943879604339599609375" "WordPress/5.8; http://localhost"
172.18.0.1 - - [13/Sep/2021:00:44:28 +0000] "POST /wp-admin/admin-ajax.php HTTP/1.1" 200 599 "http://localhost/wp-admin/edit.php?post_type=page" "Mozilla/5.0 (Windows NT 10.0; WOW64) AppleWebKit/537.36 (KHTML, like Gecko) Chrome/93.0.4577.63 Safari/537.36"
127.0.0.1 - - [13/Sep/2021:00:46:29 +0000] "POST /wp-cron.php?doing_wp_cron=1631493989.3840699195861816406250 HTTP/1.1" 200 192 "http://localhost/wp-cron.php?doing_wp_cron=1631493989.3840699195861816406250" "WordPress/5.8; http://localhost"
172.18.0.1 - - [13/Sep/2021:00:46:29 +0000] "POST /wp-admin/admin-ajax.php HTTP/1.1" 200 599 "http://localhost/wp-admin/edit.php?post_type=page" "Mozilla/5.0 (Windows NT 10.0; WOW64) AppleWebKit/537.36 (KHTML, like Gecko) Chrome/93.0.4577.63 Safari/537.36"
127.0.0.1 - - [13/Sep/2021:00:48:30 +0000] "POST /wp-cron.php?doing_wp_cron=1631494110.4004340171813964843750 HTTP/1.1" 200 192 "http://localhost/wp-cron.php?doing_wp_cron=1631494110.4004340171813964843750" "WordPress/5.8; http://localhost"
172.18.0.1 - - [13/Sep/2021:00:48:30 +0000] "POST /wp-admin/admin-ajax.php HTTP/1.1" 200 599 "http://localhost/wp-admin/edit.php?post_type=page" "Mozilla/5.0 (Windows NT 10.0; WOW64) AppleWebKit/537.36 (KHTML, like Gecko) Chrome/93.0.4577.63 Safari/537.36"
127.0.0.1 - - [13/Sep/2021:00:50:31 +0000] "POST /wp-cron.php?doing_wp_cron=1631494231.3782389163970947265625 HTTP/1.1" 200 192 "http://localhost/wp-cron.php?doing_wp_cron=1631494231.3782389163970947265625" "WordPress/5.8; http://localhost"
172.18.0.1 - - [13/Sep/2021:00:50:31 +0000] "POST /wp-admin/admin-ajax.php HTTP/1.1" 200 599 "http://localhost/wp-admin/edit.php?post_type=page" "Mozilla/5.0 (Windows NT 10.0; WOW64) AppleWebKit/537.36 (KHTML, like Gecko) Chrome/93.0.4577.63 Safari/537.36"
127.0.0.1 - - [13/Sep/2021:00:52:32 +0000] "POST /wp-cron.php?doing_wp_cron=1631494352.3926339149475097656250 HTTP/1.1" 200 192 "http://localhost/wp-cron.php?doing_wp_cron=1631494352.3926339149475097656250" "WordPress/5.8; http://localhost"
172.18.0.1 - - [13/Sep/2021:00:52:32 +0000] "POST /wp-admin/admin-ajax.php HTTP/1.1" 200 599 "http://localhost/wp-admin/edit.php?post_type=page" "Mozilla/5.0 (Windows NT 10.0; WOW64) AppleWebKit/537.36 (KHTML, like Gecko) Chrome/93.0.4577.63 Safari/537.36"
127.0.0.1 - - [13/Sep/2021:00:54:33 +0000] "POST /wp-cron.php?doing_wp_cron=1631494473.3844358921051025390625 HTTP/1.1" 200 192 "http://localhost/wp-cron.php?doing_wp_cron=1631494473.3844358921051025390625" "WordPress/5.8; http://localhost"
172.18.0.1 - - [13/Sep/2021:00:54:33 +0000] "POST /wp-admin/admin-ajax.php HTTP/1.1" 200 599 "http://localhost/wp-admin/edit.php?post_type=page" "Mozilla/5.0 (Windows NT 10.0; WOW64) AppleWebKit/537.36 (KHTML, like Gecko) Chrome/93.0.4577.63 Safari/537.36"
127.0.0.1 - - [13/Sep/2021:00:57:46 +0000] "POST /wp-cron.php?doing_wp_cron=1631494666.1953620910644531250000 HTTP/1.1" 200 192 "http://localhost/wp-cron.php?doing_wp_cron=1631494666.1953620910644531250000" "WordPress/5.8; http://localhost"
