172.18.0.1 - - [10/Sep/2021:15:38:10 +0000] "GET /wp-json/wc-admin/options?options=woocommerce_ces_tracks_queue&_locale=user HTTP/1.1" 200 692 "http://localhost/wp-admin/admin.php?page=wc-settings&tab=checkout" "Mozilla/5.0 (Windows NT 10.0; WOW64) AppleWebKit/537.36 (KHTML, like Gecko) Chrome/93.0.4577.63 Safari/537.36"
127.0.0.1 - - [10/Sep/2021:15:38:27 +0000] "OPTIONS * HTTP/1.0" 200 126 "-" "Apache/2.4.48 (Debian) PHP/7.4.23 (internal dummy connection)"
127.0.0.1 - - [10/Sep/2021:15:40:03 +0000] "POST /wp-cron.php?doing_wp_cron=1631288403.8013079166412353515625 HTTP/1.1" 200 192 "http://localhost/wp-cron.php?doing_wp_cron=1631288403.8013079166412353515625" "WordPress/5.8; http://localhost"
172.18.0.1 - - [10/Sep/2021:15:40:03 +0000] "POST /wp-admin/admin-ajax.php HTTP/1.1" 200 599 "http://localhost/wp-admin/admin.php?page=wc-settings&tab=checkout" "Mozilla/5.0 (Windows NT 10.0; WOW64) AppleWebKit/537.36 (KHTML, like Gecko) Chrome/93.0.4577.63 Safari/537.36"
127.0.0.1 - - [10/Sep/2021:15:40:28 +0000] "POST /wp-cron.php?doing_wp_cron=1631288428.6264550685882568359375 HTTP/1.1" 200 192 "http://localhost/wp-cron.php?doing_wp_cron=1631288428.6264550685882568359375" "WordPress/5.8; http://localhost"
172.18.0.1 - - [10/Sep/2021:15:40:28 +0000] "POST /wp-admin/admin-ajax.php HTTP/1.1" 200 696 "http://localhost/wp-admin/admin.php?page=wc-settings&tab=checkout" "Mozilla/5.0 (Windows NT 10.0; WOW64) AppleWebKit/537.36 (KHTML, like Gecko) Chrome/93.0.4577.63 Safari/537.36"
172.18.0.1 - - [10/Sep/2021:15:40:30 +0000] "POST /wp-admin/admin-ajax.php HTTP/1.1" 200 696 "http://localhost/wp-admin/admin.php?page=wc-settings&tab=checkout" "Mozilla/5.0 (Windows NT 10.0; WOW64) AppleWebKit/537.36 (KHTML, like Gecko) Chrome/93.0.4577.63 Safari/537.36"
172.18.0.1 - - [10/Sep/2021:15:40:34 +0000] "POST /wp-admin/admin-ajax.php HTTP/1.1" 200 579 "http://localhost/wp-admin/admin.php?page=wc-settings&tab=checkout" "Mozilla/5.0 (Windows NT 10.0; WOW64) AppleWebKit/537.36 (KHTML, like Gecko) Chrome/93.0.4577.63 Safari/537.36"
172.18.0.1 - - [10/Sep/2021:15:40:35 +0000] "POST /wp-admin/admin-ajax.php HTTP/1.1" 200 695 "http://localhost/wp-admin/admin.php?page=wc-settings&tab=checkout" "Mozilla/5.0 (Windows NT 10.0; WOW64) AppleWebKit/537.36 (KHTML, like Gecko) Chrome/93.0.4577.63 Safari/537.36"
172.18.0.1 - - [10/Sep/2021:15:40:37 +0000] "POST /wp-admin/admin-ajax.php HTTP/1.1" 200 580 "http://localhost/wp-admin/admin.php?page=wc-settings&tab=checkout" "Mozilla/5.0 (Windows NT 10.0; WOW64) AppleWebKit/537.36 (KHTML, like Gecko) Chrome/93.0.4577.63 Safari/537.36"
172.18.0.1 - - [10/Sep/2021:15:40:38 +0000] "POST /wp-admin/admin-ajax.php HTTP/1.1" 200 695 "http://localhost/wp-admin/admin.php?page=wc-settings&tab=checkout" "Mozilla/5.0 (Windows NT 10.0; WOW64) AppleWebKit/537.36 (KHTML, like Gecko) Chrome/93.0.4577.63 Safari/537.36"
172.18.0.1 - - [10/Sep/2021:15:40:43 +0000] "GET /wp-admin/admin.php?page=wc-settings&tab=checkout HTTP/1.1" 200 74716 "http://localhost/wp-admin/admin.php?page=wc-settings" "Mozilla/5.0 (Windows NT 10.0; WOW64) AppleWebKit/537.36 (KHTML, like Gecko) Chrome/93.0.4577.63 Safari/537.36"
172.18.0.1 - - [10/Sep/2021:15:40:45 +0000] "GET /wp-content/plugins/woocommerce/packages/woocommerce-admin/dist/components/style.css?ver=2.5.1 HTTP/1.1" 200 14676 "http://localhost/wp-admin/admin.php?page=wc-settings&tab=checkout" "Mozilla/5.0 (Windows NT 10.0; WOW64) AppleWebKit/537.36 (KHTML, like Gecko) Chrome/93.0.4577.63 Safari/537.36"
172.18.0.1 - - [10/Sep/2021:15:40:45 +0000] "GET /wp-content/plugins/woocommerce/packages/woocommerce-admin/dist/app/style.css?ver=2.5.1 HTTP/1.1" 200 5373 "http://localhost/wp-admin/admin.php?page=wc-settings&tab=checkout" "Mozilla/5.0 (Windows NT 10.0; WOW64) AppleWebKit/537.36 (KHTML, like Gecko) Chrome/93.0.4577.63 Safari/537.36"
172.18.0.1 - - [10/Sep/2021:15:40:45 +0000] "GET /wp-content/plugins/woocommerce-mercadopago/assets/css/admin_notice_mercadopago.min.css?ver=5.3.1 HTTP/1.1" 200 812 "http://localhost/wp-admin/admin.php?page=wc-settings&tab=checkout" "Mozilla/5.0 (Windows NT 10.0; WOW64) AppleWebKit/537.36 (KHTML, like Gecko) Chrome/93.0.4577.63 Safari/537.36"
172.18.0.1 - - [10/Sep/2021:15:40:45 +0000] "GET /wp-content/plugins/woocommerce/packages/woocommerce-admin/dist/app/index.js?ver=2.5.1 HTTP/1.1" 200 49495 "http://localhost/wp-admin/admin.php?page=wc-settings&tab=checkout" "Mozilla/5.0 (Windows NT 10.0; WOW64) AppleWebKit/537.36 (KHTML, like Gecko) Chrome/93.0.4577.63 Safari/537.36"
172.18.0.1 - - [10/Sep/2021:15:40:46 +0000] "GET /wp-content/plugins/woocommerce/assets/css/twenty-twenty-one-admin.css?ver=5.6.0 HTTP/1.1" 200 442 "http://localhost/wp-admin/admin.php?page=wc-settings&tab=checkout" "Mozilla/5.0 (Windows NT 10.0; WOW64) AppleWebKit/537.36 (KHTML, like Gecko) Chrome/93.0.4577.63 Safari/537.36"
172.18.0.1 - - [10/Sep/2021:15:40:46 +0000] "GET /wp-content/plugins/woocommerce-mercadopago/assets/css/config_mercadopago.min.css?ver=5.3.1 HTTP/1.1" 200 1533 "http://localhost/wp-admin/admin.php?page=wc-settings&tab=checkout" "Mozilla/5.0 (Windows NT 10.0; WOW64) AppleWebKit/537.36 (KHTML, like Gecko) Chrome/93.0.4577.63 Safari/537.36"
172.18.0.1 - - [10/Sep/2021:15:40:45 +0000] "GET /wp-content/plugins/woocommerce/packages/woocommerce-admin/dist/components/index.js?ver=2.5.1 HTTP/1.1" 200 161777 "http://localhost/wp-admin/admin.php?page=wc-settings&tab=checkout" "Mozilla/5.0 (Windows NT 10.0; WOW64) AppleWebKit/537.36 (KHTML, like Gecko) Chrome/93.0.4577.63 Safari/537.36"
172.18.0.1 - - [10/Sep/2021:15:40:46 +0000] "GET /wp-content/plugins/woocommerce-mercadopago/assets/css/saved_cards_notice_mercadopago.min.css?ver=5.3.1 HTTP/1.1" 200 862 "http://localhost/wp-admin/admin.php?page=wc-settings&tab=checkout" "Mozilla/5.0 (Windows NT 10.0; WOW64) AppleWebKit/537.36 (KHTML, like Gecko) Chrome/93.0.4577.63 Safari/537.36"
172.18.0.1 - - [10/Sep/2021:15:40:46 +0000] "GET /wp-content/plugins/woocommerce/assets/css/menu.css?ver=5.6.0 HTTP/1.1" 200 1662 "http://localhost/wp-admin/admin.php?page=wc-settings&tab=checkout" "Mozilla/5.0 (Windows NT 10.0; WOW64) AppleWebKit/537.36 (KHTML, like Gecko) Chrome/93.0.4577.63 Safari/537.36"
172.18.0.1 - - [10/Sep/2021:15:40:46 +0000] "GET /wp-content/plugins/woocommerce/assets/css/jquery-ui/jquery-ui.min.css?ver=5.6.0 HTTP/1.1" 200 7719 "http://localhost/wp-admin/admin.php?page=wc-settings&tab=checkout" "Mozilla/5.0 (Windows NT 10.0; WOW64) AppleWebKit/537.36 (KHTML, like Gecko) Chrome/93.0.4577.63 Safari/537.36"
172.18.0.1 - - [10/Sep/2021:15:40:46 +0000] "GET /wp-content/plugins/woocommerce/packages/woocommerce-admin/dist/customer-effort-score/style.css?ver=2.5.1 HTTP/1.1" 200 1888 "http://localhost/wp-admin/admin.php?page=wc-settings&tab=checkout" "Mozilla/5.0 (Windows NT 10.0; WOW64) AppleWebKit/537.36 (KHTML, like Gecko) Chrome/93.0.4577.63 Safari/537.36"
172.18.0.1 - - [10/Sep/2021:15:40:46 +0000] "GET /wp-content/plugins/woocommerce/assets/css/admin.css?ver=5.6.0 HTTP/1.1" 200 31371 "http://localhost/wp-admin/admin.php?page=wc-settings&tab=checkout" "Mozilla/5.0 (Windows NT 10.0; WOW64) AppleWebKit/537.36 (KHTML, like Gecko) Chrome/93.0.4577.63 Safari/537.36"
172.18.0.1 - - [10/Sep/2021:15:40:46 +0000] "GET /wp-content/plugins/woocommerce/packages/woocommerce-admin/dist/experimental/style.css?ver=2.5.1 HTTP/1.1" 200 3404 "http://localhost/wp-admin/admin.php?page=wc-settings&tab=checkout" "Mozilla/5.0 (Windows NT 10.0; WOW64) AppleWebKit/537.36 (KHTML, like Gecko) Chrome/93.0.4577.63 Safari/537.36"
172.18.0.1 - - [10/Sep/2021:15:40:46 +0000] "GET /wp-content/plugins/woocommerce/packages/woocommerce-admin/dist/onboarding/style.css?ver=2.5.1 HTTP/1.1" 200 1769 "http://localhost/wp-admin/admin.php?page=wc-settings&tab=checkout" "Mozilla/5.0 (Windows NT 10.0; WOW64) AppleWebKit/537.36 (KHTML, like Gecko) Chrome/93.0.4577.63 Safari/537.36"
172.18.0.1 - - [10/Sep/2021:15:40:46 +0000] "GET /wp-content/plugins/woocommerce/assets/css/activation.css?ver=5.6.0 HTTP/1.1" 200 843 "http://localhost/wp-admin/admin.php?page=wc-settings&tab=checkout" "Mozilla/5.0 (Windows NT 10.0; WOW64) AppleWebKit/537.36 (KHTML, like Gecko) Chrome/93.0.4577.63 Safari/537.36"
172.18.0.1 - - [10/Sep/2021:15:40:46 +0000] "GET /wp-content/plugins/woocommerce-mercadopago/assets/js/review.min.js?ver=5.3.1 HTTP/1.1" 200 489 "http://localhost/wp-admin/admin.php?page=wc-settings&tab=checkout" "Mozilla/5.0 (Windows NT 10.0; WOW64) AppleWebKit/537.36 (KHTML, like Gecko) Chrome/93.0.4577.63 Safari/537.36"
172.18.0.1 - - [10/Sep/2021:15:40:46 +0000] "GET /wp-content/plugins/woocommerce-mercadopago/assets/js/saved_cards_notice_mercadopago.min.js?ver=5.3.1 HTTP/1.1" 200 489 "http://localhost/wp-admin/admin.php?page=wc-settings&tab=checkout" "Mozilla/5.0 (Windows NT 10.0; WOW64) AppleWebKit/537.36 (KHTML, like Gecko) Chrome/93.0.4577.63 Safari/537.36"
172.18.0.1 - - [10/Sep/2021:15:40:46 +0000] "GET /wp-content/plugins/woocommerce/assets/js/jquery-blockui/jquery.blockUI.min.js?ver=2.70 HTTP/1.1" 200 3842 "http://localhost/wp-admin/admin.php?page=wc-settings&tab=checkout" "Mozilla/5.0 (Windows NT 10.0; WOW64) AppleWebKit/537.36 (KHTML, like Gecko) Chrome/93.0.4577.63 Safari/537.36"
172.18.0.1 - - [10/Sep/2021:15:40:46 +0000] "GET /wp-content/plugins/woocommerce/assets/js/jquery-tiptip/jquery.tipTip.min.js?ver=5.6.0 HTTP/1.1" 200 1438 "http://localhost/wp-admin/admin.php?page=wc-settings&tab=checkout" "Mozilla/5.0 (Windows NT 10.0; WOW64) AppleWebKit/537.36 (KHTML, like Gecko) Chrome/93.0.4577.63 Safari/537.36"
172.18.0.1 - - [10/Sep/2021:15:40:46 +0000] "GET /wp-content/plugins/woocommerce/assets/js/admin/woocommerce_admin.min.js?ver=5.6.0 HTTP/1.1" 200 2650 "http://localhost/wp-admin/admin.php?page=wc-settings&tab=checkout" "Mozilla/5.0 (Windows NT 10.0; WOW64) AppleWebKit/537.36 (KHTML, like Gecko) Chrome/93.0.4577.63 Safari/537.36"
172.18.0.1 - - [10/Sep/2021:15:40:46 +0000] "GET /wp-content/plugins/woocommerce/assets/js/admin/wc-enhanced-select.min.js?ver=5.6.0 HTTP/1.1" 200 1699 "http://localhost/wp-admin/admin.php?page=wc-settings&tab=checkout" "Mozilla/5.0 (Windows NT 10.0; WOW64) AppleWebKit/537.36 (KHTML, like Gecko) Chrome/93.0.4577.63 Safari/537.36"
172.18.0.1 - - [10/Sep/2021:15:40:46 +0000] "GET /wp-content/plugins/woocommerce/assets/js/selectWoo/selectWoo.full.min.js?ver=1.0.6 HTTP/1.1" 200 21916 "http://localhost/wp-admin/admin.php?page=wc-settings&tab=checkout" "Mozilla/5.0 (Windows NT 10.0; WOW64) AppleWebKit/537.36 (KHTML, like Gecko) Chrome/93.0.4577.63 Safari/537.36"
172.18.0.1 - - [10/Sep/2021:15:40:46 +0000] "GET /wp-content/plugins/woocommerce/includes/gateways/paypal/assets/js/paypal-admin.min.js?ver=5.6.0 HTTP/1.1" 200 683 "http://localhost/wp-admin/admin.php?page=wc-settings&tab=checkout" "Mozilla/5.0 (Windows NT 10.0; WOW64) AppleWebKit/537.36 (KHTML, like Gecko) Chrome/93.0.4577.63 Safari/537.36"
172.18.0.1 - - [10/Sep/2021:15:40:46 +0000] "GET /wp-content/plugins/woocommerce/packages/woocommerce-blocks/build/wc-settings.js?ver=eb9fff9e86cd8c11bfb8c225bea87ed4 HTTP/1.1" 200 3265 "http://localhost/wp-admin/admin.php?page=wc-settings&tab=checkout" "Mozilla/5.0 (Windows NT 10.0; WOW64) AppleWebKit/537.36 (KHTML, like Gecko) Chrome/93.0.4577.63 Safari/537.36"
172.18.0.1 - - [10/Sep/2021:15:40:46 +0000] "GET /wp-content/plugins/woocommerce/packages/woocommerce-admin/dist/number/index.js?ver=2.5.1 HTTP/1.1" 200 1402 "http://localhost/wp-admin/admin.php?page=wc-settings&tab=checkout" "Mozilla/5.0 (Windows NT 10.0; WOW64) AppleWebKit/537.36 (KHTML, like Gecko) Chrome/93.0.4577.63 Safari/537.36"
172.18.0.1 - - [10/Sep/2021:15:40:46 +0000] "GET /wp-content/plugins/woocommerce/packages/woocommerce-admin/dist/currency/index.js?ver=2.5.1 HTTP/1.1" 200 1939 "http://localhost/wp-admin/admin.php?page=wc-settings&tab=checkout" "Mozilla/5.0 (Windows NT 10.0; WOW64) AppleWebKit/537.36 (KHTML, like Gecko) Chrome/93.0.4577.63 Safari/537.36"
172.18.0.1 - - [10/Sep/2021:15:40:46 +0000] "GET /wp-content/plugins/woocommerce/packages/woocommerce-admin/dist/date/index.js?ver=2.5.1 HTTP/1.1" 200 6773 "http://localhost/wp-admin/admin.php?page=wc-settings&tab=checkout" "Mozilla/5.0 (Windows NT 10.0; WOW64) AppleWebKit/537.36 (KHTML, like Gecko) Chrome/93.0.4577.63 Safari/537.36"
172.18.0.1 - - [10/Sep/2021:15:40:46 +0000] "GET /wp-content/plugins/woocommerce/packages/woocommerce-admin/dist/navigation/index.js?ver=2.5.1 HTTP/1.1" 200 8652 "http://localhost/wp-admin/admin.php?page=wc-settings&tab=checkout" "Mozilla/5.0 (Windows NT 10.0; WOW64) AppleWebKit/537.36 (KHTML, like Gecko) Chrome/93.0.4577.63 Safari/537.36"
172.18.0.1 - - [10/Sep/2021:15:40:46 +0000] "GET /wp-content/plugins/woocommerce/packages/woocommerce-admin/dist/csv-export/index.js?ver=2.5.1 HTTP/1.1" 200 2627 "http://localhost/wp-admin/admin.php?page=wc-settings&tab=checkout" "Mozilla/5.0 (Windows NT 10.0; WOW64) AppleWebKit/537.36 (KHTML, like Gecko) Chrome/93.0.4577.63 Safari/537.36"
172.18.0.1 - - [10/Sep/2021:15:40:46 +0000] "GET /wp-content/plugins/woocommerce/packages/woocommerce-admin/dist/data/index.js?ver=2.5.1 HTTP/1.1" 200 18210 "http://localhost/wp-admin/admin.php?page=wc-settings&tab=checkout" "Mozilla/5.0 (Windows NT 10.0; WOW64) AppleWebKit/537.36 (KHTML, like Gecko) Chrome/93.0.4577.63 Safari/537.36"
172.18.0.1 - - [10/Sep/2021:15:40:46 +0000] "GET /wp-content/plugins/woocommerce/packages/woocommerce-admin/dist/experimental/index.js?ver=2.5.1 HTTP/1.1" 200 18551 "http://localhost/wp-admin/admin.php?page=wc-settings&tab=checkout" "Mozilla/5.0 (Windows NT 10.0; WOW64) AppleWebKit/537.36 (KHTML, like Gecko) Chrome/93.0.4577.63 Safari/537.36"
172.18.0.1 - - [10/Sep/2021:15:40:46 +0000] "GET /wp-content/plugins/woocommerce-mercadopago/assets/images/minilogo.png HTTP/1.1" 304 249 "http://localhost/wp-admin/admin.php?page=wc-settings&tab=checkout" "Mozilla/5.0 (Windows NT 10.0; WOW64) AppleWebKit/537.36 (KHTML, like Gecko) Chrome/93.0.4577.63 Safari/537.36"
172.18.0.1 - - [10/Sep/2021:15:40:46 +0000] "GET /wp-content/plugins/woocommerce/packages/woocommerce-admin/dist/customer-effort-score/index.js?ver=2.5.1 HTTP/1.1" 200 2274 "http://localhost/wp-admin/admin.php?page=wc-settings&tab=checkout" "Mozilla/5.0 (Windows NT 10.0; WOW64) AppleWebKit/537.36 (KHTML, like Gecko) Chrome/93.0.4577.63 Safari/537.36"
172.18.0.1 - - [10/Sep/2021:15:40:46 +0000] "GET /wp-content/plugins/woocommerce-mercadopago/assets/images/generics/icone-cartao-mp.png HTTP/1.1" 304 249 "http://localhost/wp-admin/admin.php?page=wc-settings&tab=checkout" "Mozilla/5.0 (Windows NT 10.0; WOW64) AppleWebKit/537.36 (KHTML, like Gecko) Chrome/93.0.4577.63 Safari/537.36"
172.18.0.1 - - [10/Sep/2021:15:40:46 +0000] "GET /wp-content/plugins/woocommerce/packages/woocommerce-admin/dist/explat/index.js?ver=2.5.1 HTTP/1.1" 200 8400 "http://localhost/wp-admin/admin.php?page=wc-settings&tab=checkout" "Mozilla/5.0 (Windows NT 10.0; WOW64) AppleWebKit/537.36 (KHTML, like Gecko) Chrome/93.0.4577.63 Safari/537.36"
172.18.0.1 - - [10/Sep/2021:15:40:46 +0000] "GET /wp-content/plugins/woocommerce/packages/woocommerce-admin/dist/notices/index.js?ver=2.5.1 HTTP/1.1" 200 1426 "http://localhost/wp-admin/admin.php?page=wc-settings&tab=checkout" "Mozilla/5.0 (Windows NT 10.0; WOW64) AppleWebKit/537.36 (KHTML, like Gecko) Chrome/93.0.4577.63 Safari/537.36"
172.18.0.1 - - [10/Sep/2021:15:40:46 +0000] "GET /wp-content/plugins/woocommerce/packages/woocommerce-admin/dist/tracks/index.js?ver=2.5.1 HTTP/1.1" 200 4165 "http://localhost/wp-admin/admin.php?page=wc-settings&tab=checkout" "Mozilla/5.0 (Windows NT 10.0; WOW64) AppleWebKit/537.36 (KHTML, like Gecko) Chrome/93.0.4577.63 Safari/537.36"
172.18.0.1 - - [10/Sep/2021:15:40:46 +0000] "GET /wp-content/plugins/woocommerce/assets/js/admin/settings.min.js?ver=5.6.0 HTTP/1.1" 200 1515 "http://localhost/wp-admin/admin.php?page=wc-settings&tab=checkout" "Mozilla/5.0 (Windows NT 10.0; WOW64) AppleWebKit/537.36 (KHTML, like Gecko) Chrome/93.0.4577.63 Safari/537.36"
172.18.0.1 - - [10/Sep/2021:15:40:46 +0000] "GET /wp-content/plugins/woocommerce/packages/woocommerce-admin/dist/chunks/47.style.css?ver=2.5.1 HTTP/1.1" 200 1635 "http://localhost/wp-admin/admin.php?page=wc-settings&tab=checkout" "Mozilla/5.0 (Windows NT 10.0; WOW64) AppleWebKit/537.36 (KHTML, like Gecko) Chrome/93.0.4577.63 Safari/537.36"
172.18.0.1 - - [10/Sep/2021:15:40:46 +0000] "GET /wp-content/plugins/woocommerce/packages/woocommerce-admin/dist/chunks/store-alerts.js?ver=2.5.1 HTTP/1.1" 200 2319 "http://localhost/wp-admin/admin.php?page=wc-settings&tab=checkout" "Mozilla/5.0 (Windows NT 10.0; WOW64) AppleWebKit/537.36 (KHTML, like Gecko) Chrome/93.0.4577.63 Safari/537.36"
172.18.0.1 - - [10/Sep/2021:15:40:46 +0000] "GET /wp-content/plugins/woocommerce/packages/woocommerce-admin/dist/chunks/3.js?ver=2.5.1 HTTP/1.1" 200 7497 "http://localhost/wp-admin/admin.php?page=wc-settings&tab=checkout" "Mozilla/5.0 (Windows NT 10.0; WOW64) AppleWebKit/537.36 (KHTML, like Gecko) Chrome/93.0.4577.63 Safari/537.36"
172.18.0.1 - - [10/Sep/2021:15:40:46 +0000] "GET /wp-content/plugins/woocommerce/packages/woocommerce-admin/dist/chunks/44.style.css?ver=2.5.1 HTTP/1.1" 200 1021 "http://localhost/wp-admin/admin.php?page=wc-settings&tab=checkout" "Mozilla/5.0 (Windows NT 10.0; WOW64) AppleWebKit/537.36 (KHTML, like Gecko) Chrome/93.0.4577.63 Safari/537.36"
172.18.0.1 - - [10/Sep/2021:15:40:46 +0000] "GET /wp-content/plugins/woocommerce/packages/woocommerce-admin/dist/chunks/payment-recommendations.js?ver=2.5.1 HTTP/1.1" 200 2518 "http://localhost/wp-admin/admin.php?page=wc-settings&tab=checkout" "Mozilla/5.0 (Windows NT 10.0; WOW64) AppleWebKit/537.36 (KHTML, like Gecko) Chrome/93.0.4577.63 Safari/537.36"
172.18.0.1 - - [10/Sep/2021:15:40:46 +0000] "GET /wp-content/plugins/woocommerce/packages/woocommerce-admin/dist/chunks/1.js?ver=2.5.1 HTTP/1.1" 200 67482 "http://localhost/wp-admin/admin.php?page=wc-settings&tab=checkout" "Mozilla/5.0 (Windows NT 10.0; WOW64) AppleWebKit/537.36 (KHTML, like Gecko) Chrome/93.0.4577.63 Safari/537.36"
172.18.0.1 - - [10/Sep/2021:15:40:46 +0000] "GET /favicon.ico HTTP/1.1" 302 483 "http://localhost/wp-admin/admin.php?page=wc-settings&tab=checkout" "Mozilla/5.0 (Windows NT 10.0; WOW64) AppleWebKit/537.36 (KHTML, like Gecko) Chrome/93.0.4577.63 Safari/537.36"
172.18.0.1 - - [10/Sep/2021:15:40:47 +0000] "GET /wp-includes/images/w-logo-blue-white-bg.png HTTP/1.1" 200 4405 "http://localhost/wp-admin/admin.php?page=wc-settings&tab=checkout" "Mozilla/5.0 (Windows NT 10.0; WOW64) AppleWebKit/537.36 (KHTML, like Gecko) Chrome/93.0.4577.63 Safari/537.36"
172.18.0.1 - - [10/Sep/2021:15:40:46 +0000] "GET /wp-json/wc-admin/options?options=woocommerce_ces_tracks_queue&_locale=user HTTP/1.1" 200 691 "http://localhost/wp-admin/admin.php?page=wc-settings&tab=checkout" "Mozilla/5.0 (Windows NT 10.0; WOW64) AppleWebKit/537.36 (KHTML, like Gecko) Chrome/93.0.4577.63 Safari/537.36"
172.18.0.1 - - [10/Sep/2021:15:40:46 +0000] "GET /wp-json/wc-analytics/admin/notes?page=1&per_page=25&status=unactioned&type%5B0%5D=info&type%5B1%5D=marketing&type%5B2%5D=survey&type%5B3%5D=warning&orderby=date&order=desc&_locale=user HTTP/1.1" 200 3710 "http://localhost/wp-admin/admin.php?page=wc-settings&tab=checkout" "Mozilla/5.0 (Windows NT 10.0; WOW64) AppleWebKit/537.36 (KHTML, like Gecko) Chrome/93.0.4577.63 Safari/537.36"
172.18.0.1 - - [10/Sep/2021:15:40:46 +0000] "GET /wp-json/wc-analytics/admin/notes?page=1&per_page=25&type=error%2Cupdate&status=unactioned&_locale=user HTTP/1.1" 200 669 "http://localhost/wp-admin/admin.php?page=wc-settings&tab=checkout" "Mozilla/5.0 (Windows NT 10.0; WOW64) AppleWebKit/537.36 (KHTML, like Gecko) Chrome/93.0.4577.63 Safari/537.36"
172.18.0.1 - - [10/Sep/2021:15:40:46 +0000] "GET /wp-json/wc-analytics/settings/general?_locale=user HTTP/1.1" 200 88314 "http://localhost/wp-admin/admin.php?page=wc-settings&tab=checkout" "Mozilla/5.0 (Windows NT 10.0; WOW64) AppleWebKit/537.36 (KHTML, like Gecko) Chrome/93.0.4577.63 Safari/537.36"
172.18.0.1 - - [10/Sep/2021:15:40:46 +0000] "GET /wp-json/wc-admin/options?options=woocommerce_show_marketplace_suggestions%2Cwoocommerce_setting_payments_recommendations_hidden&_locale=user HTTP/1.1" 200 764 "http://localhost/wp-admin/admin.php?page=wc-settings&tab=checkout" "Mozilla/5.0 (Windows NT 10.0; WOW64) AppleWebKit/537.36 (KHTML, like Gecko) Chrome/93.0.4577.63 Safari/537.36"
172.18.0.1 - - [10/Sep/2021:15:40:47 +0000] "GET /wp-json/wc-admin/plugins/recommended-payment-plugins?_locale=user HTTP/1.1" 200 2242 "http://localhost/wp-admin/admin.php?page=wc-settings&tab=checkout" "Mozilla/5.0 (Windows NT 10.0; WOW64) AppleWebKit/537.36 (KHTML, like Gecko) Chrome/93.0.4577.63 Safari/537.36"
172.18.0.1 - - [10/Sep/2021:15:40:48 +0000] "POST /wp-admin/admin-ajax.php HTTP/1.1" 200 695 "http://localhost/wp-admin/admin.php?page=wc-settings&tab=checkout" "Mozilla/5.0 (Windows NT 10.0; WOW64) AppleWebKit/537.36 (KHTML, like Gecko) Chrome/93.0.4577.63 Safari/537.36"
127.0.0.1 - - [10/Sep/2021:15:40:57 +0000] "OPTIONS * HTTP/1.0" 200 126 "-" "Apache/2.4.48 (Debian) PHP/7.4.23 (internal dummy connection)"
127.0.0.1 - - [10/Sep/2021:15:41:17 +0000] "POST /wp-cron.php?doing_wp_cron=1631288477.1301860809326171875000 HTTP/1.1" 200 192 "http://localhost/wp-cron.php?doing_wp_cron=1631288477.1301860809326171875000" "WordPress/5.8; http://localhost"
172.18.0.1 - - [10/Sep/2021:15:41:18 +0000] "POST /wp-admin/admin-ajax.php HTTP/1.1" 200 696 "http://localhost/wp-admin/admin.php?page=wc-settings&tab=checkout" "Mozilla/5.0 (Windows NT 10.0; WOW64) AppleWebKit/537.36 (KHTML, like Gecko) Chrome/93.0.4577.63 Safari/537.36"
172.18.0.1 - - [10/Sep/2021:15:41:17 +0000] "POST /wp-admin/admin-ajax.php HTTP/1.1" 200 696 "http://localhost/wp-admin/admin.php?page=wc-settings&tab=checkout" "Mozilla/5.0 (Windows NT 10.0; WOW64) AppleWebKit/537.36 (KHTML, like Gecko) Chrome/93.0.4577.63 Safari/537.36"
172.18.0.1 - - [10/Sep/2021:15:41:20 +0000] "POST /wp-admin/admin-ajax.php HTTP/1.1" 200 579 "http://localhost/wp-admin/admin.php?page=wc-settings&tab=checkout" "Mozilla/5.0 (Windows NT 10.0; WOW64) AppleWebKit/537.36 (KHTML, like Gecko) Chrome/93.0.4577.63 Safari/537.36"
172.18.0.1 - - [10/Sep/2021:15:41:28 +0000] "POST /wp-admin/admin-ajax.php HTTP/1.1" 200 581 "http://localhost/wp-admin/admin.php?page=wc-settings&tab=checkout" "Mozilla/5.0 (Windows NT 10.0; WOW64) AppleWebKit/537.36 (KHTML, like Gecko) Chrome/93.0.4577.63 Safari/537.36"
172.18.0.1 - - [10/Sep/2021:15:41:40 +0000] "POST /wp-admin/admin-ajax.php HTTP/1.1" 200 696 "http://localhost/wp-admin/admin.php?page=wc-settings&tab=checkout" "Mozilla/5.0 (Windows NT 10.0; WOW64) AppleWebKit/537.36 (KHTML, like Gecko) Chrome/93.0.4577.63 Safari/537.36"
172.18.0.1 - - [10/Sep/2021:15:41:41 +0000] "POST /wp-admin/admin-ajax.php HTTP/1.1" 200 696 "http://localhost/wp-admin/admin.php?page=wc-settings&tab=checkout" "Mozilla/5.0 (Windows NT 10.0; WOW64) AppleWebKit/537.36 (KHTML, like Gecko) Chrome/93.0.4577.63 Safari/537.36"
172.18.0.1 - - [10/Sep/2021:15:41:46 +0000] "POST /wp-admin/admin-ajax.php HTTP/1.1" 200 598 "http://localhost/wp-admin/admin.php?page=wc-settings&tab=checkout" "Mozilla/5.0 (Windows NT 10.0; WOW64) AppleWebKit/537.36 (KHTML, like Gecko) Chrome/93.0.4577.63 Safari/537.36"
172.18.0.1 - - [10/Sep/2021:15:41:55 +0000] "GET /wp-admin/admin.php?page=wc-settings&tab=checkout HTTP/1.1" 200 74870 "http://localhost/wp-admin/admin.php?page=wc-settings" "Mozilla/5.0 (Windows NT 10.0; WOW64) AppleWebKit/537.36 (KHTML, like Gecko) Chrome/93.0.4577.63 Safari/537.36"
172.18.0.1 - - [10/Sep/2021:15:41:57 +0000] "GET /wp-content/plugins/woocommerce/packages/woocommerce-admin/dist/app/style.css?ver=2.5.1 HTTP/1.1" 200 5373 "http://localhost/wp-admin/admin.php?page=wc-settings&tab=checkout" "Mozilla/5.0 (Windows NT 10.0; WOW64) AppleWebKit/537.36 (KHTML, like Gecko) Chrome/93.0.4577.63 Safari/537.36"
172.18.0.1 - - [10/Sep/2021:15:41:57 +0000] "GET /wp-content/plugins/woocommerce/packages/woocommerce-admin/dist/components/style.css?ver=2.5.1 HTTP/1.1" 200 14676 "http://localhost/wp-admin/admin.php?page=wc-settings&tab=checkout" "Mozilla/5.0 (Windows NT 10.0; WOW64) AppleWebKit/537.36 (KHTML, like Gecko) Chrome/93.0.4577.63 Safari/537.36"
172.18.0.1 - - [10/Sep/2021:15:41:57 +0000] "GET /wp-content/plugins/woocommerce/packages/woocommerce-admin/dist/components/index.js?ver=2.5.1 HTTP/1.1" 200 161777 "http://localhost/wp-admin/admin.php?page=wc-settings&tab=checkout" "Mozilla/5.0 (Windows NT 10.0; WOW64) AppleWebKit/537.36 (KHTML, like Gecko) Chrome/93.0.4577.63 Safari/537.36"
172.18.0.1 - - [10/Sep/2021:15:41:58 +0000] "GET /wp-content/plugins/woocommerce/assets/css/jquery-ui/jquery-ui.min.css?ver=5.6.0 HTTP/1.1" 200 7719 "http://localhost/wp-admin/admin.php?page=wc-settings&tab=checkout" "Mozilla/5.0 (Windows NT 10.0; WOW64) AppleWebKit/537.36 (KHTML, like Gecko) Chrome/93.0.4577.63 Safari/537.36"
172.18.0.1 - - [10/Sep/2021:15:41:58 +0000] "GET /wp-content/plugins/woocommerce/packages/woocommerce-admin/dist/customer-effort-score/style.css?ver=2.5.1 HTTP/1.1" 200 1888 "http://localhost/wp-admin/admin.php?page=wc-settings&tab=checkout" "Mozilla/5.0 (Windows NT 10.0; WOW64) AppleWebKit/537.36 (KHTML, like Gecko) Chrome/93.0.4577.63 Safari/537.36"
172.18.0.1 - - [10/Sep/2021:15:41:58 +0000] "GET /wp-content/plugins/woocommerce/packages/woocommerce-admin/dist/experimental/style.css?ver=2.5.1 HTTP/1.1" 200 3404 "http://localhost/wp-admin/admin.php?page=wc-settings&tab=checkout" "Mozilla/5.0 (Windows NT 10.0; WOW64) AppleWebKit/537.36 (KHTML, like Gecko) Chrome/93.0.4577.63 Safari/537.36"
172.18.0.1 - - [10/Sep/2021:15:41:58 +0000] "GET /wp-content/plugins/woocommerce/assets/css/admin.css?ver=5.6.0 HTTP/1.1" 200 31371 "http://localhost/wp-admin/admin.php?page=wc-settings&tab=checkout" "Mozilla/5.0 (Windows NT 10.0; WOW64) AppleWebKit/537.36 (KHTML, like Gecko) Chrome/93.0.4577.63 Safari/537.36"
172.18.0.1 - - [10/Sep/2021:15:41:58 +0000] "GET /wp-content/plugins/woocommerce/packages/woocommerce-admin/dist/onboarding/style.css?ver=2.5.1 HTTP/1.1" 200 1770 "http://localhost/wp-admin/admin.php?page=wc-settings&tab=checkout" "Mozilla/5.0 (Windows NT 10.0; WOW64) AppleWebKit/537.36 (KHTML, like Gecko) Chrome/93.0.4577.63 Safari/537.36"
172.18.0.1 - - [10/Sep/2021:15:41:58 +0000] "GET /wp-content/plugins/woocommerce/assets/js/jquery-blockui/jquery.blockUI.min.js?ver=2.70 HTTP/1.1" 200 3842 "http://localhost/wp-admin/admin.php?page=wc-settings&tab=checkout" "Mozilla/5.0 (Windows NT 10.0; WOW64) AppleWebKit/537.36 (KHTML, like Gecko) Chrome/93.0.4577.63 Safari/537.36"
172.18.0.1 - - [10/Sep/2021:15:41:58 +0000] "GET /wp-content/plugins/woocommerce/assets/js/jquery-tiptip/jquery.tipTip.min.js?ver=5.6.0 HTTP/1.1" 200 1438 "http://localhost/wp-admin/admin.php?page=wc-settings&tab=checkout" "Mozilla/5.0 (Windows NT 10.0; WOW64) AppleWebKit/537.36 (KHTML, like Gecko) Chrome/93.0.4577.63 Safari/537.36"
172.18.0.1 - - [10/Sep/2021:15:41:58 +0000] "GET /wp-content/plugins/woocommerce/packages/woocommerce-admin/dist/app/index.js?ver=2.5.1 HTTP/1.1" 200 49495 "http://localhost/wp-admin/admin.php?page=wc-settings&tab=checkout" "Mozilla/5.0 (Windows NT 10.0; WOW64) AppleWebKit/537.36 (KHTML, like Gecko) Chrome/93.0.4577.63 Safari/537.36"
172.18.0.1 - - [10/Sep/2021:15:41:58 +0000] "GET /wp-content/plugins/woocommerce/assets/js/admin/woocommerce_admin.min.js?ver=5.6.0 HTTP/1.1" 200 2650 "http://localhost/wp-admin/admin.php?page=wc-settings&tab=checkout" "Mozilla/5.0 (Windows NT 10.0; WOW64) AppleWebKit/537.36 (KHTML, like Gecko) Chrome/93.0.4577.63 Safari/537.36"
172.18.0.1 - - [10/Sep/2021:15:41:58 +0000] "GET /wp-content/plugins/woocommerce/assets/js/admin/wc-enhanced-select.min.js?ver=5.6.0 HTTP/1.1" 200 1699 "http://localhost/wp-admin/admin.php?page=wc-settings&tab=checkout" "Mozilla/5.0 (Windows NT 10.0; WOW64) AppleWebKit/537.36 (KHTML, like Gecko) Chrome/93.0.4577.63 Safari/537.36"
172.18.0.1 - - [10/Sep/2021:15:41:58 +0000] "GET /wp-content/plugins/woocommerce/assets/js/selectWoo/selectWoo.full.min.js?ver=1.0.6 HTTP/1.1" 200 21916 "http://localhost/wp-admin/admin.php?page=wc-settings&tab=checkout" "Mozilla/5.0 (Windows NT 10.0; WOW64) AppleWebKit/537.36 (KHTML, like Gecko) Chrome/93.0.4577.63 Safari/537.36"
172.18.0.1 - - [10/Sep/2021:15:41:58 +0000] "GET /wp-content/plugins/woocommerce/includes/gateways/paypal/assets/js/paypal-admin.min.js?ver=5.6.0 HTTP/1.1" 200 683 "http://localhost/wp-admin/admin.php?page=wc-settings&tab=checkout" "Mozilla/5.0 (Windows NT 10.0; WOW64) AppleWebKit/537.36 (KHTML, like Gecko) Chrome/93.0.4577.63 Safari/537.36"
172.18.0.1 - - [10/Sep/2021:15:41:58 +0000] "GET /wp-content/plugins/woocommerce/packages/woocommerce-admin/dist/number/index.js?ver=2.5.1 HTTP/1.1" 200 1402 "http://localhost/wp-admin/admin.php?page=wc-settings&tab=checkout" "Mozilla/5.0 (Windows NT 10.0; WOW64) AppleWebKit/537.36 (KHTML, like Gecko) Chrome/93.0.4577.63 Safari/537.36"
172.18.0.1 - - [10/Sep/2021:15:41:58 +0000] "GET /wp-content/plugins/woocommerce/packages/woocommerce-blocks/build/wc-settings.js?ver=eb9fff9e86cd8c11bfb8c225bea87ed4 HTTP/1.1" 200 3265 "http://localhost/wp-admin/admin.php?page=wc-settings&tab=checkout" "Mozilla/5.0 (Windows NT 10.0; WOW64) AppleWebKit/537.36 (KHTML, like Gecko) Chrome/93.0.4577.63 Safari/537.36"
172.18.0.1 - - [10/Sep/2021:15:41:58 +0000] "GET /wp-content/plugins/woocommerce/packages/woocommerce-admin/dist/currency/index.js?ver=2.5.1 HTTP/1.1" 200 1939 "http://localhost/wp-admin/admin.php?page=wc-settings&tab=checkout" "Mozilla/5.0 (Windows NT 10.0; WOW64) AppleWebKit/537.36 (KHTML, like Gecko) Chrome/93.0.4577.63 Safari/537.36"
172.18.0.1 - - [10/Sep/2021:15:41:58 +0000] "GET /wp-content/plugins/woocommerce/packages/woocommerce-admin/dist/date/index.js?ver=2.5.1 HTTP/1.1" 200 6773 "http://localhost/wp-admin/admin.php?page=wc-settings&tab=checkout" "Mozilla/5.0 (Windows NT 10.0; WOW64) AppleWebKit/537.36 (KHTML, like Gecko) Chrome/93.0.4577.63 Safari/537.36"
172.18.0.1 - - [10/Sep/2021:15:41:58 +0000] "GET /wp-content/plugins/woocommerce/packages/woocommerce-admin/dist/navigation/index.js?ver=2.5.1 HTTP/1.1" 200 8652 "http://localhost/wp-admin/admin.php?page=wc-settings&tab=checkout" "Mozilla/5.0 (Windows NT 10.0; WOW64) AppleWebKit/537.36 (KHTML, like Gecko) Chrome/93.0.4577.63 Safari/537.36"
172.18.0.1 - - [10/Sep/2021:15:41:58 +0000] "GET /wp-content/plugins/woocommerce/packages/woocommerce-admin/dist/data/index.js?ver=2.5.1 HTTP/1.1" 200 18210 "http://localhost/wp-admin/admin.php?page=wc-settings&tab=checkout" "Mozilla/5.0 (Windows NT 10.0; WOW64) AppleWebKit/537.36 (KHTML, like Gecko) Chrome/93.0.4577.63 Safari/537.36"
172.18.0.1 - - [10/Sep/2021:15:41:58 +0000] "GET /wp-content/plugins/woocommerce/packages/woocommerce-admin/dist/csv-export/index.js?ver=2.5.1 HTTP/1.1" 200 2627 "http://localhost/wp-admin/admin.php?page=wc-settings&tab=checkout" "Mozilla/5.0 (Windows NT 10.0; WOW64) AppleWebKit/537.36 (KHTML, like Gecko) Chrome/93.0.4577.63 Safari/537.36"
172.18.0.1 - - [10/Sep/2021:15:41:58 +0000] "GET /wp-content/plugins/woocommerce/packages/woocommerce-admin/dist/experimental/index.js?ver=2.5.1 HTTP/1.1" 200 18551 "http://localhost/wp-admin/admin.php?page=wc-settings&tab=checkout" "Mozilla/5.0 (Windows NT 10.0; WOW64) AppleWebKit/537.36 (KHTML, like Gecko) Chrome/93.0.4577.63 Safari/537.36"
172.18.0.1 - - [10/Sep/2021:15:41:58 +0000] "GET /wp-content/plugins/woocommerce/packages/woocommerce-admin/dist/customer-effort-score/index.js?ver=2.5.1 HTTP/1.1" 200 2274 "http://localhost/wp-admin/admin.php?page=wc-settings&tab=checkout" "Mozilla/5.0 (Windows NT 10.0; WOW64) AppleWebKit/537.36 (KHTML, like Gecko) Chrome/93.0.4577.63 Safari/537.36"
172.18.0.1 - - [10/Sep/2021:15:41:58 +0000] "GET /wp-content/plugins/woocommerce/packages/woocommerce-admin/dist/explat/index.js?ver=2.5.1 HTTP/1.1" 200 8400 "http://localhost/wp-admin/admin.php?page=wc-settings&tab=checkout" "Mozilla/5.0 (Windows NT 10.0; WOW64) AppleWebKit/537.36 (KHTML, like Gecko) Chrome/93.0.4577.63 Safari/537.36"
172.18.0.1 - - [10/Sep/2021:15:41:58 +0000] "GET /wp-content/plugins/woocommerce/packages/woocommerce-admin/dist/notices/index.js?ver=2.5.1 HTTP/1.1" 200 1426 "http://localhost/wp-admin/admin.php?page=wc-settings&tab=checkout" "Mozilla/5.0 (Windows NT 10.0; WOW64) AppleWebKit/537.36 (KHTML, like Gecko) Chrome/93.0.4577.63 Safari/537.36"
172.18.0.1 - - [10/Sep/2021:15:41:58 +0000] "GET /wp-content/plugins/woocommerce/packages/woocommerce-admin/dist/tracks/index.js?ver=2.5.1 HTTP/1.1" 200 4165 "http://localhost/wp-admin/admin.php?page=wc-settings&tab=checkout" "Mozilla/5.0 (Windows NT 10.0; WOW64) AppleWebKit/537.36 (KHTML, like Gecko) Chrome/93.0.4577.63 Safari/537.36"
172.18.0.1 - - [10/Sep/2021:15:41:58 +0000] "GET /wp-content/plugins/woocommerce/assets/js/admin/settings.min.js?ver=5.6.0 HTTP/1.1" 200 1515 "http://localhost/wp-admin/admin.php?page=wc-settings&tab=checkout" "Mozilla/5.0 (Windows NT 10.0; WOW64) AppleWebKit/537.36 (KHTML, like Gecko) Chrome/93.0.4577.63 Safari/537.36"
172.18.0.1 - - [10/Sep/2021:15:41:58 +0000] "GET /wp-content/plugins/woocommerce/packages/woocommerce-admin/dist/chunks/47.style.css?ver=2.5.1 HTTP/1.1" 200 1635 "http://localhost/wp-admin/admin.php?page=wc-settings&tab=checkout" "Mozilla/5.0 (Windows NT 10.0; WOW64) AppleWebKit/537.36 (KHTML, like Gecko) Chrome/93.0.4577.63 Safari/537.36"
172.18.0.1 - - [10/Sep/2021:15:41:58 +0000] "GET /wp-content/plugins/woocommerce/packages/woocommerce-admin/dist/chunks/3.js?ver=2.5.1 HTTP/1.1" 200 7497 "http://localhost/wp-admin/admin.php?page=wc-settings&tab=checkout" "Mozilla/5.0 (Windows NT 10.0; WOW64) AppleWebKit/537.36 (KHTML, like Gecko) Chrome/93.0.4577.63 Safari/537.36"
172.18.0.1 - - [10/Sep/2021:15:41:58 +0000] "GET /wp-content/plugins/woocommerce/packages/woocommerce-admin/dist/chunks/store-alerts.js?ver=2.5.1 HTTP/1.1" 200 2319 "http://localhost/wp-admin/admin.php?page=wc-settings&tab=checkout" "Mozilla/5.0 (Windows NT 10.0; WOW64) AppleWebKit/537.36 (KHTML, like Gecko) Chrome/93.0.4577.63 Safari/537.36"
172.18.0.1 - - [10/Sep/2021:15:41:58 +0000] "GET /wp-content/plugins/woocommerce/packages/woocommerce-admin/dist/chunks/44.style.css?ver=2.5.1 HTTP/1.1" 200 1021 "http://localhost/wp-admin/admin.php?page=wc-settings&tab=checkout" "Mozilla/5.0 (Windows NT 10.0; WOW64) AppleWebKit/537.36 (KHTML, like Gecko) Chrome/93.0.4577.63 Safari/537.36"
172.18.0.1 - - [10/Sep/2021:15:41:58 +0000] "GET /wp-content/plugins/woocommerce/packages/woocommerce-admin/dist/chunks/payment-recommendations.js?ver=2.5.1 HTTP/1.1" 200 2518 "http://localhost/wp-admin/admin.php?page=wc-settings&tab=checkout" "Mozilla/5.0 (Windows NT 10.0; WOW64) AppleWebKit/537.36 (KHTML, like Gecko) Chrome/93.0.4577.63 Safari/537.36"
172.18.0.1 - - [10/Sep/2021:15:41:58 +0000] "GET /wp-content/plugins/woocommerce/packages/woocommerce-admin/dist/chunks/1.js?ver=2.5.1 HTTP/1.1" 200 67482 "http://localhost/wp-admin/admin.php?page=wc-settings&tab=checkout" "Mozilla/5.0 (Windows NT 10.0; WOW64) AppleWebKit/537.36 (KHTML, like Gecko) Chrome/93.0.4577.63 Safari/537.36"
172.18.0.1 - - [10/Sep/2021:15:41:59 +0000] "GET /favicon.ico HTTP/1.1" 302 483 "http://localhost/wp-admin/admin.php?page=wc-settings&tab=checkout" "Mozilla/5.0 (Windows NT 10.0; WOW64) AppleWebKit/537.36 (KHTML, like Gecko) Chrome/93.0.4577.63 Safari/537.36"
172.18.0.1 - - [10/Sep/2021:15:41:59 +0000] "GET /wp-includes/images/w-logo-blue-white-bg.png HTTP/1.1" 200 4405 "http://localhost/wp-admin/admin.php?page=wc-settings&tab=checkout" "Mozilla/5.0 (Windows NT 10.0; WOW64) AppleWebKit/537.36 (KHTML, like Gecko) Chrome/93.0.4577.63 Safari/537.36"
172.18.0.1 - - [10/Sep/2021:15:41:58 +0000] "GET /wp-json/wc-analytics/admin/notes?page=1&per_page=25&status=unactioned&type%5B0%5D=info&type%5B1%5D=marketing&type%5B2%5D=survey&type%5B3%5D=warning&orderby=date&order=desc&_locale=user HTTP/1.1" 200 3710 "http://localhost/wp-admin/admin.php?page=wc-settings&tab=checkout" "Mozilla/5.0 (Windows NT 10.0; WOW64) AppleWebKit/537.36 (KHTML, like Gecko) Chrome/93.0.4577.63 Safari/537.36"
172.18.0.1 - - [10/Sep/2021:15:41:58 +0000] "GET /wp-json/wc-analytics/admin/notes?page=1&per_page=25&type=error%2Cupdate&status=unactioned&_locale=user HTTP/1.1" 200 669 "http://localhost/wp-admin/admin.php?page=wc-settings&tab=checkout" "Mozilla/5.0 (Windows NT 10.0; WOW64) AppleWebKit/537.36 (KHTML, like Gecko) Chrome/93.0.4577.63 Safari/537.36"
172.18.0.1 - - [10/Sep/2021:15:41:58 +0000] "GET /wp-json/wc-admin/options?options=woocommerce_ces_tracks_queue&_locale=user HTTP/1.1" 200 691 "http://localhost/wp-admin/admin.php?page=wc-settings&tab=checkout" "Mozilla/5.0 (Windows NT 10.0; WOW64) AppleWebKit/537.36 (KHTML, like Gecko) Chrome/93.0.4577.63 Safari/537.36"
172.18.0.1 - - [10/Sep/2021:15:41:59 +0000] "GET /wp-json/wc-analytics/settings/general?_locale=user HTTP/1.1" 200 88314 "http://localhost/wp-admin/admin.php?page=wc-settings&tab=checkout" "Mozilla/5.0 (Windows NT 10.0; WOW64) AppleWebKit/537.36 (KHTML, like Gecko) Chrome/93.0.4577.63 Safari/537.36"
172.18.0.1 - - [10/Sep/2021:15:41:59 +0000] "GET /wp-json/wc-admin/options?options=woocommerce_show_marketplace_suggestions%2Cwoocommerce_setting_payments_recommendations_hidden&_locale=user HTTP/1.1" 200 764 "http://localhost/wp-admin/admin.php?page=wc-settings&tab=checkout" "Mozilla/5.0 (Windows NT 10.0; WOW64) AppleWebKit/537.36 (KHTML, like Gecko) Chrome/93.0.4577.63 Safari/537.36"
172.18.0.1 - - [10/Sep/2021:15:42:00 +0000] "GET /wp-json/wc-admin/plugins/recommended-payment-plugins?_locale=user HTTP/1.1" 200 2242 "http://localhost/wp-admin/admin.php?page=wc-settings&tab=checkout" "Mozilla/5.0 (Windows NT 10.0; WOW64) AppleWebKit/537.36 (KHTML, like Gecko) Chrome/93.0.4577.63 Safari/537.36"
127.0.0.1 - - [10/Sep/2021:15:42:04 +0000] "POST /wp-cron.php?doing_wp_cron=1631288524.5585219860076904296875 HTTP/1.1" 200 192 "http://localhost/wp-cron.php?doing_wp_cron=1631288524.5585219860076904296875" "WordPress/5.8; http://localhost"
172.18.0.1 - - [10/Sep/2021:15:42:04 +0000] "POST /wp-admin/admin-ajax.php HTTP/1.1" 200 579 "http://localhost/wp-admin/admin.php?page=wc-settings&tab=checkout" "Mozilla/5.0 (Windows NT 10.0; WOW64) AppleWebKit/537.36 (KHTML, like Gecko) Chrome/93.0.4577.63 Safari/537.36"
127.0.0.1 - - [10/Sep/2021:15:42:13 +0000] "OPTIONS * HTTP/1.0" 200 126 "-" "Apache/2.4.48 (Debian) PHP/7.4.23 (internal dummy connection)"
127.0.0.1 - - [10/Sep/2021:15:42:19 +0000] "POST /wp-cron.php?doing_wp_cron=1631288539.1618750095367431640625 HTTP/1.1" 200 192 "http://localhost/wp-cron.php?doing_wp_cron=1631288539.1618750095367431640625" "WordPress/5.8; http://localhost"
172.18.0.1 - - [10/Sep/2021:15:42:19 +0000] "POST /wp-admin/admin-ajax.php HTTP/1.1" 200 696 "http://localhost/wp-admin/admin.php?page=wc-settings&tab=checkout" "Mozilla/5.0 (Windows NT 10.0; WOW64) AppleWebKit/537.36 (KHTML, like Gecko) Chrome/93.0.4577.63 Safari/537.36"
172.18.0.1 - - [10/Sep/2021:15:42:58 +0000] "POST /wp-admin/admin-ajax.php HTTP/1.1" 200 599 "http://localhost/wp-admin/admin.php?page=wc-settings&tab=checkout" "Mozilla/5.0 (Windows NT 10.0; WOW64) AppleWebKit/537.36 (KHTML, like Gecko) Chrome/93.0.4577.63 Safari/537.36"
127.0.0.1 - - [10/Sep/2021:15:43:59 +0000] "POST /wp-cron.php?doing_wp_cron=1631288638.9484279155731201171875 HTTP/1.1" 200 192 "http://localhost/wp-cron.php?doing_wp_cron=1631288638.9484279155731201171875" "WordPress/5.8; http://localhost"
172.18.0.1 - - [10/Sep/2021:15:43:58 +0000] "POST /wp-admin/admin-ajax.php HTTP/1.1" 200 599 "http://localhost/wp-admin/admin.php?page=wc-settings&tab=checkout" "Mozilla/5.0 (Windows NT 10.0; WOW64) AppleWebKit/537.36 (KHTML, like Gecko) Chrome/93.0.4577.63 Safari/537.36"
127.0.0.1 - - [10/Sep/2021:15:44:52 +0000] "POST /wp-cron.php?doing_wp_cron=1631288692.0993919372558593750000 HTTP/1.1" 200 192 "http://localhost/wp-cron.php?doing_wp_cron=1631288692.0993919372558593750000" "WordPress/5.8; http://localhost"
172.18.0.1 - - [10/Sep/2021:15:44:52 +0000] "GET /wp-admin/plugins.php HTTP/1.1" 200 32903 "http://localhost/wp-admin/admin.php?page=wc-settings&tab=checkout" "Mozilla/5.0 (Windows NT 10.0; WOW64) AppleWebKit/537.36 (KHTML, like Gecko) Chrome/93.0.4577.63 Safari/537.36"
172.18.0.1 - - [10/Sep/2021:15:44:52 +0000] "GET /wp-content/plugins/woocommerce/assets/css/twenty-twenty-one-admin.css?ver=5.6.0 HTTP/1.1" 200 441 "http://localhost/wp-admin/plugins.php" "Mozilla/5.0 (Windows NT 10.0; WOW64) AppleWebKit/537.36 (KHTML, like Gecko) Chrome/93.0.4577.63 Safari/537.36"
172.18.0.1 - - [10/Sep/2021:15:44:52 +0000] "GET /wp-content/plugins/woocommerce-mercadopago/assets/css/admin_notice_mercadopago.min.css?ver=5.3.1 HTTP/1.1" 200 813 "http://localhost/wp-admin/plugins.php" "Mozilla/5.0 (Windows NT 10.0; WOW64) AppleWebKit/537.36 (KHTML, like Gecko) Chrome/93.0.4577.63 Safari/537.36"
172.18.0.1 - - [10/Sep/2021:15:44:52 +0000] "GET /wp-content/plugins/woocommerce-mercadopago/assets/css/config_mercadopago.min.css?ver=5.3.1 HTTP/1.1" 200 1534 "http://localhost/wp-admin/plugins.php" "Mozilla/5.0 (Windows NT 10.0; WOW64) AppleWebKit/537.36 (KHTML, like Gecko) Chrome/93.0.4577.63 Safari/537.36"
172.18.0.1 - - [10/Sep/2021:15:44:52 +0000] "GET /wp-content/plugins/woocommerce-mercadopago/assets/js/saved_cards_notice_mercadopago.min.js?ver=5.3.1 HTTP/1.1" 200 489 "http://localhost/wp-admin/plugins.php" "Mozilla/5.0 (Windows NT 10.0; WOW64) AppleWebKit/537.36 (KHTML, like Gecko) Chrome/93.0.4577.63 Safari/537.36"
172.18.0.1 - - [10/Sep/2021:15:44:52 +0000] "GET /wp-content/plugins/woocommerce-mercadopago/assets/js/review.min.js?ver=5.3.1 HTTP/1.1" 200 489 "http://localhost/wp-admin/plugins.php" "Mozilla/5.0 (Windows NT 10.0; WOW64) AppleWebKit/537.36 (KHTML, like Gecko) Chrome/93.0.4577.63 Safari/537.36"
172.18.0.1 - - [10/Sep/2021:15:44:52 +0000] "GET /wp-content/plugins/woocommerce-mercadopago/assets/css/saved_cards_notice_mercadopago.min.css?ver=5.3.1 HTTP/1.1" 200 863 "http://localhost/wp-admin/plugins.php" "Mozilla/5.0 (Windows NT 10.0; WOW64) AppleWebKit/537.36 (KHTML, like Gecko) Chrome/93.0.4577.63 Safari/537.36"
172.18.0.1 - - [10/Sep/2021:15:44:52 +0000] "GET /wp-content/plugins/woocommerce/assets/css/menu.css?ver=5.6.0 HTTP/1.1" 200 1663 "http://localhost/wp-admin/plugins.php" "Mozilla/5.0 (Windows NT 10.0; WOW64) AppleWebKit/537.36 (KHTML, like Gecko) Chrome/93.0.4577.63 Safari/537.36"
172.18.0.1 - - [10/Sep/2021:15:44:52 +0000] "GET /wp-content/plugins/woocommerce/assets/css/activation.css?ver=5.6.0 HTTP/1.1" 200 844 "http://localhost/wp-admin/plugins.php" "Mozilla/5.0 (Windows NT 10.0; WOW64) AppleWebKit/537.36 (KHTML, like Gecko) Chrome/93.0.4577.63 Safari/537.36"
172.18.0.1 - - [10/Sep/2021:15:44:52 +0000] "GET /wp-content/plugins/woocommerce-mercadopago/assets/images/minilogo.png HTTP/1.1" 304 249 "http://localhost/wp-admin/plugins.php" "Mozilla/5.0 (Windows NT 10.0; WOW64) AppleWebKit/537.36 (KHTML, like Gecko) Chrome/93.0.4577.63 Safari/537.36"
172.18.0.1 - - [10/Sep/2021:15:44:52 +0000] "GET /wp-content/plugins/woocommerce-mercadopago/assets/images/generics/icone-cartao-mp.png HTTP/1.1" 304 249 "http://localhost/wp-admin/plugins.php" "Mozilla/5.0 (Windows NT 10.0; WOW64) AppleWebKit/537.36 (KHTML, like Gecko) Chrome/93.0.4577.63 Safari/537.36"
127.0.0.1 - - [10/Sep/2021:15:45:00 +0000] "OPTIONS * HTTP/1.0" 200 126 "-" "Apache/2.4.48 (Debian) PHP/7.4.23 (internal dummy connection)"
127.0.0.1 - - [10/Sep/2021:15:45:53 +0000] "POST /wp-cron.php?doing_wp_cron=1631288753.9294040203094482421875 HTTP/1.1" 200 192 "http://localhost/wp-cron.php?doing_wp_cron=1631288753.9294040203094482421875" "WordPress/5.8; http://localhost"
172.18.0.1 - - [10/Sep/2021:15:45:53 +0000] "POST /wp-admin/admin-ajax.php HTTP/1.1" 200 599 "http://localhost/wp-admin/plugins.php" "Mozilla/5.0 (Windows NT 10.0; WOW64) AppleWebKit/537.36 (KHTML, like Gecko) Chrome/93.0.4577.63 Safari/537.36"
127.0.0.1 - - [10/Sep/2021:15:46:53 +0000] "POST /wp-cron.php?doing_wp_cron=1631288813.9166989326477050781250 HTTP/1.1" 200 192 "http://localhost/wp-cron.php?doing_wp_cron=1631288813.9166989326477050781250" "WordPress/5.8; http://localhost"
172.18.0.1 - - [10/Sep/2021:15:46:53 +0000] "POST /wp-admin/admin-ajax.php HTTP/1.1" 200 599 "http://localhost/wp-admin/plugins.php" "Mozilla/5.0 (Windows NT 10.0; WOW64) AppleWebKit/537.36 (KHTML, like Gecko) Chrome/93.0.4577.63 Safari/537.36"
127.0.0.1 - - [10/Sep/2021:15:47:54 +0000] "POST /wp-cron.php?doing_wp_cron=1631288874.9381740093231201171875 HTTP/1.1" 200 192 "http://localhost/wp-cron.php?doing_wp_cron=1631288874.9381740093231201171875" "WordPress/5.8; http://localhost"
172.18.0.1 - - [10/Sep/2021:15:47:54 +0000] "POST /wp-admin/admin-ajax.php HTTP/1.1" 200 599 "http://localhost/wp-admin/plugins.php" "Mozilla/5.0 (Windows NT 10.0; WOW64) AppleWebKit/537.36 (KHTML, like Gecko) Chrome/93.0.4577.63 Safari/537.36"
127.0.0.1 - - [10/Sep/2021:15:49:55 +0000] "POST /wp-cron.php?doing_wp_cron=1631288995.9382879734039306640625 HTTP/1.1" 200 192 "http://localhost/wp-cron.php?doing_wp_cron=1631288995.9382879734039306640625" "WordPress/5.8; http://localhost"
172.18.0.1 - - [10/Sep/2021:15:49:55 +0000] "POST /wp-admin/admin-ajax.php HTTP/1.1" 200 599 "http://localhost/wp-admin/plugins.php" "Mozilla/5.0 (Windows NT 10.0; WOW64) AppleWebKit/537.36 (KHTML, like Gecko) Chrome/93.0.4577.63 Safari/537.36"
127.0.0.1 - - [10/Sep/2021:15:51:57 +0000] "POST /wp-cron.php?doing_wp_cron=1631289116.9415299892425537109375 HTTP/1.1" 200 192 "http://localhost/wp-cron.php?doing_wp_cron=1631289116.9415299892425537109375" "WordPress/5.8; http://localhost"
172.18.0.1 - - [10/Sep/2021:15:51:56 +0000] "POST /wp-admin/admin-ajax.php HTTP/1.1" 200 599 "http://localhost/wp-admin/plugins.php" "Mozilla/5.0 (Windows NT 10.0; WOW64) AppleWebKit/537.36 (KHTML, like Gecko) Chrome/93.0.4577.63 Safari/537.36"
127.0.0.1 - - [10/Sep/2021:15:53:57 +0000] "POST /wp-cron.php?doing_wp_cron=1631289237.9182848930358886718750 HTTP/1.1" 200 192 "http://localhost/wp-cron.php?doing_wp_cron=1631289237.9182848930358886718750" "WordPress/5.8; http://localhost"
172.18.0.1 - - [10/Sep/2021:15:53:57 +0000] "POST /wp-admin/admin-ajax.php HTTP/1.1" 200 599 "http://localhost/wp-admin/plugins.php" "Mozilla/5.0 (Windows NT 10.0; WOW64) AppleWebKit/537.36 (KHTML, like Gecko) Chrome/93.0.4577.63 Safari/537.36"
127.0.0.1 - - [10/Sep/2021:15:55:58 +0000] "POST /wp-cron.php?doing_wp_cron=1631289358.9162280559539794921875 HTTP/1.1" 200 192 "http://localhost/wp-cron.php?doing_wp_cron=1631289358.9162280559539794921875" "WordPress/5.8; http://localhost"
172.18.0.1 - - [10/Sep/2021:15:55:58 +0000] "POST /wp-admin/admin-ajax.php HTTP/1.1" 200 599 "http://localhost/wp-admin/plugins.php" "Mozilla/5.0 (Windows NT 10.0; WOW64) AppleWebKit/537.36 (KHTML, like Gecko) Chrome/93.0.4577.63 Safari/537.36"
127.0.0.1 - - [10/Sep/2021:16:01:51 +0000] "POST /wp-cron.php?doing_wp_cron=1631289711.7866010665893554687500 HTTP/1.1" 200 192 "http://localhost/wp-cron.php?doing_wp_cron=1631289711.7866010665893554687500" "WordPress/5.8; http://localhost"
172.18.0.1 - - [10/Sep/2021:16:01:51 +0000] "POST /wp-admin/admin-ajax.php HTTP/1.1" 200 599 "http://localhost/wp-admin/plugins.php" "Mozilla/5.0 (Windows NT 10.0; WOW64) AppleWebKit/537.36 (KHTML, like Gecko) Chrome/93.0.4577.63 Safari/537.36"
127.0.0.1 - - [10/Sep/2021:16:02:08 +0000] "POST /wp-cron.php?doing_wp_cron=1631289728.3525810241699218750000 HTTP/1.1" 200 192 "http://localhost/wp-cron.php?doing_wp_cron=1631289728.3525810241699218750000" "WordPress/5.8; http://localhost"
172.18.0.1 - - [10/Sep/2021:16:02:08 +0000] "GET /wp-admin/admin.php?page=wc-admin HTTP/1.1" 200 78338 "http://localhost/wp-admin/plugins.php" "Mozilla/5.0 (Windows NT 10.0; WOW64) AppleWebKit/537.36 (KHTML, like Gecko) Chrome/93.0.4577.63 Safari/537.36"
172.18.0.1 - - [10/Sep/2021:16:02:10 +0000] "GET /wp-content/plugins/woocommerce/packages/woocommerce-admin/dist/components/style.css?ver=2.5.1 HTTP/1.1" 200 14676 "http://localhost/wp-admin/admin.php?page=wc-admin" "Mozilla/5.0 (Windows NT 10.0; WOW64) AppleWebKit/537.36 (KHTML, like Gecko) Chrome/93.0.4577.63 Safari/537.36"
172.18.0.1 - - [10/Sep/2021:16:02:10 +0000] "GET /wp-content/plugins/woocommerce-mercadopago/assets/css/admin_notice_mercadopago.min.css?ver=5.3.1 HTTP/1.1" 200 812 "http://localhost/wp-admin/admin.php?page=wc-admin" "Mozilla/5.0 (Windows NT 10.0; WOW64) AppleWebKit/537.36 (KHTML, like Gecko) Chrome/93.0.4577.63 Safari/537.36"
172.18.0.1 - - [10/Sep/2021:16:02:10 +0000] "GET /wp-content/plugins/woocommerce/packages/woocommerce-admin/dist/app/style.css?ver=2.5.1 HTTP/1.1" 200 5373 "http://localhost/wp-admin/admin.php?page=wc-admin" "Mozilla/5.0 (Windows NT 10.0; WOW64) AppleWebKit/537.36 (KHTML, like Gecko) Chrome/93.0.4577.63 Safari/537.36"
172.18.0.1 - - [10/Sep/2021:16:02:10 +0000] "GET /wp-content/plugins/woocommerce-mercadopago/assets/css/saved_cards_notice_mercadopago.min.css?ver=5.3.1 HTTP/1.1" 200 862 "http://localhost/wp-admin/admin.php?page=wc-admin" "Mozilla/5.0 (Windows NT 10.0; WOW64) AppleWebKit/537.36 (KHTML, like Gecko) Chrome/93.0.4577.63 Safari/537.36"
172.18.0.1 - - [10/Sep/2021:16:02:10 +0000] "GET /wp-content/plugins/woocommerce-mercadopago/assets/css/config_mercadopago.min.css?ver=5.3.1 HTTP/1.1" 200 1533 "http://localhost/wp-admin/admin.php?page=wc-admin" "Mozilla/5.0 (Windows NT 10.0; WOW64) AppleWebKit/537.36 (KHTML, like Gecko) Chrome/93.0.4577.63 Safari/537.36"
172.18.0.1 - - [10/Sep/2021:16:02:10 +0000] "GET /wp-content/plugins/woocommerce/packages/woocommerce-admin/dist/customer-effort-score/style.css?ver=2.5.1 HTTP/1.1" 200 1888 "http://localhost/wp-admin/admin.php?page=wc-admin" "Mozilla/5.0 (Windows NT 10.0; WOW64) AppleWebKit/537.36 (KHTML, like Gecko) Chrome/93.0.4577.63 Safari/537.36"
