172.18.0.1 - - [13/Sep/2021:00:57:46 +0000] "GET /cart/ HTTP/1.1" 200 23959 "-" "Mozilla/5.0 (Windows NT 10.0; WOW64) AppleWebKit/537.36 (KHTML, like Gecko) Chrome/93.0.4577.63 Safari/537.36"
172.18.0.1 - - [13/Sep/2021:00:57:49 +0000] "GET /wp-includes/js/mediaelement/wp-mediaelement.min.css?ver=5.8 HTTP/1.1" 200 1494 "http://localhost/wp-admin/edit.php?post_type=page" "Mozilla/5.0 (Windows NT 10.0; WOW64) AppleWebKit/537.36 (KHTML, like Gecko) Chrome/93.0.4577.63 Safari/537.36"
172.18.0.1 - - [13/Sep/2021:00:57:49 +0000] "GET /wp-includes/js/mediaelement/mediaelementplayer-legacy.min.css?ver=4.2.16 HTTP/1.1" 200 2930 "http://localhost/wp-admin/edit.php?post_type=page" "Mozilla/5.0 (Windows NT 10.0; WOW64) AppleWebKit/537.36 (KHTML, like Gecko) Chrome/93.0.4577.63 Safari/537.36"
172.18.0.1 - - [13/Sep/2021:00:57:49 +0000] "GET /wp-includes/js/imgareaselect/imgareaselect.css?ver=0.9.8 HTTP/1.1" 200 601 "http://localhost/wp-admin/edit.php?post_type=page" "Mozilla/5.0 (Windows NT 10.0; WOW64) AppleWebKit/537.36 (KHTML, like Gecko) Chrome/93.0.4577.63 Safari/537.36"
172.18.0.1 - - [13/Sep/2021:00:57:49 +0000] "GET /wp-admin/css/colors/modern/colors.min.css?ver=5.8 HTTP/1.1" 200 3456 "http://localhost/wp-admin/edit.php?post_type=page" "Mozilla/5.0 (Windows NT 10.0; WOW64) AppleWebKit/537.36 (KHTML, like Gecko) Chrome/93.0.4577.63 Safari/537.36"
172.18.0.1 - - [13/Sep/2021:00:57:52 +0000] "POST /wp-admin/admin-ajax.php HTTP/1.1" 200 656 "http://localhost/wp-admin/edit.php?post_type=page" "Mozilla/5.0 (Windows NT 10.0; WOW64) AppleWebKit/537.36 (KHTML, like Gecko) Chrome/93.0.4577.63 Safari/537.36"
127.0.0.1 - - [13/Sep/2021:00:57:52 +0000] "POST /wp-admin/admin-ajax.php?action=as_async_request_queue_runner&nonce=21416c3d21 HTTP/1.1" 200 420 "http://localhost/wp-admin/admin-ajax.php?action=as_async_request_queue_runner&nonce=21416c3d21" "WordPress/5.8; http://localhost"
127.0.0.1 - - [13/Sep/2021:00:58:07 +0000] "POST /wp-cron.php?doing_wp_cron=1631494687.3737230300903320312500 HTTP/1.1" 200 192 "http://localhost/wp-cron.php?doing_wp_cron=1631494687.3737230300903320312500" "WordPress/5.8; http://localhost"
172.18.0.1 - - [13/Sep/2021:00:58:07 +0000] "POST /wp-admin/admin-ajax.php HTTP/1.1" 200 599 "http://localhost/wp-admin/edit.php?post_type=page" "Mozilla/5.0 (Windows NT 10.0; WOW64) AppleWebKit/537.36 (KHTML, like Gecko) Chrome/93.0.4577.63 Safari/537.36"
172.18.0.1 - - [13/Sep/2021:00:59:37 +0000] "GET /hola.php HTTP/1.1" 200 372 "-" "Mozilla/5.0 (Windows NT 10.0; WOW64) AppleWebKit/537.36 (KHTML, like Gecko) Chrome/93.0.4577.63 Safari/537.36"
172.18.0.1 - - [13/Sep/2021:00:59:49 +0000] "GET /hola.php HTTP/1.1" 200 372 "http://localhost:8080/hola.php" "Mozilla/5.0 (Windows NT 10.0; WOW64) AppleWebKit/537.36 (KHTML, like Gecko) Chrome/93.0.4577.63 Safari/537.36"
172.18.0.1 - - [13/Sep/2021:01:00:01 +0000] "GET /hola.php HTTP/1.1" 200 373 "http://localhost:8080/hola.php" "Mozilla/5.0 (Windows NT 10.0; WOW64) AppleWebKit/537.36 (KHTML, like Gecko) Chrome/93.0.4577.63 Safari/537.36"
127.0.0.1 - - [13/Sep/2021:01:00:08 +0000] "POST /wp-cron.php?doing_wp_cron=1631494808.3776459693908691406250 HTTP/1.1" 200 192 "http://localhost/wp-cron.php?doing_wp_cron=1631494808.3776459693908691406250" "WordPress/5.8; http://localhost"
172.18.0.1 - - [13/Sep/2021:01:00:08 +0000] "POST /wp-admin/admin-ajax.php HTTP/1.1" 200 599 "http://localhost/wp-admin/edit.php?post_type=page" "Mozilla/5.0 (Windows NT 10.0; WOW64) AppleWebKit/537.36 (KHTML, like Gecko) Chrome/93.0.4577.63 Safari/537.36"
127.0.0.1 - - [13/Sep/2021:01:02:09 +0000] "POST /wp-cron.php?doing_wp_cron=1631494929.3968899250030517578125 HTTP/1.1" 200 192 "http://localhost/wp-cron.php?doing_wp_cron=1631494929.3968899250030517578125" "WordPress/5.8; http://localhost"
172.18.0.1 - - [13/Sep/2021:01:02:09 +0000] "POST /wp-admin/admin-ajax.php HTTP/1.1" 200 599 "http://localhost/wp-admin/edit.php?post_type=page" "Mozilla/5.0 (Windows NT 10.0; WOW64) AppleWebKit/537.36 (KHTML, like Gecko) Chrome/93.0.4577.63 Safari/537.36"
127.0.0.1 - - [13/Sep/2021:01:04:10 +0000] "POST /wp-cron.php?doing_wp_cron=1631495050.3937070369720458984375 HTTP/1.1" 200 192 "http://localhost/wp-cron.php?doing_wp_cron=1631495050.3937070369720458984375" "WordPress/5.8; http://localhost"
172.18.0.1 - - [13/Sep/2021:01:04:10 +0000] "POST /wp-admin/admin-ajax.php HTTP/1.1" 200 599 "http://localhost/wp-admin/edit.php?post_type=page" "Mozilla/5.0 (Windows NT 10.0; WOW64) AppleWebKit/537.36 (KHTML, like Gecko) Chrome/93.0.4577.63 Safari/537.36"
172.18.0.1 - - [13/Sep/2021:01:05:58 +0000] "GET /hola.php HTTP/1.1" 200 373 "http://localhost:8080/hola.php" "Mozilla/5.0 (Windows NT 10.0; WOW64) AppleWebKit/537.36 (KHTML, like Gecko) Chrome/93.0.4577.63 Safari/537.36"
127.0.0.1 - - [13/Sep/2021:01:06:11 +0000] "POST /wp-cron.php?doing_wp_cron=1631495171.3650090694427490234375 HTTP/1.1" 200 192 "http://localhost/wp-cron.php?doing_wp_cron=1631495171.3650090694427490234375" "WordPress/5.8; http://localhost"
172.18.0.1 - - [13/Sep/2021:01:06:11 +0000] "POST /wp-admin/admin-ajax.php HTTP/1.1" 200 599 "http://localhost/wp-admin/edit.php?post_type=page" "Mozilla/5.0 (Windows NT 10.0; WOW64) AppleWebKit/537.36 (KHTML, like Gecko) Chrome/93.0.4577.63 Safari/537.36"
172.18.0.1 - - [13/Sep/2021:01:06:44 +0000] "GET /hola.php HTTP/1.1" 500 211 "http://localhost:8080/hola.php" "Mozilla/5.0 (Windows NT 10.0; WOW64) AppleWebKit/537.36 (KHTML, like Gecko) Chrome/93.0.4577.63 Safari/537.36"
172.18.0.1 - - [13/Sep/2021:01:07:12 +0000] "GET /hola.php HTTP/1.1" 200 373 "http://localhost:8080/hola.php" "Mozilla/5.0 (Windows NT 10.0; WOW64) AppleWebKit/537.36 (KHTML, like Gecko) Chrome/93.0.4577.63 Safari/537.36"
172.18.0.1 - - [13/Sep/2021:01:07:37 +0000] "GET /hola.php HTTP/1.1" 200 365 "http://localhost:8080/hola.php" "Mozilla/5.0 (Windows NT 10.0; WOW64) AppleWebKit/537.36 (KHTML, like Gecko) Chrome/93.0.4577.63 Safari/537.36"
127.0.0.1 - - [13/Sep/2021:01:08:12 +0000] "POST /wp-cron.php?doing_wp_cron=1631495292.3674950599670410156250 HTTP/1.1" 200 192 "http://localhost/wp-cron.php?doing_wp_cron=1631495292.3674950599670410156250" "WordPress/5.8; http://localhost"
172.18.0.1 - - [13/Sep/2021:01:08:12 +0000] "POST /wp-admin/admin-ajax.php HTTP/1.1" 200 599 "http://localhost/wp-admin/edit.php?post_type=page" "Mozilla/5.0 (Windows NT 10.0; WOW64) AppleWebKit/537.36 (KHTML, like Gecko) Chrome/93.0.4577.63 Safari/537.36"
172.18.0.1 - - [13/Sep/2021:01:21:00 +0000] "GET /hola.php HTTP/1.1" 200 402 "http://localhost:8080/hola.php" "Mozilla/5.0 (Windows NT 10.0; WOW64) AppleWebKit/537.36 (KHTML, like Gecko) Chrome/93.0.4577.63 Safari/537.36"
172.18.0.1 - - [13/Sep/2021:01:21:03 +0000] "GET /hola.php HTTP/1.1" 200 402 "http://localhost:8080/hola.php" "Mozilla/5.0 (Windows NT 10.0; WOW64) AppleWebKit/537.36 (KHTML, like Gecko) Chrome/93.0.4577.63 Safari/537.36"
172.18.0.1 - - [13/Sep/2021:01:21:20 +0000] "GET /hola.php HTTP/1.1" 200 403 "http://localhost:8080/hola.php" "Mozilla/5.0 (Windows NT 10.0; WOW64) AppleWebKit/537.36 (KHTML, like Gecko) Chrome/93.0.4577.63 Safari/537.36"
172.18.0.1 - - [13/Sep/2021:01:21:20 +0000] "GET /index.js HTTP/1.1" 200 314 "http://localhost:8080/hola.php" "Mozilla/5.0 (Windows NT 10.0; WOW64) AppleWebKit/537.36 (KHTML, like Gecko) Chrome/93.0.4577.63 Safari/537.36"
172.18.0.1 - - [13/Sep/2021:01:30:44 +0000] "GET /hola.php HTTP/1.1" 200 403 "http://localhost:8080/hola.php" "Mozilla/5.0 (Windows NT 10.0; WOW64) AppleWebKit/537.36 (KHTML, like Gecko) Chrome/93.0.4577.63 Safari/537.36"
172.18.0.1 - - [13/Sep/2021:01:30:44 +0000] "GET /index.js HTTP/1.1" 200 335 "http://localhost:8080/hola.php" "Mozilla/5.0 (Windows NT 10.0; WOW64) AppleWebKit/537.36 (KHTML, like Gecko) Chrome/93.0.4577.63 Safari/537.36"
172.18.0.1 - - [13/Sep/2021:01:30:59 +0000] "GET /hola.php HTTP/1.1" 200 403 "http://localhost:8080/hola.php" "Mozilla/5.0 (Windows NT 10.0; WOW64) AppleWebKit/537.36 (KHTML, like Gecko) Chrome/93.0.4577.63 Safari/537.36"
172.18.0.1 - - [13/Sep/2021:01:30:59 +0000] "GET /index.js HTTP/1.1" 304 247 "http://localhost:8080/hola.php" "Mozilla/5.0 (Windows NT 10.0; WOW64) AppleWebKit/537.36 (KHTML, like Gecko) Chrome/93.0.4577.63 Safari/537.36"
172.18.0.1 - - [13/Sep/2021:01:31:33 +0000] "GET /hola.php HTTP/1.1" 200 403 "http://localhost:8080/hola.php" "Mozilla/5.0 (Windows NT 10.0; WOW64) AppleWebKit/537.36 (KHTML, like Gecko) Chrome/93.0.4577.63 Safari/537.36"
172.18.0.1 - - [13/Sep/2021:01:31:33 +0000] "GET /index.js HTTP/1.1" 304 247 "http://localhost:8080/hola.php" "Mozilla/5.0 (Windows NT 10.0; WOW64) AppleWebKit/537.36 (KHTML, like Gecko) Chrome/93.0.4577.63 Safari/537.36"
172.18.0.1 - - [13/Sep/2021:01:34:34 +0000] "GET /hola.php HTTP/1.1" 200 365 "http://localhost:8080/hola.php" "Mozilla/5.0 (Windows NT 10.0; WOW64) AppleWebKit/537.36 (KHTML, like Gecko) Chrome/93.0.4577.63 Safari/537.36"
172.18.0.1 - - [13/Sep/2021:01:35:07 +0000] "GET /hola.php HTTP/1.1" 200 365 "http://localhost:8080/hola.php" "Mozilla/5.0 (Windows NT 10.0; WOW64) AppleWebKit/537.36 (KHTML, like Gecko) Chrome/93.0.4577.63 Safari/537.36"
172.18.0.1 - - [13/Sep/2021:01:35:23 +0000] "GET /hola.php HTTP/1.1" 200 365 "http://localhost:8080/hola.php" "Mozilla/5.0 (Windows NT 10.0; WOW64) AppleWebKit/537.36 (KHTML, like Gecko) Chrome/93.0.4577.63 Safari/537.36"
172.18.0.1 - - [13/Sep/2021:01:36:18 +0000] "GET /hola.php HTTP/1.1" 200 365 "http://localhost:8080/hola.php" "Mozilla/5.0 (Windows NT 10.0; WOW64) AppleWebKit/537.36 (KHTML, like Gecko) Chrome/93.0.4577.63 Safari/537.36"
172.18.0.1 - - [13/Sep/2021:01:37:05 +0000] "GET /hola.php HTTP/1.1" 200 365 "http://localhost:8080/hola.php" "Mozilla/5.0 (Windows NT 10.0; WOW64) AppleWebKit/537.36 (KHTML, like Gecko) Chrome/93.0.4577.63 Safari/537.36"
172.18.0.1 - - [13/Sep/2021:01:37:09 +0000] "GET /hola.php HTTP/1.1" 200 364 "http://localhost:8080/hola.php" "Mozilla/5.0 (Windows NT 10.0; WOW64) AppleWebKit/537.36 (KHTML, like Gecko) Chrome/93.0.4577.63 Safari/537.36"
172.18.0.1 - - [13/Sep/2021:01:37:10 +0000] "GET /hola.php HTTP/1.1" 200 364 "http://localhost:8080/hola.php" "Mozilla/5.0 (Windows NT 10.0; WOW64) AppleWebKit/537.36 (KHTML, like Gecko) Chrome/93.0.4577.63 Safari/537.36"
172.18.0.1 - - [13/Sep/2021:01:37:11 +0000] "GET /hola.php HTTP/1.1" 200 364 "http://localhost:8080/hola.php" "Mozilla/5.0 (Windows NT 10.0; WOW64) AppleWebKit/537.36 (KHTML, like Gecko) Chrome/93.0.4577.63 Safari/537.36"
172.18.0.1 - - [13/Sep/2021:01:37:25 +0000] "GET /hola.php HTTP/1.1" 200 365 "http://localhost:8080/hola.php" "Mozilla/5.0 (Windows NT 10.0; WOW64) AppleWebKit/537.36 (KHTML, like Gecko) Chrome/93.0.4577.63 Safari/537.36"
172.18.0.1 - - [13/Sep/2021:01:37:35 +0000] "GET /hola.php HTTP/1.1" 200 365 "http://localhost:8080/hola.php" "Mozilla/5.0 (Windows NT 10.0; WOW64) AppleWebKit/537.36 (KHTML, like Gecko) Chrome/93.0.4577.63 Safari/537.36"
172.18.0.1 - - [13/Sep/2021:01:38:10 +0000] "GET /hola.php HTTP/1.1" 200 403 "http://localhost:8080/hola.php" "Mozilla/5.0 (Windows NT 10.0; WOW64) AppleWebKit/537.36 (KHTML, like Gecko) Chrome/93.0.4577.63 Safari/537.36"
172.18.0.1 - - [13/Sep/2021:01:38:10 +0000] "GET /index.js HTTP/1.1" 304 247 "http://localhost:8080/hola.php" "Mozilla/5.0 (Windows NT 10.0; WOW64) AppleWebKit/537.36 (KHTML, like Gecko) Chrome/93.0.4577.63 Safari/537.36"
172.18.0.1 - - [13/Sep/2021:01:38:13 +0000] "GET /hola.php HTTP/1.1" 200 403 "http://localhost:8080/hola.php" "Mozilla/5.0 (Windows NT 10.0; WOW64) AppleWebKit/537.36 (KHTML, like Gecko) Chrome/93.0.4577.63 Safari/537.36"
172.18.0.1 - - [13/Sep/2021:01:38:45 +0000] "GET /hola.php HTTP/1.1" 200 403 "http://localhost:8080/hola.php" "Mozilla/5.0 (Windows NT 10.0; WOW64) AppleWebKit/537.36 (KHTML, like Gecko) Chrome/93.0.4577.63 Safari/537.36"
172.18.0.1 - - [13/Sep/2021:01:39:15 +0000] "GET /hola.php HTTP/1.1" 200 403 "http://localhost:8080/hola.php" "Mozilla/5.0 (Windows NT 10.0; WOW64) AppleWebKit/537.36 (KHTML, like Gecko) Chrome/93.0.4577.63 Safari/537.36"
172.18.0.1 - - [13/Sep/2021:01:39:15 +0000] "GET /index.js HTTP/1.1" 304 247 "http://localhost:8080/hola.php" "Mozilla/5.0 (Windows NT 10.0; WOW64) AppleWebKit/537.36 (KHTML, like Gecko) Chrome/93.0.4577.63 Safari/537.36"
172.18.0.1 - - [13/Sep/2021:01:39:18 +0000] "GET /hola.php HTTP/1.1" 200 402 "http://localhost:8080/hola.php" "Mozilla/5.0 (Windows NT 10.0; WOW64) AppleWebKit/537.36 (KHTML, like Gecko) Chrome/93.0.4577.63 Safari/537.36"
172.18.0.1 - - [13/Sep/2021:14:38:07 +0000] "GET / HTTP/1.1" 200 6661 "-" "Mozilla/5.0 (Windows NT 10.0; WOW64) AppleWebKit/537.36 (KHTML, like Gecko) Chrome/93.0.4577.63 Safari/537.36"
172.18.0.1 - - [13/Sep/2021:14:38:13 +0000] "GET /wp-content/plugins/woocommerce/packages/woocommerce-blocks/build/wc-blocks-vendors-style.css?ver=5.5.1 HTTP/1.1" 200 1391 "http://localhost/" "Mozilla/5.0 (Windows NT 10.0; WOW64) AppleWebKit/537.36 (KHTML, like Gecko) Chrome/93.0.4577.63 Safari/537.36"
172.18.0.1 - - [13/Sep/2021:14:38:13 +0000] "GET /wp-content/plugins/woocommerce/assets/js/jquery-blockui/jquery.blockUI.min.js?ver=2.7.0-wc.5.6.0 HTTP/1.1" 200 3843 "http://localhost/" "Mozilla/5.0 (Windows NT 10.0; WOW64) AppleWebKit/537.36 (KHTML, like Gecko) Chrome/93.0.4577.63 Safari/537.36"
172.18.0.1 - - [13/Sep/2021:14:38:14 +0000] "GET /wp-content/plugins/woocommerce/assets/js/frontend/add-to-cart.min.js?ver=5.6.0 HTTP/1.1" 200 1436 "http://localhost/" "Mozilla/5.0 (Windows NT 10.0; WOW64) AppleWebKit/537.36 (KHTML, like Gecko) Chrome/93.0.4577.63 Safari/537.36"
172.18.0.1 - - [13/Sep/2021:14:38:13 +0000] "GET /wp-content/plugins/woocommerce/assets/css/twenty-twenty-one.css?ver=5.6.0 HTTP/1.1" 200 9058 "http://localhost/" "Mozilla/5.0 (Windows NT 10.0; WOW64) AppleWebKit/537.36 (KHTML, like Gecko) Chrome/93.0.4577.63 Safari/537.36"
172.18.0.1 - - [13/Sep/2021:14:38:14 +0000] "GET /wp-content/plugins/woocommerce/assets/js/js-cookie/js.cookie.min.js?ver=2.1.4-wc.5.6.0 HTTP/1.1" 200 1331 "http://localhost/" "Mozilla/5.0 (Windows NT 10.0; WOW64) AppleWebKit/537.36 (KHTML, like Gecko) Chrome/93.0.4577.63 Safari/537.36"
172.18.0.1 - - [13/Sep/2021:14:38:13 +0000] "GET /wp-content/plugins/woocommerce/assets/css/woocommerce-layout.css?ver=5.6.0 HTTP/1.1" 200 2946 "http://localhost/" "Mozilla/5.0 (Windows NT 10.0; WOW64) AppleWebKit/537.36 (KHTML, like Gecko) Chrome/93.0.4577.63 Safari/537.36"
172.18.0.1 - - [13/Sep/2021:14:38:13 +0000] "GET /wp-content/plugins/calculated-fields-form/css/loader.css?ver=1.1.16 HTTP/1.1" 200 644 "http://localhost/" "Mozilla/5.0 (Windows NT 10.0; WOW64) AppleWebKit/537.36 (KHTML, like Gecko) Chrome/93.0.4577.63 Safari/537.36"
172.18.0.1 - - [13/Sep/2021:14:38:13 +0000] "GET /wp-content/plugins/woocommerce/packages/woocommerce-blocks/build/wc-blocks-style.css?ver=5.5.1 HTTP/1.1" 200 19843 "http://localhost/" "Mozilla/5.0 (Windows NT 10.0; WOW64) AppleWebKit/537.36 (KHTML, like Gecko) Chrome/93.0.4577.63 Safari/537.36"
172.18.0.1 - - [13/Sep/2021:14:38:14 +0000] "GET /wp-content/plugins/woocommerce/assets/js/frontend/woocommerce.min.js?ver=5.6.0 HTTP/1.1" 200 1143 "http://localhost/" "Mozilla/5.0 (Windows NT 10.0; WOW64) AppleWebKit/537.36 (KHTML, like Gecko) Chrome/93.0.4577.63 Safari/537.36"
172.18.0.1 - - [13/Sep/2021:14:38:14 +0000] "GET /wp-content/plugins/woocommerce/assets/js/frontend/cart-fragments.min.js?ver=5.6.0 HTTP/1.1" 200 1389 "http://localhost/" "Mozilla/5.0 (Windows NT 10.0; WOW64) AppleWebKit/537.36 (KHTML, like Gecko) Chrome/93.0.4577.63 Safari/537.36"
172.18.0.1 - - [13/Sep/2021:14:38:14 +0000] "GET /wp-content/plugins/woocommerce/assets/css/woocommerce-smallscreen.css?ver=5.6.0 HTTP/1.1" 200 1514 "http://localhost/" "Mozilla/5.0 (Windows NT 10.0; WOW64) AppleWebKit/537.36 (KHTML, like Gecko) Chrome/93.0.4577.63 Safari/537.36"
172.18.0.1 - - [13/Sep/2021:14:38:15 +0000] "POST /?wc-ajax=get_refreshed_fragments HTTP/1.1" 200 683 "http://localhost/" "Mozilla/5.0 (Windows NT 10.0; WOW64) AppleWebKit/537.36 (KHTML, like Gecko) Chrome/93.0.4577.63 Safari/537.36"
127.0.0.1 - - [13/Sep/2021:14:38:19 +0000] "OPTIONS * HTTP/1.0" 200 126 "-" "Apache/2.4.48 (Debian) PHP/7.4.23 (internal dummy connection)"
127.0.0.1 - - [13/Sep/2021:14:38:20 +0000] "OPTIONS * HTTP/1.0" 200 126 "-" "Apache/2.4.48 (Debian) PHP/7.4.23 (internal dummy connection)"
127.0.0.1 - - [13/Sep/2021:14:38:21 +0000] "OPTIONS * HTTP/1.0" 200 126 "-" "Apache/2.4.48 (Debian) PHP/7.4.23 (internal dummy connection)"
172.18.0.1 - - [13/Sep/2021:14:38:21 +0000] "GET / HTTP/1.1" 200 843 "-" "Mozilla/5.0 (Windows NT 10.0; WOW64) AppleWebKit/537.36 (KHTML, like Gecko) Chrome/93.0.4577.63 Safari/537.36"
127.0.0.1 - - [13/Sep/2021:14:38:12 +0000] "POST /wp-cron.php?doing_wp_cron=1631543891.9793710708618164062500 HTTP/1.1" 200 192 "http://localhost/wp-cron.php?doing_wp_cron=1631543891.9793710708618164062500" "WordPress/5.8; http://localhost"
172.18.0.1 - - [13/Sep/2021:14:38:21 +0000] "GET /favicon.ico HTTP/1.1" 404 489 "http://localhost:8080/" "Mozilla/5.0 (Windows NT 10.0; WOW64) AppleWebKit/537.36 (KHTML, like Gecko) Chrome/93.0.4577.63 Safari/537.36"
172.18.0.1 - - [13/Sep/2021:14:38:23 +0000] "GET /hola.php HTTP/1.1" 200 554 "http://localhost:8080/" "Mozilla/5.0 (Windows NT 10.0; WOW64) AppleWebKit/537.36 (KHTML, like Gecko) Chrome/93.0.4577.63 Safari/537.36"
172.18.0.1 - - [13/Sep/2021:14:38:24 +0000] "GET /index.js HTTP/1.1" 304 248 "http://localhost:8080/hola.php" "Mozilla/5.0 (Windows NT 10.0; WOW64) AppleWebKit/537.36 (KHTML, like Gecko) Chrome/93.0.4577.63 Safari/537.36"
127.0.0.1 - - [13/Sep/2021:14:38:29 +0000] "OPTIONS * HTTP/1.0" 200 126 "-" "Apache/2.4.48 (Debian) PHP/7.4.23 (internal dummy connection)"
172.18.0.1 - - [13/Sep/2021:14:38:30 +0000] "GET /hola.php HTTP/1.1" 200 555 "http://localhost:8080/hola.php" "Mozilla/5.0 (Windows NT 10.0; WOW64) AppleWebKit/537.36 (KHTML, like Gecko) Chrome/93.0.4577.63 Safari/537.36"
172.18.0.1 - - [13/Sep/2021:14:40:25 +0000] "GET /hola.php HTTP/1.1" 200 526 "http://localhost:8080/hola.php" "Mozilla/5.0 (Windows NT 10.0; WOW64) AppleWebKit/537.36 (KHTML, like Gecko) Chrome/93.0.4577.63 Safari/537.36"
172.18.0.1 - - [13/Sep/2021:14:41:51 +0000] "GET /hola.php HTTP/1.1" 200 526 "http://localhost:8080/hola.php" "Mozilla/5.0 (Windows NT 10.0; WOW64) AppleWebKit/537.36 (KHTML, like Gecko) Chrome/93.0.4577.63 Safari/537.36"
172.18.0.1 - - [13/Sep/2021:14:45:37 +0000] "GET /hola.php HTTP/1.1" 200 580 "http://localhost:8080/hola.php" "Mozilla/5.0 (Windows NT 10.0; WOW64) AppleWebKit/537.36 (KHTML, like Gecko) Chrome/93.0.4577.63 Safari/537.36"
172.18.0.1 - - [13/Sep/2021:14:46:13 +0000] "GET /hola.php HTTP/1.1" 200 580 "http://localhost:8080/hola.php" "Mozilla/5.0 (Windows NT 10.0; WOW64) AppleWebKit/537.36 (KHTML, like Gecko) Chrome/93.0.4577.63 Safari/537.36"
172.18.0.1 - - [13/Sep/2021:14:47:43 +0000] "GET /hola.php HTTP/1.1" 200 580 "http://localhost:8080/hola.php" "Mozilla/5.0 (Windows NT 10.0; WOW64) AppleWebKit/537.36 (KHTML, like Gecko) Chrome/93.0.4577.63 Safari/537.36"
172.18.0.1 - - [13/Sep/2021:14:48:58 +0000] "GET /hola.php HTTP/1.1" 200 580 "http://localhost:8080/hola.php" "Mozilla/5.0 (Windows NT 10.0; WOW64) AppleWebKit/537.36 (KHTML, like Gecko) Chrome/93.0.4577.63 Safari/537.36"
172.18.0.1 - - [13/Sep/2021:14:49:51 +0000] "-" 408 0 "-" "-"
172.18.0.1 - - [13/Sep/2021:14:51:12 +0000] "GET /hola.php HTTP/1.1" 200 580 "http://localhost:8080/hola.php" "Mozilla/5.0 (Windows NT 10.0; WOW64) AppleWebKit/537.36 (KHTML, like Gecko) Chrome/93.0.4577.63 Safari/537.36"
172.18.0.1 - - [13/Sep/2021:14:51:38 +0000] "GET /hola.php HTTP/1.1" 200 580 "http://localhost:8080/hola.php" "Mozilla/5.0 (Windows NT 10.0; WOW64) AppleWebKit/537.36 (KHTML, like Gecko) Chrome/93.0.4577.63 Safari/537.36"
172.18.0.1 - - [13/Sep/2021:14:51:48 +0000] "GET /hola.php HTTP/1.1" 200 580 "http://localhost:8080/hola.php" "Mozilla/5.0 (Windows NT 10.0; WOW64) AppleWebKit/537.36 (KHTML, like Gecko) Chrome/93.0.4577.63 Safari/537.36"
172.18.0.1 - - [13/Sep/2021:14:51:54 +0000] "GET /hola.php HTTP/1.1" 200 580 "http://localhost:8080/hola.php" "Mozilla/5.0 (Windows NT 10.0; WOW64) AppleWebKit/537.36 (KHTML, like Gecko) Chrome/93.0.4577.63 Safari/537.36"
172.18.0.1 - - [13/Sep/2021:14:52:11 +0000] "GET /hola.php HTTP/1.1" 200 581 "http://localhost:8080/hola.php" "Mozilla/5.0 (Windows NT 10.0; WOW64) AppleWebKit/537.36 (KHTML, like Gecko) Chrome/93.0.4577.63 Safari/537.36"
172.18.0.1 - - [13/Sep/2021:14:52:11 +0000] "GET /indexs.js HTTP/1.1" 200 531 "http://localhost:8080/hola.php" "Mozilla/5.0 (Windows NT 10.0; WOW64) AppleWebKit/537.36 (KHTML, like Gecko) Chrome/93.0.4577.63 Safari/537.36"
172.18.0.1 - - [13/Sep/2021:14:52:37 +0000] "GET /hola.php HTTP/1.1" 200 581 "http://localhost:8080/hola.php" "Mozilla/5.0 (Windows NT 10.0; WOW64) AppleWebKit/537.36 (KHTML, like Gecko) Chrome/93.0.4577.63 Safari/537.36"
172.18.0.1 - - [13/Sep/2021:14:52:37 +0000] "GET /indexs.js HTTP/1.1" 200 527 "http://localhost:8080/hola.php" "Mozilla/5.0 (Windows NT 10.0; WOW64) AppleWebKit/537.36 (KHTML, like Gecko) Chrome/93.0.4577.63 Safari/537.36"
172.18.0.1 - - [13/Sep/2021:14:53:16 +0000] "GET /hola.php HTTP/1.1" 200 581 "http://localhost:8080/hola.php" "Mozilla/5.0 (Windows NT 10.0; WOW64) AppleWebKit/537.36 (KHTML, like Gecko) Chrome/93.0.4577.63 Safari/537.36"
172.18.0.1 - - [13/Sep/2021:14:53:16 +0000] "GET /indexs.js HTTP/1.1" 200 527 "http://localhost:8080/hola.php" "Mozilla/5.0 (Windows NT 10.0; WOW64) AppleWebKit/537.36 (KHTML, like Gecko) Chrome/93.0.4577.63 Safari/537.36"
172.18.0.1 - - [13/Sep/2021:14:53:24 +0000] "GET /hola.php HTTP/1.1" 200 581 "http://localhost:8080/hola.php" "Mozilla/5.0 (Windows NT 10.0; WOW64) AppleWebKit/537.36 (KHTML, like Gecko) Chrome/93.0.4577.63 Safari/537.36"
172.18.0.1 - - [13/Sep/2021:14:53:24 +0000] "GET /indexs.js HTTP/1.1" 200 523 "http://localhost:8080/hola.php" "Mozilla/5.0 (Windows NT 10.0; WOW64) AppleWebKit/537.36 (KHTML, like Gecko) Chrome/93.0.4577.63 Safari/537.36"
172.18.0.1 - - [13/Sep/2021:14:53:35 +0000] "GET /hola.php HTTP/1.1" 200 581 "http://localhost:8080/hola.php" "Mozilla/5.0 (Windows NT 10.0; WOW64) AppleWebKit/537.36 (KHTML, like Gecko) Chrome/93.0.4577.63 Safari/537.36"
172.18.0.1 - - [13/Sep/2021:14:53:35 +0000] "GET /indexs.js HTTP/1.1" 200 525 "http://localhost:8080/hola.php" "Mozilla/5.0 (Windows NT 10.0; WOW64) AppleWebKit/537.36 (KHTML, like Gecko) Chrome/93.0.4577.63 Safari/537.36"
172.18.0.1 - - [13/Sep/2021:14:53:49 +0000] "GET /hola.php HTTP/1.1" 200 581 "http://localhost:8080/hola.php" "Mozilla/5.0 (Windows NT 10.0; WOW64) AppleWebKit/537.36 (KHTML, like Gecko) Chrome/93.0.4577.63 Safari/537.36"
172.18.0.1 - - [13/Sep/2021:14:53:49 +0000] "GET /indexs.js HTTP/1.1" 200 525 "http://localhost:8080/hola.php" "Mozilla/5.0 (Windows NT 10.0; WOW64) AppleWebKit/537.36 (KHTML, like Gecko) Chrome/93.0.4577.63 Safari/537.36"
172.18.0.1 - - [13/Sep/2021:14:54:31 +0000] "GET /hola.php HTTP/1.1" 200 581 "http://localhost:8080/hola.php" "Mozilla/5.0 (Windows NT 10.0; WOW64) AppleWebKit/537.36 (KHTML, like Gecko) Chrome/93.0.4577.63 Safari/537.36"
172.18.0.1 - - [13/Sep/2021:14:54:31 +0000] "GET /indexs.js HTTP/1.1" 200 529 "http://localhost:8080/hola.php" "Mozilla/5.0 (Windows NT 10.0; WOW64) AppleWebKit/537.36 (KHTML, like Gecko) Chrome/93.0.4577.63 Safari/537.36"
172.18.0.1 - - [13/Sep/2021:14:55:08 +0000] "GET /hola.php HTTP/1.1" 200 581 "http://localhost:8080/hola.php" "Mozilla/5.0 (Windows NT 10.0; WOW64) AppleWebKit/537.36 (KHTML, like Gecko) Chrome/93.0.4577.63 Safari/537.36"
172.18.0.1 - - [13/Sep/2021:14:55:08 +0000] "GET /indexs.js HTTP/1.1" 200 523 "http://localhost:8080/hola.php" "Mozilla/5.0 (Windows NT 10.0; WOW64) AppleWebKit/537.36 (KHTML, like Gecko) Chrome/93.0.4577.63 Safari/537.36"
172.18.0.1 - - [13/Sep/2021:14:55:28 +0000] "GET /hola.php HTTP/1.1" 200 581 "http://localhost:8080/hola.php" "Mozilla/5.0 (Windows NT 10.0; WOW64) AppleWebKit/537.36 (KHTML, like Gecko) Chrome/93.0.4577.63 Safari/537.36"
172.18.0.1 - - [13/Sep/2021:14:55:28 +0000] "GET /indexs.js HTTP/1.1" 200 518 "http://localhost:8080/hola.php" "Mozilla/5.0 (Windows NT 10.0; WOW64) AppleWebKit/537.36 (KHTML, like Gecko) Chrome/93.0.4577.63 Safari/537.36"
172.18.0.1 - - [13/Sep/2021:14:55:40 +0000] "GET /hola.php HTTP/1.1" 200 581 "http://localhost:8080/hola.php" "Mozilla/5.0 (Windows NT 10.0; WOW64) AppleWebKit/537.36 (KHTML, like Gecko) Chrome/93.0.4577.63 Safari/537.36"
172.18.0.1 - - [13/Sep/2021:14:55:40 +0000] "GET /indexs.js HTTP/1.1" 200 519 "http://localhost:8080/hola.php" "Mozilla/5.0 (Windows NT 10.0; WOW64) AppleWebKit/537.36 (KHTML, like Gecko) Chrome/93.0.4577.63 Safari/537.36"
172.18.0.1 - - [13/Sep/2021:14:55:59 +0000] "GET /hola.php HTTP/1.1" 200 581 "http://localhost:8080/hola.php" "Mozilla/5.0 (Windows NT 10.0; WOW64) AppleWebKit/537.36 (KHTML, like Gecko) Chrome/93.0.4577.63 Safari/537.36"
172.18.0.1 - - [13/Sep/2021:14:55:59 +0000] "GET /indexs.js HTTP/1.1" 200 514 "http://localhost:8080/hola.php" "Mozilla/5.0 (Windows NT 10.0; WOW64) AppleWebKit/537.36 (KHTML, like Gecko) Chrome/93.0.4577.63 Safari/537.36"
172.18.0.1 - - [13/Sep/2021:14:56:51 +0000] "-" 408 0 "-" "-"
127.0.0.1 - - [13/Sep/2021:15:02:01 +0000] "POST /wp-cron.php?doing_wp_cron=1631545321.4132831096649169921875 HTTP/1.1" 200 192 "http://localhost/wp-cron.php?doing_wp_cron=1631545321.4132831096649169921875" "WordPress/5.8; http://localhost"
172.18.0.1 - - [13/Sep/2021:15:02:01 +0000] "GET / HTTP/1.1" 200 6661 "-" "Mozilla/5.0 (Windows NT 10.0; WOW64) AppleWebKit/537.36 (KHTML, like Gecko) Chrome/93.0.4577.63 Safari/537.36"
172.18.0.1 - - [13/Sep/2021:15:02:02 +0000] "POST /?wc-ajax=get_refreshed_fragments HTTP/1.1" 200 683 "http://localhost/" "Mozilla/5.0 (Windows NT 10.0; WOW64) AppleWebKit/537.36 (KHTML, like Gecko) Chrome/93.0.4577.63 Safari/537.36"
172.18.0.1 - - [13/Sep/2021:15:02:04 +0000] "GET /wp-admin/ HTTP/1.1" 200 34843 "http://localhost/" "Mozilla/5.0 (Windows NT 10.0; WOW64) AppleWebKit/537.36 (KHTML, like Gecko) Chrome/93.0.4577.63 Safari/537.36"
172.18.0.1 - - [13/Sep/2021:15:02:11 +0000] "GET /wp-content/plugins/woocommerce/assets/css/dashboard.css?ver=5.6.0 HTTP/1.1" 200 1680 "http://localhost/wp-admin/" "Mozilla/5.0 (Windows NT 10.0; WOW64) AppleWebKit/537.36 (KHTML, like Gecko) Chrome/93.0.4577.63 Safari/537.36"
172.18.0.1 - - [13/Sep/2021:15:02:11 +0000] "GET /wp-content/plugins/woocommerce-mercadopago/assets/css/admin_notice_mercadopago.min.css?ver=5.3.1 HTTP/1.1" 200 813 "http://localhost/wp-admin/" "Mozilla/5.0 (Windows NT 10.0; WOW64) AppleWebKit/537.36 (KHTML, like Gecko) Chrome/93.0.4577.63 Safari/537.36"
172.18.0.1 - - [13/Sep/2021:15:02:11 +0000] "GET /wp-content/plugins/woocommerce-mercadopago/assets/css/config_mercadopago.min.css?ver=5.3.1 HTTP/1.1" 200 1534 "http://localhost/wp-admin/" "Mozilla/5.0 (Windows NT 10.0; WOW64) AppleWebKit/537.36 (KHTML, like Gecko) Chrome/93.0.4577.63 Safari/537.36"
172.18.0.1 - - [13/Sep/2021:15:02:11 +0000] "GET /wp-content/plugins/woocommerce-mercadopago/assets/css/saved_cards_notice_mercadopago.min.css?ver=5.3.1 HTTP/1.1" 200 862 "http://localhost/wp-admin/" "Mozilla/5.0 (Windows NT 10.0; WOW64) AppleWebKit/537.36 (KHTML, like Gecko) Chrome/93.0.4577.63 Safari/537.36"
172.18.0.1 - - [13/Sep/2021:15:02:11 +0000] "GET /wp-content/plugins/woocommerce/assets/css/twenty-twenty-one-admin.css?ver=5.6.0 HTTP/1.1" 200 442 "http://localhost/wp-admin/" "Mozilla/5.0 (Windows NT 10.0; WOW64) AppleWebKit/537.36 (KHTML, like Gecko) Chrome/93.0.4577.63 Safari/537.36"
172.18.0.1 - - [13/Sep/2021:15:02:11 +0000] "GET /wp-content/plugins/woocommerce/assets/css/menu.css?ver=5.6.0 HTTP/1.1" 200 1662 "http://localhost/wp-admin/" "Mozilla/5.0 (Windows NT 10.0; WOW64) AppleWebKit/537.36 (KHTML, like Gecko) Chrome/93.0.4577.63 Safari/537.36"
172.18.0.1 - - [13/Sep/2021:15:02:11 +0000] "GET /wp-content/plugins/woocommerce/assets/css/activation.css?ver=5.6.0 HTTP/1.1" 200 843 "http://localhost/wp-admin/" "Mozilla/5.0 (Windows NT 10.0; WOW64) AppleWebKit/537.36 (KHTML, like Gecko) Chrome/93.0.4577.63 Safari/537.36"
172.18.0.1 - - [13/Sep/2021:15:02:11 +0000] "GET /wp-admin/load-scripts.php?c=0&load%5Bchunk_0%5D=jquery-core,jquery-migrate,utils,jquery-ui-core,moxiejs,plupload&ver=5.8 HTTP/1.1" 200 73587 "http://localhost/wp-admin/" "Mozilla/5.0 (Windows NT 10.0; WOW64) AppleWebKit/537.36 (KHTML, like Gecko) Chrome/93.0.4577.63 Safari/537.36"
172.18.0.1 - - [13/Sep/2021:15:02:12 +0000] "GET /wp-content/plugins/woocommerce/assets/js/admin/reports.min.js?ver=5.6.0 HTTP/1.1" 200 1705 "http://localhost/wp-admin/" "Mozilla/5.0 (Windows NT 10.0; WOW64) AppleWebKit/537.36 (KHTML, like Gecko) Chrome/93.0.4577.63 Safari/537.36"
172.18.0.1 - - [13/Sep/2021:15:02:12 +0000] "GET /wp-content/plugins/woocommerce/assets/js/jquery-flot/jquery.flot.time.min.js?ver=5.6.0 HTTP/1.1" 200 2193 "http://localhost/wp-admin/" "Mozilla/5.0 (Windows NT 10.0; WOW64) AppleWebKit/537.36 (KHTML, like Gecko) Chrome/93.0.4577.63 Safari/537.36"
172.18.0.1 - - [13/Sep/2021:15:02:12 +0000] "GET /wp-content/plugins/woocommerce-mercadopago/assets/js/review.min.js?ver=5.3.1 HTTP/1.1" 200 489 "http://localhost/wp-admin/" "Mozilla/5.0 (Windows NT 10.0; WOW64) AppleWebKit/537.36 (KHTML, like Gecko) Chrome/93.0.4577.63 Safari/537.36"
172.18.0.1 - - [13/Sep/2021:15:02:12 +0000] "GET /wp-content/plugins/woocommerce/assets/js/jquery-flot/jquery.flot.resize.min.js?ver=5.6.0 HTTP/1.1" 200 941 "http://localhost/wp-admin/" "Mozilla/5.0 (Windows NT 10.0; WOW64) AppleWebKit/537.36 (KHTML, like Gecko) Chrome/93.0.4577.63 Safari/537.36"
172.18.0.1 - - [13/Sep/2021:15:02:12 +0000] "GET /wp-content/plugins/woocommerce-mercadopago/assets/js/saved_cards_notice_mercadopago.min.js?ver=5.3.1 HTTP/1.1" 200 489 "http://localhost/wp-admin/" "Mozilla/5.0 (Windows NT 10.0; WOW64) AppleWebKit/537.36 (KHTML, like Gecko) Chrome/93.0.4577.63 Safari/537.36"
172.18.0.1 - - [13/Sep/2021:15:02:12 +0000] "GET /wp-content/plugins/woocommerce/assets/js/jquery-flot/jquery.flot.min.js?ver=5.6.0 HTTP/1.1" 200 12649 "http://localhost/wp-admin/" "Mozilla/5.0 (Windows NT 10.0; WOW64) AppleWebKit/537.36 (KHTML, like Gecko) Chrome/93.0.4577.63 Safari/537.36"
172.18.0.1 - - [13/Sep/2021:15:02:12 +0000] "GET /wp-content/plugins/woocommerce/assets/js/jquery-flot/jquery.flot.stack.min.js?ver=5.6.0 HTTP/1.1" 200 978 "http://localhost/wp-admin/" "Mozilla/5.0 (Windows NT 10.0; WOW64) AppleWebKit/537.36 (KHTML, like Gecko) Chrome/93.0.4577.63 Safari/537.36"
172.18.0.1 - - [13/Sep/2021:15:02:12 +0000] "GET /wp-content/plugins/woocommerce/assets/js/jquery-flot/jquery.flot.pie.min.js?ver=5.6.0 HTTP/1.1" 200 3215 "http://localhost/wp-admin/" "Mozilla/5.0 (Windows NT 10.0; WOW64) AppleWebKit/537.36 (KHTML, like Gecko) Chrome/93.0.4577.63 Safari/537.36"
172.18.0.1 - - [13/Sep/2021:15:02:12 +0000] "GET /wp-includes/css/editor.min.css?ver=5.8 HTTP/1.1" 200 6228 "http://localhost/wp-admin/" "Mozilla/5.0 (Windows NT 10.0; WOW64) AppleWebKit/537.36 (KHTML, like Gecko) Chrome/93.0.4577.63 Safari/537.36"
172.18.0.1 - - [13/Sep/2021:15:02:11 +0000] "GET /wp-admin/load-styles.php?c=0&dir=ltr&load%5Bchunk_0%5D=dashicons,admin-bar,site-health,common,forms,admin-menu,dashboard,list-tables,edit,revisions,media,themes,about,nav-menus,wp-poi&load%5Bchunk_1%5D=nter,widgets,site-icon,l10n,buttons,wp-auth-check,media-views&ver=5.8 HTTP/1.1" 200 106697 "http://localhost/wp-admin/" "Mozilla/5.0 (Windows NT 10.0; WOW64) AppleWebKit/537.36 (KHTML, like Gecko) Chrome/93.0.4577.63 Safari/537.36"
172.18.0.1 - - [13/Sep/2021:15:02:12 +0000] "GET /wp-admin/js/site-health.min.js?ver=5.8 HTTP/1.1" 200 2487 "http://localhost/wp-admin/" "Mozilla/5.0 (Windows NT 10.0; WOW64) AppleWebKit/537.36 (KHTML, like Gecko) Chrome/93.0.4577.63 Safari/537.36"
172.18.0.1 - - [13/Sep/2021:15:02:12 +0000] "GET /wp-admin/js/edit-comments.min.js?ver=5.8 HTTP/1.1" 200 5438 "http://localhost/wp-admin/" "Mozilla/5.0 (Windows NT 10.0; WOW64) AppleWebKit/537.36 (KHTML, like Gecko) Chrome/93.0.4577.63 Safari/537.36"
172.18.0.1 - - [13/Sep/2021:15:02:12 +0000] "GET /wp-includes/js/wp-ajax-response.min.js?ver=5.8 HTTP/1.1" 200 1322 "http://localhost/wp-admin/" "Mozilla/5.0 (Windows NT 10.0; WOW64) AppleWebKit/537.36 (KHTML, like Gecko) Chrome/93.0.4577.63 Safari/537.36"
172.18.0.1 - - [13/Sep/2021:15:02:12 +0000] "GET /wp-includes/js/jquery/jquery.query.js?ver=2.1.7 HTTP/1.1" 200 2002 "http://localhost/wp-admin/" "Mozilla/5.0 (Windows NT 10.0; WOW64) AppleWebKit/537.36 (KHTML, like Gecko) Chrome/93.0.4577.63 Safari/537.36"
172.18.0.1 - - [13/Sep/2021:15:02:12 +0000] "GET /wp-includes/js/jquery/jquery.color.min.js?ver=2.1.2 HTTP/1.1" 200 4274 "http://localhost/wp-admin/" "Mozilla/5.0 (Windows NT 10.0; WOW64) AppleWebKit/537.36 (KHTML, like Gecko) Chrome/93.0.4577.63 Safari/537.36"
172.18.0.1 - - [13/Sep/2021:15:02:12 +0000] "GET /wp-admin/js/dashboard.min.js?ver=5.8 HTTP/1.1" 200 3413 "http://localhost/wp-admin/" "Mozilla/5.0 (Windows NT 10.0; WOW64) AppleWebKit/537.36 (KHTML, like Gecko) Chrome/93.0.4577.63 Safari/537.36"
172.18.0.1 - - [13/Sep/2021:15:02:12 +0000] "GET /wp-includes/js/wp-lists.min.js?ver=5.8 HTTP/1.1" 200 2879 "http://localhost/wp-admin/" "Mozilla/5.0 (Windows NT 10.0; WOW64) AppleWebKit/537.36 (KHTML, like Gecko) Chrome/93.0.4577.63 Safari/537.36"
172.18.0.1 - - [13/Sep/2021:15:02:13 +0000] "GET /wp-content/plugins/woocommerce-mercadopago/assets/images/minilogo.png HTTP/1.1" 304 249 "http://localhost/wp-admin/" "Mozilla/5.0 (Windows NT 10.0; WOW64) AppleWebKit/537.36 (KHTML, like Gecko) Chrome/93.0.4577.63 Safari/537.36"
172.18.0.1 - - [13/Sep/2021:15:02:13 +0000] "GET /wp-content/plugins/woocommerce-mercadopago/assets/images/generics/icone-cartao-mp.png HTTP/1.1" 304 249 "http://localhost/wp-admin/" "Mozilla/5.0 (Windows NT 10.0; WOW64) AppleWebKit/537.36 (KHTML, like Gecko) Chrome/93.0.4577.63 Safari/537.36"
172.18.0.1 - - [13/Sep/2021:15:02:13 +0000] "GET /wp-content/plugins/woocommerce/assets/fonts/WooCommerce.woff HTTP/1.1" 200 14463 "http://localhost/wp-content/plugins/woocommerce/assets/css/menu.css?ver=5.6.0" "Mozilla/5.0 (Windows NT 10.0; WOW64) AppleWebKit/537.36 (KHTML, like Gecko) Chrome/93.0.4577.63 Safari/537.36"
172.18.0.1 - - [13/Sep/2021:15:02:13 +0000] "GET /wp-content/plugins/woocommerce/assets/js/admin/wc-status-widget.min.js?ver=5.6.0 HTTP/1.1" 200 569 "http://localhost/wp-admin/" "Mozilla/5.0 (Windows NT 10.0; WOW64) AppleWebKit/537.36 (KHTML, like Gecko) Chrome/93.0.4577.63 Safari/537.36"
127.0.0.1 - - [13/Sep/2021:15:02:14 +0000] "POST /wp-cron.php?doing_wp_cron=1631545333.8292090892791748046875 HTTP/1.1" 200 192 "http://localhost/wp-cron.php?doing_wp_cron=1631545333.8292090892791748046875" "WordPress/5.8; http://localhost"
172.18.0.1 - - [13/Sep/2021:15:02:13 +0000] "POST /wp-admin/admin-ajax.php HTTP/1.1" 200 1164 "http://localhost/wp-admin/" "Mozilla/5.0 (Windows NT 10.0; WOW64) AppleWebKit/537.36 (KHTML, like Gecko) Chrome/93.0.4577.63 Safari/537.36"
172.18.0.1 - - [13/Sep/2021:15:02:13 +0000] "GET /wp-admin/admin-ajax.php?action=dashboard-widgets&widget=dashboard_primary&pagenow=dashboard HTTP/1.1" 200 1040 "http://localhost/wp-admin/" "Mozilla/5.0 (Windows NT 10.0; WOW64) AppleWebKit/537.36 (KHTML, like Gecko) Chrome/93.0.4577.63 Safari/537.36"
127.0.0.1 - - [13/Sep/2021:15:02:25 +0000] "OPTIONS * HTTP/1.0" 200 126 "-" "Apache/2.4.48 (Debian) PHP/7.4.23 (internal dummy connection)"
172.18.0.1 - - [13/Sep/2021:15:02:26 +0000] "GET /wp-admin/options-general.php?page=donorbox-donation-form/donorbox_embed_campaign.php HTTP/1.1" 200 23916 "http://localhost/wp-admin/" "Mozilla/5.0 (Windows NT 10.0; WOW64) AppleWebKit/537.36 (KHTML, like Gecko) Chrome/93.0.4577.63 Safari/537.36"
172.18.0.1 - - [13/Sep/2021:15:02:31 +0000] "POST /wp-admin/options.php HTTP/1.1" 302 551 "http://localhost/wp-admin/options-general.php?page=donorbox-donation-form%2Fdonorbox_embed_campaign.php" "Mozilla/5.0 (Windows NT 10.0; WOW64) AppleWebKit/537.36 (KHTML, like Gecko) Chrome/93.0.4577.63 Safari/537.36"
172.18.0.1 - - [13/Sep/2021:15:02:31 +0000] "GET /wp-admin/options-general.php?page=donorbox-donation-form%2Fdonorbox_embed_campaign.php&settings-updated=true HTTP/1.1" 200 23973 "http://localhost/wp-admin/options-general.php?page=donorbox-donation-form%2Fdonorbox_embed_campaign.php" "Mozilla/5.0 (Windows NT 10.0; WOW64) AppleWebKit/537.36 (KHTML, like Gecko) Chrome/93.0.4577.63 Safari/537.36"
172.18.0.1 - - [13/Sep/2021:15:03:23 +0000] "-" 408 0 "-" "-"
127.0.0.1 - - [13/Sep/2021:15:03:32 +0000] "POST /wp-cron.php?doing_wp_cron=1631545412.3878750801086425781250 HTTP/1.1" 200 192 "http://localhost/wp-cron.php?doing_wp_cron=1631545412.3878750801086425781250" "WordPress/5.8; http://localhost"
172.18.0.1 - - [13/Sep/2021:15:03:32 +0000] "POST /wp-admin/admin-ajax.php HTTP/1.1" 200 599 "http://localhost/wp-admin/options-general.php?page=donorbox-donation-form%2Fdonorbox_embed_campaign.php" "Mozilla/5.0 (Windows NT 10.0; WOW64) AppleWebKit/537.36 (KHTML, like Gecko) Chrome/93.0.4577.63 Safari/537.36"
172.18.0.1 - - [13/Sep/2021:15:03:52 +0000] "GET /wp-admin/options-general.php?page=donorbox-donation-form%2Fdonorbox_embed_campaign.php HTTP/1.1" 200 23907 "http://localhost/wp-admin/options-general.php?page=donorbox-donation-form%2Fdonorbox_embed_campaign.php" "Mozilla/5.0 (Windows NT 10.0; WOW64) AppleWebKit/537.36 (KHTML, like Gecko) Chrome/93.0.4577.63 Safari/537.36"
172.18.0.1 - - [13/Sep/2021:15:03:53 +0000] "GET /favicon.ico HTTP/1.1" 302 483 "http://localhost/wp-admin/options-general.php?page=donorbox-donation-form%2Fdonorbox_embed_campaign.php" "Mozilla/5.0 (Windows NT 10.0; WOW64) AppleWebKit/537.36 (KHTML, like Gecko) Chrome/93.0.4577.63 Safari/537.36"
172.18.0.1 - - [13/Sep/2021:15:03:53 +0000] "GET /wp-includes/images/w-logo-blue-white-bg.png HTTP/1.1" 200 4405 "http://localhost/wp-admin/options-general.php?page=donorbox-donation-form%2Fdonorbox_embed_campaign.php" "Mozilla/5.0 (Windows NT 10.0; WOW64) AppleWebKit/537.36 (KHTML, like Gecko) Chrome/93.0.4577.63 Safari/537.36"
127.0.0.1 - - [13/Sep/2021:15:04:21 +0000] "POST /wp-cron.php?doing_wp_cron=1631545461.4735279083251953125000 HTTP/1.1" 200 192 "http://localhost/wp-cron.php?doing_wp_cron=1631545461.4735279083251953125000" "WordPress/5.8; http://localhost"
172.18.0.1 - - [13/Sep/2021:15:04:21 +0000] "GET /wp-admin/options-general.php?page=donorbox-donation-form%2Fdonorbox_embed_campaign.php HTTP/1.1" 200 23903 "http://localhost/wp-admin/options-general.php?page=donorbox-donation-form%2Fdonorbox_embed_campaign.php" "Mozilla/5.0 (Windows NT 10.0; WOW64) AppleWebKit/537.36 (KHTML, like Gecko) Chrome/93.0.4577.63 Safari/537.36"
172.18.0.1 - - [13/Sep/2021:15:04:22 +0000] "GET /favicon.ico HTTP/1.1" 302 483 "http://localhost/wp-admin/options-general.php?page=donorbox-donation-form%2Fdonorbox_embed_campaign.php" "Mozilla/5.0 (Windows NT 10.0; WOW64) AppleWebKit/537.36 (KHTML, like Gecko) Chrome/93.0.4577.63 Safari/537.36"
172.18.0.1 - - [13/Sep/2021:15:04:22 +0000] "GET /wp-includes/images/w-logo-blue-white-bg.png HTTP/1.1" 200 4405 "http://localhost/wp-admin/options-general.php?page=donorbox-donation-form%2Fdonorbox_embed_campaign.php" "Mozilla/5.0 (Windows NT 10.0; WOW64) AppleWebKit/537.36 (KHTML, like Gecko) Chrome/93.0.4577.63 Safari/537.36"
172.18.0.1 - - [13/Sep/2021:15:04:26 +0000] "GET /wp-admin/options-general.php?page=donorbox-donation-form%2Fdonorbox_embed_campaign.php HTTP/1.1" 200 23903 "http://localhost/wp-admin/options-general.php?page=donorbox-donation-form%2Fdonorbox_embed_campaign.php" "Mozilla/5.0 (Windows NT 10.0; WOW64) AppleWebKit/537.36 (KHTML, like Gecko) Chrome/93.0.4577.63 Safari/537.36"
172.18.0.1 - - [13/Sep/2021:15:04:26 +0000] "GET /favicon.ico HTTP/1.1" 302 483 "http://localhost/wp-admin/options-general.php?page=donorbox-donation-form%2Fdonorbox_embed_campaign.php" "Mozilla/5.0 (Windows NT 10.0; WOW64) AppleWebKit/537.36 (KHTML, like Gecko) Chrome/93.0.4577.63 Safari/537.36"
172.18.0.1 - - [13/Sep/2021:15:04:26 +0000] "GET /wp-includes/images/w-logo-blue-white-bg.png HTTP/1.1" 200 4405 "http://localhost/wp-admin/options-general.php?page=donorbox-donation-form%2Fdonorbox_embed_campaign.php" "Mozilla/5.0 (Windows NT 10.0; WOW64) AppleWebKit/537.36 (KHTML, like Gecko) Chrome/93.0.4577.63 Safari/537.36"
172.18.0.1 - - [13/Sep/2021:15:04:32 +0000] "GET /wp-admin/options-general.php?page=donorbox-donation-form%2Fdonorbox_embed_campaign.php HTTP/1.1" 200 23911 "http://localhost/wp-admin/options-general.php?page=donorbox-donation-form%2Fdonorbox_embed_campaign.php" "Mozilla/5.0 (Windows NT 10.0; WOW64) AppleWebKit/537.36 (KHTML, like Gecko) Chrome/93.0.4577.63 Safari/537.36"
172.18.0.1 - - [13/Sep/2021:15:04:32 +0000] "GET /favicon.ico HTTP/1.1" 302 483 "http://localhost/wp-admin/options-general.php?page=donorbox-donation-form%2Fdonorbox_embed_campaign.php" "Mozilla/5.0 (Windows NT 10.0; WOW64) AppleWebKit/537.36 (KHTML, like Gecko) Chrome/93.0.4577.63 Safari/537.36"
172.18.0.1 - - [13/Sep/2021:15:04:32 +0000] "GET /wp-includes/images/w-logo-blue-white-bg.png HTTP/1.1" 200 4405 "http://localhost/wp-admin/options-general.php?page=donorbox-donation-form%2Fdonorbox_embed_campaign.php" "Mozilla/5.0 (Windows NT 10.0; WOW64) AppleWebKit/537.36 (KHTML, like Gecko) Chrome/93.0.4577.63 Safari/537.36"
127.0.0.1 - - [13/Sep/2021:15:05:19 +0000] "POST /wp-cron.php?doing_wp_cron=1631545519.7776069641113281250000 HTTP/1.1" 200 192 "http://localhost/wp-cron.php?doing_wp_cron=1631545519.7776069641113281250000" "WordPress/5.8; http://localhost"
172.18.0.1 - - [13/Sep/2021:15:05:19 +0000] "GET /wp-admin/options-general.php?page=donorbox-donation-form%2Fdonorbox_embed_campaign.php HTTP/1.1" 200 23868 "http://localhost/wp-admin/options-general.php?page=donorbox-donation-form%2Fdonorbox_embed_campaign.php" "Mozilla/5.0 (Windows NT 10.0; WOW64) AppleWebKit/537.36 (KHTML, like Gecko) Chrome/93.0.4577.63 Safari/537.36"
172.18.0.1 - - [13/Sep/2021:15:05:21 +0000] "GET /favicon.ico HTTP/1.1" 302 483 "http://localhost/wp-admin/options-general.php?page=donorbox-donation-form%2Fdonorbox_embed_campaign.php" "Mozilla/5.0 (Windows NT 10.0; WOW64) AppleWebKit/537.36 (KHTML, like Gecko) Chrome/93.0.4577.63 Safari/537.36"
172.18.0.1 - - [13/Sep/2021:15:05:21 +0000] "GET /wp-includes/images/w-logo-blue-white-bg.png HTTP/1.1" 200 4405 "http://localhost/wp-admin/options-general.php?page=donorbox-donation-form%2Fdonorbox_embed_campaign.php" "Mozilla/5.0 (Windows NT 10.0; WOW64) AppleWebKit/537.36 (KHTML, like Gecko) Chrome/93.0.4577.63 Safari/537.36"
172.18.0.1 - - [13/Sep/2021:15:05:32 +0000] "GET /wp-admin/options-general.php?page=donorbox-donation-form%2Fdonorbox_embed_campaign.php HTTP/1.1" 500 3109 "http://localhost/wp-admin/options-general.php?page=donorbox-donation-form%2Fdonorbox_embed_campaign.php" "Mozilla/5.0 (Windows NT 10.0; WOW64) AppleWebKit/537.36 (KHTML, like Gecko) Chrome/93.0.4577.63 Safari/537.36"
172.18.0.1 - - [13/Sep/2021:15:05:33 +0000] "GET /favicon.ico HTTP/1.1" 500 3050 "http://localhost/wp-admin/options-general.php?page=donorbox-donation-form%2Fdonorbox_embed_campaign.php" "Mozilla/5.0 (Windows NT 10.0; WOW64) AppleWebKit/537.36 (KHTML, like Gecko) Chrome/93.0.4577.63 Safari/537.36"
172.18.0.1 - - [13/Sep/2021:15:05:37 +0000] "GET /wp-admin/options-general.php?page=donorbox-donation-form%2Fdonorbox_embed_campaign.php HTTP/1.1" 200 23911 "http://localhost/wp-admin/options-general.php?page=donorbox-donation-form%2Fdonorbox_embed_campaign.php" "Mozilla/5.0 (Windows NT 10.0; WOW64) AppleWebKit/537.36 (KHTML, like Gecko) Chrome/93.0.4577.63 Safari/537.36"
172.18.0.1 - - [13/Sep/2021:15:05:38 +0000] "GET /favicon.ico HTTP/1.1" 302 483 "http://localhost/wp-admin/options-general.php?page=donorbox-donation-form%2Fdonorbox_embed_campaign.php" "Mozilla/5.0 (Windows NT 10.0; WOW64) AppleWebKit/537.36 (KHTML, like Gecko) Chrome/93.0.4577.63 Safari/537.36"
172.18.0.1 - - [13/Sep/2021:15:05:38 +0000] "GET /wp-includes/images/w-logo-blue-white-bg.png HTTP/1.1" 200 4405 "http://localhost/wp-admin/options-general.php?page=donorbox-donation-form%2Fdonorbox_embed_campaign.php" "Mozilla/5.0 (Windows NT 10.0; WOW64) AppleWebKit/537.36 (KHTML, like Gecko) Chrome/93.0.4577.63 Safari/537.36"
172.18.0.1 - - [13/Sep/2021:15:05:46 +0000] "GET /wp-admin/options-general.php?page=donorbox-donation-form%2Fdonorbox_embed_campaign.php HTTP/1.1" 200 23868 "http://localhost/wp-admin/options-general.php?page=donorbox-donation-form%2Fdonorbox_embed_campaign.php" "Mozilla/5.0 (Windows NT 10.0; WOW64) AppleWebKit/537.36 (KHTML, like Gecko) Chrome/93.0.4577.63 Safari/537.36"
172.18.0.1 - - [13/Sep/2021:15:05:47 +0000] "GET /favicon.ico HTTP/1.1" 302 483 "http://localhost/wp-admin/options-general.php?page=donorbox-donation-form%2Fdonorbox_embed_campaign.php" "Mozilla/5.0 (Windows NT 10.0; WOW64) AppleWebKit/537.36 (KHTML, like Gecko) Chrome/93.0.4577.63 Safari/537.36"
172.18.0.1 - - [13/Sep/2021:15:05:47 +0000] "GET /wp-includes/images/w-logo-blue-white-bg.png HTTP/1.1" 200 4405 "http://localhost/wp-admin/options-general.php?page=donorbox-donation-form%2Fdonorbox_embed_campaign.php" "Mozilla/5.0 (Windows NT 10.0; WOW64) AppleWebKit/537.36 (KHTML, like Gecko) Chrome/93.0.4577.63 Safari/537.36"
172.18.0.1 - - [13/Sep/2021:15:05:49 +0000] "GET /wp-admin/options-general.php?page=donorbox-donation-form%2Fdonorbox_embed_campaign.php HTTP/1.1" 200 23910 "http://localhost/wp-admin/options-general.php?page=donorbox-donation-form%2Fdonorbox_embed_campaign.php" "Mozilla/5.0 (Windows NT 10.0; WOW64) AppleWebKit/537.36 (KHTML, like Gecko) Chrome/93.0.4577.63 Safari/537.36"
172.18.0.1 - - [13/Sep/2021:15:05:50 +0000] "GET /favicon.ico HTTP/1.1" 302 483 "http://localhost/wp-admin/options-general.php?page=donorbox-donation-form%2Fdonorbox_embed_campaign.php" "Mozilla/5.0 (Windows NT 10.0; WOW64) AppleWebKit/537.36 (KHTML, like Gecko) Chrome/93.0.4577.63 Safari/537.36"
172.18.0.1 - - [13/Sep/2021:15:05:50 +0000] "GET /wp-includes/images/w-logo-blue-white-bg.png HTTP/1.1" 200 4405 "http://localhost/wp-admin/options-general.php?page=donorbox-donation-form%2Fdonorbox_embed_campaign.php" "Mozilla/5.0 (Windows NT 10.0; WOW64) AppleWebKit/537.36 (KHTML, like Gecko) Chrome/93.0.4577.63 Safari/537.36"
127.0.0.1 - - [13/Sep/2021:15:06:11 +0000] "POST /wp-cron.php?doing_wp_cron=1631545571.7085220813751220703125 HTTP/1.1" 200 192 "http://localhost/wp-cron.php?doing_wp_cron=1631545571.7085220813751220703125" "WordPress/5.8; http://localhost"
172.18.0.1 - - [13/Sep/2021:15:06:11 +0000] "GET /wp-admin/options-general.php?page=donorbox-donation-form%2Fdonorbox_embed_campaign.php HTTP/1.1" 500 3109 "http://localhost/wp-admin/options-general.php?page=donorbox-donation-form%2Fdonorbox_embed_campaign.php" "Mozilla/5.0 (Windows NT 10.0; WOW64) AppleWebKit/537.36 (KHTML, like Gecko) Chrome/93.0.4577.63 Safari/537.36"
172.18.0.1 - - [13/Sep/2021:15:06:12 +0000] "GET /favicon.ico HTTP/1.1" 302 484 "http://localhost/wp-admin/options-general.php?page=donorbox-donation-form%2Fdonorbox_embed_campaign.php" "Mozilla/5.0 (Windows NT 10.0; WOW64) AppleWebKit/537.36 (KHTML, like Gecko) Chrome/93.0.4577.63 Safari/537.36"
172.18.0.1 - - [13/Sep/2021:15:06:12 +0000] "GET /wp-includes/images/w-logo-blue-white-bg.png HTTP/1.1" 200 4405 "http://localhost/wp-admin/options-general.php?page=donorbox-donation-form%2Fdonorbox_embed_campaign.php" "Mozilla/5.0 (Windows NT 10.0; WOW64) AppleWebKit/537.36 (KHTML, like Gecko) Chrome/93.0.4577.63 Safari/537.36"
172.18.0.1 - - [13/Sep/2021:15:06:18 +0000] "GET /wp-admin/options-general.php?page=donorbox-donation-form%2Fdonorbox_embed_campaign.php HTTP/1.1" 200 23911 "http://localhost/wp-admin/options-general.php?page=donorbox-donation-form%2Fdonorbox_embed_campaign.php" "Mozilla/5.0 (Windows NT 10.0; WOW64) AppleWebKit/537.36 (KHTML, like Gecko) Chrome/93.0.4577.63 Safari/537.36"
172.18.0.1 - - [13/Sep/2021:15:06:19 +0000] "GET /favicon.ico HTTP/1.1" 302 483 "http://localhost/wp-admin/options-general.php?page=donorbox-donation-form%2Fdonorbox_embed_campaign.php" "Mozilla/5.0 (Windows NT 10.0; WOW64) AppleWebKit/537.36 (KHTML, like Gecko) Chrome/93.0.4577.63 Safari/537.36"
172.18.0.1 - - [13/Sep/2021:15:06:19 +0000] "GET /wp-includes/images/w-logo-blue-white-bg.png HTTP/1.1" 200 4405 "http://localhost/wp-admin/options-general.php?page=donorbox-donation-form%2Fdonorbox_embed_campaign.php" "Mozilla/5.0 (Windows NT 10.0; WOW64) AppleWebKit/537.36 (KHTML, like Gecko) Chrome/93.0.4577.63 Safari/537.36"
172.18.0.1 - - [13/Sep/2021:15:07:11 +0000] "-" 408 0 "-" "-"
127.0.0.1 - - [13/Sep/2021:15:07:19 +0000] "POST /wp-cron.php?doing_wp_cron=1631545639.4093079566955566406250 HTTP/1.1" 200 192 "http://localhost/wp-cron.php?doing_wp_cron=1631545639.4093079566955566406250" "WordPress/5.8; http://localhost"
172.18.0.1 - - [13/Sep/2021:15:07:19 +0000] "POST /wp-admin/admin-ajax.php HTTP/1.1" 200 599 "http://localhost/wp-admin/options-general.php?page=donorbox-donation-form%2Fdonorbox_embed_campaign.php" "Mozilla/5.0 (Windows NT 10.0; WOW64) AppleWebKit/537.36 (KHTML, like Gecko) Chrome/93.0.4577.63 Safari/537.36"
127.0.0.1 - - [13/Sep/2021:15:09:20 +0000] "POST /wp-cron.php?doing_wp_cron=1631545760.4061410427093505859375 HTTP/1.1" 200 192 "http://localhost/wp-cron.php?doing_wp_cron=1631545760.4061410427093505859375" "WordPress/5.8; http://localhost"
172.18.0.1 - - [13/Sep/2021:15:09:20 +0000] "POST /wp-admin/admin-ajax.php HTTP/1.1" 200 599 "http://localhost/wp-admin/options-general.php?page=donorbox-donation-form%2Fdonorbox_embed_campaign.php" "Mozilla/5.0 (Windows NT 10.0; WOW64) AppleWebKit/537.36 (KHTML, like Gecko) Chrome/93.0.4577.63 Safari/537.36"
127.0.0.1 - - [13/Sep/2021:15:11:21 +0000] "POST /wp-cron.php?doing_wp_cron=1631545881.3643779754638671875000 HTTP/1.1" 200 192 "http://localhost/wp-cron.php?doing_wp_cron=1631545881.3643779754638671875000" "WordPress/5.8; http://localhost"
