172.18.0.1 - - [10/Sep/2021:15:23:08 +0000] "GET / HTTP/1.1" 200 5968 "-" "Mozilla/5.0 (Windows NT 10.0; WOW64) AppleWebKit/537.36 (KHTML, like Gecko) Chrome/93.0.4577.63 Safari/537.36"
172.18.0.1 - - [10/Sep/2021:15:23:19 +0000] "GET /wp-content/plugins/calculated-fields-form/css/loader.css?ver=1.1.16 HTTP/1.1" 200 643 "http://localhost/" "Mozilla/5.0 (Windows NT 10.0; WOW64) AppleWebKit/537.36 (KHTML, like Gecko) Chrome/93.0.4577.63 Safari/537.36"
127.0.0.1 - - [10/Sep/2021:15:23:24 +0000] "POST /wp-cron.php HTTP/1.1" 200 192 "http://localhost/wp-cron.php" "WordPress/5.8; http://localhost"
127.0.0.1 - - [10/Sep/2021:15:23:17 +0000] "POST /wp-cron.php?doing_wp_cron=1631287397.1209130287170410156250 HTTP/1.1" 200 192 "http://localhost/wp-cron.php?doing_wp_cron=1631287397.1209130287170410156250" "WordPress/5.8; http://localhost"
127.0.0.1 - - [10/Sep/2021:15:24:22 +0000] "POST /wp-cron.php?doing_wp_cron=1631287462.0301539897918701171875 HTTP/1.1" 200 192 "http://localhost/wp-cron.php?doing_wp_cron=1631287462.0301539897918701171875" "WordPress/5.8; http://localhost"
172.18.0.1 - - [10/Sep/2021:15:24:22 +0000] "GET /2021/09/09/calculadora/ HTTP/1.1" 200 8295 "http://localhost/" "Mozilla/5.0 (Windows NT 10.0; WOW64) AppleWebKit/537.36 (KHTML, like Gecko) Chrome/93.0.4577.63 Safari/537.36"
172.18.0.1 - - [10/Sep/2021:15:24:22 +0000] "GET /wp-content/plugins/calculated-fields-form/css/stylepublic.css?ver=1.1.16 HTTP/1.1" 200 4988 "http://localhost/2021/09/09/calculadora/" "Mozilla/5.0 (Windows NT 10.0; WOW64) AppleWebKit/537.36 (KHTML, like Gecko) Chrome/93.0.4577.63 Safari/537.36"
172.18.0.1 - - [10/Sep/2021:15:24:22 +0000] "GET /wp-content/plugins/calculated-fields-form/js/jQuery.stringify.js?ver=pro HTTP/1.1" 200 1064 "http://localhost/2021/09/09/calculadora/" "Mozilla/5.0 (Windows NT 10.0; WOW64) AppleWebKit/537.36 (KHTML, like Gecko) Chrome/93.0.4577.63 Safari/537.36"
172.18.0.1 - - [10/Sep/2021:15:24:22 +0000] "GET /wp-content/plugins/calculated-fields-form/js/jquery.validate.js?ver=pro HTTP/1.1" 200 8957 "http://localhost/2021/09/09/calculadora/" "Mozilla/5.0 (Windows NT 10.0; WOW64) AppleWebKit/537.36 (KHTML, like Gecko) Chrome/93.0.4577.63 Safari/537.36"
172.18.0.1 - - [10/Sep/2021:15:24:22 +0000] "GET /2021/09/09/calculadora/?cp_cff_resources=public&min=1&ver=1.1.16 HTTP/1.1" 200 28724 "http://localhost/2021/09/09/calculadora/" "Mozilla/5.0 (Windows NT 10.0; WOW64) AppleWebKit/537.36 (KHTML, like Gecko) Chrome/93.0.4577.63 Safari/537.36"
172.18.0.1 - - [10/Sep/2021:15:24:30 +0000] "GET /wp-admin/ HTTP/1.1" 200 18308 "http://localhost/2021/09/09/calculadora/" "Mozilla/5.0 (Windows NT 10.0; WOW64) AppleWebKit/537.36 (KHTML, like Gecko) Chrome/93.0.4577.63 Safari/537.36"
172.18.0.1 - - [10/Sep/2021:15:24:32 +0000] "POST /wp-admin/admin-ajax.php HTTP/1.1" 200 651 "http://localhost/wp-admin/" "Mozilla/5.0 (Windows NT 10.0; WOW64) AppleWebKit/537.36 (KHTML, like Gecko) Chrome/93.0.4577.63 Safari/537.36"
172.18.0.1 - - [10/Sep/2021:15:24:34 +0000] "GET /wp-admin/plugins.php HTTP/1.1" 200 16823 "http://localhost/wp-admin/" "Mozilla/5.0 (Windows NT 10.0; WOW64) AppleWebKit/537.36 (KHTML, like Gecko) Chrome/93.0.4577.63 Safari/537.36"
172.18.0.1 - - [10/Sep/2021:15:24:32 +0000] "GET /wp-admin/admin-ajax.php?action=dashboard-widgets&widget=dashboard_primary&pagenow=dashboard HTTP/1.1" 200 1033 "http://localhost/wp-admin/" "Mozilla/5.0 (Windows NT 10.0; WOW64) AppleWebKit/537.36 (KHTML, like Gecko) Chrome/93.0.4577.63 Safari/537.36"
172.18.0.1 - - [10/Sep/2021:15:24:42 +0000] "GET /wp-admin/plugin-install.php HTTP/1.1" 200 16831 "http://localhost/wp-admin/plugins.php" "Mozilla/5.0 (Windows NT 10.0; WOW64) AppleWebKit/537.36 (KHTML, like Gecko) Chrome/93.0.4577.63 Safari/537.36"
127.0.0.1 - - [10/Sep/2021:15:25:09 +0000] "POST /wp-cron.php?doing_wp_cron=1631287509.6458859443664550781250 HTTP/1.1" 200 192 "http://localhost/wp-cron.php?doing_wp_cron=1631287509.6458859443664550781250" "WordPress/5.8; http://localhost"
172.18.0.1 - - [10/Sep/2021:15:25:09 +0000] "POST /wp-admin/admin-ajax.php HTTP/1.1" 200 98379 "http://localhost/wp-admin/plugin-install.php?s=mercado%20&tab=search&type=term" "Mozilla/5.0 (Windows NT 10.0; WOW64) AppleWebKit/537.36 (KHTML, like Gecko) Chrome/93.0.4577.63 Safari/537.36"
172.18.0.1 - - [10/Sep/2021:15:25:14 +0000] "GET /wp-admin/plugin-install.php?tab=plugin-information&plugin=woocommerce-mercadopago& HTTP/1.1" 200 14809 "http://localhost/wp-admin/plugin-install.php?s=mercado%20&tab=search&type=term" "Mozilla/5.0 (Windows NT 10.0; WOW64) AppleWebKit/537.36 (KHTML, like Gecko) Chrome/93.0.4577.63 Safari/537.36"
172.18.0.1 - - [10/Sep/2021:15:25:43 +0000] "POST /wp-admin/admin-ajax.php HTTP/1.1" 200 599 "http://localhost/wp-admin/plugin-install.php?s=mercado%20&tab=search&type=term" "Mozilla/5.0 (Windows NT 10.0; WOW64) AppleWebKit/537.36 (KHTML, like Gecko) Chrome/93.0.4577.63 Safari/537.36"
127.0.0.1 - - [10/Sep/2021:15:26:44 +0000] "POST /wp-cron.php?doing_wp_cron=1631287603.8888940811157226562500 HTTP/1.1" 200 192 "http://localhost/wp-cron.php?doing_wp_cron=1631287603.8888940811157226562500" "WordPress/5.8; http://localhost"
172.18.0.1 - - [10/Sep/2021:15:26:43 +0000] "POST /wp-admin/admin-ajax.php HTTP/1.1" 200 599 "http://localhost/wp-admin/plugin-install.php?s=mercado%20&tab=search&type=term" "Mozilla/5.0 (Windows NT 10.0; WOW64) AppleWebKit/537.36 (KHTML, like Gecko) Chrome/93.0.4577.63 Safari/537.36"
172.18.0.1 - - [10/Sep/2021:15:26:51 +0000] "GET /wp-admin/plugins.php HTTP/1.1" 200 17114 "http://localhost/wp-admin/plugin-install.php?s=mercado%20&tab=search&type=term" "Mozilla/5.0 (Windows NT 10.0; WOW64) AppleWebKit/537.36 (KHTML, like Gecko) Chrome/93.0.4577.63 Safari/537.36"
172.18.0.1 - - [10/Sep/2021:15:26:55 +0000] "GET /wp-admin/plugins.php?action=activate&plugin=woocommerce-mercadopago%2Fwoocommerce-mercadopago.php&plugin_status=all&paged=1&s&_wpnonce=7da25d9c32 HTTP/1.1" 302 521 "http://localhost/wp-admin/plugins.php" "Mozilla/5.0 (Windows NT 10.0; WOW64) AppleWebKit/537.36 (KHTML, like Gecko) Chrome/93.0.4577.63 Safari/537.36"
172.18.0.1 - - [10/Sep/2021:15:26:55 +0000] "GET /wp-admin/plugins.php?activate=true&plugin_status=all&paged=1&s= HTTP/1.1" 200 17386 "http://localhost/wp-admin/plugins.php" "Mozilla/5.0 (Windows NT 10.0; WOW64) AppleWebKit/537.36 (KHTML, like Gecko) Chrome/93.0.4577.63 Safari/537.36"
172.18.0.1 - - [10/Sep/2021:15:26:55 +0000] "GET /wp-content/plugins/woocommerce-mercadopago/assets/css/admin_notice_mercadopago.min.css?ver=5.3.1 HTTP/1.1" 200 812 "http://localhost/wp-admin/plugins.php?activate=true&plugin_status=all&paged=1&s=" "Mozilla/5.0 (Windows NT 10.0; WOW64) AppleWebKit/537.36 (KHTML, like Gecko) Chrome/93.0.4577.63 Safari/537.36"
172.18.0.1 - - [10/Sep/2021:15:26:55 +0000] "GET /wp-content/plugins/woocommerce-mercadopago/assets/images/minilogo.png HTTP/1.1" 200 20442 "http://localhost/wp-admin/plugins.php?activate=true&plugin_status=all&paged=1&s=" "Mozilla/5.0 (Windows NT 10.0; WOW64) AppleWebKit/537.36 (KHTML, like Gecko) Chrome/93.0.4577.63 Safari/537.36"
172.18.0.1 - - [10/Sep/2021:15:26:59 +0000] "GET /wp-admin/plugins.php?plugin_status=all&paged=1&s HTTP/1.1" 200 17375 "http://localhost/wp-admin/plugins.php" "Mozilla/5.0 (Windows NT 10.0; WOW64) AppleWebKit/537.36 (KHTML, like Gecko) Chrome/93.0.4577.63 Safari/537.36"
172.18.0.1 - - [10/Sep/2021:15:26:59 +0000] "GET /wp-content/plugins/woocommerce-mercadopago/assets/css/admin_notice_mercadopago.min.css?ver=5.3.1 HTTP/1.1" 200 812 "http://localhost/wp-admin/plugins.php?plugin_status=all&paged=1&s" "Mozilla/5.0 (Windows NT 10.0; WOW64) AppleWebKit/537.36 (KHTML, like Gecko) Chrome/93.0.4577.63 Safari/537.36"
172.18.0.1 - - [10/Sep/2021:15:26:59 +0000] "GET /wp-content/plugins/woocommerce-mercadopago/assets/images/minilogo.png HTTP/1.1" 304 249 "http://localhost/wp-admin/plugins.php?plugin_status=all&paged=1&s" "Mozilla/5.0 (Windows NT 10.0; WOW64) AppleWebKit/537.36 (KHTML, like Gecko) Chrome/93.0.4577.63 Safari/537.36"
172.18.0.1 - - [10/Sep/2021:15:26:59 +0000] "GET /favicon.ico HTTP/1.1" 302 483 "http://localhost/wp-admin/plugins.php?plugin_status=all&paged=1&s" "Mozilla/5.0 (Windows NT 10.0; WOW64) AppleWebKit/537.36 (KHTML, like Gecko) Chrome/93.0.4577.63 Safari/537.36"
172.18.0.1 - - [10/Sep/2021:15:26:59 +0000] "GET /wp-includes/images/w-logo-blue-white-bg.png HTTP/1.1" 200 4405 "http://localhost/wp-admin/plugins.php?plugin_status=all&paged=1&s" "Mozilla/5.0 (Windows NT 10.0; WOW64) AppleWebKit/537.36 (KHTML, like Gecko) Chrome/93.0.4577.63 Safari/537.36"
127.0.0.1 - - [10/Sep/2021:15:27:10 +0000] "POST /wp-cron.php?doing_wp_cron=1631287630.3474950790405273437500 HTTP/1.1" 200 192 "http://localhost/wp-cron.php?doing_wp_cron=1631287630.3474950790405273437500" "WordPress/5.8; http://localhost"
172.18.0.1 - - [10/Sep/2021:15:27:10 +0000] "GET /wp-admin/plugins.php HTTP/1.1" 200 17333 "http://localhost/wp-admin/plugins.php?plugin_status=all&paged=1&s" "Mozilla/5.0 (Windows NT 10.0; WOW64) AppleWebKit/537.36 (KHTML, like Gecko) Chrome/93.0.4577.63 Safari/537.36"
172.18.0.1 - - [10/Sep/2021:15:27:10 +0000] "GET /wp-content/plugins/woocommerce-mercadopago/assets/css/admin_notice_mercadopago.min.css?ver=5.3.1 HTTP/1.1" 200 812 "http://localhost/wp-admin/plugins.php" "Mozilla/5.0 (Windows NT 10.0; WOW64) AppleWebKit/537.36 (KHTML, like Gecko) Chrome/93.0.4577.63 Safari/537.36"
172.18.0.1 - - [10/Sep/2021:15:27:10 +0000] "GET /wp-content/plugins/woocommerce-mercadopago/assets/images/minilogo.png HTTP/1.1" 304 249 "http://localhost/wp-admin/plugins.php" "Mozilla/5.0 (Windows NT 10.0; WOW64) AppleWebKit/537.36 (KHTML, like Gecko) Chrome/93.0.4577.63 Safari/537.36"
172.18.0.1 - - [10/Sep/2021:15:27:12 +0000] "GET /wp-admin/plugins.php HTTP/1.1" 200 17332 "http://localhost/wp-admin/plugins.php" "Mozilla/5.0 (Windows NT 10.0; WOW64) AppleWebKit/537.36 (KHTML, like Gecko) Chrome/93.0.4577.63 Safari/537.36"
172.18.0.1 - - [10/Sep/2021:15:27:31 +0000] "GET /wp-admin/plugins.php HTTP/1.1" 200 17131 "http://localhost/wp-admin/plugins.php" "Mozilla/5.0 (Windows NT 10.0; WOW64) AppleWebKit/537.36 (KHTML, like Gecko) Chrome/93.0.4577.63 Safari/537.36"
172.18.0.1 - - [10/Sep/2021:15:27:31 +0000] "GET /wp-content/plugins/woocommerce-mercadopago/assets/css/admin_notice_mercadopago.min.css?ver=5.3.1 HTTP/1.1" 200 812 "http://localhost/wp-admin/plugins.php" "Mozilla/5.0 (Windows NT 10.0; WOW64) AppleWebKit/537.36 (KHTML, like Gecko) Chrome/93.0.4577.63 Safari/537.36"
172.18.0.1 - - [10/Sep/2021:15:27:31 +0000] "GET /wp-content/plugins/woocommerce-mercadopago/assets/images/minilogo.png HTTP/1.1" 304 249 "http://localhost/wp-admin/plugins.php" "Mozilla/5.0 (Windows NT 10.0; WOW64) AppleWebKit/537.36 (KHTML, like Gecko) Chrome/93.0.4577.63 Safari/537.36"
172.18.0.1 - - [10/Sep/2021:15:27:31 +0000] "GET /favicon.ico HTTP/1.1" 302 483 "http://localhost/wp-admin/plugins.php" "Mozilla/5.0 (Windows NT 10.0; WOW64) AppleWebKit/537.36 (KHTML, like Gecko) Chrome/93.0.4577.63 Safari/537.36"
172.18.0.1 - - [10/Sep/2021:15:27:31 +0000] "GET /wp-includes/images/w-logo-blue-white-bg.png HTTP/1.1" 200 4405 "http://localhost/wp-admin/plugins.php" "Mozilla/5.0 (Windows NT 10.0; WOW64) AppleWebKit/537.36 (KHTML, like Gecko) Chrome/93.0.4577.63 Safari/537.36"
127.0.0.1 - - [10/Sep/2021:15:28:48 +0000] "POST /wp-cron.php?doing_wp_cron=1631287728.5169320106506347656250 HTTP/1.1" 200 192 "http://localhost/wp-cron.php?doing_wp_cron=1631287728.5169320106506347656250" "WordPress/5.8; http://localhost"
172.18.0.1 - - [10/Sep/2021:15:28:48 +0000] "GET /wp-admin/plugins.php HTTP/1.1" 200 17374 "http://localhost/wp-admin/plugins.php" "Mozilla/5.0 (Windows NT 10.0; WOW64) AppleWebKit/537.36 (KHTML, like Gecko) Chrome/93.0.4577.63 Safari/537.36"
172.18.0.1 - - [10/Sep/2021:15:28:50 +0000] "GET /wp-content/plugins/woocommerce-mercadopago/assets/css/admin_notice_mercadopago.min.css?ver=5.3.1 HTTP/1.1" 200 812 "http://localhost/wp-admin/plugins.php" "Mozilla/5.0 (Windows NT 10.0; WOW64) AppleWebKit/537.36 (KHTML, like Gecko) Chrome/93.0.4577.63 Safari/537.36"
172.18.0.1 - - [10/Sep/2021:15:28:50 +0000] "GET /wp-content/plugins/woocommerce-mercadopago/assets/images/minilogo.png HTTP/1.1" 304 249 "http://localhost/wp-admin/plugins.php" "Mozilla/5.0 (Windows NT 10.0; WOW64) AppleWebKit/537.36 (KHTML, like Gecko) Chrome/93.0.4577.63 Safari/537.36"
172.18.0.1 - - [10/Sep/2021:15:28:51 +0000] "GET /favicon.ico HTTP/1.1" 302 483 "http://localhost/wp-admin/plugins.php" "Mozilla/5.0 (Windows NT 10.0; WOW64) AppleWebKit/537.36 (KHTML, like Gecko) Chrome/93.0.4577.63 Safari/537.36"
172.18.0.1 - - [10/Sep/2021:15:28:51 +0000] "GET /wp-includes/images/w-logo-blue-white-bg.png HTTP/1.1" 200 4405 "http://localhost/wp-admin/plugins.php" "Mozilla/5.0 (Windows NT 10.0; WOW64) AppleWebKit/537.36 (KHTML, like Gecko) Chrome/93.0.4577.63 Safari/537.36"
172.18.0.1 - - [10/Sep/2021:15:28:52 +0000] "GET /wp-admin/plugins.php?action=activate&plugin=woocommerce%2Fwoocommerce.php&plugin_status=all&paged=1&s&_wpnonce=d17e0d4e9c HTTP/1.1" 302 551 "http://localhost/wp-admin/plugins.php" "Mozilla/5.0 (Windows NT 10.0; WOW64) AppleWebKit/537.36 (KHTML, like Gecko) Chrome/93.0.4577.63 Safari/537.36"
172.18.0.1 - - [10/Sep/2021:15:28:52 +0000] "GET /wp-admin/plugins.php?error=true&plugin=woocommerce%2Fwoocommerce.php&_error_nonce=8d58681516 HTTP/1.1" 200 17520 "http://localhost/wp-admin/plugins.php" "Mozilla/5.0 (Windows NT 10.0; WOW64) AppleWebKit/537.36 (KHTML, like Gecko) Chrome/93.0.4577.63 Safari/537.36"
172.18.0.1 - - [10/Sep/2021:15:28:52 +0000] "GET /wp-admin/plugins.php?action=error_scrape&plugin=woocommerce%2Fwoocommerce.php&_wpnonce=8d58681516 HTTP/1.1" 200 629 "http://localhost/wp-admin/plugins.php?plugin=woocommerce%2Fwoocommerce.php" "Mozilla/5.0 (Windows NT 10.0; WOW64) AppleWebKit/537.36 (KHTML, like Gecko) Chrome/93.0.4577.63 Safari/537.36"
172.18.0.1 - - [10/Sep/2021:15:28:52 +0000] "GET /wp-admin/plugins.php?action=error_scrape&plugin=woocommerce%2Fwoocommerce.php&_wpnonce=8d58681516 HTTP/1.1" 200 629 "http://localhost/wp-admin/plugins.php?plugin=woocommerce%2Fwoocommerce.php" "Mozilla/5.0 (Windows NT 10.0; WOW64) AppleWebKit/537.36 (KHTML, like Gecko) Chrome/93.0.4577.63 Safari/537.36"
172.18.0.1 - - [10/Sep/2021:15:28:55 +0000] "GET /wp-admin/plugins.php?plugin=woocommerce%2Fwoocommerce.php HTTP/1.1" 200 17394 "http://localhost/wp-admin/plugins.php" "Mozilla/5.0 (Windows NT 10.0; WOW64) AppleWebKit/537.36 (KHTML, like Gecko) Chrome/93.0.4577.63 Safari/537.36"
172.18.0.1 - - [10/Sep/2021:15:28:55 +0000] "GET /favicon.ico HTTP/1.1" 302 483 "http://localhost/wp-admin/plugins.php?plugin=woocommerce%2Fwoocommerce.php" "Mozilla/5.0 (Windows NT 10.0; WOW64) AppleWebKit/537.36 (KHTML, like Gecko) Chrome/93.0.4577.63 Safari/537.36"
172.18.0.1 - - [10/Sep/2021:15:28:55 +0000] "GET /wp-includes/images/w-logo-blue-white-bg.png HTTP/1.1" 200 4405 "http://localhost/wp-admin/plugins.php?plugin=woocommerce%2Fwoocommerce.php" "Mozilla/5.0 (Windows NT 10.0; WOW64) AppleWebKit/537.36 (KHTML, like Gecko) Chrome/93.0.4577.63 Safari/537.36"
172.18.0.1 - - [10/Sep/2021:15:28:59 +0000] "GET /wp-admin/plugins.php?action=activate&plugin=woocommerce%2Fwoocommerce.php&plugin_status=all&paged=1&s&_wpnonce=d17e0d4e9c HTTP/1.1" 302 551 "http://localhost/wp-admin/plugins.php?plugin=woocommerce%2Fwoocommerce.php" "Mozilla/5.0 (Windows NT 10.0; WOW64) AppleWebKit/537.36 (KHTML, like Gecko) Chrome/93.0.4577.63 Safari/537.36"
172.18.0.1 - - [10/Sep/2021:15:28:59 +0000] "GET /wp-admin/plugins.php?error=true&plugin=woocommerce%2Fwoocommerce.php&_error_nonce=8d58681516 HTTP/1.1" 200 17521 "http://localhost/wp-admin/plugins.php?plugin=woocommerce%2Fwoocommerce.php" "Mozilla/5.0 (Windows NT 10.0; WOW64) AppleWebKit/537.36 (KHTML, like Gecko) Chrome/93.0.4577.63 Safari/537.36"
172.18.0.1 - - [10/Sep/2021:15:28:59 +0000] "GET /wp-admin/plugins.php?action=error_scrape&plugin=woocommerce%2Fwoocommerce.php&_wpnonce=8d58681516 HTTP/1.1" 200 629 "http://localhost/wp-admin/plugins.php?plugin=woocommerce%2Fwoocommerce.php" "Mozilla/5.0 (Windows NT 10.0; WOW64) AppleWebKit/537.36 (KHTML, like Gecko) Chrome/93.0.4577.63 Safari/537.36"
172.18.0.1 - - [10/Sep/2021:15:28:59 +0000] "GET /wp-admin/plugins.php?action=error_scrape&plugin=woocommerce%2Fwoocommerce.php&_wpnonce=8d58681516 HTTP/1.1" 200 629 "http://localhost/wp-admin/plugins.php?plugin=woocommerce%2Fwoocommerce.php" "Mozilla/5.0 (Windows NT 10.0; WOW64) AppleWebKit/537.36 (KHTML, like Gecko) Chrome/93.0.4577.63 Safari/537.36"
127.0.0.1 - - [10/Sep/2021:15:29:59 +0000] "POST /wp-cron.php?doing_wp_cron=1631287799.5290410518646240234375 HTTP/1.1" 200 192 "http://localhost/wp-cron.php?doing_wp_cron=1631287799.5290410518646240234375" "WordPress/5.8; http://localhost"
172.18.0.1 - - [10/Sep/2021:15:29:59 +0000] "POST /wp-admin/admin-ajax.php HTTP/1.1" 200 599 "http://localhost/wp-admin/plugins.php?plugin=woocommerce%2Fwoocommerce.php" "Mozilla/5.0 (Windows NT 10.0; WOW64) AppleWebKit/537.36 (KHTML, like Gecko) Chrome/93.0.4577.63 Safari/537.36"
127.0.0.1 - - [10/Sep/2021:15:30:55 +0000] "POST /wp-cron.php?doing_wp_cron=1631287855.4603610038757324218750 HTTP/1.1" 200 192 "http://localhost/wp-cron.php?doing_wp_cron=1631287855.4603610038757324218750" "WordPress/5.8; http://localhost"
172.18.0.1 - - [10/Sep/2021:15:30:59 +0000] "POST /wp-admin/admin-ajax.php HTTP/1.1" 200 599 "http://localhost/wp-admin/plugins.php?plugin=woocommerce%2Fwoocommerce.php" "Mozilla/5.0 (Windows NT 10.0; WOW64) AppleWebKit/537.36 (KHTML, like Gecko) Chrome/93.0.4577.63 Safari/537.36"
172.18.0.1 - - [10/Sep/2021:15:31:10 +0000] "GET / HTTP/1.1" 200 5968 "-" "Mozilla/5.0 (Windows NT 10.0; WOW64) AppleWebKit/537.36 (KHTML, like Gecko) Chrome/93.0.4577.63 Safari/537.36"
127.0.0.1 - - [10/Sep/2021:15:31:10 +0000] "POST /wp-cron.php?doing_wp_cron=1631287870.8026540279388427734375 HTTP/1.1" 200 192 "http://localhost/wp-cron.php?doing_wp_cron=1631287870.8026540279388427734375" "WordPress/5.8; http://localhost"
172.18.0.1 - - [10/Sep/2021:15:31:14 +0000] "GET /wp-admin/ HTTP/1.1" 200 18815 "http://localhost/" "Mozilla/5.0 (Windows NT 10.0; WOW64) AppleWebKit/537.36 (KHTML, like Gecko) Chrome/93.0.4577.63 Safari/537.36"
172.18.0.1 - - [10/Sep/2021:15:31:15 +0000] "GET /wp-content/plugins/woocommerce-mercadopago/assets/css/admin_notice_mercadopago.min.css?ver=5.3.1 HTTP/1.1" 200 812 "http://localhost/wp-admin/" "Mozilla/5.0 (Windows NT 10.0; WOW64) AppleWebKit/537.36 (KHTML, like Gecko) Chrome/93.0.4577.63 Safari/537.36"
172.18.0.1 - - [10/Sep/2021:15:31:16 +0000] "GET /wp-content/plugins/woocommerce-mercadopago/assets/images/minilogo.png HTTP/1.1" 304 249 "http://localhost/wp-admin/" "Mozilla/5.0 (Windows NT 10.0; WOW64) AppleWebKit/537.36 (KHTML, like Gecko) Chrome/93.0.4577.63 Safari/537.36"
172.18.0.1 - - [10/Sep/2021:15:31:24 +0000] "GET /wp-admin/plugins.php?action=activate&plugin=woocommerce%2Fwoocommerce.php&plugin_status=active&_wpnonce=d17e0d4e9c HTTP/1.1" 302 525 "http://localhost/wp-admin/" "Mozilla/5.0 (Windows NT 10.0; WOW64) AppleWebKit/537.36 (KHTML, like Gecko) Chrome/93.0.4577.63 Safari/537.36"
172.18.0.1 - - [10/Sep/2021:15:32:01 +0000] "GET / HTTP/1.1" 200 6610 "-" "Mozilla/5.0 (Windows NT 10.0; WOW64) AppleWebKit/537.36 (KHTML, like Gecko) Chrome/93.0.4577.63 Safari/537.36"
172.18.0.1 - - [10/Sep/2021:15:32:05 +0000] "GET /wp-content/plugins/woocommerce/packages/woocommerce-blocks/build/wc-blocks-vendors-style.css?ver=5.5.1 HTTP/1.1" 200 1391 "http://localhost/" "Mozilla/5.0 (Windows NT 10.0; WOW64) AppleWebKit/537.36 (KHTML, like Gecko) Chrome/93.0.4577.63 Safari/537.36"
172.18.0.1 - - [10/Sep/2021:15:32:05 +0000] "GET /wp-content/plugins/woocommerce/packages/woocommerce-blocks/build/wc-blocks-style.css?ver=5.5.1 HTTP/1.1" 200 19843 "http://localhost/" "Mozilla/5.0 (Windows NT 10.0; WOW64) AppleWebKit/537.36 (KHTML, like Gecko) Chrome/93.0.4577.63 Safari/537.36"
172.18.0.1 - - [10/Sep/2021:15:32:05 +0000] "GET /wp-content/plugins/woocommerce/assets/css/woocommerce-layout.css?ver=5.6.0 HTTP/1.1" 200 2946 "http://localhost/" "Mozilla/5.0 (Windows NT 10.0; WOW64) AppleWebKit/537.36 (KHTML, like Gecko) Chrome/93.0.4577.63 Safari/537.36"
172.18.0.1 - - [10/Sep/2021:15:32:05 +0000] "GET /wp-content/plugins/woocommerce/assets/css/twenty-twenty-one.css?ver=5.6.0 HTTP/1.1" 200 9058 "http://localhost/" "Mozilla/5.0 (Windows NT 10.0; WOW64) AppleWebKit/537.36 (KHTML, like Gecko) Chrome/93.0.4577.63 Safari/537.36"
172.18.0.1 - - [10/Sep/2021:15:32:05 +0000] "GET /wp-content/plugins/woocommerce/assets/js/frontend/add-to-cart.min.js?ver=5.6.0 HTTP/1.1" 200 1437 "http://localhost/" "Mozilla/5.0 (Windows NT 10.0; WOW64) AppleWebKit/537.36 (KHTML, like Gecko) Chrome/93.0.4577.63 Safari/537.36"
172.18.0.1 - - [10/Sep/2021:15:32:05 +0000] "GET /wp-content/plugins/woocommerce/assets/js/jquery-blockui/jquery.blockUI.min.js?ver=2.7.0-wc.5.6.0 HTTP/1.1" 200 3843 "http://localhost/" "Mozilla/5.0 (Windows NT 10.0; WOW64) AppleWebKit/537.36 (KHTML, like Gecko) Chrome/93.0.4577.63 Safari/537.36"
172.18.0.1 - - [10/Sep/2021:15:32:05 +0000] "GET /wp-content/plugins/woocommerce/assets/js/js-cookie/js.cookie.min.js?ver=2.1.4-wc.5.6.0 HTTP/1.1" 200 1331 "http://localhost/" "Mozilla/5.0 (Windows NT 10.0; WOW64) AppleWebKit/537.36 (KHTML, like Gecko) Chrome/93.0.4577.63 Safari/537.36"
172.18.0.1 - - [10/Sep/2021:15:32:05 +0000] "GET /wp-content/plugins/woocommerce/assets/js/frontend/woocommerce.min.js?ver=5.6.0 HTTP/1.1" 200 1143 "http://localhost/" "Mozilla/5.0 (Windows NT 10.0; WOW64) AppleWebKit/537.36 (KHTML, like Gecko) Chrome/93.0.4577.63 Safari/537.36"
172.18.0.1 - - [10/Sep/2021:15:32:05 +0000] "GET /wp-content/plugins/woocommerce/assets/js/frontend/cart-fragments.min.js?ver=5.6.0 HTTP/1.1" 200 1389 "http://localhost/" "Mozilla/5.0 (Windows NT 10.0; WOW64) AppleWebKit/537.36 (KHTML, like Gecko) Chrome/93.0.4577.63 Safari/537.36"
172.18.0.1 - - [10/Sep/2021:15:32:05 +0000] "GET /wp-content/plugins/woocommerce/assets/css/woocommerce-smallscreen.css?ver=5.6.0 HTTP/1.1" 200 1514 "http://localhost/" "Mozilla/5.0 (Windows NT 10.0; WOW64) AppleWebKit/537.36 (KHTML, like Gecko) Chrome/93.0.4577.63 Safari/537.36"
172.18.0.1 - - [10/Sep/2021:15:32:05 +0000] "POST /?wc-ajax=get_refreshed_fragments HTTP/1.1" 200 683 "http://localhost/" "Mozilla/5.0 (Windows NT 10.0; WOW64) AppleWebKit/537.36 (KHTML, like Gecko) Chrome/93.0.4577.63 Safari/537.36"
127.0.0.1 - - [10/Sep/2021:15:32:12 +0000] "OPTIONS * HTTP/1.0" 200 126 "-" "Apache/2.4.48 (Debian) PHP/7.4.23 (internal dummy connection)"
127.0.0.1 - - [10/Sep/2021:15:32:13 +0000] "OPTIONS * HTTP/1.0" 200 126 "-" "Apache/2.4.48 (Debian) PHP/7.4.23 (internal dummy connection)"
127.0.0.1 - - [10/Sep/2021:15:32:14 +0000] "OPTIONS * HTTP/1.0" 200 126 "-" "Apache/2.4.48 (Debian) PHP/7.4.23 (internal dummy connection)"
172.18.0.1 - - [10/Sep/2021:15:31:28 +0000] "GET /wp-admin/plugins.php?activate=true&plugin_status=active&paged=1&s= HTTP/1.1" 200 29971 "http://localhost/wp-admin/" "Mozilla/5.0 (Windows NT 10.0; WOW64) AppleWebKit/537.36 (KHTML, like Gecko) Chrome/93.0.4577.63 Safari/537.36"
127.0.0.1 - - [10/Sep/2021:15:32:17 +0000] "OPTIONS * HTTP/1.0" 200 126 "-" "Apache/2.4.48 (Debian) PHP/7.4.23 (internal dummy connection)"
172.18.0.1 - - [10/Sep/2021:15:31:32 +0000] "GET / HTTP/1.1" 200 6610 "-" "Mozilla/5.0 (Windows NT 10.0; WOW64) AppleWebKit/537.36 (KHTML, like Gecko) Chrome/93.0.4577.63 Safari/537.36"
127.0.0.1 - - [10/Sep/2021:15:32:22 +0000] "OPTIONS * HTTP/1.0" 200 126 "-" "Apache/2.4.48 (Debian) PHP/7.4.23 (internal dummy connection)"
127.0.0.1 - - [10/Sep/2021:15:32:02 +0000] "POST /wp-cron.php?doing_wp_cron=1631287922.3780469894409179687500 HTTP/1.1" 200 192 "http://localhost/wp-cron.php?doing_wp_cron=1631287922.3780469894409179687500" "WordPress/5.8; http://localhost"
127.0.0.1 - - [10/Sep/2021:15:32:26 +0000] "OPTIONS * HTTP/1.0" 200 126 "-" "Apache/2.4.48 (Debian) PHP/7.4.23 (internal dummy connection)"
127.0.0.1 - - [10/Sep/2021:15:32:37 +0000] "GET /wp-content/uploads/woocommerce_uploads/ HTTP/1.1" 404 15063 "http://localhost/wp-content/uploads/woocommerce_uploads/" "WordPress/5.8; http://localhost"
127.0.0.1 - - [10/Sep/2021:15:32:38 +0000] "POST /wp-cron.php?doing_wp_cron=1631287958.0939559936523437500000 HTTP/1.1" 200 192 "http://localhost/wp-cron.php?doing_wp_cron=1631287958.0939559936523437500000" "WordPress/5.8; http://localhost"
172.18.0.1 - - [10/Sep/2021:15:30:55 +0000] "GET /wp-admin/plugins.php?action=activate&plugin=woocommerce%2Fwoocommerce.php&plugin_status=active&_wpnonce=d17e0d4e9c HTTP/1.1" 302 525 "http://localhost/wp-admin/plugins.php?plugin=woocommerce%2Fwoocommerce.php" "Mozilla/5.0 (Windows NT 10.0; WOW64) AppleWebKit/537.36 (KHTML, like Gecko) Chrome/93.0.4577.63 Safari/537.36"
127.0.0.1 - - [10/Sep/2021:15:32:40 +0000] "OPTIONS * HTTP/1.0" 200 126 "-" "Apache/2.4.48 (Debian) PHP/7.4.23 (internal dummy connection)"
127.0.0.1 - - [10/Sep/2021:15:33:12 +0000] "POST /wp-admin/admin-ajax.php?action=wp_1_wc_privacy_cleanup&nonce=c183da80c2 HTTP/1.1" 200 420 "http://localhost/wp-admin/admin-ajax.php?action=wp_1_wc_privacy_cleanup&nonce=c183da80c2" "WordPress/5.8; http://localhost"
127.0.0.1 - - [10/Sep/2021:15:33:12 +0000] "POST /wp-cron.php?doing_wp_cron=1631287992.1869859695434570312500 HTTP/1.1" 200 192 "http://localhost/wp-cron.php?doing_wp_cron=1631287992.1869859695434570312500" "WordPress/5.8; http://localhost"
172.18.0.1 - - [10/Sep/2021:15:33:12 +0000] "GET /wp-admin/ HTTP/1.1" 200 35237 "http://localhost/" "Mozilla/5.0 (Windows NT 10.0; WOW64) AppleWebKit/537.36 (KHTML, like Gecko) Chrome/93.0.4577.63 Safari/537.36"
172.18.0.1 - - [10/Sep/2021:15:33:17 +0000] "GET /wp-content/plugins/woocommerce/assets/css/twenty-twenty-one-admin.css?ver=5.6.0 HTTP/1.1" 200 442 "http://localhost/wp-admin/" "Mozilla/5.0 (Windows NT 10.0; WOW64) AppleWebKit/537.36 (KHTML, like Gecko) Chrome/93.0.4577.63 Safari/537.36"
172.18.0.1 - - [10/Sep/2021:15:33:17 +0000] "GET /wp-content/plugins/woocommerce-mercadopago/assets/css/config_mercadopago.min.css?ver=5.3.1 HTTP/1.1" 200 1533 "http://localhost/wp-admin/" "Mozilla/5.0 (Windows NT 10.0; WOW64) AppleWebKit/537.36 (KHTML, like Gecko) Chrome/93.0.4577.63 Safari/537.36"
172.18.0.1 - - [10/Sep/2021:15:33:17 +0000] "GET /wp-content/plugins/woocommerce-mercadopago/assets/css/admin_notice_mercadopago.min.css?ver=5.3.1 HTTP/1.1" 200 813 "http://localhost/wp-admin/" "Mozilla/5.0 (Windows NT 10.0; WOW64) AppleWebKit/537.36 (KHTML, like Gecko) Chrome/93.0.4577.63 Safari/537.36"
172.18.0.1 - - [10/Sep/2021:15:33:17 +0000] "GET /wp-content/plugins/woocommerce-mercadopago/assets/css/saved_cards_notice_mercadopago.min.css?ver=5.3.1 HTTP/1.1" 200 862 "http://localhost/wp-admin/" "Mozilla/5.0 (Windows NT 10.0; WOW64) AppleWebKit/537.36 (KHTML, like Gecko) Chrome/93.0.4577.63 Safari/537.36"
172.18.0.1 - - [10/Sep/2021:15:33:17 +0000] "GET /wp-content/plugins/woocommerce/assets/css/menu.css?ver=5.6.0 HTTP/1.1" 200 1662 "http://localhost/wp-admin/" "Mozilla/5.0 (Windows NT 10.0; WOW64) AppleWebKit/537.36 (KHTML, like Gecko) Chrome/93.0.4577.63 Safari/537.36"
172.18.0.1 - - [10/Sep/2021:15:33:17 +0000] "GET /wp-content/plugins/woocommerce/assets/css/dashboard.css?ver=5.6.0 HTTP/1.1" 200 1679 "http://localhost/wp-admin/" "Mozilla/5.0 (Windows NT 10.0; WOW64) AppleWebKit/537.36 (KHTML, like Gecko) Chrome/93.0.4577.63 Safari/537.36"
172.18.0.1 - - [10/Sep/2021:15:33:17 +0000] "GET /wp-content/plugins/woocommerce/assets/css/activation.css?ver=5.6.0 HTTP/1.1" 200 843 "http://localhost/wp-admin/" "Mozilla/5.0 (Windows NT 10.0; WOW64) AppleWebKit/537.36 (KHTML, like Gecko) Chrome/93.0.4577.63 Safari/537.36"
172.18.0.1 - - [10/Sep/2021:15:33:17 +0000] "GET /wp-content/plugins/woocommerce-mercadopago/assets/js/review.min.js?ver=5.3.1 HTTP/1.1" 200 489 "http://localhost/wp-admin/" "Mozilla/5.0 (Windows NT 10.0; WOW64) AppleWebKit/537.36 (KHTML, like Gecko) Chrome/93.0.4577.63 Safari/537.36"
172.18.0.1 - - [10/Sep/2021:15:33:17 +0000] "GET /wp-content/plugins/woocommerce-mercadopago/assets/js/saved_cards_notice_mercadopago.min.js?ver=5.3.1 HTTP/1.1" 200 489 "http://localhost/wp-admin/" "Mozilla/5.0 (Windows NT 10.0; WOW64) AppleWebKit/537.36 (KHTML, like Gecko) Chrome/93.0.4577.63 Safari/537.36"
172.18.0.1 - - [10/Sep/2021:15:33:17 +0000] "GET /wp-content/plugins/woocommerce/assets/js/admin/reports.min.js?ver=5.6.0 HTTP/1.1" 200 1705 "http://localhost/wp-admin/" "Mozilla/5.0 (Windows NT 10.0; WOW64) AppleWebKit/537.36 (KHTML, like Gecko) Chrome/93.0.4577.63 Safari/537.36"
172.18.0.1 - - [10/Sep/2021:15:33:17 +0000] "GET /wp-content/plugins/woocommerce/assets/js/jquery-flot/jquery.flot.min.js?ver=5.6.0 HTTP/1.1" 200 12649 "http://localhost/wp-admin/" "Mozilla/5.0 (Windows NT 10.0; WOW64) AppleWebKit/537.36 (KHTML, like Gecko) Chrome/93.0.4577.63 Safari/537.36"
172.18.0.1 - - [10/Sep/2021:15:33:17 +0000] "GET /wp-content/plugins/woocommerce/assets/js/jquery-flot/jquery.flot.resize.min.js?ver=5.6.0 HTTP/1.1" 200 941 "http://localhost/wp-admin/" "Mozilla/5.0 (Windows NT 10.0; WOW64) AppleWebKit/537.36 (KHTML, like Gecko) Chrome/93.0.4577.63 Safari/537.36"
172.18.0.1 - - [10/Sep/2021:15:33:17 +0000] "GET /wp-content/plugins/woocommerce/assets/js/jquery-flot/jquery.flot.time.min.js?ver=5.6.0 HTTP/1.1" 200 2193 "http://localhost/wp-admin/" "Mozilla/5.0 (Windows NT 10.0; WOW64) AppleWebKit/537.36 (KHTML, like Gecko) Chrome/93.0.4577.63 Safari/537.36"
172.18.0.1 - - [10/Sep/2021:15:33:17 +0000] "GET /wp-content/plugins/woocommerce/assets/js/jquery-flot/jquery.flot.pie.min.js?ver=5.6.0 HTTP/1.1" 200 3215 "http://localhost/wp-admin/" "Mozilla/5.0 (Windows NT 10.0; WOW64) AppleWebKit/537.36 (KHTML, like Gecko) Chrome/93.0.4577.63 Safari/537.36"
172.18.0.1 - - [10/Sep/2021:15:33:17 +0000] "GET /wp-admin/load-styles.php?c=0&dir=ltr&load%5Bchunk_0%5D=dashicons,admin-bar,site-health,common,forms,admin-menu,dashboard,list-tables,edit,revisions,media,themes,about,nav-menus,wp-poi&load%5Bchunk_1%5D=nter,widgets,site-icon,l10n,buttons,wp-auth-check,media-views&ver=5.8 HTTP/1.1" 200 106697 "http://localhost/wp-admin/" "Mozilla/5.0 (Windows NT 10.0; WOW64) AppleWebKit/537.36 (KHTML, like Gecko) Chrome/93.0.4577.63 Safari/537.36"
172.18.0.1 - - [10/Sep/2021:15:33:17 +0000] "GET /wp-content/plugins/woocommerce/assets/js/jquery-flot/jquery.flot.stack.min.js?ver=5.6.0 HTTP/1.1" 200 978 "http://localhost/wp-admin/" "Mozilla/5.0 (Windows NT 10.0; WOW64) AppleWebKit/537.36 (KHTML, like Gecko) Chrome/93.0.4577.63 Safari/537.36"
172.18.0.1 - - [10/Sep/2021:15:33:17 +0000] "GET /wp-admin/load-scripts.php?c=0&load%5Bchunk_0%5D=jquery-core,jquery-migrate,utils,jquery-ui-core,moxiejs,plupload&ver=5.8 HTTP/1.1" 200 73586 "http://localhost/wp-admin/" "Mozilla/5.0 (Windows NT 10.0; WOW64) AppleWebKit/537.36 (KHTML, like Gecko) Chrome/93.0.4577.63 Safari/537.36"
172.18.0.1 - - [10/Sep/2021:15:33:17 +0000] "GET /wp-content/plugins/woocommerce/assets/fonts/WooCommerce.woff HTTP/1.1" 200 14463 "http://localhost/wp-content/plugins/woocommerce/assets/css/menu.css?ver=5.6.0" "Mozilla/5.0 (Windows NT 10.0; WOW64) AppleWebKit/537.36 (KHTML, like Gecko) Chrome/93.0.4577.63 Safari/537.36"
172.18.0.1 - - [10/Sep/2021:15:33:17 +0000] "GET /wp-content/plugins/woocommerce-mercadopago/assets/images/generics/icone-cartao-mp.png HTTP/1.1" 200 6586 "http://localhost/wp-admin/" "Mozilla/5.0 (Windows NT 10.0; WOW64) AppleWebKit/537.36 (KHTML, like Gecko) Chrome/93.0.4577.63 Safari/537.36"
172.18.0.1 - - [10/Sep/2021:15:33:17 +0000] "GET /wp-content/plugins/woocommerce-mercadopago/assets/images/minilogo.png HTTP/1.1" 304 249 "http://localhost/wp-admin/" "Mozilla/5.0 (Windows NT 10.0; WOW64) AppleWebKit/537.36 (KHTML, like Gecko) Chrome/93.0.4577.63 Safari/537.36"
172.18.0.1 - - [10/Sep/2021:15:33:18 +0000] "GET /wp-content/plugins/woocommerce/assets/js/admin/wc-status-widget.min.js?ver=5.6.0 HTTP/1.1" 200 569 "http://localhost/wp-admin/" "Mozilla/5.0 (Windows NT 10.0; WOW64) AppleWebKit/537.36 (KHTML, like Gecko) Chrome/93.0.4577.63 Safari/537.36"
127.0.0.1 - - [10/Sep/2021:15:33:41 +0000] "POST /wp-cron.php?doing_wp_cron=1631288021.6809179782867431640625 HTTP/1.1" 200 192 "http://localhost/wp-cron.php?doing_wp_cron=1631288021.6809179782867431640625" "WordPress/5.8; http://localhost"
172.18.0.1 - - [10/Sep/2021:15:33:41 +0000] "GET /wp-admin/plugins.php HTTP/1.1" 200 32890 "http://localhost/wp-admin/" "Mozilla/5.0 (Windows NT 10.0; WOW64) AppleWebKit/537.36 (KHTML, like Gecko) Chrome/93.0.4577.63 Safari/537.36"
172.18.0.1 - - [10/Sep/2021:15:33:42 +0000] "GET /wp-admin/load-styles.php?c=0&dir=ltr&load%5Bchunk_0%5D=dashicons,admin-bar,common,forms,admin-menu,dashboard,list-tables,edit,revisions,media,themes,about,nav-menus,wp-pointer,widgets&load%5Bchunk_1%5D=,site-icon,l10n,buttons,wp-jquery-ui-dialog,wp-auth-check,media-views&ver=5.8 HTTP/1.1" 200 106327 "http://localhost/wp-admin/plugins.php" "Mozilla/5.0 (Windows NT 10.0; WOW64) AppleWebKit/537.36 (KHTML, like Gecko) Chrome/93.0.4577.63 Safari/537.36"
172.18.0.1 - - [10/Sep/2021:15:33:52 +0000] "GET /wp-admin/admin.php?page=wc-admin HTTP/1.1" 200 78064 "http://localhost/wp-admin/plugins.php" "Mozilla/5.0 (Windows NT 10.0; WOW64) AppleWebKit/537.36 (KHTML, like Gecko) Chrome/93.0.4577.63 Safari/537.36"
172.18.0.1 - - [10/Sep/2021:15:33:54 +0000] "GET /wp-content/plugins/woocommerce/packages/woocommerce-admin/dist/components/style.css?ver=2.5.1 HTTP/1.1" 200 14676 "http://localhost/wp-admin/admin.php?page=wc-admin" "Mozilla/5.0 (Windows NT 10.0; WOW64) AppleWebKit/537.36 (KHTML, like Gecko) Chrome/93.0.4577.63 Safari/537.36"
172.18.0.1 - - [10/Sep/2021:15:33:54 +0000] "GET /wp-content/plugins/woocommerce/packages/woocommerce-admin/dist/app/style.css?ver=2.5.1 HTTP/1.1" 200 5373 "http://localhost/wp-admin/admin.php?page=wc-admin" "Mozilla/5.0 (Windows NT 10.0; WOW64) AppleWebKit/537.36 (KHTML, like Gecko) Chrome/93.0.4577.63 Safari/537.36"
172.18.0.1 - - [10/Sep/2021:15:33:54 +0000] "GET /wp-content/plugins/woocommerce/packages/woocommerce-admin/dist/app/index.js?ver=2.5.1 HTTP/1.1" 200 49495 "http://localhost/wp-admin/admin.php?page=wc-admin" "Mozilla/5.0 (Windows NT 10.0; WOW64) AppleWebKit/537.36 (KHTML, like Gecko) Chrome/93.0.4577.63 Safari/537.36"
172.18.0.1 - - [10/Sep/2021:15:33:54 +0000] "GET /wp-content/plugins/woocommerce/assets/css/twenty-twenty-one-admin.css?ver=5.6.0 HTTP/1.1" 200 441 "http://localhost/wp-admin/admin.php?page=wc-admin" "Mozilla/5.0 (Windows NT 10.0; WOW64) AppleWebKit/537.36 (KHTML, like Gecko) Chrome/93.0.4577.63 Safari/537.36"
172.18.0.1 - - [10/Sep/2021:15:33:54 +0000] "GET /wp-content/plugins/woocommerce/packages/woocommerce-admin/dist/customer-effort-score/style.css?ver=2.5.1 HTTP/1.1" 200 1888 "http://localhost/wp-admin/admin.php?page=wc-admin" "Mozilla/5.0 (Windows NT 10.0; WOW64) AppleWebKit/537.36 (KHTML, like Gecko) Chrome/93.0.4577.63 Safari/537.36"
172.18.0.1 - - [10/Sep/2021:15:33:54 +0000] "GET /wp-content/plugins/woocommerce/packages/woocommerce-admin/dist/components/index.js?ver=2.5.1 HTTP/1.1" 200 161777 "http://localhost/wp-admin/admin.php?page=wc-admin" "Mozilla/5.0 (Windows NT 10.0; WOW64) AppleWebKit/537.36 (KHTML, like Gecko) Chrome/93.0.4577.63 Safari/537.36"
172.18.0.1 - - [10/Sep/2021:15:33:54 +0000] "GET /wp-admin/load-styles.php?c=0&dir=ltr&load%5Bchunk_0%5D=dashicons,admin-bar,common,forms,admin-menu,dashboard,list-tables,edit,revisions,media,themes,about,nav-menus,wp-pointer,widgets&load%5Bchunk_1%5D=,site-icon,l10n,buttons,wp-auth-check,media-views,wp-components&ver=5.8 HTTP/1.1" 200 120948 "http://localhost/wp-admin/admin.php?page=wc-admin" "Mozilla/5.0 (Windows NT 10.0; WOW64) AppleWebKit/537.36 (KHTML, like Gecko) Chrome/93.0.4577.63 Safari/537.36"
172.18.0.1 - - [10/Sep/2021:15:33:54 +0000] "GET /wp-content/plugins/woocommerce/packages/woocommerce-admin/dist/experimental/style.css?ver=2.5.1 HTTP/1.1" 200 3404 "http://localhost/wp-admin/admin.php?page=wc-admin" "Mozilla/5.0 (Windows NT 10.0; WOW64) AppleWebKit/537.36 (KHTML, like Gecko) Chrome/93.0.4577.63 Safari/537.36"
172.18.0.1 - - [10/Sep/2021:15:33:54 +0000] "GET /wp-content/plugins/woocommerce/packages/woocommerce-admin/dist/onboarding/style.css?ver=2.5.1 HTTP/1.1" 200 1769 "http://localhost/wp-admin/admin.php?page=wc-admin" "Mozilla/5.0 (Windows NT 10.0; WOW64) AppleWebKit/537.36 (KHTML, like Gecko) Chrome/93.0.4577.63 Safari/537.36"
172.18.0.1 - - [10/Sep/2021:15:33:54 +0000] "GET /wp-content/plugins/woocommerce/assets/css/menu.css?ver=5.6.0 HTTP/1.1" 200 1662 "http://localhost/wp-admin/admin.php?page=wc-admin" "Mozilla/5.0 (Windows NT 10.0; WOW64) AppleWebKit/537.36 (KHTML, like Gecko) Chrome/93.0.4577.63 Safari/537.36"
172.18.0.1 - - [10/Sep/2021:15:33:54 +0000] "GET /wp-content/plugins/woocommerce/packages/woocommerce-blocks/build/wc-settings.js?ver=eb9fff9e86cd8c11bfb8c225bea87ed4 HTTP/1.1" 200 3265 "http://localhost/wp-admin/admin.php?page=wc-admin" "Mozilla/5.0 (Windows NT 10.0; WOW64) AppleWebKit/537.36 (KHTML, like Gecko) Chrome/93.0.4577.63 Safari/537.36"
172.18.0.1 - - [10/Sep/2021:15:33:54 +0000] "GET /wp-content/plugins/woocommerce/packages/woocommerce-admin/dist/number/index.js?ver=2.5.1 HTTP/1.1" 200 1402 "http://localhost/wp-admin/admin.php?page=wc-admin" "Mozilla/5.0 (Windows NT 10.0; WOW64) AppleWebKit/537.36 (KHTML, like Gecko) Chrome/93.0.4577.63 Safari/537.36"
172.18.0.1 - - [10/Sep/2021:15:33:54 +0000] "GET /wp-content/plugins/woocommerce/packages/woocommerce-admin/dist/currency/index.js?ver=2.5.1 HTTP/1.1" 200 1939 "http://localhost/wp-admin/admin.php?page=wc-admin" "Mozilla/5.0 (Windows NT 10.0; WOW64) AppleWebKit/537.36 (KHTML, like Gecko) Chrome/93.0.4577.63 Safari/537.36"
172.18.0.1 - - [10/Sep/2021:15:33:54 +0000] "GET /wp-content/plugins/woocommerce/packages/woocommerce-admin/dist/date/index.js?ver=2.5.1 HTTP/1.1" 200 6773 "http://localhost/wp-admin/admin.php?page=wc-admin" "Mozilla/5.0 (Windows NT 10.0; WOW64) AppleWebKit/537.36 (KHTML, like Gecko) Chrome/93.0.4577.63 Safari/537.36"
172.18.0.1 - - [10/Sep/2021:15:33:54 +0000] "GET /wp-content/plugins/woocommerce/packages/woocommerce-admin/dist/navigation/index.js?ver=2.5.1 HTTP/1.1" 200 8652 "http://localhost/wp-admin/admin.php?page=wc-admin" "Mozilla/5.0 (Windows NT 10.0; WOW64) AppleWebKit/537.36 (KHTML, like Gecko) Chrome/93.0.4577.63 Safari/537.36"
172.18.0.1 - - [10/Sep/2021:15:33:54 +0000] "GET /wp-content/plugins/woocommerce/packages/woocommerce-admin/dist/data/index.js?ver=2.5.1 HTTP/1.1" 200 18210 "http://localhost/wp-admin/admin.php?page=wc-admin" "Mozilla/5.0 (Windows NT 10.0; WOW64) AppleWebKit/537.36 (KHTML, like Gecko) Chrome/93.0.4577.63 Safari/537.36"
172.18.0.1 - - [10/Sep/2021:15:33:54 +0000] "GET /wp-content/plugins/woocommerce/packages/woocommerce-admin/dist/csv-export/index.js?ver=2.5.1 HTTP/1.1" 200 2627 "http://localhost/wp-admin/admin.php?page=wc-admin" "Mozilla/5.0 (Windows NT 10.0; WOW64) AppleWebKit/537.36 (KHTML, like Gecko) Chrome/93.0.4577.63 Safari/537.36"
172.18.0.1 - - [10/Sep/2021:15:33:54 +0000] "GET /wp-content/plugins/woocommerce/packages/woocommerce-admin/dist/customer-effort-score/index.js?ver=2.5.1 HTTP/1.1" 200 2274 "http://localhost/wp-admin/admin.php?page=wc-admin" "Mozilla/5.0 (Windows NT 10.0; WOW64) AppleWebKit/537.36 (KHTML, like Gecko) Chrome/93.0.4577.63 Safari/537.36"
172.18.0.1 - - [10/Sep/2021:15:33:54 +0000] "GET /wp-content/plugins/woocommerce/packages/woocommerce-admin/dist/experimental/index.js?ver=2.5.1 HTTP/1.1" 200 18551 "http://localhost/wp-admin/admin.php?page=wc-admin" "Mozilla/5.0 (Windows NT 10.0; WOW64) AppleWebKit/537.36 (KHTML, like Gecko) Chrome/93.0.4577.63 Safari/537.36"
172.18.0.1 - - [10/Sep/2021:15:33:54 +0000] "GET /wp-content/plugins/woocommerce/packages/woocommerce-admin/dist/explat/index.js?ver=2.5.1 HTTP/1.1" 200 8400 "http://localhost/wp-admin/admin.php?page=wc-admin" "Mozilla/5.0 (Windows NT 10.0; WOW64) AppleWebKit/537.36 (KHTML, like Gecko) Chrome/93.0.4577.63 Safari/537.36"
172.18.0.1 - - [10/Sep/2021:15:33:54 +0000] "GET /wp-content/plugins/woocommerce/packages/woocommerce-admin/dist/notices/index.js?ver=2.5.1 HTTP/1.1" 200 1426 "http://localhost/wp-admin/admin.php?page=wc-admin" "Mozilla/5.0 (Windows NT 10.0; WOW64) AppleWebKit/537.36 (KHTML, like Gecko) Chrome/93.0.4577.63 Safari/537.36"
172.18.0.1 - - [10/Sep/2021:15:33:54 +0000] "GET /wp-content/plugins/woocommerce/packages/woocommerce-admin/dist/tracks/index.js?ver=2.5.1 HTTP/1.1" 200 4165 "http://localhost/wp-admin/admin.php?page=wc-admin" "Mozilla/5.0 (Windows NT 10.0; WOW64) AppleWebKit/537.36 (KHTML, like Gecko) Chrome/93.0.4577.63 Safari/537.36"
172.18.0.1 - - [10/Sep/2021:15:33:54 +0000] "GET /wp-content/plugins/woocommerce/packages/woocommerce-admin/dist/chunks/47.style.css?ver=2.5.1 HTTP/1.1" 200 1635 "http://localhost/wp-admin/admin.php?page=wc-admin" "Mozilla/5.0 (Windows NT 10.0; WOW64) AppleWebKit/537.36 (KHTML, like Gecko) Chrome/93.0.4577.63 Safari/537.36"
172.18.0.1 - - [10/Sep/2021:15:33:54 +0000] "GET /wp-content/plugins/woocommerce/packages/woocommerce-admin/dist/chunks/3.js?ver=2.5.1 HTTP/1.1" 200 7497 "http://localhost/wp-admin/admin.php?page=wc-admin" "Mozilla/5.0 (Windows NT 10.0; WOW64) AppleWebKit/537.36 (KHTML, like Gecko) Chrome/93.0.4577.63 Safari/537.36"
172.18.0.1 - - [10/Sep/2021:15:33:54 +0000] "GET /wp-content/plugins/woocommerce/packages/woocommerce-admin/dist/chunks/store-alerts.js?ver=2.5.1 HTTP/1.1" 200 2319 "http://localhost/wp-admin/admin.php?page=wc-admin" "Mozilla/5.0 (Windows NT 10.0; WOW64) AppleWebKit/537.36 (KHTML, like Gecko) Chrome/93.0.4577.63 Safari/537.36"
172.18.0.1 - - [10/Sep/2021:15:33:54 +0000] "GET /wp-content/plugins/woocommerce/packages/woocommerce-admin/dist/chunks/2.js?ver=2.5.1 HTTP/1.1" 200 3508 "http://localhost/wp-admin/admin.php?page=wc-admin" "Mozilla/5.0 (Windows NT 10.0; WOW64) AppleWebKit/537.36 (KHTML, like Gecko) Chrome/93.0.4577.63 Safari/537.36"
172.18.0.1 - - [10/Sep/2021:15:33:54 +0000] "GET /wp-content/plugins/woocommerce/packages/woocommerce-admin/dist/chunks/31.style.css?ver=2.5.1 HTTP/1.1" 200 6092 "http://localhost/wp-admin/admin.php?page=wc-admin" "Mozilla/5.0 (Windows NT 10.0; WOW64) AppleWebKit/537.36 (KHTML, like Gecko) Chrome/93.0.4577.63 Safari/537.36"
172.18.0.1 - - [10/Sep/2021:15:33:54 +0000] "GET /wp-content/plugins/woocommerce/packages/woocommerce-admin/dist/chunks/homescreen.js?ver=2.5.1 HTTP/1.1" 200 63182 "http://localhost/wp-admin/admin.php?page=wc-admin" "Mozilla/5.0 (Windows NT 10.0; WOW64) AppleWebKit/537.36 (KHTML, like Gecko) Chrome/93.0.4577.63 Safari/537.36"
172.18.0.1 - - [10/Sep/2021:15:33:55 +0000] "GET /wp-content/plugins/woocommerce/packages/woocommerce-admin/dist/chunks/49.style.css?ver=2.5.1 HTTP/1.1" 200 1648 "http://localhost/wp-admin/admin.php?page=wc-admin" "Mozilla/5.0 (Windows NT 10.0; WOW64) AppleWebKit/537.36 (KHTML, like Gecko) Chrome/93.0.4577.63 Safari/537.36"
172.18.0.1 - - [10/Sep/2021:15:33:55 +0000] "GET /wp-content/plugins/woocommerce/packages/woocommerce-admin/dist/chunks/task-list.js?ver=2.5.1 HTTP/1.1" 200 18904 "http://localhost/wp-admin/admin.php?page=wc-admin" "Mozilla/5.0 (Windows NT 10.0; WOW64) AppleWebKit/537.36 (KHTML, like Gecko) Chrome/93.0.4577.63 Safari/537.36"
172.18.0.1 - - [10/Sep/2021:15:33:55 +0000] "GET /wp-content/plugins/woocommerce/packages/woocommerce-admin/dist/chunks/1.js?ver=2.5.1 HTTP/1.1" 200 67482 "http://localhost/wp-admin/admin.php?page=wc-admin" "Mozilla/5.0 (Windows NT 10.0; WOW64) AppleWebKit/537.36 (KHTML, like Gecko) Chrome/93.0.4577.63 Safari/537.36"
172.18.0.1 - - [10/Sep/2021:15:33:54 +0000] "GET /wp-json/wc-admin/options?options=woocommerce_ces_tracks_queue&_locale=user HTTP/1.1" 200 691 "http://localhost/wp-admin/admin.php?page=wc-admin" "Mozilla/5.0 (Windows NT 10.0; WOW64) AppleWebKit/537.36 (KHTML, like Gecko) Chrome/93.0.4577.63 Safari/537.36"
172.18.0.1 - - [10/Sep/2021:15:33:55 +0000] "GET /wp-json/wc-analytics/orders?page=1&per_page=1&status%5B0%5D=processing&status%5B1%5D=on-hold&_fields%5B0%5D=id&_locale=user HTTP/1.1" 200 695 "http://localhost/wp-admin/admin.php?page=wc-admin" "Mozilla/5.0 (Windows NT 10.0; WOW64) AppleWebKit/537.36 (KHTML, like Gecko) Chrome/93.0.4577.63 Safari/537.36"
172.18.0.1 - - [10/Sep/2021:15:33:55 +0000] "GET /wp-json/wc-analytics/products/reviews?page=1&per_page=1&status=hold&_embed=1&_fields%5B0%5D=id&_locale=user HTTP/1.1" 200 695 "http://localhost/wp-admin/admin.php?page=wc-admin" "Mozilla/5.0 (Windows NT 10.0; WOW64) AppleWebKit/537.36 (KHTML, like Gecko) Chrome/93.0.4577.63 Safari/537.36"
172.18.0.1 - - [10/Sep/2021:15:33:55 +0000] "GET /wp-json/wc-analytics/products/low-in-stock?page=1&per_page=1&low_in_stock=true&status=publish&_fields%5B0%5D=id&_locale=user HTTP/1.1" 200 689 "http://localhost/wp-admin/admin.php?page=wc-admin" "Mozilla/5.0 (Windows NT 10.0; WOW64) AppleWebKit/537.36 (KHTML, like Gecko) Chrome/93.0.4577.63 Safari/537.36"
172.18.0.1 - - [10/Sep/2021:15:33:55 +0000] "GET /wp-json/wc-analytics/admin/notes?page=1&per_page=25&type=error%2Cupdate&status=unactioned&_locale=user HTTP/1.1" 200 669 "http://localhost/wp-admin/admin.php?page=wc-admin" "Mozilla/5.0 (Windows NT 10.0; WOW64) AppleWebKit/537.36 (KHTML, like Gecko) Chrome/93.0.4577.63 Safari/537.36"
172.18.0.1 - - [10/Sep/2021:15:33:55 +0000] "POST /wp-json/wp/v2/users/1?_locale=user HTTP/1.1" 200 5183 "http://localhost/wp-admin/admin.php?page=wc-admin" "Mozilla/5.0 (Windows NT 10.0; WOW64) AppleWebKit/537.36 (KHTML, like Gecko) Chrome/93.0.4577.63 Safari/537.36"
172.18.0.1 - - [10/Sep/2021:15:33:56 +0000] "GET /wp-json/wc-analytics/admin/notes?page=1&per_page=25&status=unactioned&type%5B0%5D=info&type%5B1%5D=marketing&type%5B2%5D=survey&type%5B3%5D=warning&orderby=date&order=desc&_fields%5B0%5D=id&_fields%5B1%5D=name&_fields%5B2%5D=title&_fields%5B3%5D=content&_fields%5B4%5D=type&_fields%5B5%5D=status&_fields%5B6%5D=actions&_fields%5B7%5D=date_created&_fields%5B8%5D=date_created_gmt&_fields%5B9%5D=layout&_fields%5B10%5D=image&_fields%5B11%5D=is_deleted&_locale=user HTTP/1.1" 200 2799 "http://localhost/wp-admin/admin.php?page=wc-admin" "Mozilla/5.0 (Windows NT 10.0; WOW64) AppleWebKit/537.36 (KHTML, like Gecko) Chrome/93.0.4577.63 Safari/537.36"
172.18.0.1 - - [10/Sep/2021:15:33:56 +0000] "GET /wp-json/wc-analytics/admin/notes?page=1&per_page=25&status=unactioned&type%5B0%5D=info&type%5B1%5D=marketing&type%5B2%5D=survey&type%5B3%5D=warning&orderby=date&order=desc&_locale=user HTTP/1.1" 200 3710 "http://localhost/wp-admin/admin.php?page=wc-admin" "Mozilla/5.0 (Windows NT 10.0; WOW64) AppleWebKit/537.36 (KHTML, like Gecko) Chrome/93.0.4577.63 Safari/537.36"
172.18.0.1 - - [10/Sep/2021:15:33:56 +0000] "GET /wp-json/wc-analytics/reports/performance-indicators?after=2021-09-10T00%3A00%3A00&before=2021-09-10T15%3A33%3A55&stats=revenue%2Ftotal_sales%2Corders%2Forders_count&_locale=user HTTP/1.1" 200 1174 "http://localhost/wp-admin/admin.php?page=wc-admin" "Mozilla/5.0 (Windows NT 10.0; WOW64) AppleWebKit/537.36 (KHTML, like Gecko) Chrome/93.0.4577.63 Safari/537.36"
172.18.0.1 - - [10/Sep/2021:15:33:56 +0000] "GET /wp-json/wp/v2/users/1?context=edit&_locale=user HTTP/1.1" 200 5012 "http://localhost/wp-admin/admin.php?page=wc-admin" "Mozilla/5.0 (Windows NT 10.0; WOW64) AppleWebKit/537.36 (KHTML, like Gecko) Chrome/93.0.4577.63 Safari/537.36"
172.18.0.1 - - [10/Sep/2021:15:33:56 +0000] "GET /wp-json/wc-analytics/reports/performance-indicators?after=2021-09-09T00%3A00%3A00&before=2021-09-09T23%3A59%3A59&stats=revenue%2Ftotal_sales%2Corders%2Forders_count&_locale=user HTTP/1.1" 200 1174 "http://localhost/wp-admin/admin.php?page=wc-admin" "Mozilla/5.0 (Windows NT 10.0; WOW64) AppleWebKit/537.36 (KHTML, like Gecko) Chrome/93.0.4577.63 Safari/537.36"
172.18.0.1 - - [10/Sep/2021:15:34:00 +0000] "POST /wp-json/wc-admin/options?_locale=user HTTP/1.1" 200 891 "http://localhost/wp-admin/admin.php?page=wc-admin" "Mozilla/5.0 (Windows NT 10.0; WOW64) AppleWebKit/537.36 (KHTML, like Gecko) Chrome/93.0.4577.63 Safari/537.36"
127.0.0.1 - - [10/Sep/2021:15:34:02 +0000] "OPTIONS * HTTP/1.0" 200 126 "-" "Apache/2.4.48 (Debian) PHP/7.4.23 (internal dummy connection)"
172.18.0.1 - - [10/Sep/2021:15:34:19 +0000] "GET /wp-admin/profile.php HTTP/1.1" 200 48269 "http://localhost/wp-admin/admin.php?page=wc-admin" "Mozilla/5.0 (Windows NT 10.0; WOW64) AppleWebKit/537.36 (KHTML, like Gecko) Chrome/93.0.4577.63 Safari/537.36"
172.18.0.1 - - [10/Sep/2021:15:34:19 +0000] "GET /wp-content/plugins/woocommerce/assets/css/admin.css?ver=5.6.0 HTTP/1.1" 200 31372 "http://localhost/wp-admin/profile.php" "Mozilla/5.0 (Windows NT 10.0; WOW64) AppleWebKit/537.36 (KHTML, like Gecko) Chrome/93.0.4577.63 Safari/537.36"
172.18.0.1 - - [10/Sep/2021:15:34:19 +0000] "GET /wp-content/plugins/woocommerce-mercadopago/assets/css/admin_notice_mercadopago.min.css?ver=5.3.1 HTTP/1.1" 200 813 "http://localhost/wp-admin/profile.php" "Mozilla/5.0 (Windows NT 10.0; WOW64) AppleWebKit/537.36 (KHTML, like Gecko) Chrome/93.0.4577.63 Safari/537.36"
172.18.0.1 - - [10/Sep/2021:15:34:19 +0000] "GET /wp-content/plugins/woocommerce/assets/css/activation.css?ver=5.6.0 HTTP/1.1" 200 843 "http://localhost/wp-admin/profile.php" "Mozilla/5.0 (Windows NT 10.0; WOW64) AppleWebKit/537.36 (KHTML, like Gecko) Chrome/93.0.4577.63 Safari/537.36"
172.18.0.1 - - [10/Sep/2021:15:34:19 +0000] "GET /wp-content/plugins/woocommerce-mercadopago/assets/css/saved_cards_notice_mercadopago.min.css?ver=5.3.1 HTTP/1.1" 200 863 "http://localhost/wp-admin/profile.php" "Mozilla/5.0 (Windows NT 10.0; WOW64) AppleWebKit/537.36 (KHTML, like Gecko) Chrome/93.0.4577.63 Safari/537.36"
172.18.0.1 - - [10/Sep/2021:15:34:19 +0000] "GET /wp-content/plugins/woocommerce-mercadopago/assets/css/config_mercadopago.min.css?ver=5.3.1 HTTP/1.1" 200 1534 "http://localhost/wp-admin/profile.php" "Mozilla/5.0 (Windows NT 10.0; WOW64) AppleWebKit/537.36 (KHTML, like Gecko) Chrome/93.0.4577.63 Safari/537.36"
