172.18.0.1 - - [10/Sep/2021:16:48:02 +0000] "GET /wp-content/plugins/woocommerce/packages/woocommerce-admin/dist/app/style.css?ver=2.5.1 HTTP/1.1" 200 5373 "http://localhost/wp-admin/admin.php?page=wc-settings&tab=checkout&section=woo-mercado-pago-basic" "Mozilla/5.0 (Windows NT 10.0; WOW64) AppleWebKit/537.36 (KHTML, like Gecko) Chrome/93.0.4577.63 Safari/537.36"
172.18.0.1 - - [10/Sep/2021:16:48:02 +0000] "GET /wp-content/plugins/woocommerce-mercadopago/assets/css/admin_notice_mercadopago.min.css?ver=5.3.1 HTTP/1.1" 200 812 "http://localhost/wp-admin/admin.php?page=wc-settings&tab=checkout&section=woo-mercado-pago-basic" "Mozilla/5.0 (Windows NT 10.0; WOW64) AppleWebKit/537.36 (KHTML, like Gecko) Chrome/93.0.4577.63 Safari/537.36"
172.18.0.1 - - [10/Sep/2021:16:48:02 +0000] "GET /wp-content/plugins/woocommerce/assets/css/twenty-twenty-one-admin.css?ver=5.6.0 HTTP/1.1" 200 442 "http://localhost/wp-admin/admin.php?page=wc-settings&tab=checkout&section=woo-mercado-pago-basic" "Mozilla/5.0 (Windows NT 10.0; WOW64) AppleWebKit/537.36 (KHTML, like Gecko) Chrome/93.0.4577.63 Safari/537.36"
172.18.0.1 - - [10/Sep/2021:16:48:02 +0000] "GET /wp-content/plugins/woocommerce-mercadopago/assets/css/config_mercadopago.min.css?ver=5.3.1 HTTP/1.1" 200 1533 "http://localhost/wp-admin/admin.php?page=wc-settings&tab=checkout&section=woo-mercado-pago-basic" "Mozilla/5.0 (Windows NT 10.0; WOW64) AppleWebKit/537.36 (KHTML, like Gecko) Chrome/93.0.4577.63 Safari/537.36"
172.18.0.1 - - [10/Sep/2021:16:48:02 +0000] "GET /wp-content/plugins/woocommerce/packages/woocommerce-admin/dist/app/index.js?ver=2.5.1 HTTP/1.1" 200 49495 "http://localhost/wp-admin/admin.php?page=wc-settings&tab=checkout&section=woo-mercado-pago-basic" "Mozilla/5.0 (Windows NT 10.0; WOW64) AppleWebKit/537.36 (KHTML, like Gecko) Chrome/93.0.4577.63 Safari/537.36"
172.18.0.1 - - [10/Sep/2021:16:48:02 +0000] "GET /wp-content/plugins/woocommerce-mercadopago/assets/css/saved_cards_notice_mercadopago.min.css?ver=5.3.1 HTTP/1.1" 200 862 "http://localhost/wp-admin/admin.php?page=wc-settings&tab=checkout&section=woo-mercado-pago-basic" "Mozilla/5.0 (Windows NT 10.0; WOW64) AppleWebKit/537.36 (KHTML, like Gecko) Chrome/93.0.4577.63 Safari/537.36"
172.18.0.1 - - [10/Sep/2021:16:48:02 +0000] "GET /wp-content/plugins/woocommerce/assets/css/menu.css?ver=5.6.0 HTTP/1.1" 200 1662 "http://localhost/wp-admin/admin.php?page=wc-settings&tab=checkout&section=woo-mercado-pago-basic" "Mozilla/5.0 (Windows NT 10.0; WOW64) AppleWebKit/537.36 (KHTML, like Gecko) Chrome/93.0.4577.63 Safari/537.36"
172.18.0.1 - - [10/Sep/2021:16:48:02 +0000] "GET /wp-content/plugins/woocommerce/assets/css/admin.css?ver=5.6.0 HTTP/1.1" 200 31371 "http://localhost/wp-admin/admin.php?page=wc-settings&tab=checkout&section=woo-mercado-pago-basic" "Mozilla/5.0 (Windows NT 10.0; WOW64) AppleWebKit/537.36 (KHTML, like Gecko) Chrome/93.0.4577.63 Safari/537.36"
172.18.0.1 - - [10/Sep/2021:16:48:02 +0000] "GET /wp-content/plugins/woocommerce/packages/woocommerce-admin/dist/components/index.js?ver=2.5.1 HTTP/1.1" 200 161777 "http://localhost/wp-admin/admin.php?page=wc-settings&tab=checkout&section=woo-mercado-pago-basic" "Mozilla/5.0 (Windows NT 10.0; WOW64) AppleWebKit/537.36 (KHTML, like Gecko) Chrome/93.0.4577.63 Safari/537.36"
172.18.0.1 - - [10/Sep/2021:16:48:02 +0000] "GET /wp-content/plugins/woocommerce/assets/css/jquery-ui/jquery-ui.min.css?ver=5.6.0 HTTP/1.1" 200 7719 "http://localhost/wp-admin/admin.php?page=wc-settings&tab=checkout&section=woo-mercado-pago-basic" "Mozilla/5.0 (Windows NT 10.0; WOW64) AppleWebKit/537.36 (KHTML, like Gecko) Chrome/93.0.4577.63 Safari/537.36"
172.18.0.1 - - [10/Sep/2021:16:48:02 +0000] "GET /wp-content/plugins/woocommerce/packages/woocommerce-admin/dist/customer-effort-score/style.css?ver=2.5.1 HTTP/1.1" 200 1888 "http://localhost/wp-admin/admin.php?page=wc-settings&tab=checkout&section=woo-mercado-pago-basic" "Mozilla/5.0 (Windows NT 10.0; WOW64) AppleWebKit/537.36 (KHTML, like Gecko) Chrome/93.0.4577.63 Safari/537.36"
172.18.0.1 - - [10/Sep/2021:16:48:02 +0000] "GET /wp-content/plugins/woocommerce/packages/woocommerce-admin/dist/experimental/style.css?ver=2.5.1 HTTP/1.1" 200 3404 "http://localhost/wp-admin/admin.php?page=wc-settings&tab=checkout&section=woo-mercado-pago-basic" "Mozilla/5.0 (Windows NT 10.0; WOW64) AppleWebKit/537.36 (KHTML, like Gecko) Chrome/93.0.4577.63 Safari/537.36"
172.18.0.1 - - [10/Sep/2021:16:48:02 +0000] "GET /wp-content/plugins/woocommerce/packages/woocommerce-admin/dist/onboarding/style.css?ver=2.5.1 HTTP/1.1" 200 1769 "http://localhost/wp-admin/admin.php?page=wc-settings&tab=checkout&section=woo-mercado-pago-basic" "Mozilla/5.0 (Windows NT 10.0; WOW64) AppleWebKit/537.36 (KHTML, like Gecko) Chrome/93.0.4577.63 Safari/537.36"
172.18.0.1 - - [10/Sep/2021:16:48:02 +0000] "GET /wp-content/plugins/woocommerce/assets/css/activation.css?ver=5.6.0 HTTP/1.1" 200 843 "http://localhost/wp-admin/admin.php?page=wc-settings&tab=checkout&section=woo-mercado-pago-basic" "Mozilla/5.0 (Windows NT 10.0; WOW64) AppleWebKit/537.36 (KHTML, like Gecko) Chrome/93.0.4577.63 Safari/537.36"
172.18.0.1 - - [10/Sep/2021:16:48:02 +0000] "GET /wp-content/plugins/woocommerce-mercadopago/assets/js/review.min.js?ver=5.3.1 HTTP/1.1" 200 489 "http://localhost/wp-admin/admin.php?page=wc-settings&tab=checkout&section=woo-mercado-pago-basic" "Mozilla/5.0 (Windows NT 10.0; WOW64) AppleWebKit/537.36 (KHTML, like Gecko) Chrome/93.0.4577.63 Safari/537.36"
172.18.0.1 - - [10/Sep/2021:16:48:02 +0000] "GET /wp-content/plugins/woocommerce-mercadopago/assets/js/saved_cards_notice_mercadopago.min.js?ver=5.3.1 HTTP/1.1" 200 489 "http://localhost/wp-admin/admin.php?page=wc-settings&tab=checkout&section=woo-mercado-pago-basic" "Mozilla/5.0 (Windows NT 10.0; WOW64) AppleWebKit/537.36 (KHTML, like Gecko) Chrome/93.0.4577.63 Safari/537.36"
172.18.0.1 - - [10/Sep/2021:16:48:02 +0000] "GET /wp-content/plugins/woocommerce/assets/js/jquery-blockui/jquery.blockUI.min.js?ver=2.70 HTTP/1.1" 200 3842 "http://localhost/wp-admin/admin.php?page=wc-settings&tab=checkout&section=woo-mercado-pago-basic" "Mozilla/5.0 (Windows NT 10.0; WOW64) AppleWebKit/537.36 (KHTML, like Gecko) Chrome/93.0.4577.63 Safari/537.36"
172.18.0.1 - - [10/Sep/2021:16:48:02 +0000] "GET /wp-content/plugins/woocommerce/assets/js/jquery-tiptip/jquery.tipTip.min.js?ver=5.6.0 HTTP/1.1" 200 1438 "http://localhost/wp-admin/admin.php?page=wc-settings&tab=checkout&section=woo-mercado-pago-basic" "Mozilla/5.0 (Windows NT 10.0; WOW64) AppleWebKit/537.36 (KHTML, like Gecko) Chrome/93.0.4577.63 Safari/537.36"
172.18.0.1 - - [10/Sep/2021:16:48:02 +0000] "GET /wp-content/plugins/woocommerce/assets/js/admin/woocommerce_admin.min.js?ver=5.6.0 HTTP/1.1" 200 2650 "http://localhost/wp-admin/admin.php?page=wc-settings&tab=checkout&section=woo-mercado-pago-basic" "Mozilla/5.0 (Windows NT 10.0; WOW64) AppleWebKit/537.36 (KHTML, like Gecko) Chrome/93.0.4577.63 Safari/537.36"
172.18.0.1 - - [10/Sep/2021:16:48:02 +0000] "GET /wp-content/plugins/woocommerce/assets/js/admin/wc-enhanced-select.min.js?ver=5.6.0 HTTP/1.1" 200 1699 "http://localhost/wp-admin/admin.php?page=wc-settings&tab=checkout&section=woo-mercado-pago-basic" "Mozilla/5.0 (Windows NT 10.0; WOW64) AppleWebKit/537.36 (KHTML, like Gecko) Chrome/93.0.4577.63 Safari/537.36"
172.18.0.1 - - [10/Sep/2021:16:48:02 +0000] "GET /wp-content/plugins/woocommerce/assets/js/selectWoo/selectWoo.full.min.js?ver=1.0.6 HTTP/1.1" 200 21916 "http://localhost/wp-admin/admin.php?page=wc-settings&tab=checkout&section=woo-mercado-pago-basic" "Mozilla/5.0 (Windows NT 10.0; WOW64) AppleWebKit/537.36 (KHTML, like Gecko) Chrome/93.0.4577.63 Safari/537.36"
172.18.0.1 - - [10/Sep/2021:16:48:02 +0000] "GET /wp-content/plugins/woocommerce-mercadopago/assets/js/basic_config_mercadopago.min.js?ver=5.3.1 HTTP/1.1" 200 1992 "http://localhost/wp-admin/admin.php?page=wc-settings&tab=checkout&section=woo-mercado-pago-basic" "Mozilla/5.0 (Windows NT 10.0; WOW64) AppleWebKit/537.36 (KHTML, like Gecko) Chrome/93.0.4577.63 Safari/537.36"
172.18.0.1 - - [10/Sep/2021:16:48:02 +0000] "GET /wp-content/plugins/woocommerce/includes/gateways/paypal/assets/js/paypal-admin.min.js?ver=5.6.0 HTTP/1.1" 200 683 "http://localhost/wp-admin/admin.php?page=wc-settings&tab=checkout&section=woo-mercado-pago-basic" "Mozilla/5.0 (Windows NT 10.0; WOW64) AppleWebKit/537.36 (KHTML, like Gecko) Chrome/93.0.4577.63 Safari/537.36"
172.18.0.1 - - [10/Sep/2021:16:48:02 +0000] "GET /wp-content/plugins/woocommerce-mercadopago/assets/images/minilogo.png HTTP/1.1" 304 249 "http://localhost/wp-admin/admin.php?page=wc-settings&tab=checkout&section=woo-mercado-pago-basic" "Mozilla/5.0 (Windows NT 10.0; WOW64) AppleWebKit/537.36 (KHTML, like Gecko) Chrome/93.0.4577.63 Safari/537.36"
172.18.0.1 - - [10/Sep/2021:16:48:02 +0000] "GET /wp-content/plugins/woocommerce-mercadopago/assets/images/generics/icone-cartao-mp.png HTTP/1.1" 304 249 "http://localhost/wp-admin/admin.php?page=wc-settings&tab=checkout&section=woo-mercado-pago-basic" "Mozilla/5.0 (Windows NT 10.0; WOW64) AppleWebKit/537.36 (KHTML, like Gecko) Chrome/93.0.4577.63 Safari/537.36"
172.18.0.1 - - [10/Sep/2021:16:48:02 +0000] "GET /wp-content/plugins/woocommerce/packages/woocommerce-admin/dist/number/index.js?ver=2.5.1 HTTP/1.1" 200 1402 "http://localhost/wp-admin/admin.php?page=wc-settings&tab=checkout&section=woo-mercado-pago-basic" "Mozilla/5.0 (Windows NT 10.0; WOW64) AppleWebKit/537.36 (KHTML, like Gecko) Chrome/93.0.4577.63 Safari/537.36"
172.18.0.1 - - [10/Sep/2021:16:48:02 +0000] "GET /wp-content/plugins/woocommerce/packages/woocommerce-admin/dist/currency/index.js?ver=2.5.1 HTTP/1.1" 200 1939 "http://localhost/wp-admin/admin.php?page=wc-settings&tab=checkout&section=woo-mercado-pago-basic" "Mozilla/5.0 (Windows NT 10.0; WOW64) AppleWebKit/537.36 (KHTML, like Gecko) Chrome/93.0.4577.63 Safari/537.36"
172.18.0.1 - - [10/Sep/2021:16:48:02 +0000] "GET /wp-content/plugins/woocommerce/packages/woocommerce-blocks/build/wc-settings.js?ver=eb9fff9e86cd8c11bfb8c225bea87ed4 HTTP/1.1" 200 3265 "http://localhost/wp-admin/admin.php?page=wc-settings&tab=checkout&section=woo-mercado-pago-basic" "Mozilla/5.0 (Windows NT 10.0; WOW64) AppleWebKit/537.36 (KHTML, like Gecko) Chrome/93.0.4577.63 Safari/537.36"
172.18.0.1 - - [10/Sep/2021:16:48:02 +0000] "GET /wp-content/plugins/woocommerce/packages/woocommerce-admin/dist/date/index.js?ver=2.5.1 HTTP/1.1" 200 6773 "http://localhost/wp-admin/admin.php?page=wc-settings&tab=checkout&section=woo-mercado-pago-basic" "Mozilla/5.0 (Windows NT 10.0; WOW64) AppleWebKit/537.36 (KHTML, like Gecko) Chrome/93.0.4577.63 Safari/537.36"
172.18.0.1 - - [10/Sep/2021:16:48:02 +0000] "GET /wp-content/plugins/woocommerce/packages/woocommerce-admin/dist/navigation/index.js?ver=2.5.1 HTTP/1.1" 200 8652 "http://localhost/wp-admin/admin.php?page=wc-settings&tab=checkout&section=woo-mercado-pago-basic" "Mozilla/5.0 (Windows NT 10.0; WOW64) AppleWebKit/537.36 (KHTML, like Gecko) Chrome/93.0.4577.63 Safari/537.36"
172.18.0.1 - - [10/Sep/2021:16:48:02 +0000] "GET /wp-content/plugins/woocommerce/packages/woocommerce-admin/dist/experimental/index.js?ver=2.5.1 HTTP/1.1" 200 18551 "http://localhost/wp-admin/admin.php?page=wc-settings&tab=checkout&section=woo-mercado-pago-basic" "Mozilla/5.0 (Windows NT 10.0; WOW64) AppleWebKit/537.36 (KHTML, like Gecko) Chrome/93.0.4577.63 Safari/537.36"
172.18.0.1 - - [10/Sep/2021:16:48:02 +0000] "GET /wp-content/plugins/woocommerce/packages/woocommerce-admin/dist/customer-effort-score/index.js?ver=2.5.1 HTTP/1.1" 200 2274 "http://localhost/wp-admin/admin.php?page=wc-settings&tab=checkout&section=woo-mercado-pago-basic" "Mozilla/5.0 (Windows NT 10.0; WOW64) AppleWebKit/537.36 (KHTML, like Gecko) Chrome/93.0.4577.63 Safari/537.36"
172.18.0.1 - - [10/Sep/2021:16:48:02 +0000] "GET /wp-content/plugins/woocommerce/packages/woocommerce-admin/dist/explat/index.js?ver=2.5.1 HTTP/1.1" 200 8400 "http://localhost/wp-admin/admin.php?page=wc-settings&tab=checkout&section=woo-mercado-pago-basic" "Mozilla/5.0 (Windows NT 10.0; WOW64) AppleWebKit/537.36 (KHTML, like Gecko) Chrome/93.0.4577.63 Safari/537.36"
172.18.0.1 - - [10/Sep/2021:16:48:02 +0000] "GET /wp-content/plugins/woocommerce/packages/woocommerce-admin/dist/csv-export/index.js?ver=2.5.1 HTTP/1.1" 200 2627 "http://localhost/wp-admin/admin.php?page=wc-settings&tab=checkout&section=woo-mercado-pago-basic" "Mozilla/5.0 (Windows NT 10.0; WOW64) AppleWebKit/537.36 (KHTML, like Gecko) Chrome/93.0.4577.63 Safari/537.36"
172.18.0.1 - - [10/Sep/2021:16:48:02 +0000] "GET /wp-content/plugins/woocommerce/packages/woocommerce-admin/dist/data/index.js?ver=2.5.1 HTTP/1.1" 200 18210 "http://localhost/wp-admin/admin.php?page=wc-settings&tab=checkout&section=woo-mercado-pago-basic" "Mozilla/5.0 (Windows NT 10.0; WOW64) AppleWebKit/537.36 (KHTML, like Gecko) Chrome/93.0.4577.63 Safari/537.36"
172.18.0.1 - - [10/Sep/2021:16:48:02 +0000] "GET /wp-content/plugins/woocommerce/packages/woocommerce-admin/dist/notices/index.js?ver=2.5.1 HTTP/1.1" 200 1426 "http://localhost/wp-admin/admin.php?page=wc-settings&tab=checkout&section=woo-mercado-pago-basic" "Mozilla/5.0 (Windows NT 10.0; WOW64) AppleWebKit/537.36 (KHTML, like Gecko) Chrome/93.0.4577.63 Safari/537.36"
172.18.0.1 - - [10/Sep/2021:16:48:02 +0000] "GET /wp-content/plugins/woocommerce/assets/js/admin/settings.min.js?ver=5.6.0 HTTP/1.1" 200 1515 "http://localhost/wp-admin/admin.php?page=wc-settings&tab=checkout&section=woo-mercado-pago-basic" "Mozilla/5.0 (Windows NT 10.0; WOW64) AppleWebKit/537.36 (KHTML, like Gecko) Chrome/93.0.4577.63 Safari/537.36"
172.18.0.1 - - [10/Sep/2021:16:48:02 +0000] "GET /wp-content/plugins/woocommerce/packages/woocommerce-admin/dist/tracks/index.js?ver=2.5.1 HTTP/1.1" 200 4165 "http://localhost/wp-admin/admin.php?page=wc-settings&tab=checkout&section=woo-mercado-pago-basic" "Mozilla/5.0 (Windows NT 10.0; WOW64) AppleWebKit/537.36 (KHTML, like Gecko) Chrome/93.0.4577.63 Safari/537.36"
172.18.0.1 - - [10/Sep/2021:16:48:03 +0000] "GET /wp-content/plugins/woocommerce/packages/woocommerce-admin/dist/chunks/47.style.css?ver=2.5.1 HTTP/1.1" 200 1635 "http://localhost/wp-admin/admin.php?page=wc-settings&tab=checkout&section=woo-mercado-pago-basic" "Mozilla/5.0 (Windows NT 10.0; WOW64) AppleWebKit/537.36 (KHTML, like Gecko) Chrome/93.0.4577.63 Safari/537.36"
172.18.0.1 - - [10/Sep/2021:16:48:03 +0000] "GET /wp-content/plugins/woocommerce/packages/woocommerce-admin/dist/chunks/store-alerts.js?ver=2.5.1 HTTP/1.1" 200 2319 "http://localhost/wp-admin/admin.php?page=wc-settings&tab=checkout&section=woo-mercado-pago-basic" "Mozilla/5.0 (Windows NT 10.0; WOW64) AppleWebKit/537.36 (KHTML, like Gecko) Chrome/93.0.4577.63 Safari/537.36"
172.18.0.1 - - [10/Sep/2021:16:48:03 +0000] "GET /wp-content/plugins/woocommerce/packages/woocommerce-admin/dist/chunks/3.js?ver=2.5.1 HTTP/1.1" 200 7497 "http://localhost/wp-admin/admin.php?page=wc-settings&tab=checkout&section=woo-mercado-pago-basic" "Mozilla/5.0 (Windows NT 10.0; WOW64) AppleWebKit/537.36 (KHTML, like Gecko) Chrome/93.0.4577.63 Safari/537.36"
127.0.0.1 - - [10/Sep/2021:16:48:03 +0000] "POST /wp-cron.php?doing_wp_cron=1631292483.2949280738830566406250 HTTP/1.1" 200 192 "http://localhost/wp-cron.php?doing_wp_cron=1631292483.2949280738830566406250" "WordPress/5.8; http://localhost"
172.18.0.1 - - [10/Sep/2021:16:48:03 +0000] "GET /wp-json/wc-analytics/admin/notes?page=1&per_page=25&status=unactioned&type%5B0%5D=info&type%5B1%5D=marketing&type%5B2%5D=survey&type%5B3%5D=warning&orderby=date&order=desc&_locale=user HTTP/1.1" 200 3710 "http://localhost/wp-admin/admin.php?page=wc-settings&tab=checkout&section=woo-mercado-pago-basic" "Mozilla/5.0 (Windows NT 10.0; WOW64) AppleWebKit/537.36 (KHTML, like Gecko) Chrome/93.0.4577.63 Safari/537.36"
172.18.0.1 - - [10/Sep/2021:16:48:03 +0000] "GET /wp-json/wc-analytics/admin/notes?page=1&per_page=25&type=error%2Cupdate&status=unactioned&_locale=user HTTP/1.1" 200 669 "http://localhost/wp-admin/admin.php?page=wc-settings&tab=checkout&section=woo-mercado-pago-basic" "Mozilla/5.0 (Windows NT 10.0; WOW64) AppleWebKit/537.36 (KHTML, like Gecko) Chrome/93.0.4577.63 Safari/537.36"
172.18.0.1 - - [10/Sep/2021:16:48:03 +0000] "GET /wp-json/wc-admin/options?options=woocommerce_ces_tracks_queue&_locale=user HTTP/1.1" 200 691 "http://localhost/wp-admin/admin.php?page=wc-settings&tab=checkout&section=woo-mercado-pago-basic" "Mozilla/5.0 (Windows NT 10.0; WOW64) AppleWebKit/537.36 (KHTML, like Gecko) Chrome/93.0.4577.63 Safari/537.36"
127.0.0.1 - - [10/Sep/2021:16:48:11 +0000] "OPTIONS * HTTP/1.0" 200 126 "-" "Apache/2.4.48 (Debian) PHP/7.4.23 (internal dummy connection)"
127.0.0.1 - - [10/Sep/2021:16:49:03 +0000] "POST /wp-cron.php?doing_wp_cron=1631292543.9225690364837646484375 HTTP/1.1" 200 192 "http://localhost/wp-cron.php?doing_wp_cron=1631292543.9225690364837646484375" "WordPress/5.8; http://localhost"
172.18.0.1 - - [10/Sep/2021:16:49:03 +0000] "POST /wp-admin/admin-ajax.php HTTP/1.1" 200 599 "http://localhost/wp-admin/admin.php?page=wc-settings&tab=checkout&section=woo-mercado-pago-basic" "Mozilla/5.0 (Windows NT 10.0; WOW64) AppleWebKit/537.36 (KHTML, like Gecko) Chrome/93.0.4577.63 Safari/537.36"
127.0.0.1 - - [10/Sep/2021:16:49:17 +0000] "POST /wp-cron.php?doing_wp_cron=1631292557.3049669265747070312500 HTTP/1.1" 200 192 "http://localhost/wp-cron.php?doing_wp_cron=1631292557.3049669265747070312500" "WordPress/5.8; http://localhost"
172.18.0.1 - - [10/Sep/2021:16:49:17 +0000] "GET /wp-admin/admin.php?page=wc-settings HTTP/1.1" 200 102470 "http://localhost/wp-admin/admin.php?page=wc-settings&tab=checkout&section=woo-mercado-pago-basic" "Mozilla/5.0 (Windows NT 10.0; WOW64) AppleWebKit/537.36 (KHTML, like Gecko) Chrome/93.0.4577.63 Safari/537.36"
172.18.0.1 - - [10/Sep/2021:16:49:21 +0000] "GET /wp-json/wc-admin/options?options=woocommerce_ces_tracks_queue&_locale=user HTTP/1.1" 200 692 "http://localhost/wp-admin/admin.php?page=wc-settings" "Mozilla/5.0 (Windows NT 10.0; WOW64) AppleWebKit/537.36 (KHTML, like Gecko) Chrome/93.0.4577.63 Safari/537.36"
172.18.0.1 - - [10/Sep/2021:16:49:21 +0000] "GET /wp-json/wc-analytics/admin/notes?page=1&per_page=25&status=unactioned&type%5B0%5D=info&type%5B1%5D=marketing&type%5B2%5D=survey&type%5B3%5D=warning&orderby=date&order=desc&_locale=user HTTP/1.1" 200 3710 "http://localhost/wp-admin/admin.php?page=wc-settings" "Mozilla/5.0 (Windows NT 10.0; WOW64) AppleWebKit/537.36 (KHTML, like Gecko) Chrome/93.0.4577.63 Safari/537.36"
172.18.0.1 - - [10/Sep/2021:16:49:21 +0000] "GET /wp-json/wc-analytics/admin/notes?page=1&per_page=25&type=error%2Cupdate&status=unactioned&_locale=user HTTP/1.1" 200 670 "http://localhost/wp-admin/admin.php?page=wc-settings" "Mozilla/5.0 (Windows NT 10.0; WOW64) AppleWebKit/537.36 (KHTML, like Gecko) Chrome/93.0.4577.63 Safari/537.36"
172.18.0.1 - - [10/Sep/2021:16:49:24 +0000] "GET /wp-admin/admin.php?page=wc-settings&tab=checkout HTTP/1.1" 200 74982 "http://localhost/wp-admin/admin.php?page=wc-settings" "Mozilla/5.0 (Windows NT 10.0; WOW64) AppleWebKit/537.36 (KHTML, like Gecko) Chrome/93.0.4577.63 Safari/537.36"
172.18.0.1 - - [10/Sep/2021:16:49:27 +0000] "GET /wp-content/plugins/woocommerce/packages/woocommerce-admin/dist/chunks/44.style.css?ver=2.5.1 HTTP/1.1" 200 1022 "http://localhost/wp-admin/admin.php?page=wc-settings&tab=checkout" "Mozilla/5.0 (Windows NT 10.0; WOW64) AppleWebKit/537.36 (KHTML, like Gecko) Chrome/93.0.4577.63 Safari/537.36"
172.18.0.1 - - [10/Sep/2021:16:49:27 +0000] "GET /wp-content/plugins/woocommerce/packages/woocommerce-admin/dist/chunks/1.js?ver=2.5.1 HTTP/1.1" 200 67482 "http://localhost/wp-admin/admin.php?page=wc-settings&tab=checkout" "Mozilla/5.0 (Windows NT 10.0; WOW64) AppleWebKit/537.36 (KHTML, like Gecko) Chrome/93.0.4577.63 Safari/537.36"
172.18.0.1 - - [10/Sep/2021:16:49:27 +0000] "GET /wp-content/plugins/woocommerce/packages/woocommerce-admin/dist/chunks/payment-recommendations.js?ver=2.5.1 HTTP/1.1" 200 2519 "http://localhost/wp-admin/admin.php?page=wc-settings&tab=checkout" "Mozilla/5.0 (Windows NT 10.0; WOW64) AppleWebKit/537.36 (KHTML, like Gecko) Chrome/93.0.4577.63 Safari/537.36"
172.18.0.1 - - [10/Sep/2021:16:49:27 +0000] "GET /wp-json/wc-admin/options?options=woocommerce_ces_tracks_queue&_locale=user HTTP/1.1" 200 691 "http://localhost/wp-admin/admin.php?page=wc-settings&tab=checkout" "Mozilla/5.0 (Windows NT 10.0; WOW64) AppleWebKit/537.36 (KHTML, like Gecko) Chrome/93.0.4577.63 Safari/537.36"
172.18.0.1 - - [10/Sep/2021:16:49:27 +0000] "GET /wp-json/wc-admin/options?options=woocommerce_show_marketplace_suggestions%2Cwoocommerce_setting_payments_recommendations_hidden&_locale=user HTTP/1.1" 200 765 "http://localhost/wp-admin/admin.php?page=wc-settings&tab=checkout" "Mozilla/5.0 (Windows NT 10.0; WOW64) AppleWebKit/537.36 (KHTML, like Gecko) Chrome/93.0.4577.63 Safari/537.36"
172.18.0.1 - - [10/Sep/2021:16:49:27 +0000] "GET /wp-json/wc-analytics/settings/general?_locale=user HTTP/1.1" 200 88315 "http://localhost/wp-admin/admin.php?page=wc-settings&tab=checkout" "Mozilla/5.0 (Windows NT 10.0; WOW64) AppleWebKit/537.36 (KHTML, like Gecko) Chrome/93.0.4577.63 Safari/537.36"
172.18.0.1 - - [10/Sep/2021:16:49:27 +0000] "GET /wp-json/wc-analytics/admin/notes?page=1&per_page=25&type=error%2Cupdate&status=unactioned&_locale=user HTTP/1.1" 200 669 "http://localhost/wp-admin/admin.php?page=wc-settings&tab=checkout" "Mozilla/5.0 (Windows NT 10.0; WOW64) AppleWebKit/537.36 (KHTML, like Gecko) Chrome/93.0.4577.63 Safari/537.36"
172.18.0.1 - - [10/Sep/2021:16:49:27 +0000] "GET /wp-json/wc-analytics/admin/notes?page=1&per_page=25&status=unactioned&type%5B0%5D=info&type%5B1%5D=marketing&type%5B2%5D=survey&type%5B3%5D=warning&orderby=date&order=desc&_locale=user HTTP/1.1" 200 3710 "http://localhost/wp-admin/admin.php?page=wc-settings&tab=checkout" "Mozilla/5.0 (Windows NT 10.0; WOW64) AppleWebKit/537.36 (KHTML, like Gecko) Chrome/93.0.4577.63 Safari/537.36"
172.18.0.1 - - [10/Sep/2021:16:49:29 +0000] "GET /wp-json/wc-admin/plugins/recommended-payment-plugins?_locale=user HTTP/1.1" 200 2242 "http://localhost/wp-admin/admin.php?page=wc-settings&tab=checkout" "Mozilla/5.0 (Windows NT 10.0; WOW64) AppleWebKit/537.36 (KHTML, like Gecko) Chrome/93.0.4577.63 Safari/537.36"
172.18.0.1 - - [10/Sep/2021:16:49:38 +0000] "POST /wp-admin/admin-ajax.php HTTP/1.1" 200 580 "http://localhost/wp-admin/admin.php?page=wc-settings&tab=checkout" "Mozilla/5.0 (Windows NT 10.0; WOW64) AppleWebKit/537.36 (KHTML, like Gecko) Chrome/93.0.4577.63 Safari/537.36"
127.0.0.1 - - [10/Sep/2021:16:50:28 +0000] "POST /wp-cron.php?doing_wp_cron=1631292627.9776339530944824218750 HTTP/1.1" 200 192 "http://localhost/wp-cron.php?doing_wp_cron=1631292627.9776339530944824218750" "WordPress/5.8; http://localhost"
172.18.0.1 - - [10/Sep/2021:16:50:27 +0000] "POST /wp-admin/admin-ajax.php HTTP/1.1" 200 599 "http://localhost/wp-admin/admin.php?page=wc-settings&tab=checkout" "Mozilla/5.0 (Windows NT 10.0; WOW64) AppleWebKit/537.36 (KHTML, like Gecko) Chrome/93.0.4577.63 Safari/537.36"
127.0.0.1 - - [10/Sep/2021:16:51:28 +0000] "POST /wp-cron.php?doing_wp_cron=1631292688.3703000545501708984375 HTTP/1.1" 200 192 "http://localhost/wp-cron.php?doing_wp_cron=1631292688.3703000545501708984375" "WordPress/5.8; http://localhost"
172.18.0.1 - - [10/Sep/2021:16:51:28 +0000] "POST /wp-admin/admin-ajax.php HTTP/1.1" 200 599 "http://localhost/wp-admin/admin.php?page=wc-settings&tab=checkout" "Mozilla/5.0 (Windows NT 10.0; WOW64) AppleWebKit/537.36 (KHTML, like Gecko) Chrome/93.0.4577.63 Safari/537.36"
127.0.0.1 - - [10/Sep/2021:16:52:29 +0000] "POST /wp-cron.php?doing_wp_cron=1631292748.9468560218811035156250 HTTP/1.1" 200 192 "http://localhost/wp-cron.php?doing_wp_cron=1631292748.9468560218811035156250" "WordPress/5.8; http://localhost"
172.18.0.1 - - [10/Sep/2021:16:52:28 +0000] "POST /wp-admin/admin-ajax.php HTTP/1.1" 200 599 "http://localhost/wp-admin/admin.php?page=wc-settings&tab=checkout" "Mozilla/5.0 (Windows NT 10.0; WOW64) AppleWebKit/537.36 (KHTML, like Gecko) Chrome/93.0.4577.63 Safari/537.36"
127.0.0.1 - - [10/Sep/2021:16:53:29 +0000] "POST /wp-cron.php?doing_wp_cron=1631292808.9704658985137939453125 HTTP/1.1" 200 192 "http://localhost/wp-cron.php?doing_wp_cron=1631292808.9704658985137939453125" "WordPress/5.8; http://localhost"
172.18.0.1 - - [10/Sep/2021:16:53:28 +0000] "POST /wp-admin/admin-ajax.php HTTP/1.1" 200 599 "http://localhost/wp-admin/admin.php?page=wc-settings&tab=checkout" "Mozilla/5.0 (Windows NT 10.0; WOW64) AppleWebKit/537.36 (KHTML, like Gecko) Chrome/93.0.4577.63 Safari/537.36"
127.0.0.1 - - [10/Sep/2021:16:54:30 +0000] "POST /wp-cron.php?doing_wp_cron=1631292869.9494700431823730468750 HTTP/1.1" 200 192 "http://localhost/wp-cron.php?doing_wp_cron=1631292869.9494700431823730468750" "WordPress/5.8; http://localhost"
172.18.0.1 - - [10/Sep/2021:16:54:29 +0000] "POST /wp-admin/admin-ajax.php HTTP/1.1" 200 599 "http://localhost/wp-admin/admin.php?page=wc-settings&tab=checkout" "Mozilla/5.0 (Windows NT 10.0; WOW64) AppleWebKit/537.36 (KHTML, like Gecko) Chrome/93.0.4577.63 Safari/537.36"
127.0.0.1 - - [10/Sep/2021:16:56:30 +0000] "POST /wp-cron.php?doing_wp_cron=1631292990.9334130287170410156250 HTTP/1.1" 200 192 "http://localhost/wp-cron.php?doing_wp_cron=1631292990.9334130287170410156250" "WordPress/5.8; http://localhost"
172.18.0.1 - - [10/Sep/2021:16:56:30 +0000] "POST /wp-admin/admin-ajax.php HTTP/1.1" 200 599 "http://localhost/wp-admin/admin.php?page=wc-settings&tab=checkout" "Mozilla/5.0 (Windows NT 10.0; WOW64) AppleWebKit/537.36 (KHTML, like Gecko) Chrome/93.0.4577.63 Safari/537.36"
127.0.0.1 - - [10/Sep/2021:16:58:32 +0000] "POST /wp-cron.php?doing_wp_cron=1631293111.9466280937194824218750 HTTP/1.1" 200 192 "http://localhost/wp-cron.php?doing_wp_cron=1631293111.9466280937194824218750" "WordPress/5.8; http://localhost"
172.18.0.1 - - [10/Sep/2021:16:58:31 +0000] "POST /wp-admin/admin-ajax.php HTTP/1.1" 200 599 "http://localhost/wp-admin/admin.php?page=wc-settings&tab=checkout" "Mozilla/5.0 (Windows NT 10.0; WOW64) AppleWebKit/537.36 (KHTML, like Gecko) Chrome/93.0.4577.63 Safari/537.36"
127.0.0.1 - - [10/Sep/2021:17:00:32 +0000] "POST /wp-cron.php?doing_wp_cron=1631293232.9388580322265625000000 HTTP/1.1" 200 192 "http://localhost/wp-cron.php?doing_wp_cron=1631293232.9388580322265625000000" "WordPress/5.8; http://localhost"
172.18.0.1 - - [10/Sep/2021:17:00:32 +0000] "POST /wp-admin/admin-ajax.php HTTP/1.1" 200 599 "http://localhost/wp-admin/admin.php?page=wc-settings&tab=checkout" "Mozilla/5.0 (Windows NT 10.0; WOW64) AppleWebKit/537.36 (KHTML, like Gecko) Chrome/93.0.4577.63 Safari/537.36"
127.0.0.1 - - [10/Sep/2021:17:02:34 +0000] "POST /wp-cron.php?doing_wp_cron=1631293353.9369750022888183593750 HTTP/1.1" 200 192 "http://localhost/wp-cron.php?doing_wp_cron=1631293353.9369750022888183593750" "WordPress/5.8; http://localhost"
172.18.0.1 - - [10/Sep/2021:17:02:33 +0000] "POST /wp-admin/admin-ajax.php HTTP/1.1" 200 599 "http://localhost/wp-admin/admin.php?page=wc-settings&tab=checkout" "Mozilla/5.0 (Windows NT 10.0; WOW64) AppleWebKit/537.36 (KHTML, like Gecko) Chrome/93.0.4577.63 Safari/537.36"
172.18.0.1 - - [10/Sep/2021:17:57:45 +0000] "POST /wp-admin/admin-ajax.php HTTP/1.1" 200 599 "http://localhost/wp-admin/admin.php?page=wc-settings&tab=checkout" "Mozilla/5.0 (Windows NT 10.0; WOW64) AppleWebKit/537.36 (KHTML, like Gecko) Chrome/93.0.4577.63 Safari/537.36"
127.0.0.1 - - [10/Sep/2021:17:57:46 +0000] "POST /wp-cron.php?doing_wp_cron=1631296666.2341310977935791015625 HTTP/1.1" 200 192 "http://localhost/wp-cron.php?doing_wp_cron=1631296666.2341310977935791015625" "WordPress/5.8; http://localhost"
172.18.0.1 - - [10/Sep/2021:17:57:52 +0000] "GET /wp-admin/plugins.php HTTP/1.1" 200 32902 "http://localhost/wp-admin/admin.php?page=wc-settings&tab=checkout" "Mozilla/5.0 (Windows NT 10.0; WOW64) AppleWebKit/537.36 (KHTML, like Gecko) Chrome/93.0.4577.63 Safari/537.36"
172.18.0.1 - - [10/Sep/2021:17:57:53 +0000] "GET /wp-content/plugins/woocommerce/assets/css/twenty-twenty-one-admin.css?ver=5.6.0 HTTP/1.1" 200 441 "http://localhost/wp-admin/plugins.php" "Mozilla/5.0 (Windows NT 10.0; WOW64) AppleWebKit/537.36 (KHTML, like Gecko) Chrome/93.0.4577.63 Safari/537.36"
172.18.0.1 - - [10/Sep/2021:17:57:53 +0000] "GET /wp-content/plugins/woocommerce-mercadopago/assets/js/review.min.js?ver=5.3.1 HTTP/1.1" 200 489 "http://localhost/wp-admin/plugins.php" "Mozilla/5.0 (Windows NT 10.0; WOW64) AppleWebKit/537.36 (KHTML, like Gecko) Chrome/93.0.4577.63 Safari/537.36"
172.18.0.1 - - [10/Sep/2021:17:57:53 +0000] "GET /wp-content/plugins/woocommerce-mercadopago/assets/js/saved_cards_notice_mercadopago.min.js?ver=5.3.1 HTTP/1.1" 200 489 "http://localhost/wp-admin/plugins.php" "Mozilla/5.0 (Windows NT 10.0; WOW64) AppleWebKit/537.36 (KHTML, like Gecko) Chrome/93.0.4577.63 Safari/537.36"
172.18.0.1 - - [10/Sep/2021:17:57:53 +0000] "GET /wp-content/plugins/woocommerce-mercadopago/assets/css/admin_notice_mercadopago.min.css?ver=5.3.1 HTTP/1.1" 200 813 "http://localhost/wp-admin/plugins.php" "Mozilla/5.0 (Windows NT 10.0; WOW64) AppleWebKit/537.36 (KHTML, like Gecko) Chrome/93.0.4577.63 Safari/537.36"
172.18.0.1 - - [10/Sep/2021:17:57:53 +0000] "GET /wp-content/plugins/woocommerce-mercadopago/assets/css/config_mercadopago.min.css?ver=5.3.1 HTTP/1.1" 200 1534 "http://localhost/wp-admin/plugins.php" "Mozilla/5.0 (Windows NT 10.0; WOW64) AppleWebKit/537.36 (KHTML, like Gecko) Chrome/93.0.4577.63 Safari/537.36"
172.18.0.1 - - [10/Sep/2021:17:57:53 +0000] "GET /wp-content/plugins/woocommerce-mercadopago/assets/css/saved_cards_notice_mercadopago.min.css?ver=5.3.1 HTTP/1.1" 200 863 "http://localhost/wp-admin/plugins.php" "Mozilla/5.0 (Windows NT 10.0; WOW64) AppleWebKit/537.36 (KHTML, like Gecko) Chrome/93.0.4577.63 Safari/537.36"
172.18.0.1 - - [10/Sep/2021:17:57:53 +0000] "GET /wp-content/plugins/woocommerce/assets/css/menu.css?ver=5.6.0 HTTP/1.1" 200 1663 "http://localhost/wp-admin/plugins.php" "Mozilla/5.0 (Windows NT 10.0; WOW64) AppleWebKit/537.36 (KHTML, like Gecko) Chrome/93.0.4577.63 Safari/537.36"
172.18.0.1 - - [10/Sep/2021:17:57:53 +0000] "GET /wp-content/plugins/woocommerce/assets/css/activation.css?ver=5.6.0 HTTP/1.1" 200 844 "http://localhost/wp-admin/plugins.php" "Mozilla/5.0 (Windows NT 10.0; WOW64) AppleWebKit/537.36 (KHTML, like Gecko) Chrome/93.0.4577.63 Safari/537.36"
172.18.0.1 - - [10/Sep/2021:17:57:53 +0000] "GET /wp-content/plugins/woocommerce-mercadopago/assets/images/minilogo.png HTTP/1.1" 304 249 "http://localhost/wp-admin/plugins.php" "Mozilla/5.0 (Windows NT 10.0; WOW64) AppleWebKit/537.36 (KHTML, like Gecko) Chrome/93.0.4577.63 Safari/537.36"
172.18.0.1 - - [10/Sep/2021:17:57:53 +0000] "GET /wp-content/plugins/woocommerce-mercadopago/assets/images/generics/icone-cartao-mp.png HTTP/1.1" 304 249 "http://localhost/wp-admin/plugins.php" "Mozilla/5.0 (Windows NT 10.0; WOW64) AppleWebKit/537.36 (KHTML, like Gecko) Chrome/93.0.4577.63 Safari/537.36"
127.0.0.1 - - [10/Sep/2021:17:58:01 +0000] "OPTIONS * HTTP/1.0" 200 126 "-" "Apache/2.4.48 (Debian) PHP/7.4.23 (internal dummy connection)"
127.0.0.1 - - [10/Sep/2021:17:58:02 +0000] "POST /wp-cron.php?doing_wp_cron=1631296681.9883608818054199218750 HTTP/1.1" 200 192 "http://localhost/wp-cron.php?doing_wp_cron=1631296681.9883608818054199218750" "WordPress/5.8; http://localhost"
172.18.0.1 - - [10/Sep/2021:17:58:01 +0000] "GET /wp-admin/options-general.php?page=donorbox-donation-form/donorbox_embed_campaign.php HTTP/1.1" 200 23920 "http://localhost/wp-admin/plugins.php" "Mozilla/5.0 (Windows NT 10.0; WOW64) AppleWebKit/537.36 (KHTML, like Gecko) Chrome/93.0.4577.63 Safari/537.36"
127.0.0.1 - - [10/Sep/2021:17:58:16 +0000] "POST /wp-cron.php?doing_wp_cron=1631296696.7328510284423828125000 HTTP/1.1" 200 192 "http://localhost/wp-cron.php?doing_wp_cron=1631296696.7328510284423828125000" "WordPress/5.8; http://localhost"
172.18.0.1 - - [10/Sep/2021:17:58:16 +0000] "GET /wp-admin/plugins.php HTTP/1.1" 200 32903 "http://localhost/wp-admin/options-general.php?page=donorbox-donation-form%2Fdonorbox_embed_campaign.php" "Mozilla/5.0 (Windows NT 10.0; WOW64) AppleWebKit/537.36 (KHTML, like Gecko) Chrome/93.0.4577.63 Safari/537.36"
172.18.0.1 - - [10/Sep/2021:17:58:26 +0000] "GET /wp-admin/options-general.php?page=donorbox-donation-form/donorbox_embed_campaign.php HTTP/1.1" 200 23921 "http://localhost/wp-admin/plugins.php" "Mozilla/5.0 (Windows NT 10.0; WOW64) AppleWebKit/537.36 (KHTML, like Gecko) Chrome/93.0.4577.63 Safari/537.36"
172.18.0.1 - - [10/Sep/2021:17:58:31 +0000] "POST /wp-admin/options.php HTTP/1.1" 302 550 "http://localhost/wp-admin/options-general.php?page=donorbox-donation-form%2Fdonorbox_embed_campaign.php" "Mozilla/5.0 (Windows NT 10.0; WOW64) AppleWebKit/537.36 (KHTML, like Gecko) Chrome/93.0.4577.63 Safari/537.36"
172.18.0.1 - - [10/Sep/2021:17:58:31 +0000] "GET /wp-admin/options-general.php?page=donorbox-donation-form%2Fdonorbox_embed_campaign.php&settings-updated=true HTTP/1.1" 200 23978 "http://localhost/wp-admin/options-general.php?page=donorbox-donation-form%2Fdonorbox_embed_campaign.php" "Mozilla/5.0 (Windows NT 10.0; WOW64) AppleWebKit/537.36 (KHTML, like Gecko) Chrome/93.0.4577.63 Safari/537.36"
172.18.0.1 - - [10/Sep/2021:17:59:19 +0000] "-" 408 0 "-" "-"
127.0.0.1 - - [10/Sep/2021:17:59:33 +0000] "POST /wp-cron.php?doing_wp_cron=1631296772.9916379451751708984375 HTTP/1.1" 200 192 "http://localhost/wp-cron.php?doing_wp_cron=1631296772.9916379451751708984375" "WordPress/5.8; http://localhost"
172.18.0.1 - - [10/Sep/2021:17:59:32 +0000] "POST /wp-admin/admin-ajax.php HTTP/1.1" 200 599 "http://localhost/wp-admin/options-general.php?page=donorbox-donation-form%2Fdonorbox_embed_campaign.php" "Mozilla/5.0 (Windows NT 10.0; WOW64) AppleWebKit/537.36 (KHTML, like Gecko) Chrome/93.0.4577.63 Safari/537.36"
127.0.0.1 - - [10/Sep/2021:18:01:34 +0000] "POST /wp-cron.php?doing_wp_cron=1631296893.9955470561981201171875 HTTP/1.1" 200 192 "http://localhost/wp-cron.php?doing_wp_cron=1631296893.9955470561981201171875" "WordPress/5.8; http://localhost"
172.18.0.1 - - [10/Sep/2021:18:01:33 +0000] "POST /wp-admin/admin-ajax.php HTTP/1.1" 200 599 "http://localhost/wp-admin/options-general.php?page=donorbox-donation-form%2Fdonorbox_embed_campaign.php" "Mozilla/5.0 (Windows NT 10.0; WOW64) AppleWebKit/537.36 (KHTML, like Gecko) Chrome/93.0.4577.63 Safari/537.36"
127.0.0.1 - - [10/Sep/2021:18:03:34 +0000] "POST /wp-cron.php?doing_wp_cron=1631297014.9346210956573486328125 HTTP/1.1" 200 192 "http://localhost/wp-cron.php?doing_wp_cron=1631297014.9346210956573486328125" "WordPress/5.8; http://localhost"
172.18.0.1 - - [10/Sep/2021:18:03:34 +0000] "POST /wp-admin/admin-ajax.php HTTP/1.1" 200 599 "http://localhost/wp-admin/options-general.php?page=donorbox-donation-form%2Fdonorbox_embed_campaign.php" "Mozilla/5.0 (Windows NT 10.0; WOW64) AppleWebKit/537.36 (KHTML, like Gecko) Chrome/93.0.4577.63 Safari/537.36"
127.0.0.1 - - [10/Sep/2021:18:05:36 +0000] "POST /wp-cron.php?doing_wp_cron=1631297135.9380691051483154296875 HTTP/1.1" 200 192 "http://localhost/wp-cron.php?doing_wp_cron=1631297135.9380691051483154296875" "WordPress/5.8; http://localhost"
172.18.0.1 - - [10/Sep/2021:18:05:35 +0000] "POST /wp-admin/admin-ajax.php HTTP/1.1" 200 599 "http://localhost/wp-admin/options-general.php?page=donorbox-donation-form%2Fdonorbox_embed_campaign.php" "Mozilla/5.0 (Windows NT 10.0; WOW64) AppleWebKit/537.36 (KHTML, like Gecko) Chrome/93.0.4577.63 Safari/537.36"
127.0.0.1 - - [10/Sep/2021:18:07:36 +0000] "POST /wp-cron.php?doing_wp_cron=1631297256.9256889820098876953125 HTTP/1.1" 200 192 "http://localhost/wp-cron.php?doing_wp_cron=1631297256.9256889820098876953125" "WordPress/5.8; http://localhost"
172.18.0.1 - - [10/Sep/2021:18:07:36 +0000] "POST /wp-admin/admin-ajax.php HTTP/1.1" 200 599 "http://localhost/wp-admin/options-general.php?page=donorbox-donation-form%2Fdonorbox_embed_campaign.php" "Mozilla/5.0 (Windows NT 10.0; WOW64) AppleWebKit/537.36 (KHTML, like Gecko) Chrome/93.0.4577.63 Safari/537.36"
172.18.0.1 - - [10/Sep/2021:21:53:59 +0000] "POST /wp-admin/admin-ajax.php HTTP/1.1" 200 599 "http://localhost/wp-admin/options-general.php?page=donorbox-donation-form%2Fdonorbox_embed_campaign.php" "Mozilla/5.0 (Windows NT 10.0; WOW64) AppleWebKit/537.36 (KHTML, like Gecko) Chrome/93.0.4577.63 Safari/537.36"
127.0.0.1 - - [10/Sep/2021:21:54:00 +0000] "POST /wp-cron.php?doing_wp_cron=1631310840.0697178840637207031250 HTTP/1.1" 200 192 "http://localhost/wp-cron.php?doing_wp_cron=1631310840.0697178840637207031250" "WordPress/5.8; http://localhost"
127.0.0.1 - - [10/Sep/2021:21:54:25 +0000] "POST /wp-cron.php?doing_wp_cron=1631310865.2213540077209472656250 HTTP/1.1" 200 192 "http://localhost/wp-cron.php?doing_wp_cron=1631310865.2213540077209472656250" "WordPress/5.8; http://localhost"
172.18.0.1 - - [10/Sep/2021:21:54:25 +0000] "GET /2021/09/09/calculadora/ HTTP/1.1" 200 8946 "http://localhost/" "Mozilla/5.0 (Windows NT 10.0; WOW64) AppleWebKit/537.36 (KHTML, like Gecko) Chrome/93.0.4577.63 Safari/537.36"
172.18.0.1 - - [10/Sep/2021:21:54:26 +0000] "GET /wp-content/plugins/woocommerce/packages/woocommerce-blocks/build/wc-blocks-vendors-style.css?ver=5.5.1 HTTP/1.1" 200 1391 "http://localhost/2021/09/09/calculadora/" "Mozilla/5.0 (Windows NT 10.0; WOW64) AppleWebKit/537.36 (KHTML, like Gecko) Chrome/93.0.4577.63 Safari/537.36"
172.18.0.1 - - [10/Sep/2021:21:54:26 +0000] "GET /wp-content/plugins/woocommerce/packages/woocommerce-blocks/build/wc-blocks-style.css?ver=5.5.1 HTTP/1.1" 200 19843 "http://localhost/2021/09/09/calculadora/" "Mozilla/5.0 (Windows NT 10.0; WOW64) AppleWebKit/537.36 (KHTML, like Gecko) Chrome/93.0.4577.63 Safari/537.36"
172.18.0.1 - - [10/Sep/2021:21:54:26 +0000] "GET /wp-content/plugins/calculated-fields-form/css/loader.css?ver=1.1.16 HTTP/1.1" 200 643 "http://localhost/2021/09/09/calculadora/" "Mozilla/5.0 (Windows NT 10.0; WOW64) AppleWebKit/537.36 (KHTML, like Gecko) Chrome/93.0.4577.63 Safari/537.36"
172.18.0.1 - - [10/Sep/2021:21:54:26 +0000] "GET /wp-content/plugins/calculated-fields-form/css/stylepublic.css?ver=1.1.16 HTTP/1.1" 200 4988 "http://localhost/2021/09/09/calculadora/" "Mozilla/5.0 (Windows NT 10.0; WOW64) AppleWebKit/537.36 (KHTML, like Gecko) Chrome/93.0.4577.63 Safari/537.36"
172.18.0.1 - - [10/Sep/2021:21:54:26 +0000] "GET /wp-content/plugins/woocommerce/assets/css/woocommerce-layout.css?ver=5.6.0 HTTP/1.1" 200 2946 "http://localhost/2021/09/09/calculadora/" "Mozilla/5.0 (Windows NT 10.0; WOW64) AppleWebKit/537.36 (KHTML, like Gecko) Chrome/93.0.4577.63 Safari/537.36"
172.18.0.1 - - [10/Sep/2021:21:54:26 +0000] "GET /wp-content/plugins/woocommerce/assets/js/js-cookie/js.cookie.min.js?ver=2.1.4-wc.5.6.0 HTTP/1.1" 200 1331 "http://localhost/2021/09/09/calculadora/" "Mozilla/5.0 (Windows NT 10.0; WOW64) AppleWebKit/537.36 (KHTML, like Gecko) Chrome/93.0.4577.63 Safari/537.36"
172.18.0.1 - - [10/Sep/2021:21:54:26 +0000] "GET /wp-content/plugins/woocommerce/assets/js/frontend/cart-fragments.min.js?ver=5.6.0 HTTP/1.1" 200 1389 "http://localhost/2021/09/09/calculadora/" "Mozilla/5.0 (Windows NT 10.0; WOW64) AppleWebKit/537.36 (KHTML, like Gecko) Chrome/93.0.4577.63 Safari/537.36"
172.18.0.1 - - [10/Sep/2021:21:54:26 +0000] "GET /wp-content/plugins/woocommerce/assets/js/frontend/woocommerce.min.js?ver=5.6.0 HTTP/1.1" 200 1143 "http://localhost/2021/09/09/calculadora/" "Mozilla/5.0 (Windows NT 10.0; WOW64) AppleWebKit/537.36 (KHTML, like Gecko) Chrome/93.0.4577.63 Safari/537.36"
172.18.0.1 - - [10/Sep/2021:21:54:26 +0000] "GET /wp-content/plugins/woocommerce/assets/js/jquery-blockui/jquery.blockUI.min.js?ver=2.7.0-wc.5.6.0 HTTP/1.1" 200 3843 "http://localhost/2021/09/09/calculadora/" "Mozilla/5.0 (Windows NT 10.0; WOW64) AppleWebKit/537.36 (KHTML, like Gecko) Chrome/93.0.4577.63 Safari/537.36"
172.18.0.1 - - [10/Sep/2021:21:54:26 +0000] "GET /wp-content/plugins/woocommerce/assets/css/twenty-twenty-one.css?ver=5.6.0 HTTP/1.1" 200 9058 "http://localhost/2021/09/09/calculadora/" "Mozilla/5.0 (Windows NT 10.0; WOW64) AppleWebKit/537.36 (KHTML, like Gecko) Chrome/93.0.4577.63 Safari/537.36"
172.18.0.1 - - [10/Sep/2021:21:54:26 +0000] "GET /wp-content/plugins/woocommerce/assets/js/frontend/add-to-cart.min.js?ver=5.6.0 HTTP/1.1" 200 1437 "http://localhost/2021/09/09/calculadora/" "Mozilla/5.0 (Windows NT 10.0; WOW64) AppleWebKit/537.36 (KHTML, like Gecko) Chrome/93.0.4577.63 Safari/537.36"
172.18.0.1 - - [10/Sep/2021:21:54:26 +0000] "GET /wp-content/plugins/calculated-fields-form/js/jQuery.stringify.js?ver=pro HTTP/1.1" 200 1063 "http://localhost/2021/09/09/calculadora/" "Mozilla/5.0 (Windows NT 10.0; WOW64) AppleWebKit/537.36 (KHTML, like Gecko) Chrome/93.0.4577.63 Safari/537.36"
172.18.0.1 - - [10/Sep/2021:21:54:26 +0000] "GET /wp-content/plugins/calculated-fields-form/js/jquery.validate.js?ver=pro HTTP/1.1" 200 8956 "http://localhost/2021/09/09/calculadora/" "Mozilla/5.0 (Windows NT 10.0; WOW64) AppleWebKit/537.36 (KHTML, like Gecko) Chrome/93.0.4577.63 Safari/537.36"
172.18.0.1 - - [10/Sep/2021:21:54:26 +0000] "GET /wp-content/plugins/woocommerce/assets/css/woocommerce-smallscreen.css?ver=5.6.0 HTTP/1.1" 200 1514 "http://localhost/2021/09/09/calculadora/" "Mozilla/5.0 (Windows NT 10.0; WOW64) AppleWebKit/537.36 (KHTML, like Gecko) Chrome/93.0.4577.63 Safari/537.36"
172.18.0.1 - - [10/Sep/2021:21:54:26 +0000] "GET /2021/09/09/calculadora/?cp_cff_resources=public&min=1&ver=1.1.16 HTTP/1.1" 200 28723 "http://localhost/2021/09/09/calculadora/" "Mozilla/5.0 (Windows NT 10.0; WOW64) AppleWebKit/537.36 (KHTML, like Gecko) Chrome/93.0.4577.63 Safari/537.36"
172.18.0.1 - - [10/Sep/2021:21:54:26 +0000] "POST /?wc-ajax=get_refreshed_fragments HTTP/1.1" 200 683 "http://localhost/2021/09/09/calculadora/" "Mozilla/5.0 (Windows NT 10.0; WOW64) AppleWebKit/537.36 (KHTML, like Gecko) Chrome/93.0.4577.63 Safari/537.36"
172.18.0.1 - - [10/Sep/2021:21:54:26 +0000] "GET /favicon.ico HTTP/1.1" 302 483 "http://localhost/2021/09/09/calculadora/" "Mozilla/5.0 (Windows NT 10.0; WOW64) AppleWebKit/537.36 (KHTML, like Gecko) Chrome/93.0.4577.63 Safari/537.36"
172.18.0.1 - - [10/Sep/2021:21:54:26 +0000] "GET /wp-includes/images/w-logo-blue-white-bg.png HTTP/1.1" 200 4405 "http://localhost/2021/09/09/calculadora/" "Mozilla/5.0 (Windows NT 10.0; WOW64) AppleWebKit/537.36 (KHTML, like Gecko) Chrome/93.0.4577.63 Safari/537.36"
127.0.0.1 - - [10/Sep/2021:21:54:34 +0000] "OPTIONS * HTTP/1.0" 200 126 "-" "Apache/2.4.48 (Debian) PHP/7.4.23 (internal dummy connection)"
172.18.0.1 - - [10/Sep/2021:21:54:49 +0000] "GET /wp-admin/edit.php?post_type=page HTTP/1.1" 200 28960 "http://localhost/wp-admin/options-general.php?page=donorbox-donation-form%2Fdonorbox_embed_campaign.php" "Mozilla/5.0 (Windows NT 10.0; WOW64) AppleWebKit/537.36 (KHTML, like Gecko) Chrome/93.0.4577.63 Safari/537.36"
172.18.0.1 - - [10/Sep/2021:21:54:50 +0000] "GET /wp-content/plugins/woocommerce/assets/css/twenty-twenty-one-admin.css?ver=5.6.0 HTTP/1.1" 200 441 "http://localhost/wp-admin/edit.php?post_type=page" "Mozilla/5.0 (Windows NT 10.0; WOW64) AppleWebKit/537.36 (KHTML, like Gecko) Chrome/93.0.4577.63 Safari/537.36"
172.18.0.1 - - [10/Sep/2021:21:54:50 +0000] "GET /wp-content/plugins/woocommerce-mercadopago/assets/css/admin_notice_mercadopago.min.css?ver=5.3.1 HTTP/1.1" 200 813 "http://localhost/wp-admin/edit.php?post_type=page" "Mozilla/5.0 (Windows NT 10.0; WOW64) AppleWebKit/537.36 (KHTML, like Gecko) Chrome/93.0.4577.63 Safari/537.36"
172.18.0.1 - - [10/Sep/2021:21:54:50 +0000] "GET /wp-content/plugins/woocommerce-mercadopago/assets/js/saved_cards_notice_mercadopago.min.js?ver=5.3.1 HTTP/1.1" 200 489 "http://localhost/wp-admin/edit.php?post_type=page" "Mozilla/5.0 (Windows NT 10.0; WOW64) AppleWebKit/537.36 (KHTML, like Gecko) Chrome/93.0.4577.63 Safari/537.36"
172.18.0.1 - - [10/Sep/2021:21:54:50 +0000] "GET /wp-content/plugins/woocommerce-mercadopago/assets/css/config_mercadopago.min.css?ver=5.3.1 HTTP/1.1" 200 1534 "http://localhost/wp-admin/edit.php?post_type=page" "Mozilla/5.0 (Windows NT 10.0; WOW64) AppleWebKit/537.36 (KHTML, like Gecko) Chrome/93.0.4577.63 Safari/537.36"
172.18.0.1 - - [10/Sep/2021:21:54:50 +0000] "GET /wp-content/plugins/woocommerce-mercadopago/assets/css/saved_cards_notice_mercadopago.min.css?ver=5.3.1 HTTP/1.1" 200 863 "http://localhost/wp-admin/edit.php?post_type=page" "Mozilla/5.0 (Windows NT 10.0; WOW64) AppleWebKit/537.36 (KHTML, like Gecko) Chrome/93.0.4577.63 Safari/537.36"
172.18.0.1 - - [10/Sep/2021:21:54:50 +0000] "GET /wp-content/plugins/woocommerce/assets/css/menu.css?ver=5.6.0 HTTP/1.1" 200 1663 "http://localhost/wp-admin/edit.php?post_type=page" "Mozilla/5.0 (Windows NT 10.0; WOW64) AppleWebKit/537.36 (KHTML, like Gecko) Chrome/93.0.4577.63 Safari/537.36"
172.18.0.1 - - [10/Sep/2021:21:54:50 +0000] "GET /wp-content/plugins/woocommerce-mercadopago/assets/js/review.min.js?ver=5.3.1 HTTP/1.1" 200 490 "http://localhost/wp-admin/edit.php?post_type=page" "Mozilla/5.0 (Windows NT 10.0; WOW64) AppleWebKit/537.36 (KHTML, like Gecko) Chrome/93.0.4577.63 Safari/537.36"
172.18.0.1 - - [10/Sep/2021:21:54:50 +0000] "GET /wp-admin/js/tags-suggest.min.js?ver=5.8 HTTP/1.1" 200 1422 "http://localhost/wp-admin/edit.php?post_type=page" "Mozilla/5.0 (Windows NT 10.0; WOW64) AppleWebKit/537.36 (KHTML, like Gecko) Chrome/93.0.4577.63 Safari/537.36"
172.18.0.1 - - [10/Sep/2021:21:54:50 +0000] "GET /wp-admin/js/inline-edit-post.min.js?ver=5.8 HTTP/1.1" 200 2998 "http://localhost/wp-admin/edit.php?post_type=page" "Mozilla/5.0 (Windows NT 10.0; WOW64) AppleWebKit/537.36 (KHTML, like Gecko) Chrome/93.0.4577.63 Safari/537.36"
172.18.0.1 - - [10/Sep/2021:21:54:50 +0000] "POST /wp-admin/admin-ajax.php HTTP/1.1" 200 598 "http://localhost/wp-admin/edit.php?post_type=page" "Mozilla/5.0 (Windows NT 10.0; WOW64) AppleWebKit/537.36 (KHTML, like Gecko) Chrome/93.0.4577.63 Safari/537.36"
127.0.0.1 - - [10/Sep/2021:21:54:58 +0000] "OPTIONS * HTTP/1.0" 200 126 "-" "Apache/2.4.48 (Debian) PHP/7.4.23 (internal dummy connection)"
127.0.0.1 - - [10/Sep/2021:21:55:05 +0000] "POST /wp-cron.php?doing_wp_cron=1631310905.7274429798126220703125 HTTP/1.1" 200 192 "http://localhost/wp-cron.php?doing_wp_cron=1631310905.7274429798126220703125" "WordPress/5.8; http://localhost"
172.18.0.1 - - [10/Sep/2021:21:55:05 +0000] "POST /wp-admin/admin-ajax.php HTTP/1.1" 200 599 "http://localhost/wp-admin/edit.php?post_type=page" "Mozilla/5.0 (Windows NT 10.0; WOW64) AppleWebKit/537.36 (KHTML, like Gecko) Chrome/93.0.4577.63 Safari/537.36"
127.0.0.1 - - [10/Sep/2021:21:55:14 +0000] "POST /wp-cron.php?doing_wp_cron=1631310913.9561290740966796875000 HTTP/1.1" 200 192 "http://localhost/wp-cron.php?doing_wp_cron=1631310913.9561290740966796875000" "WordPress/5.8; http://localhost"
172.18.0.1 - - [10/Sep/2021:21:55:13 +0000] "GET /wp-admin/post.php?post=16&action=edit HTTP/1.1" 200 170718 "http://localhost/wp-admin/edit.php?post_type=page" "Mozilla/5.0 (Windows NT 10.0; WOW64) AppleWebKit/537.36 (KHTML, like Gecko) Chrome/93.0.4577.63 Safari/537.36"
172.18.0.1 - - [10/Sep/2021:21:55:19 +0000] "GET /wp-content/plugins/woocommerce/assets/css/woocommerce.css?ver=5.6.0 HTTP/1.1" 200 9245 "http://localhost/wp-admin/post.php?post=16&action=edit" "Mozilla/5.0 (Windows NT 10.0; WOW64) AppleWebKit/537.36 (KHTML, like Gecko) Chrome/93.0.4577.63 Safari/537.36"
172.18.0.1 - - [10/Sep/2021:21:55:19 +0000] "GET /wp-content/plugins/woocommerce/packages/woocommerce-blocks/build/wc-blocks-editor-style.css?ver=5.5.1 HTTP/1.1" 200 15448 "http://localhost/wp-admin/post.php?post=16&action=edit" "Mozilla/5.0 (Windows NT 10.0; WOW64) AppleWebKit/537.36 (KHTML, like Gecko) Chrome/93.0.4577.63 Safari/537.36"
172.18.0.1 - - [10/Sep/2021:21:55:19 +0000] "GET /wp-content/plugins/forminator/assets/forminator-ui/css/forminator-icons.min.css?ver=1.15.2 HTTP/1.1" 200 1309 "http://localhost/wp-admin/post.php?post=16&action=edit" "Mozilla/5.0 (Windows NT 10.0; WOW64) AppleWebKit/537.36 (KHTML, like Gecko) Chrome/93.0.4577.63 Safari/537.36"
172.18.0.1 - - [10/Sep/2021:21:55:19 +0000] "GET /wp-content/plugins/forminator/assets/forminator-ui/css/src/forminator-utilities.min.css?ver=1.15.2 HTTP/1.1" 200 691 "http://localhost/wp-admin/post.php?post=16&action=edit" "Mozilla/5.0 (Windows NT 10.0; WOW64) AppleWebKit/537.36 (KHTML, like Gecko) Chrome/93.0.4577.63 Safari/537.36"
172.18.0.1 - - [10/Sep/2021:21:55:19 +0000] "GET /wp-content/plugins/forminator/assets/forminator-ui/css/src/grid/forminator-grid.open.min.css?ver=1.15.2 HTTP/1.1" 200 824 "http://localhost/wp-admin/post.php?post=16&action=edit" "Mozilla/5.0 (Windows NT 10.0; WOW64) AppleWebKit/537.36 (KHTML, like Gecko) Chrome/93.0.4577.63 Safari/537.36"
172.18.0.1 - - [10/Sep/2021:21:55:19 +0000] "GET /wp-content/plugins/calculated-fields-form/pagebuilders/gutenberg/assets/css/gutenberg.css?ver=5.8 HTTP/1.1" 200 451 "http://localhost/wp-admin/post.php?post=16&action=edit" "Mozilla/5.0 (Windows NT 10.0; WOW64) AppleWebKit/537.36 (KHTML, like Gecko) Chrome/93.0.4577.63 Safari/537.36"
172.18.0.1 - - [10/Sep/2021:21:55:19 +0000] "GET /wp-content/plugins/forminator/assets/css/intlTelInput.min.css?ver=4.0.3 HTTP/1.1" 200 3502 "http://localhost/wp-admin/post.php?post=16&action=edit" "Mozilla/5.0 (Windows NT 10.0; WOW64) AppleWebKit/537.36 (KHTML, like Gecko) Chrome/93.0.4577.63 Safari/537.36"
172.18.0.1 - - [10/Sep/2021:21:55:19 +0000] "GET /wp-content/plugins/forminator/assets/forminator-ui/css/src/grid/forminator-grid.enclosed.min.css?ver=1.15.2 HTTP/1.1" 200 781 "http://localhost/wp-admin/post.php?post=16&action=edit" "Mozilla/5.0 (Windows NT 10.0; WOW64) AppleWebKit/537.36 (KHTML, like Gecko) Chrome/93.0.4577.63 Safari/537.36"
