172.18.0.1 - - [10/Sep/2021:16:02:10 +0000] "GET /wp-content/plugins/woocommerce/assets/css/menu.css?ver=5.6.0 HTTP/1.1" 200 1662 "http://localhost/wp-admin/admin.php?page=wc-admin" "Mozilla/5.0 (Windows NT 10.0; WOW64) AppleWebKit/537.36 (KHTML, like Gecko) Chrome/93.0.4577.63 Safari/537.36"
172.18.0.1 - - [10/Sep/2021:16:02:10 +0000] "GET /wp-content/plugins/woocommerce/packages/woocommerce-admin/dist/onboarding/style.css?ver=2.5.1 HTTP/1.1" 200 1769 "http://localhost/wp-admin/admin.php?page=wc-admin" "Mozilla/5.0 (Windows NT 10.0; WOW64) AppleWebKit/537.36 (KHTML, like Gecko) Chrome/93.0.4577.63 Safari/537.36"
172.18.0.1 - - [10/Sep/2021:16:02:10 +0000] "GET /wp-content/plugins/woocommerce/packages/woocommerce-admin/dist/experimental/style.css?ver=2.5.1 HTTP/1.1" 200 3404 "http://localhost/wp-admin/admin.php?page=wc-admin" "Mozilla/5.0 (Windows NT 10.0; WOW64) AppleWebKit/537.36 (KHTML, like Gecko) Chrome/93.0.4577.63 Safari/537.36"
172.18.0.1 - - [10/Sep/2021:16:02:10 +0000] "GET /wp-content/plugins/woocommerce-mercadopago/assets/js/saved_cards_notice_mercadopago.min.js?ver=5.3.1 HTTP/1.1" 200 489 "http://localhost/wp-admin/admin.php?page=wc-admin" "Mozilla/5.0 (Windows NT 10.0; WOW64) AppleWebKit/537.36 (KHTML, like Gecko) Chrome/93.0.4577.63 Safari/537.36"
172.18.0.1 - - [10/Sep/2021:16:02:10 +0000] "GET /wp-content/plugins/woocommerce-mercadopago/assets/js/review.min.js?ver=5.3.1 HTTP/1.1" 200 489 "http://localhost/wp-admin/admin.php?page=wc-admin" "Mozilla/5.0 (Windows NT 10.0; WOW64) AppleWebKit/537.36 (KHTML, like Gecko) Chrome/93.0.4577.63 Safari/537.36"
172.18.0.1 - - [10/Sep/2021:16:02:10 +0000] "GET /wp-content/plugins/woocommerce/packages/woocommerce-admin/dist/components/index.js?ver=2.5.1 HTTP/1.1" 200 161777 "http://localhost/wp-admin/admin.php?page=wc-admin" "Mozilla/5.0 (Windows NT 10.0; WOW64) AppleWebKit/537.36 (KHTML, like Gecko) Chrome/93.0.4577.63 Safari/537.36"
172.18.0.1 - - [10/Sep/2021:16:02:10 +0000] "GET /wp-content/plugins/woocommerce/packages/woocommerce-admin/dist/app/index.js?ver=2.5.1 HTTP/1.1" 200 49495 "http://localhost/wp-admin/admin.php?page=wc-admin" "Mozilla/5.0 (Windows NT 10.0; WOW64) AppleWebKit/537.36 (KHTML, like Gecko) Chrome/93.0.4577.63 Safari/537.36"
172.18.0.1 - - [10/Sep/2021:16:02:10 +0000] "GET /wp-content/plugins/woocommerce/assets/css/twenty-twenty-one-admin.css?ver=5.6.0 HTTP/1.1" 200 442 "http://localhost/wp-admin/admin.php?page=wc-admin" "Mozilla/5.0 (Windows NT 10.0; WOW64) AppleWebKit/537.36 (KHTML, like Gecko) Chrome/93.0.4577.63 Safari/537.36"
172.18.0.1 - - [10/Sep/2021:16:02:10 +0000] "GET /wp-content/plugins/woocommerce/packages/woocommerce-admin/dist/number/index.js?ver=2.5.1 HTTP/1.1" 200 1402 "http://localhost/wp-admin/admin.php?page=wc-admin" "Mozilla/5.0 (Windows NT 10.0; WOW64) AppleWebKit/537.36 (KHTML, like Gecko) Chrome/93.0.4577.63 Safari/537.36"
172.18.0.1 - - [10/Sep/2021:16:02:10 +0000] "GET /wp-content/plugins/woocommerce/packages/woocommerce-blocks/build/wc-settings.js?ver=eb9fff9e86cd8c11bfb8c225bea87ed4 HTTP/1.1" 200 3265 "http://localhost/wp-admin/admin.php?page=wc-admin" "Mozilla/5.0 (Windows NT 10.0; WOW64) AppleWebKit/537.36 (KHTML, like Gecko) Chrome/93.0.4577.63 Safari/537.36"
172.18.0.1 - - [10/Sep/2021:16:02:10 +0000] "GET /wp-content/plugins/woocommerce/packages/woocommerce-admin/dist/currency/index.js?ver=2.5.1 HTTP/1.1" 200 1939 "http://localhost/wp-admin/admin.php?page=wc-admin" "Mozilla/5.0 (Windows NT 10.0; WOW64) AppleWebKit/537.36 (KHTML, like Gecko) Chrome/93.0.4577.63 Safari/537.36"
172.18.0.1 - - [10/Sep/2021:16:02:10 +0000] "GET /wp-content/plugins/woocommerce/packages/woocommerce-admin/dist/date/index.js?ver=2.5.1 HTTP/1.1" 200 6773 "http://localhost/wp-admin/admin.php?page=wc-admin" "Mozilla/5.0 (Windows NT 10.0; WOW64) AppleWebKit/537.36 (KHTML, like Gecko) Chrome/93.0.4577.63 Safari/537.36"
172.18.0.1 - - [10/Sep/2021:16:02:10 +0000] "GET /wp-content/plugins/woocommerce/packages/woocommerce-admin/dist/navigation/index.js?ver=2.5.1 HTTP/1.1" 200 8652 "http://localhost/wp-admin/admin.php?page=wc-admin" "Mozilla/5.0 (Windows NT 10.0; WOW64) AppleWebKit/537.36 (KHTML, like Gecko) Chrome/93.0.4577.63 Safari/537.36"
172.18.0.1 - - [10/Sep/2021:16:02:10 +0000] "GET /wp-content/plugins/woocommerce/packages/woocommerce-admin/dist/data/index.js?ver=2.5.1 HTTP/1.1" 200 18210 "http://localhost/wp-admin/admin.php?page=wc-admin" "Mozilla/5.0 (Windows NT 10.0; WOW64) AppleWebKit/537.36 (KHTML, like Gecko) Chrome/93.0.4577.63 Safari/537.36"
172.18.0.1 - - [10/Sep/2021:16:02:10 +0000] "GET /wp-content/plugins/woocommerce/packages/woocommerce-admin/dist/csv-export/index.js?ver=2.5.1 HTTP/1.1" 200 2627 "http://localhost/wp-admin/admin.php?page=wc-admin" "Mozilla/5.0 (Windows NT 10.0; WOW64) AppleWebKit/537.36 (KHTML, like Gecko) Chrome/93.0.4577.63 Safari/537.36"
172.18.0.1 - - [10/Sep/2021:16:02:10 +0000] "GET /wp-content/plugins/woocommerce/packages/woocommerce-admin/dist/customer-effort-score/index.js?ver=2.5.1 HTTP/1.1" 200 2274 "http://localhost/wp-admin/admin.php?page=wc-admin" "Mozilla/5.0 (Windows NT 10.0; WOW64) AppleWebKit/537.36 (KHTML, like Gecko) Chrome/93.0.4577.63 Safari/537.36"
172.18.0.1 - - [10/Sep/2021:16:02:10 +0000] "GET /wp-content/plugins/woocommerce/packages/woocommerce-admin/dist/experimental/index.js?ver=2.5.1 HTTP/1.1" 200 18551 "http://localhost/wp-admin/admin.php?page=wc-admin" "Mozilla/5.0 (Windows NT 10.0; WOW64) AppleWebKit/537.36 (KHTML, like Gecko) Chrome/93.0.4577.63 Safari/537.36"
172.18.0.1 - - [10/Sep/2021:16:02:10 +0000] "GET /wp-content/plugins/woocommerce/packages/woocommerce-admin/dist/explat/index.js?ver=2.5.1 HTTP/1.1" 200 8400 "http://localhost/wp-admin/admin.php?page=wc-admin" "Mozilla/5.0 (Windows NT 10.0; WOW64) AppleWebKit/537.36 (KHTML, like Gecko) Chrome/93.0.4577.63 Safari/537.36"
172.18.0.1 - - [10/Sep/2021:16:02:10 +0000] "GET /wp-content/plugins/woocommerce/packages/woocommerce-admin/dist/notices/index.js?ver=2.5.1 HTTP/1.1" 200 1426 "http://localhost/wp-admin/admin.php?page=wc-admin" "Mozilla/5.0 (Windows NT 10.0; WOW64) AppleWebKit/537.36 (KHTML, like Gecko) Chrome/93.0.4577.63 Safari/537.36"
172.18.0.1 - - [10/Sep/2021:16:02:10 +0000] "GET /wp-content/plugins/woocommerce/packages/woocommerce-admin/dist/tracks/index.js?ver=2.5.1 HTTP/1.1" 200 4165 "http://localhost/wp-admin/admin.php?page=wc-admin" "Mozilla/5.0 (Windows NT 10.0; WOW64) AppleWebKit/537.36 (KHTML, like Gecko) Chrome/93.0.4577.63 Safari/537.36"
172.18.0.1 - - [10/Sep/2021:16:02:10 +0000] "GET /wp-content/plugins/woocommerce/packages/woocommerce-admin/dist/chunks/3.js?ver=2.5.1 HTTP/1.1" 200 7497 "http://localhost/wp-admin/admin.php?page=wc-admin" "Mozilla/5.0 (Windows NT 10.0; WOW64) AppleWebKit/537.36 (KHTML, like Gecko) Chrome/93.0.4577.63 Safari/537.36"
172.18.0.1 - - [10/Sep/2021:16:02:10 +0000] "GET /wp-content/plugins/woocommerce/packages/woocommerce-admin/dist/chunks/store-alerts.js?ver=2.5.1 HTTP/1.1" 200 2319 "http://localhost/wp-admin/admin.php?page=wc-admin" "Mozilla/5.0 (Windows NT 10.0; WOW64) AppleWebKit/537.36 (KHTML, like Gecko) Chrome/93.0.4577.63 Safari/537.36"
172.18.0.1 - - [10/Sep/2021:16:02:10 +0000] "GET /wp-content/plugins/woocommerce/packages/woocommerce-admin/dist/chunks/47.style.css?ver=2.5.1 HTTP/1.1" 200 1635 "http://localhost/wp-admin/admin.php?page=wc-admin" "Mozilla/5.0 (Windows NT 10.0; WOW64) AppleWebKit/537.36 (KHTML, like Gecko) Chrome/93.0.4577.63 Safari/537.36"
172.18.0.1 - - [10/Sep/2021:16:02:10 +0000] "GET /wp-content/plugins/woocommerce/packages/woocommerce-admin/dist/chunks/2.js?ver=2.5.1 HTTP/1.1" 200 3508 "http://localhost/wp-admin/admin.php?page=wc-admin" "Mozilla/5.0 (Windows NT 10.0; WOW64) AppleWebKit/537.36 (KHTML, like Gecko) Chrome/93.0.4577.63 Safari/537.36"
172.18.0.1 - - [10/Sep/2021:16:02:10 +0000] "GET /wp-content/plugins/woocommerce/packages/woocommerce-admin/dist/chunks/31.style.css?ver=2.5.1 HTTP/1.1" 200 6092 "http://localhost/wp-admin/admin.php?page=wc-admin" "Mozilla/5.0 (Windows NT 10.0; WOW64) AppleWebKit/537.36 (KHTML, like Gecko) Chrome/93.0.4577.63 Safari/537.36"
172.18.0.1 - - [10/Sep/2021:16:02:10 +0000] "GET /wp-content/plugins/woocommerce/packages/woocommerce-admin/dist/chunks/homescreen.js?ver=2.5.1 HTTP/1.1" 200 63182 "http://localhost/wp-admin/admin.php?page=wc-admin" "Mozilla/5.0 (Windows NT 10.0; WOW64) AppleWebKit/537.36 (KHTML, like Gecko) Chrome/93.0.4577.63 Safari/537.36"
172.18.0.1 - - [10/Sep/2021:16:02:10 +0000] "GET /wp-content/plugins/woocommerce/packages/woocommerce-admin/dist/chunks/49.style.css?ver=2.5.1 HTTP/1.1" 200 1648 "http://localhost/wp-admin/admin.php?page=wc-admin" "Mozilla/5.0 (Windows NT 10.0; WOW64) AppleWebKit/537.36 (KHTML, like Gecko) Chrome/93.0.4577.63 Safari/537.36"
172.18.0.1 - - [10/Sep/2021:16:02:10 +0000] "GET /wp-content/plugins/woocommerce/packages/woocommerce-admin/dist/chunks/task-list.js?ver=2.5.1 HTTP/1.1" 200 18904 "http://localhost/wp-admin/admin.php?page=wc-admin" "Mozilla/5.0 (Windows NT 10.0; WOW64) AppleWebKit/537.36 (KHTML, like Gecko) Chrome/93.0.4577.63 Safari/537.36"
172.18.0.1 - - [10/Sep/2021:16:02:10 +0000] "GET /wp-content/plugins/woocommerce/packages/woocommerce-admin/dist/chunks/1.js?ver=2.5.1 HTTP/1.1" 200 67482 "http://localhost/wp-admin/admin.php?page=wc-admin" "Mozilla/5.0 (Windows NT 10.0; WOW64) AppleWebKit/537.36 (KHTML, like Gecko) Chrome/93.0.4577.63 Safari/537.36"
172.18.0.1 - - [10/Sep/2021:16:02:10 +0000] "GET /wp-json/wc-admin/options?options=woocommerce_ces_tracks_queue&_locale=user HTTP/1.1" 200 691 "http://localhost/wp-admin/admin.php?page=wc-admin" "Mozilla/5.0 (Windows NT 10.0; WOW64) AppleWebKit/537.36 (KHTML, like Gecko) Chrome/93.0.4577.63 Safari/537.36"
172.18.0.1 - - [10/Sep/2021:16:02:10 +0000] "GET /wp-json/wc-analytics/admin/notes?page=1&per_page=25&status=unactioned&type%5B0%5D=info&type%5B1%5D=marketing&type%5B2%5D=survey&type%5B3%5D=warning&orderby=date&order=desc&_locale=user HTTP/1.1" 200 3710 "http://localhost/wp-admin/admin.php?page=wc-admin" "Mozilla/5.0 (Windows NT 10.0; WOW64) AppleWebKit/537.36 (KHTML, like Gecko) Chrome/93.0.4577.63 Safari/537.36"
172.18.0.1 - - [10/Sep/2021:16:02:11 +0000] "GET /wp-json/wc-analytics/products/low-in-stock?page=1&per_page=1&low_in_stock=true&status=publish&_fields%5B0%5D=id&_locale=user HTTP/1.1" 200 689 "http://localhost/wp-admin/admin.php?page=wc-admin" "Mozilla/5.0 (Windows NT 10.0; WOW64) AppleWebKit/537.36 (KHTML, like Gecko) Chrome/93.0.4577.63 Safari/537.36"
172.18.0.1 - - [10/Sep/2021:16:02:11 +0000] "GET /wp-json/wc-analytics/orders?page=1&per_page=1&status%5B0%5D=processing&status%5B1%5D=on-hold&_fields%5B0%5D=id&_locale=user HTTP/1.1" 200 695 "http://localhost/wp-admin/admin.php?page=wc-admin" "Mozilla/5.0 (Windows NT 10.0; WOW64) AppleWebKit/537.36 (KHTML, like Gecko) Chrome/93.0.4577.63 Safari/537.36"
172.18.0.1 - - [10/Sep/2021:16:02:11 +0000] "GET /wp-json/wc-analytics/admin/notes?page=1&per_page=25&type=error%2Cupdate&status=unactioned&_locale=user HTTP/1.1" 200 669 "http://localhost/wp-admin/admin.php?page=wc-admin" "Mozilla/5.0 (Windows NT 10.0; WOW64) AppleWebKit/537.36 (KHTML, like Gecko) Chrome/93.0.4577.63 Safari/537.36"
172.18.0.1 - - [10/Sep/2021:16:02:11 +0000] "POST /wp-json/wp/v2/users/1?_locale=user HTTP/1.1" 200 5183 "http://localhost/wp-admin/admin.php?page=wc-admin" "Mozilla/5.0 (Windows NT 10.0; WOW64) AppleWebKit/537.36 (KHTML, like Gecko) Chrome/93.0.4577.63 Safari/537.36"
172.18.0.1 - - [10/Sep/2021:16:02:11 +0000] "GET /wp-json/wc-analytics/products/reviews?page=1&per_page=1&status=hold&_embed=1&_fields%5B0%5D=id&_locale=user HTTP/1.1" 200 695 "http://localhost/wp-admin/admin.php?page=wc-admin" "Mozilla/5.0 (Windows NT 10.0; WOW64) AppleWebKit/537.36 (KHTML, like Gecko) Chrome/93.0.4577.63 Safari/537.36"
172.18.0.1 - - [10/Sep/2021:16:02:11 +0000] "GET /wp-json/wc-analytics/admin/notes?page=1&per_page=25&status=unactioned&type%5B0%5D=info&type%5B1%5D=marketing&type%5B2%5D=survey&type%5B3%5D=warning&orderby=date&order=desc&_fields%5B0%5D=id&_fields%5B1%5D=name&_fields%5B2%5D=title&_fields%5B3%5D=content&_fields%5B4%5D=type&_fields%5B5%5D=status&_fields%5B6%5D=actions&_fields%5B7%5D=date_created&_fields%5B8%5D=date_created_gmt&_fields%5B9%5D=layout&_fields%5B10%5D=image&_fields%5B11%5D=is_deleted&_locale=user HTTP/1.1" 200 2799 "http://localhost/wp-admin/admin.php?page=wc-admin" "Mozilla/5.0 (Windows NT 10.0; WOW64) AppleWebKit/537.36 (KHTML, like Gecko) Chrome/93.0.4577.63 Safari/537.36"
172.18.0.1 - - [10/Sep/2021:16:02:12 +0000] "GET /wp-json/wc-analytics/reports/performance-indicators?after=2021-09-09T00%3A00%3A00&before=2021-09-09T23%3A59%3A59&stats=revenue%2Ftotal_sales%2Corders%2Forders_count&_locale=user HTTP/1.1" 200 1174 "http://localhost/wp-admin/admin.php?page=wc-admin" "Mozilla/5.0 (Windows NT 10.0; WOW64) AppleWebKit/537.36 (KHTML, like Gecko) Chrome/93.0.4577.63 Safari/537.36"
172.18.0.1 - - [10/Sep/2021:16:02:12 +0000] "GET /wp-json/wp/v2/users/1?context=edit&_locale=user HTTP/1.1" 200 5012 "http://localhost/wp-admin/admin.php?page=wc-admin" "Mozilla/5.0 (Windows NT 10.0; WOW64) AppleWebKit/537.36 (KHTML, like Gecko) Chrome/93.0.4577.63 Safari/537.36"
172.18.0.1 - - [10/Sep/2021:16:02:12 +0000] "GET /wp-json/wc-analytics/reports/performance-indicators?after=2021-09-10T00%3A00%3A00&before=2021-09-10T16%3A02%3A10&stats=revenue%2Ftotal_sales%2Corders%2Forders_count&_locale=user HTTP/1.1" 200 1174 "http://localhost/wp-admin/admin.php?page=wc-admin" "Mozilla/5.0 (Windows NT 10.0; WOW64) AppleWebKit/537.36 (KHTML, like Gecko) Chrome/93.0.4577.63 Safari/537.36"
172.18.0.1 - - [10/Sep/2021:16:02:12 +0000] "GET /wp-admin/admin.php?page=wc-settings HTTP/1.1" 200 102351 "http://localhost/wp-admin/admin.php?page=wc-admin" "Mozilla/5.0 (Windows NT 10.0; WOW64) AppleWebKit/537.36 (KHTML, like Gecko) Chrome/93.0.4577.63 Safari/537.36"
172.18.0.1 - - [10/Sep/2021:16:02:15 +0000] "GET /wp-content/plugins/woocommerce/assets/css/activation.css?ver=5.6.0 HTTP/1.1" 200 843 "http://localhost/wp-admin/admin.php?page=wc-settings" "Mozilla/5.0 (Windows NT 10.0; WOW64) AppleWebKit/537.36 (KHTML, like Gecko) Chrome/93.0.4577.63 Safari/537.36"
172.18.0.1 - - [10/Sep/2021:16:02:15 +0000] "GET /wp-content/plugins/woocommerce/assets/css/jquery-ui/jquery-ui.min.css?ver=5.6.0 HTTP/1.1" 200 7719 "http://localhost/wp-admin/admin.php?page=wc-settings" "Mozilla/5.0 (Windows NT 10.0; WOW64) AppleWebKit/537.36 (KHTML, like Gecko) Chrome/93.0.4577.63 Safari/537.36"
172.18.0.1 - - [10/Sep/2021:16:02:15 +0000] "GET /wp-content/plugins/woocommerce/assets/css/admin.css?ver=5.6.0 HTTP/1.1" 200 31371 "http://localhost/wp-admin/admin.php?page=wc-settings" "Mozilla/5.0 (Windows NT 10.0; WOW64) AppleWebKit/537.36 (KHTML, like Gecko) Chrome/93.0.4577.63 Safari/537.36"
172.18.0.1 - - [10/Sep/2021:16:02:15 +0000] "GET /wp-content/plugins/woocommerce/assets/js/jquery-tiptip/jquery.tipTip.min.js?ver=5.6.0 HTTP/1.1" 200 1438 "http://localhost/wp-admin/admin.php?page=wc-settings" "Mozilla/5.0 (Windows NT 10.0; WOW64) AppleWebKit/537.36 (KHTML, like Gecko) Chrome/93.0.4577.63 Safari/537.36"
172.18.0.1 - - [10/Sep/2021:16:02:15 +0000] "GET /wp-content/plugins/woocommerce/assets/js/jquery-blockui/jquery.blockUI.min.js?ver=2.70 HTTP/1.1" 200 3842 "http://localhost/wp-admin/admin.php?page=wc-settings" "Mozilla/5.0 (Windows NT 10.0; WOW64) AppleWebKit/537.36 (KHTML, like Gecko) Chrome/93.0.4577.63 Safari/537.36"
172.18.0.1 - - [10/Sep/2021:16:02:15 +0000] "GET /wp-content/plugins/woocommerce/assets/js/admin/woocommerce_admin.min.js?ver=5.6.0 HTTP/1.1" 200 2650 "http://localhost/wp-admin/admin.php?page=wc-settings" "Mozilla/5.0 (Windows NT 10.0; WOW64) AppleWebKit/537.36 (KHTML, like Gecko) Chrome/93.0.4577.63 Safari/537.36"
172.18.0.1 - - [10/Sep/2021:16:02:15 +0000] "GET /wp-content/plugins/woocommerce/assets/js/admin/wc-enhanced-select.min.js?ver=5.6.0 HTTP/1.1" 200 1699 "http://localhost/wp-admin/admin.php?page=wc-settings" "Mozilla/5.0 (Windows NT 10.0; WOW64) AppleWebKit/537.36 (KHTML, like Gecko) Chrome/93.0.4577.63 Safari/537.36"
172.18.0.1 - - [10/Sep/2021:16:02:15 +0000] "GET /wp-content/plugins/woocommerce/assets/js/selectWoo/selectWoo.full.min.js?ver=1.0.6 HTTP/1.1" 200 21916 "http://localhost/wp-admin/admin.php?page=wc-settings" "Mozilla/5.0 (Windows NT 10.0; WOW64) AppleWebKit/537.36 (KHTML, like Gecko) Chrome/93.0.4577.63 Safari/537.36"
172.18.0.1 - - [10/Sep/2021:16:02:15 +0000] "GET /wp-content/plugins/woocommerce-mercadopago/assets/images/generics/icone-cartao-mp.png HTTP/1.1" 304 249 "http://localhost/wp-admin/admin.php?page=wc-settings" "Mozilla/5.0 (Windows NT 10.0; WOW64) AppleWebKit/537.36 (KHTML, like Gecko) Chrome/93.0.4577.63 Safari/537.36"
172.18.0.1 - - [10/Sep/2021:16:02:15 +0000] "GET /wp-content/plugins/woocommerce-mercadopago/assets/images/minilogo.png HTTP/1.1" 304 249 "http://localhost/wp-admin/admin.php?page=wc-settings" "Mozilla/5.0 (Windows NT 10.0; WOW64) AppleWebKit/537.36 (KHTML, like Gecko) Chrome/93.0.4577.63 Safari/537.36"
172.18.0.1 - - [10/Sep/2021:16:02:15 +0000] "GET /wp-content/plugins/woocommerce/includes/gateways/paypal/assets/js/paypal-admin.min.js?ver=5.6.0 HTTP/1.1" 200 683 "http://localhost/wp-admin/admin.php?page=wc-settings" "Mozilla/5.0 (Windows NT 10.0; WOW64) AppleWebKit/537.36 (KHTML, like Gecko) Chrome/93.0.4577.63 Safari/537.36"
172.18.0.1 - - [10/Sep/2021:16:02:15 +0000] "GET /wp-content/plugins/woocommerce/assets/js/admin/settings.min.js?ver=5.6.0 HTTP/1.1" 200 1515 "http://localhost/wp-admin/admin.php?page=wc-settings" "Mozilla/5.0 (Windows NT 10.0; WOW64) AppleWebKit/537.36 (KHTML, like Gecko) Chrome/93.0.4577.63 Safari/537.36"
172.18.0.1 - - [10/Sep/2021:16:02:15 +0000] "GET /wp-json/wc-analytics/admin/notes?page=1&per_page=25&status=unactioned&type%5B0%5D=info&type%5B1%5D=marketing&type%5B2%5D=survey&type%5B3%5D=warning&orderby=date&order=desc&_locale=user HTTP/1.1" 200 3710 "http://localhost/wp-admin/admin.php?page=wc-settings" "Mozilla/5.0 (Windows NT 10.0; WOW64) AppleWebKit/537.36 (KHTML, like Gecko) Chrome/93.0.4577.63 Safari/537.36"
172.18.0.1 - - [10/Sep/2021:16:02:16 +0000] "GET /wp-json/wc-analytics/admin/notes?page=1&per_page=25&type=error%2Cupdate&status=unactioned&_locale=user HTTP/1.1" 200 669 "http://localhost/wp-admin/admin.php?page=wc-settings" "Mozilla/5.0 (Windows NT 10.0; WOW64) AppleWebKit/537.36 (KHTML, like Gecko) Chrome/93.0.4577.63 Safari/537.36"
172.18.0.1 - - [10/Sep/2021:16:02:15 +0000] "GET /wp-json/wc-admin/options?options=woocommerce_ces_tracks_queue&_locale=user HTTP/1.1" 200 691 "http://localhost/wp-admin/admin.php?page=wc-settings" "Mozilla/5.0 (Windows NT 10.0; WOW64) AppleWebKit/537.36 (KHTML, like Gecko) Chrome/93.0.4577.63 Safari/537.36"
172.18.0.1 - - [10/Sep/2021:16:02:16 +0000] "GET /wp-admin/admin.php?page=wc-settings&tab=checkout HTTP/1.1" 200 74890 "http://localhost/wp-admin/admin.php?page=wc-settings" "Mozilla/5.0 (Windows NT 10.0; WOW64) AppleWebKit/537.36 (KHTML, like Gecko) Chrome/93.0.4577.63 Safari/537.36"
172.18.0.1 - - [10/Sep/2021:16:02:19 +0000] "GET /wp-content/plugins/woocommerce/packages/woocommerce-admin/dist/chunks/44.style.css?ver=2.5.1 HTTP/1.1" 200 1021 "http://localhost/wp-admin/admin.php?page=wc-settings&tab=checkout" "Mozilla/5.0 (Windows NT 10.0; WOW64) AppleWebKit/537.36 (KHTML, like Gecko) Chrome/93.0.4577.63 Safari/537.36"
172.18.0.1 - - [10/Sep/2021:16:02:19 +0000] "GET /wp-content/plugins/woocommerce/packages/woocommerce-admin/dist/chunks/payment-recommendations.js?ver=2.5.1 HTTP/1.1" 200 2518 "http://localhost/wp-admin/admin.php?page=wc-settings&tab=checkout" "Mozilla/5.0 (Windows NT 10.0; WOW64) AppleWebKit/537.36 (KHTML, like Gecko) Chrome/93.0.4577.63 Safari/537.36"
172.18.0.1 - - [10/Sep/2021:16:02:19 +0000] "GET /wp-json/wc-admin/options?options=woocommerce_ces_tracks_queue&_locale=user HTTP/1.1" 200 691 "http://localhost/wp-admin/admin.php?page=wc-settings&tab=checkout" "Mozilla/5.0 (Windows NT 10.0; WOW64) AppleWebKit/537.36 (KHTML, like Gecko) Chrome/93.0.4577.63 Safari/537.36"
172.18.0.1 - - [10/Sep/2021:16:02:19 +0000] "GET /wp-json/wc-analytics/admin/notes?page=1&per_page=25&status=unactioned&type%5B0%5D=info&type%5B1%5D=marketing&type%5B2%5D=survey&type%5B3%5D=warning&orderby=date&order=desc&_locale=user HTTP/1.1" 200 3710 "http://localhost/wp-admin/admin.php?page=wc-settings&tab=checkout" "Mozilla/5.0 (Windows NT 10.0; WOW64) AppleWebKit/537.36 (KHTML, like Gecko) Chrome/93.0.4577.63 Safari/537.36"
172.18.0.1 - - [10/Sep/2021:16:02:19 +0000] "GET /wp-json/wc-analytics/settings/general?_locale=user HTTP/1.1" 200 88314 "http://localhost/wp-admin/admin.php?page=wc-settings&tab=checkout" "Mozilla/5.0 (Windows NT 10.0; WOW64) AppleWebKit/537.36 (KHTML, like Gecko) Chrome/93.0.4577.63 Safari/537.36"
172.18.0.1 - - [10/Sep/2021:16:02:19 +0000] "GET /wp-json/wc-analytics/admin/notes?page=1&per_page=25&type=error%2Cupdate&status=unactioned&_locale=user HTTP/1.1" 200 669 "http://localhost/wp-admin/admin.php?page=wc-settings&tab=checkout" "Mozilla/5.0 (Windows NT 10.0; WOW64) AppleWebKit/537.36 (KHTML, like Gecko) Chrome/93.0.4577.63 Safari/537.36"
172.18.0.1 - - [10/Sep/2021:16:02:19 +0000] "GET /wp-json/wc-admin/options?options=woocommerce_show_marketplace_suggestions%2Cwoocommerce_setting_payments_recommendations_hidden&_locale=user HTTP/1.1" 200 764 "http://localhost/wp-admin/admin.php?page=wc-settings&tab=checkout" "Mozilla/5.0 (Windows NT 10.0; WOW64) AppleWebKit/537.36 (KHTML, like Gecko) Chrome/93.0.4577.63 Safari/537.36"
172.18.0.1 - - [10/Sep/2021:16:02:20 +0000] "GET /wp-json/wc-admin/plugins/recommended-payment-plugins?_locale=user HTTP/1.1" 200 2242 "http://localhost/wp-admin/admin.php?page=wc-settings&tab=checkout" "Mozilla/5.0 (Windows NT 10.0; WOW64) AppleWebKit/537.36 (KHTML, like Gecko) Chrome/93.0.4577.63 Safari/537.36"
172.18.0.1 - - [10/Sep/2021:16:02:25 +0000] "POST /wp-admin/admin-ajax.php HTTP/1.1" 200 580 "http://localhost/wp-admin/admin.php?page=wc-settings&tab=checkout" "Mozilla/5.0 (Windows NT 10.0; WOW64) AppleWebKit/537.36 (KHTML, like Gecko) Chrome/93.0.4577.63 Safari/537.36"
172.18.0.1 - - [10/Sep/2021:16:02:27 +0000] "POST /wp-admin/admin-ajax.php HTTP/1.1" 200 695 "http://localhost/wp-admin/admin.php?page=wc-settings&tab=checkout" "Mozilla/5.0 (Windows NT 10.0; WOW64) AppleWebKit/537.36 (KHTML, like Gecko) Chrome/93.0.4577.63 Safari/537.36"
127.0.0.1 - - [10/Sep/2021:16:02:35 +0000] "OPTIONS * HTTP/1.0" 200 126 "-" "Apache/2.4.48 (Debian) PHP/7.4.23 (internal dummy connection)"
127.0.0.1 - - [10/Sep/2021:16:03:19 +0000] "POST /wp-cron.php?doing_wp_cron=1631289799.9267539978027343750000 HTTP/1.1" 200 192 "http://localhost/wp-cron.php?doing_wp_cron=1631289799.9267539978027343750000" "WordPress/5.8; http://localhost"
172.18.0.1 - - [10/Sep/2021:16:03:19 +0000] "POST /wp-admin/admin-ajax.php HTTP/1.1" 200 599 "http://localhost/wp-admin/admin.php?page=wc-settings&tab=checkout" "Mozilla/5.0 (Windows NT 10.0; WOW64) AppleWebKit/537.36 (KHTML, like Gecko) Chrome/93.0.4577.63 Safari/537.36"
127.0.0.1 - - [10/Sep/2021:16:04:19 +0000] "POST /wp-cron.php?doing_wp_cron=1631289859.9314720630645751953125 HTTP/1.1" 200 192 "http://localhost/wp-cron.php?doing_wp_cron=1631289859.9314720630645751953125" "WordPress/5.8; http://localhost"
172.18.0.1 - - [10/Sep/2021:16:04:19 +0000] "POST /wp-admin/admin-ajax.php HTTP/1.1" 200 599 "http://localhost/wp-admin/admin.php?page=wc-settings&tab=checkout" "Mozilla/5.0 (Windows NT 10.0; WOW64) AppleWebKit/537.36 (KHTML, like Gecko) Chrome/93.0.4577.63 Safari/537.36"
127.0.0.1 - - [10/Sep/2021:16:05:19 +0000] "POST /wp-cron.php?doing_wp_cron=1631289919.9134318828582763671875 HTTP/1.1" 200 192 "http://localhost/wp-cron.php?doing_wp_cron=1631289919.9134318828582763671875" "WordPress/5.8; http://localhost"
172.18.0.1 - - [10/Sep/2021:16:05:19 +0000] "POST /wp-admin/admin-ajax.php HTTP/1.1" 200 599 "http://localhost/wp-admin/admin.php?page=wc-settings&tab=checkout" "Mozilla/5.0 (Windows NT 10.0; WOW64) AppleWebKit/537.36 (KHTML, like Gecko) Chrome/93.0.4577.63 Safari/537.36"
127.0.0.1 - - [10/Sep/2021:16:07:19 +0000] "POST /wp-cron.php?doing_wp_cron=1631290039.9236340522766113281250 HTTP/1.1" 200 192 "http://localhost/wp-cron.php?doing_wp_cron=1631290039.9236340522766113281250" "WordPress/5.8; http://localhost"
172.18.0.1 - - [10/Sep/2021:16:07:19 +0000] "POST /wp-admin/admin-ajax.php HTTP/1.1" 200 599 "http://localhost/wp-admin/admin.php?page=wc-settings&tab=checkout" "Mozilla/5.0 (Windows NT 10.0; WOW64) AppleWebKit/537.36 (KHTML, like Gecko) Chrome/93.0.4577.63 Safari/537.36"
127.0.0.1 - - [10/Sep/2021:16:09:20 +0000] "POST /wp-cron.php?doing_wp_cron=1631290159.9241099357604980468750 HTTP/1.1" 200 192 "http://localhost/wp-cron.php?doing_wp_cron=1631290159.9241099357604980468750" "WordPress/5.8; http://localhost"
172.18.0.1 - - [10/Sep/2021:16:09:19 +0000] "POST /wp-admin/admin-ajax.php HTTP/1.1" 200 599 "http://localhost/wp-admin/admin.php?page=wc-settings&tab=checkout" "Mozilla/5.0 (Windows NT 10.0; WOW64) AppleWebKit/537.36 (KHTML, like Gecko) Chrome/93.0.4577.63 Safari/537.36"
127.0.0.1 - - [10/Sep/2021:16:11:19 +0000] "POST /wp-cron.php?doing_wp_cron=1631290279.9315619468688964843750 HTTP/1.1" 200 192 "http://localhost/wp-cron.php?doing_wp_cron=1631290279.9315619468688964843750" "WordPress/5.8; http://localhost"
172.18.0.1 - - [10/Sep/2021:16:11:19 +0000] "POST /wp-admin/admin-ajax.php HTTP/1.1" 200 599 "http://localhost/wp-admin/admin.php?page=wc-settings&tab=checkout" "Mozilla/5.0 (Windows NT 10.0; WOW64) AppleWebKit/537.36 (KHTML, like Gecko) Chrome/93.0.4577.63 Safari/537.36"
127.0.0.1 - - [10/Sep/2021:16:13:19 +0000] "POST /wp-cron.php?doing_wp_cron=1631290399.9457609653472900390625 HTTP/1.1" 200 192 "http://localhost/wp-cron.php?doing_wp_cron=1631290399.9457609653472900390625" "WordPress/5.8; http://localhost"
172.18.0.1 - - [10/Sep/2021:16:13:19 +0000] "POST /wp-admin/admin-ajax.php HTTP/1.1" 200 599 "http://localhost/wp-admin/admin.php?page=wc-settings&tab=checkout" "Mozilla/5.0 (Windows NT 10.0; WOW64) AppleWebKit/537.36 (KHTML, like Gecko) Chrome/93.0.4577.63 Safari/537.36"
172.18.0.1 - - [10/Sep/2021:16:39:36 +0000] "POST /wp-admin/admin-ajax.php HTTP/1.1" 200 599 "http://localhost/wp-admin/admin.php?page=wc-settings&tab=checkout" "Mozilla/5.0 (Windows NT 10.0; WOW64) AppleWebKit/537.36 (KHTML, like Gecko) Chrome/93.0.4577.63 Safari/537.36"
127.0.0.1 - - [10/Sep/2021:16:39:37 +0000] "POST /wp-cron.php?doing_wp_cron=1631291976.9686069488525390625000 HTTP/1.1" 200 192 "http://localhost/wp-cron.php?doing_wp_cron=1631291976.9686069488525390625000" "WordPress/5.8; http://localhost"
127.0.0.1 - - [10/Sep/2021:16:40:05 +0000] "POST /wp-cron.php?doing_wp_cron=1631292005.6330809593200683593750 HTTP/1.1" 200 192 "http://localhost/wp-cron.php?doing_wp_cron=1631292005.6330809593200683593750" "WordPress/5.8; http://localhost"
172.18.0.1 - - [10/Sep/2021:16:40:05 +0000] "GET /wp-admin/admin.php?page=wc-settings&tab=checkout&section=woo-mercado-pago-basic HTTP/1.1" 200 74721 "http://localhost/wp-admin/admin.php?page=wc-settings&tab=checkout" "Mozilla/5.0 (Windows NT 10.0; WOW64) AppleWebKit/537.36 (KHTML, like Gecko) Chrome/93.0.4577.63 Safari/537.36"
172.18.0.1 - - [10/Sep/2021:16:40:06 +0000] "GET /wp-content/plugins/woocommerce/packages/woocommerce-admin/dist/components/style.css?ver=2.5.1 HTTP/1.1" 200 14676 "http://localhost/wp-admin/admin.php?page=wc-settings&tab=checkout&section=woo-mercado-pago-basic" "Mozilla/5.0 (Windows NT 10.0; WOW64) AppleWebKit/537.36 (KHTML, like Gecko) Chrome/93.0.4577.63 Safari/537.36"
172.18.0.1 - - [10/Sep/2021:16:40:06 +0000] "GET /wp-content/plugins/woocommerce/packages/woocommerce-admin/dist/app/style.css?ver=2.5.1 HTTP/1.1" 200 5373 "http://localhost/wp-admin/admin.php?page=wc-settings&tab=checkout&section=woo-mercado-pago-basic" "Mozilla/5.0 (Windows NT 10.0; WOW64) AppleWebKit/537.36 (KHTML, like Gecko) Chrome/93.0.4577.63 Safari/537.36"
172.18.0.1 - - [10/Sep/2021:16:40:06 +0000] "GET /wp-content/plugins/woocommerce/assets/css/twenty-twenty-one-admin.css?ver=5.6.0 HTTP/1.1" 200 442 "http://localhost/wp-admin/admin.php?page=wc-settings&tab=checkout&section=woo-mercado-pago-basic" "Mozilla/5.0 (Windows NT 10.0; WOW64) AppleWebKit/537.36 (KHTML, like Gecko) Chrome/93.0.4577.63 Safari/537.36"
172.18.0.1 - - [10/Sep/2021:16:40:06 +0000] "GET /wp-content/plugins/woocommerce-mercadopago/assets/css/admin_notice_mercadopago.min.css?ver=5.3.1 HTTP/1.1" 200 812 "http://localhost/wp-admin/admin.php?page=wc-settings&tab=checkout&section=woo-mercado-pago-basic" "Mozilla/5.0 (Windows NT 10.0; WOW64) AppleWebKit/537.36 (KHTML, like Gecko) Chrome/93.0.4577.63 Safari/537.36"
172.18.0.1 - - [10/Sep/2021:16:40:06 +0000] "GET /wp-content/plugins/woocommerce-mercadopago/assets/css/saved_cards_notice_mercadopago.min.css?ver=5.3.1 HTTP/1.1" 200 862 "http://localhost/wp-admin/admin.php?page=wc-settings&tab=checkout&section=woo-mercado-pago-basic" "Mozilla/5.0 (Windows NT 10.0; WOW64) AppleWebKit/537.36 (KHTML, like Gecko) Chrome/93.0.4577.63 Safari/537.36"
172.18.0.1 - - [10/Sep/2021:16:40:06 +0000] "GET /wp-content/plugins/woocommerce-mercadopago/assets/css/config_mercadopago.min.css?ver=5.3.1 HTTP/1.1" 200 1533 "http://localhost/wp-admin/admin.php?page=wc-settings&tab=checkout&section=woo-mercado-pago-basic" "Mozilla/5.0 (Windows NT 10.0; WOW64) AppleWebKit/537.36 (KHTML, like Gecko) Chrome/93.0.4577.63 Safari/537.36"
172.18.0.1 - - [10/Sep/2021:16:40:06 +0000] "GET /wp-content/plugins/woocommerce/assets/css/menu.css?ver=5.6.0 HTTP/1.1" 200 1662 "http://localhost/wp-admin/admin.php?page=wc-settings&tab=checkout&section=woo-mercado-pago-basic" "Mozilla/5.0 (Windows NT 10.0; WOW64) AppleWebKit/537.36 (KHTML, like Gecko) Chrome/93.0.4577.63 Safari/537.36"
172.18.0.1 - - [10/Sep/2021:16:40:06 +0000] "GET /wp-content/plugins/woocommerce/packages/woocommerce-admin/dist/app/index.js?ver=2.5.1 HTTP/1.1" 200 49495 "http://localhost/wp-admin/admin.php?page=wc-settings&tab=checkout&section=woo-mercado-pago-basic" "Mozilla/5.0 (Windows NT 10.0; WOW64) AppleWebKit/537.36 (KHTML, like Gecko) Chrome/93.0.4577.63 Safari/537.36"
172.18.0.1 - - [10/Sep/2021:16:40:06 +0000] "GET /wp-content/plugins/woocommerce/assets/css/admin.css?ver=5.6.0 HTTP/1.1" 200 31371 "http://localhost/wp-admin/admin.php?page=wc-settings&tab=checkout&section=woo-mercado-pago-basic" "Mozilla/5.0 (Windows NT 10.0; WOW64) AppleWebKit/537.36 (KHTML, like Gecko) Chrome/93.0.4577.63 Safari/537.36"
172.18.0.1 - - [10/Sep/2021:16:40:06 +0000] "GET /wp-content/plugins/woocommerce/packages/woocommerce-admin/dist/customer-effort-score/style.css?ver=2.5.1 HTTP/1.1" 200 1888 "http://localhost/wp-admin/admin.php?page=wc-settings&tab=checkout&section=woo-mercado-pago-basic" "Mozilla/5.0 (Windows NT 10.0; WOW64) AppleWebKit/537.36 (KHTML, like Gecko) Chrome/93.0.4577.63 Safari/537.36"
172.18.0.1 - - [10/Sep/2021:16:40:06 +0000] "GET /wp-content/plugins/woocommerce/packages/woocommerce-admin/dist/experimental/style.css?ver=2.5.1 HTTP/1.1" 200 3404 "http://localhost/wp-admin/admin.php?page=wc-settings&tab=checkout&section=woo-mercado-pago-basic" "Mozilla/5.0 (Windows NT 10.0; WOW64) AppleWebKit/537.36 (KHTML, like Gecko) Chrome/93.0.4577.63 Safari/537.36"
172.18.0.1 - - [10/Sep/2021:16:40:06 +0000] "GET /wp-content/plugins/woocommerce/assets/css/jquery-ui/jquery-ui.min.css?ver=5.6.0 HTTP/1.1" 200 7719 "http://localhost/wp-admin/admin.php?page=wc-settings&tab=checkout&section=woo-mercado-pago-basic" "Mozilla/5.0 (Windows NT 10.0; WOW64) AppleWebKit/537.36 (KHTML, like Gecko) Chrome/93.0.4577.63 Safari/537.36"
172.18.0.1 - - [10/Sep/2021:16:40:06 +0000] "GET /wp-content/plugins/woocommerce/assets/css/activation.css?ver=5.6.0 HTTP/1.1" 200 843 "http://localhost/wp-admin/admin.php?page=wc-settings&tab=checkout&section=woo-mercado-pago-basic" "Mozilla/5.0 (Windows NT 10.0; WOW64) AppleWebKit/537.36 (KHTML, like Gecko) Chrome/93.0.4577.63 Safari/537.36"
172.18.0.1 - - [10/Sep/2021:16:40:06 +0000] "GET /wp-content/plugins/woocommerce-mercadopago/assets/js/saved_cards_notice_mercadopago.min.js?ver=5.3.1 HTTP/1.1" 200 489 "http://localhost/wp-admin/admin.php?page=wc-settings&tab=checkout&section=woo-mercado-pago-basic" "Mozilla/5.0 (Windows NT 10.0; WOW64) AppleWebKit/537.36 (KHTML, like Gecko) Chrome/93.0.4577.63 Safari/537.36"
172.18.0.1 - - [10/Sep/2021:16:40:06 +0000] "GET /wp-content/plugins/woocommerce-mercadopago/assets/js/review.min.js?ver=5.3.1 HTTP/1.1" 200 489 "http://localhost/wp-admin/admin.php?page=wc-settings&tab=checkout&section=woo-mercado-pago-basic" "Mozilla/5.0 (Windows NT 10.0; WOW64) AppleWebKit/537.36 (KHTML, like Gecko) Chrome/93.0.4577.63 Safari/537.36"
172.18.0.1 - - [10/Sep/2021:16:40:06 +0000] "GET /wp-content/plugins/woocommerce/packages/woocommerce-admin/dist/onboarding/style.css?ver=2.5.1 HTTP/1.1" 200 1769 "http://localhost/wp-admin/admin.php?page=wc-settings&tab=checkout&section=woo-mercado-pago-basic" "Mozilla/5.0 (Windows NT 10.0; WOW64) AppleWebKit/537.36 (KHTML, like Gecko) Chrome/93.0.4577.63 Safari/537.36"
172.18.0.1 - - [10/Sep/2021:16:40:06 +0000] "GET /wp-content/plugins/woocommerce/packages/woocommerce-admin/dist/components/index.js?ver=2.5.1 HTTP/1.1" 200 161777 "http://localhost/wp-admin/admin.php?page=wc-settings&tab=checkout&section=woo-mercado-pago-basic" "Mozilla/5.0 (Windows NT 10.0; WOW64) AppleWebKit/537.36 (KHTML, like Gecko) Chrome/93.0.4577.63 Safari/537.36"
172.18.0.1 - - [10/Sep/2021:16:40:06 +0000] "GET /wp-content/plugins/woocommerce/assets/js/selectWoo/selectWoo.full.min.js?ver=1.0.6 HTTP/1.1" 200 21916 "http://localhost/wp-admin/admin.php?page=wc-settings&tab=checkout&section=woo-mercado-pago-basic" "Mozilla/5.0 (Windows NT 10.0; WOW64) AppleWebKit/537.36 (KHTML, like Gecko) Chrome/93.0.4577.63 Safari/537.36"
172.18.0.1 - - [10/Sep/2021:16:40:06 +0000] "GET /wp-content/plugins/woocommerce/assets/js/jquery-tiptip/jquery.tipTip.min.js?ver=5.6.0 HTTP/1.1" 200 1438 "http://localhost/wp-admin/admin.php?page=wc-settings&tab=checkout&section=woo-mercado-pago-basic" "Mozilla/5.0 (Windows NT 10.0; WOW64) AppleWebKit/537.36 (KHTML, like Gecko) Chrome/93.0.4577.63 Safari/537.36"
172.18.0.1 - - [10/Sep/2021:16:40:06 +0000] "GET /wp-content/plugins/woocommerce/assets/js/admin/woocommerce_admin.min.js?ver=5.6.0 HTTP/1.1" 200 2650 "http://localhost/wp-admin/admin.php?page=wc-settings&tab=checkout&section=woo-mercado-pago-basic" "Mozilla/5.0 (Windows NT 10.0; WOW64) AppleWebKit/537.36 (KHTML, like Gecko) Chrome/93.0.4577.63 Safari/537.36"
172.18.0.1 - - [10/Sep/2021:16:40:06 +0000] "GET /wp-content/plugins/woocommerce/assets/js/admin/wc-enhanced-select.min.js?ver=5.6.0 HTTP/1.1" 200 1699 "http://localhost/wp-admin/admin.php?page=wc-settings&tab=checkout&section=woo-mercado-pago-basic" "Mozilla/5.0 (Windows NT 10.0; WOW64) AppleWebKit/537.36 (KHTML, like Gecko) Chrome/93.0.4577.63 Safari/537.36"
172.18.0.1 - - [10/Sep/2021:16:40:06 +0000] "GET /wp-content/plugins/woocommerce/assets/js/jquery-blockui/jquery.blockUI.min.js?ver=2.70 HTTP/1.1" 200 3842 "http://localhost/wp-admin/admin.php?page=wc-settings&tab=checkout&section=woo-mercado-pago-basic" "Mozilla/5.0 (Windows NT 10.0; WOW64) AppleWebKit/537.36 (KHTML, like Gecko) Chrome/93.0.4577.63 Safari/537.36"
172.18.0.1 - - [10/Sep/2021:16:40:06 +0000] "GET /wp-content/plugins/woocommerce-mercadopago/assets/js/basic_config_mercadopago.min.js?ver=5.3.1 HTTP/1.1" 200 1992 "http://localhost/wp-admin/admin.php?page=wc-settings&tab=checkout&section=woo-mercado-pago-basic" "Mozilla/5.0 (Windows NT 10.0; WOW64) AppleWebKit/537.36 (KHTML, like Gecko) Chrome/93.0.4577.63 Safari/537.36"
172.18.0.1 - - [10/Sep/2021:16:40:06 +0000] "GET /wp-content/plugins/woocommerce/includes/gateways/paypal/assets/js/paypal-admin.min.js?ver=5.6.0 HTTP/1.1" 200 683 "http://localhost/wp-admin/admin.php?page=wc-settings&tab=checkout&section=woo-mercado-pago-basic" "Mozilla/5.0 (Windows NT 10.0; WOW64) AppleWebKit/537.36 (KHTML, like Gecko) Chrome/93.0.4577.63 Safari/537.36"
172.18.0.1 - - [10/Sep/2021:16:40:07 +0000] "GET /wp-content/plugins/woocommerce-mercadopago/assets/images/generics/icone-cartao-mp.png HTTP/1.1" 304 249 "http://localhost/wp-admin/admin.php?page=wc-settings&tab=checkout&section=woo-mercado-pago-basic" "Mozilla/5.0 (Windows NT 10.0; WOW64) AppleWebKit/537.36 (KHTML, like Gecko) Chrome/93.0.4577.63 Safari/537.36"
172.18.0.1 - - [10/Sep/2021:16:40:07 +0000] "GET /wp-content/plugins/woocommerce-mercadopago/assets/images/minilogo.png HTTP/1.1" 304 249 "http://localhost/wp-admin/admin.php?page=wc-settings&tab=checkout&section=woo-mercado-pago-basic" "Mozilla/5.0 (Windows NT 10.0; WOW64) AppleWebKit/537.36 (KHTML, like Gecko) Chrome/93.0.4577.63 Safari/537.36"
172.18.0.1 - - [10/Sep/2021:16:40:07 +0000] "GET /wp-content/plugins/woocommerce/packages/woocommerce-blocks/build/wc-settings.js?ver=eb9fff9e86cd8c11bfb8c225bea87ed4 HTTP/1.1" 200 3265 "http://localhost/wp-admin/admin.php?page=wc-settings&tab=checkout&section=woo-mercado-pago-basic" "Mozilla/5.0 (Windows NT 10.0; WOW64) AppleWebKit/537.36 (KHTML, like Gecko) Chrome/93.0.4577.63 Safari/537.36"
172.18.0.1 - - [10/Sep/2021:16:40:07 +0000] "GET /wp-content/plugins/woocommerce/packages/woocommerce-admin/dist/currency/index.js?ver=2.5.1 HTTP/1.1" 200 1939 "http://localhost/wp-admin/admin.php?page=wc-settings&tab=checkout&section=woo-mercado-pago-basic" "Mozilla/5.0 (Windows NT 10.0; WOW64) AppleWebKit/537.36 (KHTML, like Gecko) Chrome/93.0.4577.63 Safari/537.36"
172.18.0.1 - - [10/Sep/2021:16:40:07 +0000] "GET /wp-content/plugins/woocommerce/packages/woocommerce-admin/dist/date/index.js?ver=2.5.1 HTTP/1.1" 200 6773 "http://localhost/wp-admin/admin.php?page=wc-settings&tab=checkout&section=woo-mercado-pago-basic" "Mozilla/5.0 (Windows NT 10.0; WOW64) AppleWebKit/537.36 (KHTML, like Gecko) Chrome/93.0.4577.63 Safari/537.36"
172.18.0.1 - - [10/Sep/2021:16:40:07 +0000] "GET /wp-content/plugins/woocommerce/packages/woocommerce-admin/dist/data/index.js?ver=2.5.1 HTTP/1.1" 200 18210 "http://localhost/wp-admin/admin.php?page=wc-settings&tab=checkout&section=woo-mercado-pago-basic" "Mozilla/5.0 (Windows NT 10.0; WOW64) AppleWebKit/537.36 (KHTML, like Gecko) Chrome/93.0.4577.63 Safari/537.36"
172.18.0.1 - - [10/Sep/2021:16:40:07 +0000] "GET /wp-content/plugins/woocommerce/packages/woocommerce-admin/dist/number/index.js?ver=2.5.1 HTTP/1.1" 200 1402 "http://localhost/wp-admin/admin.php?page=wc-settings&tab=checkout&section=woo-mercado-pago-basic" "Mozilla/5.0 (Windows NT 10.0; WOW64) AppleWebKit/537.36 (KHTML, like Gecko) Chrome/93.0.4577.63 Safari/537.36"
172.18.0.1 - - [10/Sep/2021:16:40:07 +0000] "GET /wp-content/plugins/woocommerce/packages/woocommerce-admin/dist/navigation/index.js?ver=2.5.1 HTTP/1.1" 200 8652 "http://localhost/wp-admin/admin.php?page=wc-settings&tab=checkout&section=woo-mercado-pago-basic" "Mozilla/5.0 (Windows NT 10.0; WOW64) AppleWebKit/537.36 (KHTML, like Gecko) Chrome/93.0.4577.63 Safari/537.36"
172.18.0.1 - - [10/Sep/2021:16:40:07 +0000] "GET /wp-content/plugins/woocommerce/packages/woocommerce-admin/dist/csv-export/index.js?ver=2.5.1 HTTP/1.1" 200 2627 "http://localhost/wp-admin/admin.php?page=wc-settings&tab=checkout&section=woo-mercado-pago-basic" "Mozilla/5.0 (Windows NT 10.0; WOW64) AppleWebKit/537.36 (KHTML, like Gecko) Chrome/93.0.4577.63 Safari/537.36"
172.18.0.1 - - [10/Sep/2021:16:40:07 +0000] "GET /wp-content/plugins/woocommerce/packages/woocommerce-admin/dist/experimental/index.js?ver=2.5.1 HTTP/1.1" 200 18551 "http://localhost/wp-admin/admin.php?page=wc-settings&tab=checkout&section=woo-mercado-pago-basic" "Mozilla/5.0 (Windows NT 10.0; WOW64) AppleWebKit/537.36 (KHTML, like Gecko) Chrome/93.0.4577.63 Safari/537.36"
172.18.0.1 - - [10/Sep/2021:16:40:07 +0000] "GET /wp-content/plugins/woocommerce/packages/woocommerce-admin/dist/customer-effort-score/index.js?ver=2.5.1 HTTP/1.1" 200 2274 "http://localhost/wp-admin/admin.php?page=wc-settings&tab=checkout&section=woo-mercado-pago-basic" "Mozilla/5.0 (Windows NT 10.0; WOW64) AppleWebKit/537.36 (KHTML, like Gecko) Chrome/93.0.4577.63 Safari/537.36"
172.18.0.1 - - [10/Sep/2021:16:40:07 +0000] "GET /wp-content/plugins/woocommerce/packages/woocommerce-admin/dist/notices/index.js?ver=2.5.1 HTTP/1.1" 200 1426 "http://localhost/wp-admin/admin.php?page=wc-settings&tab=checkout&section=woo-mercado-pago-basic" "Mozilla/5.0 (Windows NT 10.0; WOW64) AppleWebKit/537.36 (KHTML, like Gecko) Chrome/93.0.4577.63 Safari/537.36"
172.18.0.1 - - [10/Sep/2021:16:40:07 +0000] "GET /wp-content/plugins/woocommerce/packages/woocommerce-admin/dist/tracks/index.js?ver=2.5.1 HTTP/1.1" 200 4165 "http://localhost/wp-admin/admin.php?page=wc-settings&tab=checkout&section=woo-mercado-pago-basic" "Mozilla/5.0 (Windows NT 10.0; WOW64) AppleWebKit/537.36 (KHTML, like Gecko) Chrome/93.0.4577.63 Safari/537.36"
172.18.0.1 - - [10/Sep/2021:16:40:07 +0000] "GET /wp-content/plugins/woocommerce/assets/js/admin/settings.min.js?ver=5.6.0 HTTP/1.1" 200 1515 "http://localhost/wp-admin/admin.php?page=wc-settings&tab=checkout&section=woo-mercado-pago-basic" "Mozilla/5.0 (Windows NT 10.0; WOW64) AppleWebKit/537.36 (KHTML, like Gecko) Chrome/93.0.4577.63 Safari/537.36"
172.18.0.1 - - [10/Sep/2021:16:40:07 +0000] "GET /wp-content/plugins/woocommerce/packages/woocommerce-admin/dist/explat/index.js?ver=2.5.1 HTTP/1.1" 200 8400 "http://localhost/wp-admin/admin.php?page=wc-settings&tab=checkout&section=woo-mercado-pago-basic" "Mozilla/5.0 (Windows NT 10.0; WOW64) AppleWebKit/537.36 (KHTML, like Gecko) Chrome/93.0.4577.63 Safari/537.36"
172.18.0.1 - - [10/Sep/2021:16:40:07 +0000] "GET /wp-content/plugins/woocommerce/packages/woocommerce-admin/dist/chunks/47.style.css?ver=2.5.1 HTTP/1.1" 200 1635 "http://localhost/wp-admin/admin.php?page=wc-settings&tab=checkout&section=woo-mercado-pago-basic" "Mozilla/5.0 (Windows NT 10.0; WOW64) AppleWebKit/537.36 (KHTML, like Gecko) Chrome/93.0.4577.63 Safari/537.36"
172.18.0.1 - - [10/Sep/2021:16:40:07 +0000] "GET /wp-content/plugins/woocommerce/packages/woocommerce-admin/dist/chunks/3.js?ver=2.5.1 HTTP/1.1" 200 7497 "http://localhost/wp-admin/admin.php?page=wc-settings&tab=checkout&section=woo-mercado-pago-basic" "Mozilla/5.0 (Windows NT 10.0; WOW64) AppleWebKit/537.36 (KHTML, like Gecko) Chrome/93.0.4577.63 Safari/537.36"
172.18.0.1 - - [10/Sep/2021:16:40:07 +0000] "GET /wp-content/plugins/woocommerce/packages/woocommerce-admin/dist/chunks/store-alerts.js?ver=2.5.1 HTTP/1.1" 200 2319 "http://localhost/wp-admin/admin.php?page=wc-settings&tab=checkout&section=woo-mercado-pago-basic" "Mozilla/5.0 (Windows NT 10.0; WOW64) AppleWebKit/537.36 (KHTML, like Gecko) Chrome/93.0.4577.63 Safari/537.36"
127.0.0.1 - - [10/Sep/2021:16:40:07 +0000] "POST /wp-cron.php?doing_wp_cron=1631292007.6075289249420166015625 HTTP/1.1" 200 192 "http://localhost/wp-cron.php?doing_wp_cron=1631292007.6075289249420166015625" "WordPress/5.8; http://localhost"
127.0.0.1 - - [10/Sep/2021:16:40:07 +0000] "POST /wp-cron.php?doing_wp_cron=1631292007.6059820652008056640625 HTTP/1.1" 200 192 "http://localhost/wp-cron.php?doing_wp_cron=1631292007.6059820652008056640625" "WordPress/5.8; http://localhost"
172.18.0.1 - - [10/Sep/2021:16:40:07 +0000] "GET /wp-json/wc-admin/options?options=woocommerce_ces_tracks_queue&_locale=user HTTP/1.1" 200 691 "http://localhost/wp-admin/admin.php?page=wc-settings&tab=checkout&section=woo-mercado-pago-basic" "Mozilla/5.0 (Windows NT 10.0; WOW64) AppleWebKit/537.36 (KHTML, like Gecko) Chrome/93.0.4577.63 Safari/537.36"
172.18.0.1 - - [10/Sep/2021:16:40:07 +0000] "GET /wp-json/wc-analytics/admin/notes?page=1&per_page=25&type=error%2Cupdate&status=unactioned&_locale=user HTTP/1.1" 200 669 "http://localhost/wp-admin/admin.php?page=wc-settings&tab=checkout&section=woo-mercado-pago-basic" "Mozilla/5.0 (Windows NT 10.0; WOW64) AppleWebKit/537.36 (KHTML, like Gecko) Chrome/93.0.4577.63 Safari/537.36"
172.18.0.1 - - [10/Sep/2021:16:40:07 +0000] "GET /wp-json/wc-analytics/admin/notes?page=1&per_page=25&status=unactioned&type%5B0%5D=info&type%5B1%5D=marketing&type%5B2%5D=survey&type%5B3%5D=warning&orderby=date&order=desc&_locale=user HTTP/1.1" 200 3710 "http://localhost/wp-admin/admin.php?page=wc-settings&tab=checkout&section=woo-mercado-pago-basic" "Mozilla/5.0 (Windows NT 10.0; WOW64) AppleWebKit/537.36 (KHTML, like Gecko) Chrome/93.0.4577.63 Safari/537.36"
127.0.0.1 - - [10/Sep/2021:16:40:16 +0000] "OPTIONS * HTTP/1.0" 200 126 "-" "Apache/2.4.48 (Debian) PHP/7.4.23 (internal dummy connection)"
172.18.0.1 - - [10/Sep/2021:16:40:17 +0000] "POST /wp-admin/admin.php?page=wc-settings&tab=checkout&section=woo-mercado-pago-basic HTTP/1.1" 200 76304 "http://localhost/wp-admin/admin.php?page=wc-settings&tab=checkout&section=woo-mercado-pago-basic" "Mozilla/5.0 (Windows NT 10.0; WOW64) AppleWebKit/537.36 (KHTML, like Gecko) Chrome/93.0.4577.63 Safari/537.36"
172.18.0.1 - - [10/Sep/2021:16:40:20 +0000] "GET /wp-json/wc-admin/options?options=woocommerce_ces_tracks_queue&_locale=user HTTP/1.1" 200 692 "http://localhost/wp-admin/admin.php?page=wc-settings&tab=checkout&section=woo-mercado-pago-basic" "Mozilla/5.0 (Windows NT 10.0; WOW64) AppleWebKit/537.36 (KHTML, like Gecko) Chrome/93.0.4577.63 Safari/537.36"
172.18.0.1 - - [10/Sep/2021:16:40:20 +0000] "GET /wp-json/wc-analytics/admin/notes?page=1&per_page=25&status=unactioned&type%5B0%5D=info&type%5B1%5D=marketing&type%5B2%5D=survey&type%5B3%5D=warning&orderby=date&order=desc&_locale=user HTTP/1.1" 200 3710 "http://localhost/wp-admin/admin.php?page=wc-settings&tab=checkout&section=woo-mercado-pago-basic" "Mozilla/5.0 (Windows NT 10.0; WOW64) AppleWebKit/537.36 (KHTML, like Gecko) Chrome/93.0.4577.63 Safari/537.36"
172.18.0.1 - - [10/Sep/2021:16:40:20 +0000] "GET /wp-json/wc-analytics/admin/notes?page=1&per_page=25&type=error%2Cupdate&status=unactioned&_locale=user HTTP/1.1" 200 670 "http://localhost/wp-admin/admin.php?page=wc-settings&tab=checkout&section=woo-mercado-pago-basic" "Mozilla/5.0 (Windows NT 10.0; WOW64) AppleWebKit/537.36 (KHTML, like Gecko) Chrome/93.0.4577.63 Safari/537.36"
127.0.0.1 - - [10/Sep/2021:16:41:20 +0000] "POST /wp-cron.php?doing_wp_cron=1631292080.9143919944763183593750 HTTP/1.1" 200 192 "http://localhost/wp-cron.php?doing_wp_cron=1631292080.9143919944763183593750" "WordPress/5.8; http://localhost"
172.18.0.1 - - [10/Sep/2021:16:41:20 +0000] "POST /wp-admin/admin-ajax.php HTTP/1.1" 200 599 "http://localhost/wp-admin/admin.php?page=wc-settings&tab=checkout&section=woo-mercado-pago-basic" "Mozilla/5.0 (Windows NT 10.0; WOW64) AppleWebKit/537.36 (KHTML, like Gecko) Chrome/93.0.4577.63 Safari/537.36"
127.0.0.1 - - [10/Sep/2021:16:42:22 +0000] "POST /wp-cron.php?doing_wp_cron=1631292141.9316420555114746093750 HTTP/1.1" 200 192 "http://localhost/wp-cron.php?doing_wp_cron=1631292141.9316420555114746093750" "WordPress/5.8; http://localhost"
172.18.0.1 - - [10/Sep/2021:16:42:21 +0000] "POST /wp-admin/admin-ajax.php HTTP/1.1" 200 599 "http://localhost/wp-admin/admin.php?page=wc-settings&tab=checkout&section=woo-mercado-pago-basic" "Mozilla/5.0 (Windows NT 10.0; WOW64) AppleWebKit/537.36 (KHTML, like Gecko) Chrome/93.0.4577.63 Safari/537.36"
127.0.0.1 - - [10/Sep/2021:16:44:01 +0000] "POST /wp-cron.php?doing_wp_cron=1631292240.9896950721740722656250 HTTP/1.1" 200 192 "http://localhost/wp-cron.php?doing_wp_cron=1631292240.9896950721740722656250" "WordPress/5.8; http://localhost"
172.18.0.1 - - [10/Sep/2021:16:44:00 +0000] "POST /wp-admin/admin-ajax.php HTTP/1.1" 200 599 "http://localhost/wp-admin/admin.php?page=wc-settings&tab=checkout&section=woo-mercado-pago-basic" "Mozilla/5.0 (Windows NT 10.0; WOW64) AppleWebKit/537.36 (KHTML, like Gecko) Chrome/93.0.4577.63 Safari/537.36"
127.0.0.1 - - [10/Sep/2021:16:45:01 +0000] "POST /wp-cron.php?doing_wp_cron=1631292301.9091660976409912109375 HTTP/1.1" 200 192 "http://localhost/wp-cron.php?doing_wp_cron=1631292301.9091660976409912109375" "WordPress/5.8; http://localhost"
172.18.0.1 - - [10/Sep/2021:16:45:01 +0000] "POST /wp-admin/admin-ajax.php HTTP/1.1" 200 599 "http://localhost/wp-admin/admin.php?page=wc-settings&tab=checkout&section=woo-mercado-pago-basic" "Mozilla/5.0 (Windows NT 10.0; WOW64) AppleWebKit/537.36 (KHTML, like Gecko) Chrome/93.0.4577.63 Safari/537.36"
127.0.0.1 - - [10/Sep/2021:16:47:03 +0000] "POST /wp-cron.php?doing_wp_cron=1631292422.9194009304046630859375 HTTP/1.1" 200 192 "http://localhost/wp-cron.php?doing_wp_cron=1631292422.9194009304046630859375" "WordPress/5.8; http://localhost"
172.18.0.1 - - [10/Sep/2021:16:47:02 +0000] "POST /wp-admin/admin-ajax.php HTTP/1.1" 200 599 "http://localhost/wp-admin/admin.php?page=wc-settings&tab=checkout&section=woo-mercado-pago-basic" "Mozilla/5.0 (Windows NT 10.0; WOW64) AppleWebKit/537.36 (KHTML, like Gecko) Chrome/93.0.4577.63 Safari/537.36"
127.0.0.1 - - [10/Sep/2021:16:48:00 +0000] "POST /wp-cron.php?doing_wp_cron=1631292480.3690149784088134765625 HTTP/1.1" 200 192 "http://localhost/wp-cron.php?doing_wp_cron=1631292480.3690149784088134765625" "WordPress/5.8; http://localhost"
172.18.0.1 - - [10/Sep/2021:16:47:57 +0000] "POST /wp-admin/admin.php?page=wc-settings&tab=checkout&section=woo-mercado-pago-basic HTTP/1.1" 200 79312 "http://localhost/wp-admin/admin.php?page=wc-settings&tab=checkout&section=woo-mercado-pago-basic" "Mozilla/5.0 (Windows NT 10.0; WOW64) AppleWebKit/537.36 (KHTML, like Gecko) Chrome/93.0.4577.63 Safari/537.36"
172.18.0.1 - - [10/Sep/2021:16:48:02 +0000] "GET /wp-content/plugins/woocommerce/packages/woocommerce-admin/dist/components/style.css?ver=2.5.1 HTTP/1.1" 200 14676 "http://localhost/wp-admin/admin.php?page=wc-settings&tab=checkout&section=woo-mercado-pago-basic" "Mozilla/5.0 (Windows NT 10.0; WOW64) AppleWebKit/537.36 (KHTML, like Gecko) Chrome/93.0.4577.63 Safari/537.36"
