172.18.0.1 - - [10/Sep/2021:21:55:19 +0000] "GET /wp-content/plugins/forminator/addons/pro/gutenberg//js/forms-block.min.js?ver=1631229385 HTTP/1.1" 200 4248 "http://localhost/wp-admin/post.php?post=16&action=edit" "Mozilla/5.0 (Windows NT 10.0; WOW64) AppleWebKit/537.36 (KHTML, like Gecko) Chrome/93.0.4577.63 Safari/537.36"
172.18.0.1 - - [10/Sep/2021:21:55:19 +0000] "GET /wp-content/plugins/forminator/assets/css/forminator-scgen.min.css?ver=1.15.2 HTTP/1.1" 200 23429 "http://localhost/wp-admin/post.php?post=16&action=edit" "Mozilla/5.0 (Windows NT 10.0; WOW64) AppleWebKit/537.36 (KHTML, like Gecko) Chrome/93.0.4577.63 Safari/537.36"
172.18.0.1 - - [10/Sep/2021:21:55:19 +0000] "GET /wp-content/plugins/forminator/assets/js/front/chartjs-plugin-datalabels.min.js?ver=0.6.0 HTTP/1.1" 200 5508 "http://localhost/wp-admin/post.php?post=16&action=edit" "Mozilla/5.0 (Windows NT 10.0; WOW64) AppleWebKit/537.36 (KHTML, like Gecko) Chrome/93.0.4577.63 Safari/537.36"
172.18.0.1 - - [10/Sep/2021:21:55:19 +0000] "GET /wp-content/plugins/forminator/assets/forminator-ui/js/select2.full.min.js?ver=1.15.2 HTTP/1.1" 200 20651 "http://localhost/wp-admin/post.php?post=16&action=edit" "Mozilla/5.0 (Windows NT 10.0; WOW64) AppleWebKit/537.36 (KHTML, like Gecko) Chrome/93.0.4577.63 Safari/537.36"
172.18.0.1 - - [10/Sep/2021:21:55:19 +0000] "GET /wp-content/plugins/forminator/assets/js/front/Chart.min.js?ver=2.8.0 HTTP/1.1" 200 47345 "http://localhost/wp-admin/post.php?post=16&action=edit" "Mozilla/5.0 (Windows NT 10.0; WOW64) AppleWebKit/537.36 (KHTML, like Gecko) Chrome/93.0.4577.63 Safari/537.36"
172.18.0.1 - - [10/Sep/2021:21:55:19 +0000] "GET /wp-content/plugins/forminator/assets/forminator-ui/css/src/forminator-ui.min.css?ver=1.15.2 HTTP/1.1" 200 92480 "http://localhost/wp-admin/post.php?post=16&action=edit" "Mozilla/5.0 (Windows NT 10.0; WOW64) AppleWebKit/537.36 (KHTML, like Gecko) Chrome/93.0.4577.63 Safari/537.36"
172.18.0.1 - - [10/Sep/2021:21:55:19 +0000] "GET /wp-content/plugins/forminator/assets/forminator-ui/js/forminator-ui.min.js?ver=1.7.1 HTTP/1.1" 200 5562 "http://localhost/wp-admin/post.php?post=16&action=edit" "Mozilla/5.0 (Windows NT 10.0; WOW64) AppleWebKit/537.36 (KHTML, like Gecko) Chrome/93.0.4577.63 Safari/537.36"
172.18.0.1 - - [10/Sep/2021:21:55:19 +0000] "GET /wp-content/plugins/forminator/assets/js/library/intlTelInput.min.js?ver=1.15.2 HTTP/1.1" 200 10064 "http://localhost/wp-admin/post.php?post=16&action=edit" "Mozilla/5.0 (Windows NT 10.0; WOW64) AppleWebKit/537.36 (KHTML, like Gecko) Chrome/93.0.4577.63 Safari/537.36"
172.18.0.1 - - [10/Sep/2021:21:55:19 +0000] "GET /wp-content/plugins/forminator/assets/js/library/jquery.validate.min.js?ver=1.15.2 HTTP/1.1" 200 8166 "http://localhost/wp-admin/post.php?post=16&action=edit" "Mozilla/5.0 (Windows NT 10.0; WOW64) AppleWebKit/537.36 (KHTML, like Gecko) Chrome/93.0.4577.63 Safari/537.36"
172.18.0.1 - - [10/Sep/2021:21:55:20 +0000] "GET /wp-content/plugins/forminator/addons/pro/gutenberg//js/polls-block.min.js?ver=1631229385 HTTP/1.1" 200 4168 "http://localhost/wp-admin/post.php?post=16&action=edit" "Mozilla/5.0 (Windows NT 10.0; WOW64) AppleWebKit/537.36 (KHTML, like Gecko) Chrome/93.0.4577.63 Safari/537.36"
172.18.0.1 - - [10/Sep/2021:21:55:19 +0000] "GET /wp-content/plugins/forminator/build/front/front.multi.min.js?ver=1.15.2 HTTP/1.1" 200 34652 "http://localhost/wp-admin/post.php?post=16&action=edit" "Mozilla/5.0 (Windows NT 10.0; WOW64) AppleWebKit/537.36 (KHTML, like Gecko) Chrome/93.0.4577.63 Safari/537.36"
172.18.0.1 - - [10/Sep/2021:21:55:20 +0000] "GET /wp-content/plugins/woocommerce/packages/woocommerce-blocks/build/wc-blocks.js?ver=8924e5165dc33d4886122b77d6672e6e HTTP/1.1" 200 3852 "http://localhost/wp-admin/post.php?post=16&action=edit" "Mozilla/5.0 (Windows NT 10.0; WOW64) AppleWebKit/537.36 (KHTML, like Gecko) Chrome/93.0.4577.63 Safari/537.36"
172.18.0.1 - - [10/Sep/2021:21:55:20 +0000] "GET /wp-content/plugins/woocommerce/packages/woocommerce-blocks/build/wc-settings.js?ver=eb9fff9e86cd8c11bfb8c225bea87ed4 HTTP/1.1" 200 3265 "http://localhost/wp-admin/post.php?post=16&action=edit" "Mozilla/5.0 (Windows NT 10.0; WOW64) AppleWebKit/537.36 (KHTML, like Gecko) Chrome/93.0.4577.63 Safari/537.36"
172.18.0.1 - - [10/Sep/2021:21:55:20 +0000] "GET /wp-content/plugins/forminator/addons/pro/gutenberg//js/quizzes-block.min.js?ver=1631229385 HTTP/1.1" 200 4231 "http://localhost/wp-admin/post.php?post=16&action=edit" "Mozilla/5.0 (Windows NT 10.0; WOW64) AppleWebKit/537.36 (KHTML, like Gecko) Chrome/93.0.4577.63 Safari/537.36"
172.18.0.1 - - [10/Sep/2021:21:55:20 +0000] "GET /wp-content/plugins/calculated-fields-form/pagebuilders/gutenberg/assets/js/gutenberg.js?ver=5.8 HTTP/1.1" 200 2881 "http://localhost/wp-admin/post.php?post=16&action=edit" "Mozilla/5.0 (Windows NT 10.0; WOW64) AppleWebKit/537.36 (KHTML, like Gecko) Chrome/93.0.4577.63 Safari/537.36"
172.18.0.1 - - [10/Sep/2021:21:55:20 +0000] "GET /wp-content/plugins/calculated-fields-form/js/cp_calculatedfieldsf_scripts.js?ver=5.8 HTTP/1.1" 200 522 "http://localhost/wp-admin/post.php?post=16&action=edit" "Mozilla/5.0 (Windows NT 10.0; WOW64) AppleWebKit/537.36 (KHTML, like Gecko) Chrome/93.0.4577.63 Safari/537.36"
172.18.0.1 - - [10/Sep/2021:21:55:20 +0000] "GET /wp-content/plugins/woocommerce/packages/woocommerce-blocks/build/wc-blocks-vendors.js?ver=5.5.1 HTTP/1.1" 200 241587 "http://localhost/wp-admin/post.php?post=16&action=edit" "Mozilla/5.0 (Windows NT 10.0; WOW64) AppleWebKit/537.36 (KHTML, like Gecko) Chrome/93.0.4577.63 Safari/537.36"
172.18.0.1 - - [10/Sep/2021:21:55:20 +0000] "GET /wp-content/plugins/woocommerce/packages/woocommerce-blocks/build/all-reviews.js?ver=0840d3de8c72f5b9d2c18af9ec7b3526 HTTP/1.1" 200 9919 "http://localhost/wp-admin/post.php?post=16&action=edit" "Mozilla/5.0 (Windows NT 10.0; WOW64) AppleWebKit/537.36 (KHTML, like Gecko) Chrome/93.0.4577.63 Safari/537.36"
172.18.0.1 - - [10/Sep/2021:21:55:20 +0000] "GET /wp-content/plugins/woocommerce/packages/woocommerce-blocks/build/featured-product.js?ver=4ec6fe3819922d05a3dc0f3e800b2793 HTTP/1.1" 200 9903 "http://localhost/wp-admin/post.php?post=16&action=edit" "Mozilla/5.0 (Windows NT 10.0; WOW64) AppleWebKit/537.36 (KHTML, like Gecko) Chrome/93.0.4577.63 Safari/537.36"
172.18.0.1 - - [10/Sep/2021:21:55:20 +0000] "GET /wp-content/plugins/woocommerce/packages/woocommerce-blocks/build/featured-category.js?ver=119adff3a728e18a209b645e98a94250 HTTP/1.1" 200 7740 "http://localhost/wp-admin/post.php?post=16&action=edit" "Mozilla/5.0 (Windows NT 10.0; WOW64) AppleWebKit/537.36 (KHTML, like Gecko) Chrome/93.0.4577.63 Safari/537.36"
172.18.0.1 - - [10/Sep/2021:21:55:20 +0000] "GET /wp-content/plugins/woocommerce/packages/woocommerce-blocks/build/handpicked-products.js?ver=497598eeb8ab35b325aa73929675182e HTTP/1.1" 200 6899 "http://localhost/wp-admin/post.php?post=16&action=edit" "Mozilla/5.0 (Windows NT 10.0; WOW64) AppleWebKit/537.36 (KHTML, like Gecko) Chrome/93.0.4577.63 Safari/537.36"
172.18.0.1 - - [10/Sep/2021:21:55:20 +0000] "GET /wp-content/plugins/woocommerce/packages/woocommerce-blocks/build/product-best-sellers.js?ver=d1c72265039da37f8acf2a8313b702c2 HTTP/1.1" 200 7086 "http://localhost/wp-admin/post.php?post=16&action=edit" "Mozilla/5.0 (Windows NT 10.0; WOW64) AppleWebKit/537.36 (KHTML, like Gecko) Chrome/93.0.4577.63 Safari/537.36"
172.18.0.1 - - [10/Sep/2021:21:55:20 +0000] "GET /wp-content/plugins/woocommerce/packages/woocommerce-blocks/build/product-on-sale.js?ver=75d1548fae17107c3ad9d5eaba9818c5 HTTP/1.1" 200 7587 "http://localhost/wp-admin/post.php?post=16&action=edit" "Mozilla/5.0 (Windows NT 10.0; WOW64) AppleWebKit/537.36 (KHTML, like Gecko) Chrome/93.0.4577.63 Safari/537.36"
172.18.0.1 - - [10/Sep/2021:21:55:20 +0000] "GET /wp-content/plugins/woocommerce/packages/woocommerce-blocks/build/product-category.js?ver=a63305f0a91e9e684848e81c31f00358 HTTP/1.1" 200 7940 "http://localhost/wp-admin/post.php?post=16&action=edit" "Mozilla/5.0 (Windows NT 10.0; WOW64) AppleWebKit/537.36 (KHTML, like Gecko) Chrome/93.0.4577.63 Safari/537.36"
172.18.0.1 - - [10/Sep/2021:21:55:20 +0000] "GET /wp-content/plugins/woocommerce/packages/woocommerce-blocks/build/product-categories.js?ver=3fefb7fbdca5014d6f78a54f026726f6 HTTP/1.1" 200 3725 "http://localhost/wp-admin/post.php?post=16&action=edit" "Mozilla/5.0 (Windows NT 10.0; WOW64) AppleWebKit/537.36 (KHTML, like Gecko) Chrome/93.0.4577.63 Safari/537.36"
172.18.0.1 - - [10/Sep/2021:21:55:20 +0000] "GET /wp-content/plugins/woocommerce/packages/woocommerce-blocks/build/product-new.js?ver=9b35378beeec7c60d562072863720d52 HTTP/1.1" 200 7243 "http://localhost/wp-admin/post.php?post=16&action=edit" "Mozilla/5.0 (Windows NT 10.0; WOW64) AppleWebKit/537.36 (KHTML, like Gecko) Chrome/93.0.4577.63 Safari/537.36"
172.18.0.1 - - [10/Sep/2021:21:55:20 +0000] "GET /wp-content/plugins/woocommerce/packages/woocommerce-blocks/build/products-by-attribute.js?ver=88c1cc581f3ad75fbcc4b39849758ebe HTTP/1.1" 200 8171 "http://localhost/wp-admin/post.php?post=16&action=edit" "Mozilla/5.0 (Windows NT 10.0; WOW64) AppleWebKit/537.36 (KHTML, like Gecko) Chrome/93.0.4577.63 Safari/537.36"
172.18.0.1 - - [10/Sep/2021:21:55:20 +0000] "GET /wp-content/plugins/woocommerce/packages/woocommerce-blocks/build/wc-blocks-middleware.js?ver=eb6d63f5d225dee6596bfb746604afd0 HTTP/1.1" 200 1820 "http://localhost/wp-admin/post.php?post=16&action=edit" "Mozilla/5.0 (Windows NT 10.0; WOW64) AppleWebKit/537.36 (KHTML, like Gecko) Chrome/93.0.4577.63 Safari/537.36"
172.18.0.1 - - [10/Sep/2021:21:55:20 +0000] "GET /wp-content/plugins/woocommerce/packages/woocommerce-blocks/build/reviews-by-category.js?ver=67343adcf6468e5855c71deb8a5bce06 HTTP/1.1" 200 11896 "http://localhost/wp-admin/post.php?post=16&action=edit" "Mozilla/5.0 (Windows NT 10.0; WOW64) AppleWebKit/537.36 (KHTML, like Gecko) Chrome/93.0.4577.63 Safari/537.36"
172.18.0.1 - - [10/Sep/2021:21:55:20 +0000] "GET /wp-content/plugins/woocommerce/packages/woocommerce-blocks/build/product-search.js?ver=7634472ab3bc0538225e49f4912ec1dd HTTP/1.1" 200 3018 "http://localhost/wp-admin/post.php?post=16&action=edit" "Mozilla/5.0 (Windows NT 10.0; WOW64) AppleWebKit/537.36 (KHTML, like Gecko) Chrome/93.0.4577.63 Safari/537.36"
172.18.0.1 - - [10/Sep/2021:21:55:20 +0000] "GET /wp-content/plugins/woocommerce/packages/woocommerce-blocks/build/product-tag.js?ver=5bbbe1b0651be06b89458520c902ceaa HTTP/1.1" 200 7060 "http://localhost/wp-admin/post.php?post=16&action=edit" "Mozilla/5.0 (Windows NT 10.0; WOW64) AppleWebKit/537.36 (KHTML, like Gecko) Chrome/93.0.4577.63 Safari/537.36"
172.18.0.1 - - [10/Sep/2021:21:55:20 +0000] "GET /wp-content/plugins/woocommerce/packages/woocommerce-blocks/build/product-top-rated.js?ver=cfd3dcbb4be2034d37e2a0ceda4c91d5 HTTP/1.1" 200 7213 "http://localhost/wp-admin/post.php?post=16&action=edit" "Mozilla/5.0 (Windows NT 10.0; WOW64) AppleWebKit/537.36 (KHTML, like Gecko) Chrome/93.0.4577.63 Safari/537.36"
172.18.0.1 - - [10/Sep/2021:21:55:20 +0000] "GET /wp-content/plugins/woocommerce/packages/woocommerce-blocks/build/reviews-by-product.js?ver=32c44899a78877a464395035699c6513 HTTP/1.1" 200 13457 "http://localhost/wp-admin/post.php?post=16&action=edit" "Mozilla/5.0 (Windows NT 10.0; WOW64) AppleWebKit/537.36 (KHTML, like Gecko) Chrome/93.0.4577.63 Safari/537.36"
172.18.0.1 - - [10/Sep/2021:21:55:20 +0000] "GET /wp-content/plugins/woocommerce/packages/woocommerce-blocks/build/wc-blocks-registry.js?ver=ce4c633cde26d33c38ccad354e7a595e HTTP/1.1" 200 3104 "http://localhost/wp-admin/post.php?post=16&action=edit" "Mozilla/5.0 (Windows NT 10.0; WOW64) AppleWebKit/537.36 (KHTML, like Gecko) Chrome/93.0.4577.63 Safari/537.36"
172.18.0.1 - - [10/Sep/2021:21:55:20 +0000] "GET /wp-content/plugins/woocommerce/packages/woocommerce-blocks/build/wc-blocks-data.js?ver=2b87aa4d49bfabd4f91c5bd6974dd982 HTTP/1.1" 200 11242 "http://localhost/wp-admin/post.php?post=16&action=edit" "Mozilla/5.0 (Windows NT 10.0; WOW64) AppleWebKit/537.36 (KHTML, like Gecko) Chrome/93.0.4577.63 Safari/537.36"
172.18.0.1 - - [10/Sep/2021:21:55:20 +0000] "GET /wp-content/plugins/woocommerce/packages/woocommerce-blocks/build/wc-blocks-shared-hocs.js?ver=a7f67829fed70851c7cdcb89f7cb8185 HTTP/1.1" 200 2098 "http://localhost/wp-admin/post.php?post=16&action=edit" "Mozilla/5.0 (Windows NT 10.0; WOW64) AppleWebKit/537.36 (KHTML, like Gecko) Chrome/93.0.4577.63 Safari/537.36"
172.18.0.1 - - [10/Sep/2021:21:55:20 +0000] "GET /wp-content/plugins/woocommerce/packages/woocommerce-blocks/build/wc-blocks-shared-context.js?ver=65cb8148395020af1941ee765b88f0ba HTTP/1.1" 200 1890 "http://localhost/wp-admin/post.php?post=16&action=edit" "Mozilla/5.0 (Windows NT 10.0; WOW64) AppleWebKit/537.36 (KHTML, like Gecko) Chrome/93.0.4577.63 Safari/537.36"
172.18.0.1 - - [10/Sep/2021:21:55:20 +0000] "GET /wp-content/plugins/woocommerce/packages/woocommerce-blocks/build/price-format.js?ver=e3aeb9532ad2c4f2c998e862d0c0dea2 HTTP/1.1" 200 1727 "http://localhost/wp-admin/post.php?post=16&action=edit" "Mozilla/5.0 (Windows NT 10.0; WOW64) AppleWebKit/537.36 (KHTML, like Gecko) Chrome/93.0.4577.63 Safari/537.36"
172.18.0.1 - - [10/Sep/2021:21:55:20 +0000] "GET /wp-content/plugins/woocommerce/packages/woocommerce-blocks/build/all-products.js?ver=33f72feaffbbb7b60f7b57afb2c4724c HTTP/1.1" 200 37792 "http://localhost/wp-admin/post.php?post=16&action=edit" "Mozilla/5.0 (Windows NT 10.0; WOW64) AppleWebKit/537.36 (KHTML, like Gecko) Chrome/93.0.4577.63 Safari/537.36"
172.18.0.1 - - [10/Sep/2021:21:55:20 +0000] "GET /wp-content/plugins/woocommerce/packages/woocommerce-blocks/build/price-filter.js?ver=d0057deca03b9b08f2683a4637f9be7c HTTP/1.1" 200 9930 "http://localhost/wp-admin/post.php?post=16&action=edit" "Mozilla/5.0 (Windows NT 10.0; WOW64) AppleWebKit/537.36 (KHTML, like Gecko) Chrome/93.0.4577.63 Safari/537.36"
172.18.0.1 - - [10/Sep/2021:21:55:20 +0000] "GET /wp-content/plugins/woocommerce/packages/woocommerce-blocks/build/attribute-filter.js?ver=afa510a33ab2f4dfcfd3a5ca5d9f7ec6 HTTP/1.1" 200 12126 "http://localhost/wp-admin/post.php?post=16&action=edit" "Mozilla/5.0 (Windows NT 10.0; WOW64) AppleWebKit/537.36 (KHTML, like Gecko) Chrome/93.0.4577.63 Safari/537.36"
172.18.0.1 - - [10/Sep/2021:21:55:20 +0000] "GET /wp-content/plugins/woocommerce/packages/woocommerce-blocks/build/active-filters.js?ver=7c68fd7d7503eb1b229249788763db96 HTTP/1.1" 200 8196 "http://localhost/wp-admin/post.php?post=16&action=edit" "Mozilla/5.0 (Windows NT 10.0; WOW64) AppleWebKit/537.36 (KHTML, like Gecko) Chrome/93.0.4577.63 Safari/537.36"
172.18.0.1 - - [10/Sep/2021:21:55:20 +0000] "GET /wp-content/plugins/forminator/build/admin/scgen.min.js?ver=1.15.2 HTTP/1.1" 200 1076 "http://localhost/wp-admin/post.php?post=16&action=edit" "Mozilla/5.0 (Windows NT 10.0; WOW64) AppleWebKit/537.36 (KHTML, like Gecko) Chrome/93.0.4577.63 Safari/537.36"
172.18.0.1 - - [10/Sep/2021:21:55:20 +0000] "GET /wp-content/plugins/forminator/assets/js/shared-ui.min.js?ver=sui-2-6-0 HTTP/1.1" 200 162582 "http://localhost/wp-admin/post.php?post=16&action=edit" "Mozilla/5.0 (Windows NT 10.0; WOW64) AppleWebKit/537.36 (KHTML, like Gecko) Chrome/93.0.4577.63 Safari/537.36"
172.18.0.1 - - [10/Sep/2021:21:55:21 +0000] "GET /wp-json/wp/v2/pages/16?_locale=user HTTP/1.1" 200 1860 "http://localhost/wp-admin/post.php?post=16&action=edit" "Mozilla/5.0 (Windows NT 10.0; WOW64) AppleWebKit/537.36 (KHTML, like Gecko) Chrome/93.0.4577.63 Safari/537.36"
172.18.0.1 - - [10/Sep/2021:21:55:21 +0000] "GET /wp-json/wp/v2/blocks?context=edit&per_page=100&_locale=user HTTP/1.1" 200 695 "http://localhost/wp-admin/post.php?post=16&action=edit" "Mozilla/5.0 (Windows NT 10.0; WOW64) AppleWebKit/537.36 (KHTML, like Gecko) Chrome/93.0.4577.63 Safari/537.36"
172.18.0.1 - - [10/Sep/2021:21:55:21 +0000] "GET /wp-json/wp/v2/users/?who=authors&per_page=100&_locale=user HTTP/1.1" 200 1913 "http://localhost/wp-admin/post.php?post=16&action=edit" "Mozilla/5.0 (Windows NT 10.0; WOW64) AppleWebKit/537.36 (KHTML, like Gecko) Chrome/93.0.4577.63 Safari/537.36"
172.18.0.1 - - [10/Sep/2021:21:55:21 +0000] "GET /wp-json/wp/v2/templates?context=edit&per_page=100&_locale=user HTTP/1.1" 200 660 "http://localhost/wp-admin/post.php?post=16&action=edit" "Mozilla/5.0 (Windows NT 10.0; WOW64) AppleWebKit/537.36 (KHTML, like Gecko) Chrome/93.0.4577.63 Safari/537.36"
172.18.0.1 - - [10/Sep/2021:21:55:21 +0000] "GET /wp-json/wp/v2/users/me?_locale=user HTTP/1.1" 200 1896 "http://localhost/wp-admin/post.php?post=16&action=edit" "Mozilla/5.0 (Windows NT 10.0; WOW64) AppleWebKit/537.36 (KHTML, like Gecko) Chrome/93.0.4577.63 Safari/537.36"
127.0.0.1 - - [10/Sep/2021:21:55:31 +0000] "OPTIONS * HTTP/1.0" 200 126 "-" "Apache/2.4.48 (Debian) PHP/7.4.23 (internal dummy connection)"
172.18.0.1 - - [10/Sep/2021:21:55:36 +0000] "POST /wp-admin/admin-ajax.php HTTP/1.1" 200 545 "http://localhost/wp-admin/post.php?post=16&action=edit" "Mozilla/5.0 (Windows NT 10.0; WOW64) AppleWebKit/537.36 (KHTML, like Gecko) Chrome/93.0.4577.63 Safari/537.36"
172.18.0.1 - - [10/Sep/2021:21:55:36 +0000] "POST /wp-admin/admin-ajax.php HTTP/1.1" 200 598 "http://localhost/wp-admin/edit.php?post_type=page" "Mozilla/5.0 (Windows NT 10.0; WOW64) AppleWebKit/537.36 (KHTML, like Gecko) Chrome/93.0.4577.63 Safari/537.36"
172.18.0.1 - - [10/Sep/2021:21:55:51 +0000] "POST /wp-admin/admin-ajax.php HTTP/1.1" 200 599 "http://localhost/wp-admin/edit.php?post_type=page" "Mozilla/5.0 (Windows NT 10.0; WOW64) AppleWebKit/537.36 (KHTML, like Gecko) Chrome/93.0.4577.63 Safari/537.36"
127.0.0.1 - - [10/Sep/2021:21:57:20 +0000] "POST /wp-cron.php?doing_wp_cron=1631311040.2191588878631591796875 HTTP/1.1" 200 192 "http://localhost/wp-cron.php?doing_wp_cron=1631311040.2191588878631591796875" "WordPress/5.8; http://localhost"
172.18.0.1 - - [10/Sep/2021:21:57:20 +0000] "POST /wp-admin/admin-ajax.php HTTP/1.1" 200 599 "http://localhost/wp-admin/edit.php?post_type=page" "Mozilla/5.0 (Windows NT 10.0; WOW64) AppleWebKit/537.36 (KHTML, like Gecko) Chrome/93.0.4577.63 Safari/537.36"
172.18.0.1 - - [10/Sep/2021:21:57:25 +0000] "GET /wp-admin/admin.php?page=wc-settings HTTP/1.1" 200 102470 "http://localhost/wp-admin/edit.php?post_type=page" "Mozilla/5.0 (Windows NT 10.0; WOW64) AppleWebKit/537.36 (KHTML, like Gecko) Chrome/93.0.4577.63 Safari/537.36"
172.18.0.1 - - [10/Sep/2021:21:57:28 +0000] "GET /wp-content/plugins/woocommerce/packages/woocommerce-admin/dist/components/style.css?ver=2.5.1 HTTP/1.1" 200 14676 "http://localhost/wp-admin/admin.php?page=wc-settings" "Mozilla/5.0 (Windows NT 10.0; WOW64) AppleWebKit/537.36 (KHTML, like Gecko) Chrome/93.0.4577.63 Safari/537.36"
172.18.0.1 - - [10/Sep/2021:21:57:28 +0000] "GET /wp-content/plugins/woocommerce/assets/css/jquery-ui/jquery-ui.min.css?ver=5.6.0 HTTP/1.1" 200 7719 "http://localhost/wp-admin/admin.php?page=wc-settings" "Mozilla/5.0 (Windows NT 10.0; WOW64) AppleWebKit/537.36 (KHTML, like Gecko) Chrome/93.0.4577.63 Safari/537.36"
172.18.0.1 - - [10/Sep/2021:21:57:28 +0000] "GET /wp-content/plugins/woocommerce/packages/woocommerce-admin/dist/app/index.js?ver=2.5.1 HTTP/1.1" 200 49495 "http://localhost/wp-admin/admin.php?page=wc-settings" "Mozilla/5.0 (Windows NT 10.0; WOW64) AppleWebKit/537.36 (KHTML, like Gecko) Chrome/93.0.4577.63 Safari/537.36"
172.18.0.1 - - [10/Sep/2021:21:57:28 +0000] "GET /wp-content/plugins/woocommerce/packages/woocommerce-admin/dist/app/style.css?ver=2.5.1 HTTP/1.1" 200 5373 "http://localhost/wp-admin/admin.php?page=wc-settings" "Mozilla/5.0 (Windows NT 10.0; WOW64) AppleWebKit/537.36 (KHTML, like Gecko) Chrome/93.0.4577.63 Safari/537.36"
172.18.0.1 - - [10/Sep/2021:21:57:28 +0000] "GET /wp-content/plugins/woocommerce/packages/woocommerce-admin/dist/customer-effort-score/style.css?ver=2.5.1 HTTP/1.1" 200 1888 "http://localhost/wp-admin/admin.php?page=wc-settings" "Mozilla/5.0 (Windows NT 10.0; WOW64) AppleWebKit/537.36 (KHTML, like Gecko) Chrome/93.0.4577.63 Safari/537.36"
172.18.0.1 - - [10/Sep/2021:21:57:28 +0000] "GET /wp-content/plugins/woocommerce/packages/woocommerce-admin/dist/experimental/style.css?ver=2.5.1 HTTP/1.1" 200 3404 "http://localhost/wp-admin/admin.php?page=wc-settings" "Mozilla/5.0 (Windows NT 10.0; WOW64) AppleWebKit/537.36 (KHTML, like Gecko) Chrome/93.0.4577.63 Safari/537.36"
172.18.0.1 - - [10/Sep/2021:21:57:28 +0000] "GET /wp-content/plugins/woocommerce/assets/css/admin.css?ver=5.6.0 HTTP/1.1" 200 31372 "http://localhost/wp-admin/admin.php?page=wc-settings" "Mozilla/5.0 (Windows NT 10.0; WOW64) AppleWebKit/537.36 (KHTML, like Gecko) Chrome/93.0.4577.63 Safari/537.36"
172.18.0.1 - - [10/Sep/2021:21:57:28 +0000] "GET /wp-content/plugins/woocommerce/assets/js/jquery-blockui/jquery.blockUI.min.js?ver=2.70 HTTP/1.1" 200 3842 "http://localhost/wp-admin/admin.php?page=wc-settings" "Mozilla/5.0 (Windows NT 10.0; WOW64) AppleWebKit/537.36 (KHTML, like Gecko) Chrome/93.0.4577.63 Safari/537.36"
172.18.0.1 - - [10/Sep/2021:21:57:28 +0000] "GET /wp-content/plugins/woocommerce/packages/woocommerce-admin/dist/onboarding/style.css?ver=2.5.1 HTTP/1.1" 200 1769 "http://localhost/wp-admin/admin.php?page=wc-settings" "Mozilla/5.0 (Windows NT 10.0; WOW64) AppleWebKit/537.36 (KHTML, like Gecko) Chrome/93.0.4577.63 Safari/537.36"
172.18.0.1 - - [10/Sep/2021:21:57:28 +0000] "GET /wp-content/plugins/woocommerce/assets/css/activation.css?ver=5.6.0 HTTP/1.1" 200 843 "http://localhost/wp-admin/admin.php?page=wc-settings" "Mozilla/5.0 (Windows NT 10.0; WOW64) AppleWebKit/537.36 (KHTML, like Gecko) Chrome/93.0.4577.63 Safari/537.36"
172.18.0.1 - - [10/Sep/2021:21:57:28 +0000] "GET /wp-content/plugins/woocommerce/assets/js/admin/woocommerce_admin.min.js?ver=5.6.0 HTTP/1.1" 200 2650 "http://localhost/wp-admin/admin.php?page=wc-settings" "Mozilla/5.0 (Windows NT 10.0; WOW64) AppleWebKit/537.36 (KHTML, like Gecko) Chrome/93.0.4577.63 Safari/537.36"
172.18.0.1 - - [10/Sep/2021:21:57:28 +0000] "GET /wp-content/plugins/woocommerce/assets/js/jquery-tiptip/jquery.tipTip.min.js?ver=5.6.0 HTTP/1.1" 200 1438 "http://localhost/wp-admin/admin.php?page=wc-settings" "Mozilla/5.0 (Windows NT 10.0; WOW64) AppleWebKit/537.36 (KHTML, like Gecko) Chrome/93.0.4577.63 Safari/537.36"
172.18.0.1 - - [10/Sep/2021:21:57:28 +0000] "GET /wp-content/plugins/woocommerce/assets/js/admin/wc-enhanced-select.min.js?ver=5.6.0 HTTP/1.1" 200 1699 "http://localhost/wp-admin/admin.php?page=wc-settings" "Mozilla/5.0 (Windows NT 10.0; WOW64) AppleWebKit/537.36 (KHTML, like Gecko) Chrome/93.0.4577.63 Safari/537.36"
172.18.0.1 - - [10/Sep/2021:21:57:28 +0000] "GET /wp-content/plugins/woocommerce/assets/js/selectWoo/selectWoo.full.min.js?ver=1.0.6 HTTP/1.1" 200 21916 "http://localhost/wp-admin/admin.php?page=wc-settings" "Mozilla/5.0 (Windows NT 10.0; WOW64) AppleWebKit/537.36 (KHTML, like Gecko) Chrome/93.0.4577.63 Safari/537.36"
172.18.0.1 - - [10/Sep/2021:21:57:28 +0000] "GET /wp-content/plugins/woocommerce/packages/woocommerce-admin/dist/components/index.js?ver=2.5.1 HTTP/1.1" 200 161777 "http://localhost/wp-admin/admin.php?page=wc-settings" "Mozilla/5.0 (Windows NT 10.0; WOW64) AppleWebKit/537.36 (KHTML, like Gecko) Chrome/93.0.4577.63 Safari/537.36"
172.18.0.1 - - [10/Sep/2021:21:57:28 +0000] "GET /wp-content/plugins/woocommerce-mercadopago/assets/images/minilogo.png HTTP/1.1" 304 249 "http://localhost/wp-admin/admin.php?page=wc-settings" "Mozilla/5.0 (Windows NT 10.0; WOW64) AppleWebKit/537.36 (KHTML, like Gecko) Chrome/93.0.4577.63 Safari/537.36"
172.18.0.1 - - [10/Sep/2021:21:57:28 +0000] "GET /wp-content/plugins/woocommerce-mercadopago/assets/images/generics/icone-cartao-mp.png HTTP/1.1" 304 249 "http://localhost/wp-admin/admin.php?page=wc-settings" "Mozilla/5.0 (Windows NT 10.0; WOW64) AppleWebKit/537.36 (KHTML, like Gecko) Chrome/93.0.4577.63 Safari/537.36"
172.18.0.1 - - [10/Sep/2021:21:57:28 +0000] "GET /wp-content/plugins/woocommerce/includes/gateways/paypal/assets/js/paypal-admin.min.js?ver=5.6.0 HTTP/1.1" 200 683 "http://localhost/wp-admin/admin.php?page=wc-settings" "Mozilla/5.0 (Windows NT 10.0; WOW64) AppleWebKit/537.36 (KHTML, like Gecko) Chrome/93.0.4577.63 Safari/537.36"
172.18.0.1 - - [10/Sep/2021:21:57:28 +0000] "GET /wp-content/plugins/woocommerce/packages/woocommerce-admin/dist/number/index.js?ver=2.5.1 HTTP/1.1" 200 1402 "http://localhost/wp-admin/admin.php?page=wc-settings" "Mozilla/5.0 (Windows NT 10.0; WOW64) AppleWebKit/537.36 (KHTML, like Gecko) Chrome/93.0.4577.63 Safari/537.36"
172.18.0.1 - - [10/Sep/2021:21:57:28 +0000] "GET /wp-content/plugins/woocommerce/packages/woocommerce-admin/dist/currency/index.js?ver=2.5.1 HTTP/1.1" 200 1939 "http://localhost/wp-admin/admin.php?page=wc-settings" "Mozilla/5.0 (Windows NT 10.0; WOW64) AppleWebKit/537.36 (KHTML, like Gecko) Chrome/93.0.4577.63 Safari/537.36"
172.18.0.1 - - [10/Sep/2021:21:57:28 +0000] "GET /wp-content/plugins/woocommerce/packages/woocommerce-admin/dist/date/index.js?ver=2.5.1 HTTP/1.1" 200 6773 "http://localhost/wp-admin/admin.php?page=wc-settings" "Mozilla/5.0 (Windows NT 10.0; WOW64) AppleWebKit/537.36 (KHTML, like Gecko) Chrome/93.0.4577.63 Safari/537.36"
172.18.0.1 - - [10/Sep/2021:21:57:28 +0000] "GET /wp-content/plugins/woocommerce/packages/woocommerce-admin/dist/navigation/index.js?ver=2.5.1 HTTP/1.1" 200 8652 "http://localhost/wp-admin/admin.php?page=wc-settings" "Mozilla/5.0 (Windows NT 10.0; WOW64) AppleWebKit/537.36 (KHTML, like Gecko) Chrome/93.0.4577.63 Safari/537.36"
172.18.0.1 - - [10/Sep/2021:21:57:28 +0000] "GET /wp-content/plugins/woocommerce/packages/woocommerce-admin/dist/csv-export/index.js?ver=2.5.1 HTTP/1.1" 200 2627 "http://localhost/wp-admin/admin.php?page=wc-settings" "Mozilla/5.0 (Windows NT 10.0; WOW64) AppleWebKit/537.36 (KHTML, like Gecko) Chrome/93.0.4577.63 Safari/537.36"
172.18.0.1 - - [10/Sep/2021:21:57:28 +0000] "GET /wp-content/plugins/woocommerce/packages/woocommerce-admin/dist/data/index.js?ver=2.5.1 HTTP/1.1" 200 18210 "http://localhost/wp-admin/admin.php?page=wc-settings" "Mozilla/5.0 (Windows NT 10.0; WOW64) AppleWebKit/537.36 (KHTML, like Gecko) Chrome/93.0.4577.63 Safari/537.36"
172.18.0.1 - - [10/Sep/2021:21:57:28 +0000] "GET /wp-content/plugins/woocommerce/packages/woocommerce-admin/dist/customer-effort-score/index.js?ver=2.5.1 HTTP/1.1" 200 2274 "http://localhost/wp-admin/admin.php?page=wc-settings" "Mozilla/5.0 (Windows NT 10.0; WOW64) AppleWebKit/537.36 (KHTML, like Gecko) Chrome/93.0.4577.63 Safari/537.36"
172.18.0.1 - - [10/Sep/2021:21:57:28 +0000] "GET /wp-content/plugins/woocommerce/packages/woocommerce-admin/dist/experimental/index.js?ver=2.5.1 HTTP/1.1" 200 18551 "http://localhost/wp-admin/admin.php?page=wc-settings" "Mozilla/5.0 (Windows NT 10.0; WOW64) AppleWebKit/537.36 (KHTML, like Gecko) Chrome/93.0.4577.63 Safari/537.36"
172.18.0.1 - - [10/Sep/2021:21:57:28 +0000] "GET /wp-content/plugins/woocommerce/packages/woocommerce-admin/dist/notices/index.js?ver=2.5.1 HTTP/1.1" 200 1426 "http://localhost/wp-admin/admin.php?page=wc-settings" "Mozilla/5.0 (Windows NT 10.0; WOW64) AppleWebKit/537.36 (KHTML, like Gecko) Chrome/93.0.4577.63 Safari/537.36"
172.18.0.1 - - [10/Sep/2021:21:57:28 +0000] "GET /wp-content/plugins/woocommerce/packages/woocommerce-admin/dist/explat/index.js?ver=2.5.1 HTTP/1.1" 200 8400 "http://localhost/wp-admin/admin.php?page=wc-settings" "Mozilla/5.0 (Windows NT 10.0; WOW64) AppleWebKit/537.36 (KHTML, like Gecko) Chrome/93.0.4577.63 Safari/537.36"
172.18.0.1 - - [10/Sep/2021:21:57:28 +0000] "GET /wp-content/plugins/woocommerce/assets/js/admin/settings.min.js?ver=5.6.0 HTTP/1.1" 200 1515 "http://localhost/wp-admin/admin.php?page=wc-settings" "Mozilla/5.0 (Windows NT 10.0; WOW64) AppleWebKit/537.36 (KHTML, like Gecko) Chrome/93.0.4577.63 Safari/537.36"
172.18.0.1 - - [10/Sep/2021:21:57:28 +0000] "GET /wp-content/plugins/woocommerce/packages/woocommerce-admin/dist/tracks/index.js?ver=2.5.1 HTTP/1.1" 200 4165 "http://localhost/wp-admin/admin.php?page=wc-settings" "Mozilla/5.0 (Windows NT 10.0; WOW64) AppleWebKit/537.36 (KHTML, like Gecko) Chrome/93.0.4577.63 Safari/537.36"
172.18.0.1 - - [10/Sep/2021:21:57:28 +0000] "GET /wp-content/plugins/woocommerce/packages/woocommerce-admin/dist/chunks/47.style.css?ver=2.5.1 HTTP/1.1" 200 1635 "http://localhost/wp-admin/admin.php?page=wc-settings" "Mozilla/5.0 (Windows NT 10.0; WOW64) AppleWebKit/537.36 (KHTML, like Gecko) Chrome/93.0.4577.63 Safari/537.36"
172.18.0.1 - - [10/Sep/2021:21:57:28 +0000] "GET /wp-content/plugins/woocommerce/packages/woocommerce-admin/dist/chunks/3.js?ver=2.5.1 HTTP/1.1" 200 7497 "http://localhost/wp-admin/admin.php?page=wc-settings" "Mozilla/5.0 (Windows NT 10.0; WOW64) AppleWebKit/537.36 (KHTML, like Gecko) Chrome/93.0.4577.63 Safari/537.36"
172.18.0.1 - - [10/Sep/2021:21:57:28 +0000] "GET /wp-content/plugins/woocommerce/packages/woocommerce-admin/dist/chunks/store-alerts.js?ver=2.5.1 HTTP/1.1" 200 2319 "http://localhost/wp-admin/admin.php?page=wc-settings" "Mozilla/5.0 (Windows NT 10.0; WOW64) AppleWebKit/537.36 (KHTML, like Gecko) Chrome/93.0.4577.63 Safari/537.36"
172.18.0.1 - - [10/Sep/2021:21:57:28 +0000] "GET /wp-json/wc-admin/options?options=woocommerce_ces_tracks_queue&_locale=user HTTP/1.1" 200 691 "http://localhost/wp-admin/admin.php?page=wc-settings" "Mozilla/5.0 (Windows NT 10.0; WOW64) AppleWebKit/537.36 (KHTML, like Gecko) Chrome/93.0.4577.63 Safari/537.36"
172.18.0.1 - - [10/Sep/2021:21:57:28 +0000] "GET /wp-json/wc-analytics/admin/notes?page=1&per_page=25&status=unactioned&type%5B0%5D=info&type%5B1%5D=marketing&type%5B2%5D=survey&type%5B3%5D=warning&orderby=date&order=desc&_locale=user HTTP/1.1" 200 3710 "http://localhost/wp-admin/admin.php?page=wc-settings" "Mozilla/5.0 (Windows NT 10.0; WOW64) AppleWebKit/537.36 (KHTML, like Gecko) Chrome/93.0.4577.63 Safari/537.36"
172.18.0.1 - - [10/Sep/2021:21:57:28 +0000] "GET /wp-json/wc-analytics/admin/notes?page=1&per_page=25&type=error%2Cupdate&status=unactioned&_locale=user HTTP/1.1" 200 669 "http://localhost/wp-admin/admin.php?page=wc-settings" "Mozilla/5.0 (Windows NT 10.0; WOW64) AppleWebKit/537.36 (KHTML, like Gecko) Chrome/93.0.4577.63 Safari/537.36"
172.18.0.1 - - [10/Sep/2021:21:57:34 +0000] "GET /wp-admin/admin.php?page=wc-settings&tab=checkout HTTP/1.1" 200 75005 "http://localhost/wp-admin/admin.php?page=wc-settings" "Mozilla/5.0 (Windows NT 10.0; WOW64) AppleWebKit/537.36 (KHTML, like Gecko) Chrome/93.0.4577.63 Safari/537.36"
172.18.0.1 - - [10/Sep/2021:21:57:37 +0000] "GET /wp-content/plugins/woocommerce/packages/woocommerce-admin/dist/chunks/44.style.css?ver=2.5.1 HTTP/1.1" 200 1022 "http://localhost/wp-admin/admin.php?page=wc-settings&tab=checkout" "Mozilla/5.0 (Windows NT 10.0; WOW64) AppleWebKit/537.36 (KHTML, like Gecko) Chrome/93.0.4577.63 Safari/537.36"
172.18.0.1 - - [10/Sep/2021:21:57:37 +0000] "GET /wp-content/plugins/woocommerce/packages/woocommerce-admin/dist/chunks/payment-recommendations.js?ver=2.5.1 HTTP/1.1" 200 2519 "http://localhost/wp-admin/admin.php?page=wc-settings&tab=checkout" "Mozilla/5.0 (Windows NT 10.0; WOW64) AppleWebKit/537.36 (KHTML, like Gecko) Chrome/93.0.4577.63 Safari/537.36"
172.18.0.1 - - [10/Sep/2021:21:57:37 +0000] "GET /wp-content/plugins/woocommerce/packages/woocommerce-admin/dist/chunks/1.js?ver=2.5.1 HTTP/1.1" 200 67482 "http://localhost/wp-admin/admin.php?page=wc-settings&tab=checkout" "Mozilla/5.0 (Windows NT 10.0; WOW64) AppleWebKit/537.36 (KHTML, like Gecko) Chrome/93.0.4577.63 Safari/537.36"
172.18.0.1 - - [10/Sep/2021:21:57:37 +0000] "GET /wp-json/wc-admin/options?options=woocommerce_ces_tracks_queue&_locale=user HTTP/1.1" 200 691 "http://localhost/wp-admin/admin.php?page=wc-settings&tab=checkout" "Mozilla/5.0 (Windows NT 10.0; WOW64) AppleWebKit/537.36 (KHTML, like Gecko) Chrome/93.0.4577.63 Safari/537.36"
172.18.0.1 - - [10/Sep/2021:21:57:37 +0000] "GET /wp-json/wc-analytics/admin/notes?page=1&per_page=25&status=unactioned&type%5B0%5D=info&type%5B1%5D=marketing&type%5B2%5D=survey&type%5B3%5D=warning&orderby=date&order=desc&_locale=user HTTP/1.1" 200 3710 "http://localhost/wp-admin/admin.php?page=wc-settings&tab=checkout" "Mozilla/5.0 (Windows NT 10.0; WOW64) AppleWebKit/537.36 (KHTML, like Gecko) Chrome/93.0.4577.63 Safari/537.36"
172.18.0.1 - - [10/Sep/2021:21:57:37 +0000] "GET /wp-json/wc-analytics/admin/notes?page=1&per_page=25&type=error%2Cupdate&status=unactioned&_locale=user HTTP/1.1" 200 669 "http://localhost/wp-admin/admin.php?page=wc-settings&tab=checkout" "Mozilla/5.0 (Windows NT 10.0; WOW64) AppleWebKit/537.36 (KHTML, like Gecko) Chrome/93.0.4577.63 Safari/537.36"
172.18.0.1 - - [10/Sep/2021:21:57:37 +0000] "GET /wp-json/wc-analytics/settings/general?_locale=user HTTP/1.1" 200 88315 "http://localhost/wp-admin/admin.php?page=wc-settings&tab=checkout" "Mozilla/5.0 (Windows NT 10.0; WOW64) AppleWebKit/537.36 (KHTML, like Gecko) Chrome/93.0.4577.63 Safari/537.36"
172.18.0.1 - - [10/Sep/2021:21:57:37 +0000] "GET /wp-json/wc-admin/options?options=woocommerce_show_marketplace_suggestions%2Cwoocommerce_setting_payments_recommendations_hidden&_locale=user HTTP/1.1" 200 765 "http://localhost/wp-admin/admin.php?page=wc-settings&tab=checkout" "Mozilla/5.0 (Windows NT 10.0; WOW64) AppleWebKit/537.36 (KHTML, like Gecko) Chrome/93.0.4577.63 Safari/537.36"
172.18.0.1 - - [10/Sep/2021:21:57:38 +0000] "GET /wp-json/wc-admin/plugins/recommended-payment-plugins?_locale=user HTTP/1.1" 200 2242 "http://localhost/wp-admin/admin.php?page=wc-settings&tab=checkout" "Mozilla/5.0 (Windows NT 10.0; WOW64) AppleWebKit/537.36 (KHTML, like Gecko) Chrome/93.0.4577.63 Safari/537.36"
127.0.0.1 - - [10/Sep/2021:21:57:47 +0000] "OPTIONS * HTTP/1.0" 200 126 "-" "Apache/2.4.48 (Debian) PHP/7.4.23 (internal dummy connection)"
127.0.0.1 - - [10/Sep/2021:21:58:38 +0000] "POST /wp-cron.php?doing_wp_cron=1631311117.9188270568847656250000 HTTP/1.1" 200 192 "http://localhost/wp-cron.php?doing_wp_cron=1631311117.9188270568847656250000" "WordPress/5.8; http://localhost"
172.18.0.1 - - [10/Sep/2021:21:58:37 +0000] "POST /wp-admin/admin-ajax.php HTTP/1.1" 200 599 "http://localhost/wp-admin/admin.php?page=wc-settings&tab=checkout" "Mozilla/5.0 (Windows NT 10.0; WOW64) AppleWebKit/537.36 (KHTML, like Gecko) Chrome/93.0.4577.63 Safari/537.36"
127.0.0.1 - - [10/Sep/2021:21:59:38 +0000] "POST /wp-cron.php?doing_wp_cron=1631311178.9340209960937500000000 HTTP/1.1" 200 192 "http://localhost/wp-cron.php?doing_wp_cron=1631311178.9340209960937500000000" "WordPress/5.8; http://localhost"
172.18.0.1 - - [10/Sep/2021:21:59:38 +0000] "POST /wp-admin/admin-ajax.php HTTP/1.1" 200 599 "http://localhost/wp-admin/admin.php?page=wc-settings&tab=checkout" "Mozilla/5.0 (Windows NT 10.0; WOW64) AppleWebKit/537.36 (KHTML, like Gecko) Chrome/93.0.4577.63 Safari/537.36"
172.18.0.1 - - [10/Sep/2021:21:59:40 +0000] "GET /wp-admin/post.php?post=10&action=edit HTTP/1.1" 200 172622 "http://localhost/2021/09/09/calculadora/" "Mozilla/5.0 (Windows NT 10.0; WOW64) AppleWebKit/537.36 (KHTML, like Gecko) Chrome/93.0.4577.63 Safari/537.36"
172.18.0.1 - - [10/Sep/2021:21:59:45 +0000] "GET /?cp_cff_resources=public&min=1&ver=1.1.16 HTTP/1.1" 200 28723 "http://localhost/wp-admin/post.php?post=10&action=edit" "Mozilla/5.0 (Windows NT 10.0; WOW64) AppleWebKit/537.36 (KHTML, like Gecko) Chrome/93.0.4577.63 Safari/537.36"
172.18.0.1 - - [10/Sep/2021:21:59:46 +0000] "GET /wp-json/wp/v2/posts/10?_locale=user HTTP/1.1" 200 4394 "http://localhost/wp-admin/post.php?post=10&action=edit" "Mozilla/5.0 (Windows NT 10.0; WOW64) AppleWebKit/537.36 (KHTML, like Gecko) Chrome/93.0.4577.63 Safari/537.36"
172.18.0.1 - - [10/Sep/2021:21:59:46 +0000] "GET /wp-json/wp/v2/users/?who=authors&per_page=100&_locale=user HTTP/1.1" 200 1914 "http://localhost/wp-admin/post.php?post=10&action=edit" "Mozilla/5.0 (Windows NT 10.0; WOW64) AppleWebKit/537.36 (KHTML, like Gecko) Chrome/93.0.4577.63 Safari/537.36"
172.18.0.1 - - [10/Sep/2021:21:59:46 +0000] "GET /wp-json/wp/v2/blocks?context=edit&per_page=100&_locale=user HTTP/1.1" 200 695 "http://localhost/wp-admin/post.php?post=10&action=edit" "Mozilla/5.0 (Windows NT 10.0; WOW64) AppleWebKit/537.36 (KHTML, like Gecko) Chrome/93.0.4577.63 Safari/537.36"
172.18.0.1 - - [10/Sep/2021:21:59:46 +0000] "GET /wp-json/wp/v2/users/me?_locale=user HTTP/1.1" 200 1897 "http://localhost/wp-admin/post.php?post=10&action=edit" "Mozilla/5.0 (Windows NT 10.0; WOW64) AppleWebKit/537.36 (KHTML, like Gecko) Chrome/93.0.4577.63 Safari/537.36"
172.18.0.1 - - [10/Sep/2021:21:59:46 +0000] "GET /wp-json/wp/v2/templates?context=edit&per_page=100&_locale=user HTTP/1.1" 200 661 "http://localhost/wp-admin/post.php?post=10&action=edit" "Mozilla/5.0 (Windows NT 10.0; WOW64) AppleWebKit/537.36 (KHTML, like Gecko) Chrome/93.0.4577.63 Safari/537.36"
172.18.0.1 - - [10/Sep/2021:22:00:26 +0000] "GET /wp-content/themes/twentytwentyone/assets/images/Daffodils.jpg HTTP/1.1" 200 217925 "http://localhost/wp-admin/post.php?post=10&action=edit" "Mozilla/5.0 (Windows NT 10.0; WOW64) AppleWebKit/537.36 (KHTML, like Gecko) Chrome/93.0.4577.63 Safari/537.36"
172.18.0.1 - - [10/Sep/2021:22:00:26 +0000] "GET /wp-content/themes/twentytwentyone/assets/images/self-portrait-1885.jpg HTTP/1.1" 200 196971 "http://localhost/wp-admin/post.php?post=10&action=edit" "Mozilla/5.0 (Windows NT 10.0; WOW64) AppleWebKit/537.36 (KHTML, like Gecko) Chrome/93.0.4577.63 Safari/537.36"
127.0.0.1 - - [10/Sep/2021:22:00:26 +0000] "POST /wp-cron.php?doing_wp_cron=1631311226.1235299110412597656250 HTTP/1.1" 200 192 "http://localhost/wp-cron.php?doing_wp_cron=1631311226.1235299110412597656250" "WordPress/5.8; http://localhost"
172.18.0.1 - - [10/Sep/2021:22:00:26 +0000] "GET /wp-json/wp/v2/types?context=edit&per_page=100&_locale=user HTTP/1.1" 200 14162 "http://localhost/wp-admin/post.php?post=10&action=edit" "Mozilla/5.0 (Windows NT 10.0; WOW64) AppleWebKit/537.36 (KHTML, like Gecko) Chrome/93.0.4577.63 Safari/537.36"
172.18.0.1 - - [10/Sep/2021:22:00:26 +0000] "GET /wp-json/wp/v2/posts?context=edit&offset=0&order=desc&orderby=date&per_page=1&_locale=user HTTP/1.1" 200 5428 "http://localhost/wp-admin/post.php?post=10&action=edit" "Mozilla/5.0 (Windows NT 10.0; WOW64) AppleWebKit/537.36 (KHTML, like Gecko) Chrome/93.0.4577.63 Safari/537.36"
172.18.0.1 - - [10/Sep/2021:22:00:26 +0000] "GET /wp-json/wp/v2/users?context=edit&per_page=100&_locale=user HTTP/1.1" 200 5030 "http://localhost/wp-admin/post.php?post=10&action=edit" "Mozilla/5.0 (Windows NT 10.0; WOW64) AppleWebKit/537.36 (KHTML, like Gecko) Chrome/93.0.4577.63 Safari/537.36"
172.18.0.1 - - [10/Sep/2021:22:00:26 +0000] "GET /wp-json/wp/v2/taxonomies?context=edit&_locale=user HTTP/1.1" 200 6758 "http://localhost/wp-admin/post.php?post=10&action=edit" "Mozilla/5.0 (Windows NT 10.0; WOW64) AppleWebKit/537.36 (KHTML, like Gecko) Chrome/93.0.4577.63 Safari/537.36"
172.18.0.1 - - [10/Sep/2021:22:00:27 +0000] "GET /wp-json/wp/v2/taxonomies?context=edit&_locale=user HTTP/1.1" 200 6757 "http://localhost/wp-admin/post.php?post=10&action=edit" "Mozilla/5.0 (Windows NT 10.0; WOW64) AppleWebKit/537.36 (KHTML, like Gecko) Chrome/93.0.4577.63 Safari/537.36"
172.18.0.1 - - [10/Sep/2021:22:00:27 +0000] "GET /wp-json/wp/v2/categories?context=edit&per_page=100&_locale=user HTTP/1.1" 200 1273 "http://localhost/wp-admin/post.php?post=10&action=edit" "Mozilla/5.0 (Windows NT 10.0; WOW64) AppleWebKit/537.36 (KHTML, like Gecko) Chrome/93.0.4577.63 Safari/537.36"
172.18.0.1 - - [10/Sep/2021:22:00:28 +0000] "GET /wp-json/wp/v2/tags?context=edit&per_page=100&_locale=user HTTP/1.1" 200 695 "http://localhost/wp-admin/post.php?post=10&action=edit" "Mozilla/5.0 (Windows NT 10.0; WOW64) AppleWebKit/537.36 (KHTML, like Gecko) Chrome/93.0.4577.63 Safari/537.36"
172.18.0.1 - - [10/Sep/2021:22:00:29 +0000] "GET /wp-json/wp/v2/posts/10?_locale=user HTTP/1.1" 200 4393 "http://localhost/wp-admin/post.php?post=10&action=edit" "Mozilla/5.0 (Windows NT 10.0; WOW64) AppleWebKit/537.36 (KHTML, like Gecko) Chrome/93.0.4577.63 Safari/537.36"
172.18.0.1 - - [10/Sep/2021:22:00:29 +0000] "GET /wp-json/wp/v2/settings/?_locale=user HTTP/1.1" 200 1077 "http://localhost/wp-admin/post.php?post=10&action=edit" "Mozilla/5.0 (Windows NT 10.0; WOW64) AppleWebKit/537.36 (KHTML, like Gecko) Chrome/93.0.4577.63 Safari/537.36"
172.18.0.1 - - [10/Sep/2021:22:00:36 +0000] "GET /wp-json/wc/store/products/attributes?_locale=user HTTP/1.1" 200 631 "http://localhost/wp-admin/post.php?post=10&action=edit" "Mozilla/5.0 (Windows NT 10.0; WOW64) AppleWebKit/537.36 (KHTML, like Gecko) Chrome/93.0.4577.63 Safari/537.36"
172.18.0.1 - - [10/Sep/2021:22:00:46 +0000] "POST /wp-admin/admin-ajax.php HTTP/1.1" 200 650 "http://localhost/wp-admin/post.php?post=10&action=edit" "Mozilla/5.0 (Windows NT 10.0; WOW64) AppleWebKit/537.36 (KHTML, like Gecko) Chrome/93.0.4577.63 Safari/537.36"
172.18.0.1 - - [10/Sep/2021:22:00:46 +0000] "POST /wp-json/wp/v2/posts/10/autosaves?_locale=user HTTP/1.1" 200 4625 "http://localhost/wp-admin/post.php?post=10&action=edit" "Mozilla/5.0 (Windows NT 10.0; WOW64) AppleWebKit/537.36 (KHTML, like Gecko) Chrome/93.0.4577.63 Safari/537.36"
172.18.0.1 - - [10/Sep/2021:22:00:56 +0000] "GET / HTTP/1.1" 200 6662 "-" "Mozilla/5.0 (Windows NT 10.0; WOW64) AppleWebKit/537.36 (KHTML, like Gecko) Chrome/93.0.4577.63 Safari/537.36"
172.18.0.1 - - [10/Sep/2021:22:00:56 +0000] "POST /?wc-ajax=get_refreshed_fragments HTTP/1.1" 200 683 "http://localhost/" "Mozilla/5.0 (Windows NT 10.0; WOW64) AppleWebKit/537.36 (KHTML, like Gecko) Chrome/93.0.4577.63 Safari/537.36"
127.0.0.1 - - [10/Sep/2021:22:01:14 +0000] "POST /wp-cron.php?doing_wp_cron=1631311274.8089749813079833984375 HTTP/1.1" 200 192 "http://localhost/wp-cron.php?doing_wp_cron=1631311274.8089749813079833984375" "WordPress/5.8; http://localhost"
172.18.0.1 - - [10/Sep/2021:22:01:14 +0000] "GET /2021/09/09/calculadora/ HTTP/1.1" 200 8946 "http://localhost/" "Mozilla/5.0 (Windows NT 10.0; WOW64) AppleWebKit/537.36 (KHTML, like Gecko) Chrome/93.0.4577.63 Safari/537.36"
172.18.0.1 - - [10/Sep/2021:22:01:15 +0000] "GET /2021/09/09/calculadora/?cp_cff_resources=public&min=1&ver=1.1.16 HTTP/1.1" 200 28723 "http://localhost/2021/09/09/calculadora/" "Mozilla/5.0 (Windows NT 10.0; WOW64) AppleWebKit/537.36 (KHTML, like Gecko) Chrome/93.0.4577.63 Safari/537.36"
172.18.0.1 - - [10/Sep/2021:22:01:15 +0000] "POST /?wc-ajax=get_refreshed_fragments HTTP/1.1" 200 683 "http://localhost/2021/09/09/calculadora/" "Mozilla/5.0 (Windows NT 10.0; WOW64) AppleWebKit/537.36 (KHTML, like Gecko) Chrome/93.0.4577.63 Safari/537.36"
172.18.0.1 - - [10/Sep/2021:22:01:32 +0000] "POST /wp-json/wp/v2/posts/10?_locale=user HTTP/1.1" 200 6505 "http://localhost/wp-admin/post.php?post=10&action=edit" "Mozilla/5.0 (Windows NT 10.0; WOW64) AppleWebKit/537.36 (KHTML, like Gecko) Chrome/93.0.4577.63 Safari/537.36"
127.0.0.1 - - [10/Sep/2021:22:01:36 +0000] "POST /wp-cron.php?doing_wp_cron=1631311296.0462059974670410156250 HTTP/1.1" 200 192 "http://localhost/wp-cron.php?doing_wp_cron=1631311296.0462059974670410156250" "WordPress/5.8; http://localhost"
172.18.0.1 - - [10/Sep/2021:22:01:35 +0000] "GET /2021/09/09/calculadora/ HTTP/1.1" 200 8984 "http://localhost/" "Mozilla/5.0 (Windows NT 10.0; WOW64) AppleWebKit/537.36 (KHTML, like Gecko) Chrome/93.0.4577.63 Safari/537.36"
172.18.0.1 - - [10/Sep/2021:22:01:38 +0000] "GET /2021/09/09/calculadora/?cp_cff_resources=public&min=1&ver=1.1.16 HTTP/1.1" 200 28723 "http://localhost/2021/09/09/calculadora/" "Mozilla/5.0 (Windows NT 10.0; WOW64) AppleWebKit/537.36 (KHTML, like Gecko) Chrome/93.0.4577.63 Safari/537.36"
172.18.0.1 - - [10/Sep/2021:22:01:38 +0000] "GET /favicon.ico HTTP/1.1" 302 483 "http://localhost/2021/09/09/calculadora/" "Mozilla/5.0 (Windows NT 10.0; WOW64) AppleWebKit/537.36 (KHTML, like Gecko) Chrome/93.0.4577.63 Safari/537.36"
172.18.0.1 - - [10/Sep/2021:22:01:38 +0000] "GET /wp-includes/images/w-logo-blue-white-bg.png HTTP/1.1" 200 4405 "http://localhost/2021/09/09/calculadora/" "Mozilla/5.0 (Windows NT 10.0; WOW64) AppleWebKit/537.36 (KHTML, like Gecko) Chrome/93.0.4577.63 Safari/537.36"
172.18.0.1 - - [10/Sep/2021:22:01:39 +0000] "POST /wp-admin/admin-ajax.php HTTP/1.1" 200 598 "http://localhost/wp-admin/admin.php?page=wc-settings&tab=checkout" "Mozilla/5.0 (Windows NT 10.0; WOW64) AppleWebKit/537.36 (KHTML, like Gecko) Chrome/93.0.4577.63 Safari/537.36"
172.18.0.1 - - [10/Sep/2021:22:01:46 +0000] "POST /wp-admin/admin-ajax.php HTTP/1.1" 200 650 "http://localhost/wp-admin/post.php?post=10&action=edit" "Mozilla/5.0 (Windows NT 10.0; WOW64) AppleWebKit/537.36 (KHTML, like Gecko) Chrome/93.0.4577.63 Safari/537.36"
172.18.0.1 - - [10/Sep/2021:22:01:52 +0000] "GET /wp-json/wp/v2/block-renderer/woocommerce/products-by-attribute?context=edit&attributes%5BattrOperator%5D=any&attributes%5Bcolumns%5D=3&attributes%5BeditMode%5D=false&attributes%5BcontentVisibility%5D%5Btitle%5D=true&attributes%5BcontentVisibility%5D%5Bprice%5D=true&attributes%5BcontentVisibility%5D%5Brating%5D=true&attributes%5BcontentVisibility%5D%5Bbutton%5D=true&attributes%5Borderby%5D=date&attributes%5Brows%5D=3&attributes%5BalignButtons%5D=false&attributes%5BisPreview%5D=false&post_id=10&_locale=user HTTP/1.1" 200 675 "http://localhost/wp-admin/post.php?post=10&action=edit" "Mozilla/5.0 (Windows NT 10.0; WOW64) AppleWebKit/537.36 (KHTML, like Gecko) Chrome/93.0.4577.63 Safari/537.36"
127.0.0.1 - - [10/Sep/2021:22:02:25 +0000] "POST /wp-cron.php?doing_wp_cron=1631311345.9197139739990234375000 HTTP/1.1" 200 192 "http://localhost/wp-cron.php?doing_wp_cron=1631311345.9197139739990234375000" "WordPress/5.8; http://localhost"
172.18.0.1 - - [10/Sep/2021:22:02:25 +0000] "POST /wp-json/wp/v2/posts/10?_locale=user HTTP/1.1" 200 6449 "http://localhost/wp-admin/post.php?post=10&action=edit" "Mozilla/5.0 (Windows NT 10.0; WOW64) AppleWebKit/537.36 (KHTML, like Gecko) Chrome/93.0.4577.63 Safari/537.36"
172.18.0.1 - - [10/Sep/2021:22:02:27 +0000] "GET /2021/09/09/calculadora/ HTTP/1.1" 200 8985 "http://localhost/" "Mozilla/5.0 (Windows NT 10.0; WOW64) AppleWebKit/537.36 (KHTML, like Gecko) Chrome/93.0.4577.63 Safari/537.36"
172.18.0.1 - - [10/Sep/2021:22:02:28 +0000] "GET /2021/09/09/calculadora/?cp_cff_resources=public&min=1&ver=1.1.16 HTTP/1.1" 200 28723 "http://localhost/2021/09/09/calculadora/" "Mozilla/5.0 (Windows NT 10.0; WOW64) AppleWebKit/537.36 (KHTML, like Gecko) Chrome/93.0.4577.63 Safari/537.36"
172.18.0.1 - - [10/Sep/2021:22:02:29 +0000] "GET /favicon.ico HTTP/1.1" 302 483 "http://localhost/2021/09/09/calculadora/" "Mozilla/5.0 (Windows NT 10.0; WOW64) AppleWebKit/537.36 (KHTML, like Gecko) Chrome/93.0.4577.63 Safari/537.36"
172.18.0.1 - - [10/Sep/2021:22:02:30 +0000] "GET /wp-includes/images/w-logo-blue-white-bg.png HTTP/1.1" 200 4405 "http://localhost/2021/09/09/calculadora/" "Mozilla/5.0 (Windows NT 10.0; WOW64) AppleWebKit/537.36 (KHTML, like Gecko) Chrome/93.0.4577.63 Safari/537.36"
127.0.0.1 - - [10/Sep/2021:22:02:29 +0000] "POST /wp-cron.php?doing_wp_cron=1631311349.1015479564666748046875 HTTP/1.1" 200 192 "http://localhost/wp-cron.php?doing_wp_cron=1631311349.1015479564666748046875" "WordPress/5.8; http://localhost"
172.18.0.1 - - [10/Sep/2021:22:02:46 +0000] "POST /wp-admin/admin-ajax.php HTTP/1.1" 200 650 "http://localhost/wp-admin/post.php?post=10&action=edit" "Mozilla/5.0 (Windows NT 10.0; WOW64) AppleWebKit/537.36 (KHTML, like Gecko) Chrome/93.0.4577.63 Safari/537.36"
172.18.0.1 - - [10/Sep/2021:22:02:46 +0000] "POST /wp-json/wp/v2/posts/10/autosaves?_locale=user HTTP/1.1" 200 4907 "http://localhost/wp-admin/post.php?post=10&action=edit" "Mozilla/5.0 (Windows NT 10.0; WOW64) AppleWebKit/537.36 (KHTML, like Gecko) Chrome/93.0.4577.63 Safari/537.36"
127.0.0.1 - - [10/Sep/2021:22:03:09 +0000] "POST /wp-cron.php?doing_wp_cron=1631311389.6655139923095703125000 HTTP/1.1" 200 192 "http://localhost/wp-cron.php?doing_wp_cron=1631311389.6655139923095703125000" "WordPress/5.8; http://localhost"
172.18.0.1 - - [10/Sep/2021:22:03:09 +0000] "POST /wp-json/wp/v2/posts/10?_locale=user HTTP/1.1" 200 6791 "http://localhost/wp-admin/post.php?post=10&action=edit" "Mozilla/5.0 (Windows NT 10.0; WOW64) AppleWebKit/537.36 (KHTML, like Gecko) Chrome/93.0.4577.63 Safari/537.36"
172.18.0.1 - - [10/Sep/2021:22:03:24 +0000] "GET /2021/09/09/calculadora/ HTTP/1.1" 200 9013 "http://localhost/" "Mozilla/5.0 (Windows NT 10.0; WOW64) AppleWebKit/537.36 (KHTML, like Gecko) Chrome/93.0.4577.63 Safari/537.36"
172.18.0.1 - - [10/Sep/2021:22:03:25 +0000] "GET /2021/09/09/calculadora/?cp_cff_resources=public&min=1&ver=1.1.16 HTTP/1.1" 200 28723 "http://localhost/2021/09/09/calculadora/" "Mozilla/5.0 (Windows NT 10.0; WOW64) AppleWebKit/537.36 (KHTML, like Gecko) Chrome/93.0.4577.63 Safari/537.36"
127.0.0.1 - - [10/Sep/2021:22:03:24 +0000] "POST /wp-cron.php?doing_wp_cron=1631311404.6211850643157958984375 HTTP/1.1" 200 192 "http://localhost/wp-cron.php?doing_wp_cron=1631311404.6211850643157958984375" "WordPress/5.8; http://localhost"
172.18.0.1 - - [10/Sep/2021:22:03:26 +0000] "GET /favicon.ico HTTP/1.1" 302 483 "http://localhost/2021/09/09/calculadora/" "Mozilla/5.0 (Windows NT 10.0; WOW64) AppleWebKit/537.36 (KHTML, like Gecko) Chrome/93.0.4577.63 Safari/537.36"
172.18.0.1 - - [10/Sep/2021:22:03:26 +0000] "GET /wp-includes/images/w-logo-blue-white-bg.png HTTP/1.1" 200 4405 "http://localhost/2021/09/09/calculadora/" "Mozilla/5.0 (Windows NT 10.0; WOW64) AppleWebKit/537.36 (KHTML, like Gecko) Chrome/93.0.4577.63 Safari/537.36"
172.18.0.1 - - [10/Sep/2021:22:03:40 +0000] "POST /wp-admin/admin-ajax.php HTTP/1.1" 200 599 "http://localhost/wp-admin/admin.php?page=wc-settings&tab=checkout" "Mozilla/5.0 (Windows NT 10.0; WOW64) AppleWebKit/537.36 (KHTML, like Gecko) Chrome/93.0.4577.63 Safari/537.36"
172.18.0.1 - - [10/Sep/2021:22:03:47 +0000] "POST /wp-admin/admin-ajax.php HTTP/1.1" 200 650 "http://localhost/wp-admin/post.php?post=10&action=edit" "Mozilla/5.0 (Windows NT 10.0; WOW64) AppleWebKit/537.36 (KHTML, like Gecko) Chrome/93.0.4577.63 Safari/537.36"
