172.18.0.1 - - [13/Sep/2021:15:11:21 +0000] "POST /wp-admin/admin-ajax.php HTTP/1.1" 200 599 "http://localhost/wp-admin/options-general.php?page=donorbox-donation-form%2Fdonorbox_embed_campaign.php" "Mozilla/5.0 (Windows NT 10.0; WOW64) AppleWebKit/537.36 (KHTML, like Gecko) Chrome/93.0.4577.63 Safari/537.36"
127.0.0.1 - - [13/Sep/2021:15:13:22 +0000] "POST /wp-cron.php?doing_wp_cron=1631546002.4002819061279296875000 HTTP/1.1" 200 192 "http://localhost/wp-cron.php?doing_wp_cron=1631546002.4002819061279296875000" "WordPress/5.8; http://localhost"
172.18.0.1 - - [13/Sep/2021:15:13:22 +0000] "POST /wp-admin/admin-ajax.php HTTP/1.1" 200 599 "http://localhost/wp-admin/options-general.php?page=donorbox-donation-form%2Fdonorbox_embed_campaign.php" "Mozilla/5.0 (Windows NT 10.0; WOW64) AppleWebKit/537.36 (KHTML, like Gecko) Chrome/93.0.4577.63 Safari/537.36"
127.0.0.1 - - [13/Sep/2021:15:15:23 +0000] "POST /wp-cron.php?doing_wp_cron=1631546123.4078080654144287109375 HTTP/1.1" 200 192 "http://localhost/wp-cron.php?doing_wp_cron=1631546123.4078080654144287109375" "WordPress/5.8; http://localhost"
172.18.0.1 - - [13/Sep/2021:15:15:23 +0000] "POST /wp-admin/admin-ajax.php HTTP/1.1" 200 599 "http://localhost/wp-admin/options-general.php?page=donorbox-donation-form%2Fdonorbox_embed_campaign.php" "Mozilla/5.0 (Windows NT 10.0; WOW64) AppleWebKit/537.36 (KHTML, like Gecko) Chrome/93.0.4577.63 Safari/537.36"
127.0.0.1 - - [13/Sep/2021:15:25:50 +0000] "POST /wp-cron.php?doing_wp_cron=1631546750.2291700839996337890625 HTTP/1.1" 200 192 "http://localhost/wp-cron.php?doing_wp_cron=1631546750.2291700839996337890625" "WordPress/5.8; http://localhost"
172.18.0.1 - - [13/Sep/2021:15:25:50 +0000] "POST /wp-admin/admin-ajax.php HTTP/1.1" 200 599 "http://localhost/wp-admin/options-general.php?page=donorbox-donation-form%2Fdonorbox_embed_campaign.php" "Mozilla/5.0 (Windows NT 10.0; WOW64) AppleWebKit/537.36 (KHTML, like Gecko) Chrome/93.0.4577.63 Safari/537.36"
127.0.0.1 - - [13/Sep/2021:15:26:50 +0000] "POST /wp-cron.php?doing_wp_cron=1631546810.3836729526519775390625 HTTP/1.1" 200 192 "http://localhost/wp-cron.php?doing_wp_cron=1631546810.3836729526519775390625" "WordPress/5.8; http://localhost"
172.18.0.1 - - [13/Sep/2021:15:26:50 +0000] "POST /wp-admin/admin-ajax.php HTTP/1.1" 200 599 "http://localhost/wp-admin/options-general.php?page=donorbox-donation-form%2Fdonorbox_embed_campaign.php" "Mozilla/5.0 (Windows NT 10.0; WOW64) AppleWebKit/537.36 (KHTML, like Gecko) Chrome/93.0.4577.63 Safari/537.36"
127.0.0.1 - - [13/Sep/2021:15:28:51 +0000] "POST /wp-cron.php?doing_wp_cron=1631546931.4128220081329345703125 HTTP/1.1" 200 192 "http://localhost/wp-cron.php?doing_wp_cron=1631546931.4128220081329345703125" "WordPress/5.8; http://localhost"
172.18.0.1 - - [13/Sep/2021:15:28:51 +0000] "POST /wp-admin/admin-ajax.php HTTP/1.1" 200 599 "http://localhost/wp-admin/options-general.php?page=donorbox-donation-form%2Fdonorbox_embed_campaign.php" "Mozilla/5.0 (Windows NT 10.0; WOW64) AppleWebKit/537.36 (KHTML, like Gecko) Chrome/93.0.4577.63 Safari/537.36"
127.0.0.1 - - [13/Sep/2021:15:30:52 +0000] "POST /wp-cron.php?doing_wp_cron=1631547052.3961870670318603515625 HTTP/1.1" 200 192 "http://localhost/wp-cron.php?doing_wp_cron=1631547052.3961870670318603515625" "WordPress/5.8; http://localhost"
172.18.0.1 - - [13/Sep/2021:15:30:52 +0000] "POST /wp-admin/admin-ajax.php HTTP/1.1" 200 599 "http://localhost/wp-admin/options-general.php?page=donorbox-donation-form%2Fdonorbox_embed_campaign.php" "Mozilla/5.0 (Windows NT 10.0; WOW64) AppleWebKit/537.36 (KHTML, like Gecko) Chrome/93.0.4577.63 Safari/537.36"
172.18.0.1 - - [13/Sep/2021:15:32:53 +0000] "POST /wp-admin/admin-ajax.php HTTP/1.1" 200 599 "http://localhost/wp-admin/options-general.php?page=donorbox-donation-form%2Fdonorbox_embed_campaign.php" "Mozilla/5.0 (Windows NT 10.0; WOW64) AppleWebKit/537.36 (KHTML, like Gecko) Chrome/93.0.4577.63 Safari/537.36"
127.0.0.1 - - [13/Sep/2021:15:32:54 +0000] "POST /wp-admin/admin-ajax.php?action=wp_1_wc_privacy_cleanup&nonce=edafa572b2 HTTP/1.1" 200 420 "http://localhost/wp-admin/admin-ajax.php?action=wp_1_wc_privacy_cleanup&nonce=edafa572b2" "WordPress/5.8; http://localhost"
127.0.0.1 - - [13/Sep/2021:15:32:53 +0000] "POST /wp-cron.php?doing_wp_cron=1631547173.3850820064544677734375 HTTP/1.1" 200 192 "http://localhost/wp-cron.php?doing_wp_cron=1631547173.3850820064544677734375" "WordPress/5.8; http://localhost"
127.0.0.1 - - [13/Sep/2021:15:34:54 +0000] "POST /wp-cron.php?doing_wp_cron=1631547294.4244439601898193359375 HTTP/1.1" 200 192 "http://localhost/wp-cron.php?doing_wp_cron=1631547294.4244439601898193359375" "WordPress/5.8; http://localhost"
172.18.0.1 - - [13/Sep/2021:15:34:54 +0000] "POST /wp-admin/admin-ajax.php HTTP/1.1" 200 599 "http://localhost/wp-admin/options-general.php?page=donorbox-donation-form%2Fdonorbox_embed_campaign.php" "Mozilla/5.0 (Windows NT 10.0; WOW64) AppleWebKit/537.36 (KHTML, like Gecko) Chrome/93.0.4577.63 Safari/537.36"
127.0.0.1 - - [13/Sep/2021:15:42:17 +0000] "POST /wp-cron.php?doing_wp_cron=1631547737.3420519828796386718750 HTTP/1.1" 200 192 "http://localhost/wp-cron.php?doing_wp_cron=1631547737.3420519828796386718750" "WordPress/5.8; http://localhost"
172.18.0.1 - - [13/Sep/2021:15:42:17 +0000] "POST /wp-admin/admin-ajax.php HTTP/1.1" 200 599 "http://localhost/wp-admin/options-general.php?page=donorbox-donation-form%2Fdonorbox_embed_campaign.php" "Mozilla/5.0 (Windows NT 10.0; WOW64) AppleWebKit/537.36 (KHTML, like Gecko) Chrome/93.0.4577.63 Safari/537.36"
127.0.0.1 - - [13/Sep/2021:15:43:17 +0000] "POST /wp-cron.php?doing_wp_cron=1631547797.4151539802551269531250 HTTP/1.1" 200 192 "http://localhost/wp-cron.php?doing_wp_cron=1631547797.4151539802551269531250" "WordPress/5.8; http://localhost"
172.18.0.1 - - [13/Sep/2021:15:43:17 +0000] "POST /wp-admin/admin-ajax.php HTTP/1.1" 200 599 "http://localhost/wp-admin/options-general.php?page=donorbox-donation-form%2Fdonorbox_embed_campaign.php" "Mozilla/5.0 (Windows NT 10.0; WOW64) AppleWebKit/537.36 (KHTML, like Gecko) Chrome/93.0.4577.63 Safari/537.36"
127.0.0.1 - - [13/Sep/2021:15:45:18 +0000] "POST /wp-cron.php?doing_wp_cron=1631547918.3975610733032226562500 HTTP/1.1" 200 192 "http://localhost/wp-cron.php?doing_wp_cron=1631547918.3975610733032226562500" "WordPress/5.8; http://localhost"
172.18.0.1 - - [13/Sep/2021:15:45:18 +0000] "POST /wp-admin/admin-ajax.php HTTP/1.1" 200 599 "http://localhost/wp-admin/options-general.php?page=donorbox-donation-form%2Fdonorbox_embed_campaign.php" "Mozilla/5.0 (Windows NT 10.0; WOW64) AppleWebKit/537.36 (KHTML, like Gecko) Chrome/93.0.4577.63 Safari/537.36"
127.0.0.1 - - [13/Sep/2021:15:47:19 +0000] "POST /wp-cron.php?doing_wp_cron=1631548039.3817501068115234375000 HTTP/1.1" 200 192 "http://localhost/wp-cron.php?doing_wp_cron=1631548039.3817501068115234375000" "WordPress/5.8; http://localhost"
172.18.0.1 - - [13/Sep/2021:15:47:19 +0000] "POST /wp-admin/admin-ajax.php HTTP/1.1" 200 599 "http://localhost/wp-admin/options-general.php?page=donorbox-donation-form%2Fdonorbox_embed_campaign.php" "Mozilla/5.0 (Windows NT 10.0; WOW64) AppleWebKit/537.36 (KHTML, like Gecko) Chrome/93.0.4577.63 Safari/537.36"
127.0.0.1 - - [13/Sep/2021:15:49:20 +0000] "POST /wp-cron.php?doing_wp_cron=1631548160.3644111156463623046875 HTTP/1.1" 200 192 "http://localhost/wp-cron.php?doing_wp_cron=1631548160.3644111156463623046875" "WordPress/5.8; http://localhost"
172.18.0.1 - - [13/Sep/2021:15:49:20 +0000] "POST /wp-admin/admin-ajax.php HTTP/1.1" 200 599 "http://localhost/wp-admin/options-general.php?page=donorbox-donation-form%2Fdonorbox_embed_campaign.php" "Mozilla/5.0 (Windows NT 10.0; WOW64) AppleWebKit/537.36 (KHTML, like Gecko) Chrome/93.0.4577.63 Safari/537.36"
127.0.0.1 - - [13/Sep/2021:15:51:21 +0000] "POST /wp-cron.php?doing_wp_cron=1631548281.3855578899383544921875 HTTP/1.1" 200 192 "http://localhost/wp-cron.php?doing_wp_cron=1631548281.3855578899383544921875" "WordPress/5.8; http://localhost"
172.18.0.1 - - [13/Sep/2021:15:51:21 +0000] "POST /wp-admin/admin-ajax.php HTTP/1.1" 200 599 "http://localhost/wp-admin/options-general.php?page=donorbox-donation-form%2Fdonorbox_embed_campaign.php" "Mozilla/5.0 (Windows NT 10.0; WOW64) AppleWebKit/537.36 (KHTML, like Gecko) Chrome/93.0.4577.63 Safari/537.36"
172.18.0.1 - - [13/Sep/2021:15:52:53 +0000] "GET /hola.php HTTP/1.1" 200 559 "http://localhost:8080/hola.php" "Mozilla/5.0 (Windows NT 10.0; WOW64) AppleWebKit/537.36 (KHTML, like Gecko) Chrome/93.0.4577.63 Safari/537.36"
172.18.0.1 - - [13/Sep/2021:15:53:45 +0000] "-" 408 0 "-" "-"
172.18.0.1 - - [13/Sep/2021:15:53:45 +0000] "-" 408 0 "-" "-"
172.18.0.1 - - [13/Sep/2021:16:01:17 +0000] "GET /hola.php HTTP/1.1" 200 582 "http://localhost:8080/hola.php" "Mozilla/5.0 (Windows NT 10.0; WOW64) AppleWebKit/537.36 (KHTML, like Gecko) Chrome/93.0.4577.63 Safari/537.36"
172.18.0.1 - - [13/Sep/2021:16:01:17 +0000] "GET /indexs.js HTTP/1.1" 200 514 "http://localhost:8080/hola.php" "Mozilla/5.0 (Windows NT 10.0; WOW64) AppleWebKit/537.36 (KHTML, like Gecko) Chrome/93.0.4577.63 Safari/537.36"
172.18.0.1 - - [13/Sep/2021:16:02:09 +0000] "-" 408 0 "-" "-"
172.18.0.1 - - [13/Sep/2021:16:11:08 +0000] "GET /hola.php HTTP/1.1" 200 520 "http://localhost:8080/hola.php" "Mozilla/5.0 (Windows NT 10.0; WOW64) AppleWebKit/537.36 (KHTML, like Gecko) Chrome/93.0.4577.63 Safari/537.36"
172.18.0.1 - - [13/Sep/2021:16:11:08 +0000] "GET /indexs.js HTTP/1.1" 200 514 "http://localhost:8080/hola.php" "Mozilla/5.0 (Windows NT 10.0; WOW64) AppleWebKit/537.36 (KHTML, like Gecko) Chrome/93.0.4577.63 Safari/537.36"
172.18.0.1 - - [13/Sep/2021:16:11:17 +0000] "POST /accion.php HTTP/1.1" 404 490 "http://localhost:8080/hola.php" "Mozilla/5.0 (Windows NT 10.0; WOW64) AppleWebKit/537.36 (KHTML, like Gecko) Chrome/93.0.4577.63 Safari/537.36"
172.18.0.1 - - [13/Sep/2021:16:11:58 +0000] "GET /hola.php HTTP/1.1" 200 525 "http://localhost:8080/hola.php" "Mozilla/5.0 (Windows NT 10.0; WOW64) AppleWebKit/537.36 (KHTML, like Gecko) Chrome/93.0.4577.63 Safari/537.36"
172.18.0.1 - - [13/Sep/2021:16:12:20 +0000] "-" 408 0 "-" "-"
172.18.0.1 - - [13/Sep/2021:16:12:31 +0000] "GET /hola.php HTTP/1.1" 200 520 "http://localhost:8080/hola.php" "Mozilla/5.0 (Windows NT 10.0; WOW64) AppleWebKit/537.36 (KHTML, like Gecko) Chrome/93.0.4577.63 Safari/537.36"
172.18.0.1 - - [13/Sep/2021:16:12:35 +0000] "GET /hola.php HTTP/1.1" 200 519 "http://localhost:8080/hola.php" "Mozilla/5.0 (Windows NT 10.0; WOW64) AppleWebKit/537.36 (KHTML, like Gecko) Chrome/93.0.4577.63 Safari/537.36"
172.18.0.1 - - [13/Sep/2021:16:13:23 +0000] "-" 408 0 "-" "-"
172.18.0.1 - - [13/Sep/2021:16:15:09 +0000] "POST /accion.php HTTP/1.1" 404 490 "http://localhost:8080/hola.php" "Mozilla/5.0 (Windows NT 10.0; WOW64) AppleWebKit/537.36 (KHTML, like Gecko) Chrome/93.0.4577.63 Safari/537.36"
127.0.0.1 - - [13/Sep/2021:16:15:18 +0000] "POST /wp-cron.php?doing_wp_cron=1631549718.4989581108093261718750 HTTP/1.1" 200 192 "http://localhost/wp-cron.php?doing_wp_cron=1631549718.4989581108093261718750" "WordPress/5.8; http://localhost"
172.18.0.1 - - [13/Sep/2021:16:15:18 +0000] "POST /wp-admin/admin-ajax.php HTTP/1.1" 200 599 "http://localhost/wp-admin/options-general.php?page=donorbox-donation-form%2Fdonorbox_embed_campaign.php" "Mozilla/5.0 (Windows NT 10.0; WOW64) AppleWebKit/537.36 (KHTML, like Gecko) Chrome/93.0.4577.63 Safari/537.36"
172.18.0.1 - - [13/Sep/2021:16:16:01 +0000] "-" 408 0 "-" "-"
172.18.0.1 - - [13/Sep/2021:16:16:07 +0000] "-" 408 0 "-" "-"
172.18.0.1 - - [13/Sep/2021:16:16:12 +0000] "GET /hola.php HTTP/1.1" 200 495 "http://localhost:8080/hola.php" "Mozilla/5.0 (Windows NT 10.0; WOW64) AppleWebKit/537.36 (KHTML, like Gecko) Chrome/93.0.4577.63 Safari/537.36"
172.18.0.1 - - [13/Sep/2021:16:16:13 +0000] "POST /accion.php HTTP/1.1" 200 256 "http://localhost:8080/hola.php" "Mozilla/5.0 (Windows NT 10.0; WOW64) AppleWebKit/537.36 (KHTML, like Gecko) Chrome/93.0.4577.63 Safari/537.36"
172.18.0.1 - - [13/Sep/2021:16:16:18 +0000] "POST /accion.php HTTP/1.1" 200 261 "http://localhost:8080/hola.php" "Mozilla/5.0 (Windows NT 10.0; WOW64) AppleWebKit/537.36 (KHTML, like Gecko) Chrome/93.0.4577.63 Safari/537.36"
127.0.0.1 - - [13/Sep/2021:16:16:19 +0000] "POST /wp-cron.php?doing_wp_cron=1631549779.4076271057128906250000 HTTP/1.1" 200 192 "http://localhost/wp-cron.php?doing_wp_cron=1631549779.4076271057128906250000" "WordPress/5.8; http://localhost"
172.18.0.1 - - [13/Sep/2021:16:16:19 +0000] "POST /wp-admin/admin-ajax.php HTTP/1.1" 200 599 "http://localhost/wp-admin/options-general.php?page=donorbox-donation-form%2Fdonorbox_embed_campaign.php" "Mozilla/5.0 (Windows NT 10.0; WOW64) AppleWebKit/537.36 (KHTML, like Gecko) Chrome/93.0.4577.63 Safari/537.36"
172.18.0.1 - - [13/Sep/2021:16:16:24 +0000] "POST /accion.php HTTP/1.1" 200 263 "http://localhost:8080/hola.php" "Mozilla/5.0 (Windows NT 10.0; WOW64) AppleWebKit/537.36 (KHTML, like Gecko) Chrome/93.0.4577.63 Safari/537.36"
172.18.0.1 - - [13/Sep/2021:16:16:29 +0000] "POST /accion.php HTTP/1.1" 200 263 "http://localhost:8080/hola.php" "Mozilla/5.0 (Windows NT 10.0; WOW64) AppleWebKit/537.36 (KHTML, like Gecko) Chrome/93.0.4577.63 Safari/537.36"
172.18.0.1 - - [13/Sep/2021:16:17:22 +0000] "-" 408 0 "-" "-"
127.0.0.1 - - [13/Sep/2021:16:18:20 +0000] "POST /wp-cron.php?doing_wp_cron=1631549900.3911170959472656250000 HTTP/1.1" 200 192 "http://localhost/wp-cron.php?doing_wp_cron=1631549900.3911170959472656250000" "WordPress/5.8; http://localhost"
172.18.0.1 - - [13/Sep/2021:16:18:20 +0000] "POST /wp-admin/admin-ajax.php HTTP/1.1" 200 599 "http://localhost/wp-admin/options-general.php?page=donorbox-donation-form%2Fdonorbox_embed_campaign.php" "Mozilla/5.0 (Windows NT 10.0; WOW64) AppleWebKit/537.36 (KHTML, like Gecko) Chrome/93.0.4577.63 Safari/537.36"
172.18.0.1 - - [13/Sep/2021:16:20:19 +0000] "POST /accion.php HTTP/1.1" 200 262 "http://localhost:8080/hola.php" "Mozilla/5.0 (Windows NT 10.0; WOW64) AppleWebKit/537.36 (KHTML, like Gecko) Chrome/93.0.4577.63 Safari/537.36"
127.0.0.1 - - [13/Sep/2021:16:20:21 +0000] "POST /wp-cron.php?doing_wp_cron=1631550021.3907508850097656250000 HTTP/1.1" 200 192 "http://localhost/wp-cron.php?doing_wp_cron=1631550021.3907508850097656250000" "WordPress/5.8; http://localhost"
172.18.0.1 - - [13/Sep/2021:16:20:21 +0000] "POST /wp-admin/admin-ajax.php HTTP/1.1" 200 599 "http://localhost/wp-admin/options-general.php?page=donorbox-donation-form%2Fdonorbox_embed_campaign.php" "Mozilla/5.0 (Windows NT 10.0; WOW64) AppleWebKit/537.36 (KHTML, like Gecko) Chrome/93.0.4577.63 Safari/537.36"
172.18.0.1 - - [13/Sep/2021:16:20:49 +0000] "-" 408 0 "-" "-"
127.0.0.1 - - [13/Sep/2021:16:22:22 +0000] "POST /wp-cron.php?doing_wp_cron=1631550142.4009690284729003906250 HTTP/1.1" 200 192 "http://localhost/wp-cron.php?doing_wp_cron=1631550142.4009690284729003906250" "WordPress/5.8; http://localhost"
172.18.0.1 - - [13/Sep/2021:16:22:22 +0000] "POST /wp-admin/admin-ajax.php HTTP/1.1" 200 599 "http://localhost/wp-admin/options-general.php?page=donorbox-donation-form%2Fdonorbox_embed_campaign.php" "Mozilla/5.0 (Windows NT 10.0; WOW64) AppleWebKit/537.36 (KHTML, like Gecko) Chrome/93.0.4577.63 Safari/537.36"
127.0.0.1 - - [13/Sep/2021:16:24:23 +0000] "POST /wp-cron.php?doing_wp_cron=1631550263.4189529418945312500000 HTTP/1.1" 200 192 "http://localhost/wp-cron.php?doing_wp_cron=1631550263.4189529418945312500000" "WordPress/5.8; http://localhost"
172.18.0.1 - - [13/Sep/2021:16:24:23 +0000] "POST /wp-admin/admin-ajax.php HTTP/1.1" 200 599 "http://localhost/wp-admin/options-general.php?page=donorbox-donation-form%2Fdonorbox_embed_campaign.php" "Mozilla/5.0 (Windows NT 10.0; WOW64) AppleWebKit/537.36 (KHTML, like Gecko) Chrome/93.0.4577.63 Safari/537.36"
172.18.0.1 - - [13/Sep/2021:16:27:53 +0000] "GET /hola.php HTTP/1.1" 200 495 "http://localhost:8080/hola.php" "Mozilla/5.0 (Windows NT 10.0; WOW64) AppleWebKit/537.36 (KHTML, like Gecko) Chrome/93.0.4577.63 Safari/537.36"
172.18.0.1 - - [13/Sep/2021:16:27:53 +0000] "GET /indexs.js HTTP/1.1" 200 517 "http://localhost:8080/hola.php" "Mozilla/5.0 (Windows NT 10.0; WOW64) AppleWebKit/537.36 (KHTML, like Gecko) Chrome/93.0.4577.63 Safari/537.36"
172.18.0.1 - - [13/Sep/2021:16:28:06 +0000] "-" 408 0 "-" "-"
172.18.0.1 - - [13/Sep/2021:16:28:54 +0000] "-" 408 0 "-" "-"
172.18.0.1 - - [13/Sep/2021:21:35:56 +0000] "GET / HTTP/1.1" 200 6661 "-" "Mozilla/5.0 (Windows NT 10.0; WOW64) AppleWebKit/537.36 (KHTML, like Gecko) Chrome/93.0.4577.63 Safari/537.36"
172.18.0.1 - - [13/Sep/2021:21:35:58 +0000] "POST /wp-admin/admin-ajax.php HTTP/1.1" 200 598 "http://localhost/wp-admin/options-general.php?page=donorbox-donation-form%2Fdonorbox_embed_campaign.php" "Mozilla/5.0 (Windows NT 10.0; WOW64) AppleWebKit/537.36 (KHTML, like Gecko) Chrome/93.0.4577.63 Safari/537.36"
127.0.0.1 - - [13/Sep/2021:21:35:57 +0000] "POST /wp-cron.php?doing_wp_cron=1631568957.5528221130371093750000 HTTP/1.1" 200 192 "http://localhost/wp-cron.php?doing_wp_cron=1631568957.5528221130371093750000" "WordPress/5.8; http://localhost"
127.0.0.1 - - [13/Sep/2021:21:36:06 +0000] "POST /wp-cron.php?doing_wp_cron=1631568966.0214319229125976562500 HTTP/1.1" 200 192 "http://localhost/wp-cron.php?doing_wp_cron=1631568966.0214319229125976562500" "WordPress/5.8; http://localhost"
172.18.0.1 - - [13/Sep/2021:21:36:05 +0000] "GET /wp-admin/plugins.php HTTP/1.1" 200 33153 "http://localhost/wp-admin/options-general.php?page=donorbox-donation-form%2Fdonorbox_embed_campaign.php" "Mozilla/5.0 (Windows NT 10.0; WOW64) AppleWebKit/537.36 (KHTML, like Gecko) Chrome/93.0.4577.63 Safari/537.36"
172.18.0.1 - - [13/Sep/2021:21:36:19 +0000] "GET /wp-admin/load-styles.php?c=0&dir=ltr&load%5Bchunk_0%5D=dashicons,admin-bar,common,forms,admin-menu,dashboard,list-tables,edit,revisions,media,themes,about,nav-menus,wp-pointer,widgets&load%5Bchunk_1%5D=,site-icon,l10n,buttons,wp-jquery-ui-dialog,wp-auth-check,media-views&ver=5.8 HTTP/1.1" 200 106327 "http://localhost/wp-admin/plugins.php" "Mozilla/5.0 (Windows NT 10.0; WOW64) AppleWebKit/537.36 (KHTML, like Gecko) Chrome/93.0.4577.63 Safari/537.36"
172.18.0.1 - - [13/Sep/2021:21:36:58 +0000] "-" 408 0 "-" "-"
127.0.0.1 - - [13/Sep/2021:21:37:20 +0000] "POST /wp-cron.php?doing_wp_cron=1631569040.4195520877838134765625 HTTP/1.1" 200 192 "http://localhost/wp-cron.php?doing_wp_cron=1631569040.4195520877838134765625" "WordPress/5.8; http://localhost"
172.18.0.1 - - [13/Sep/2021:21:37:20 +0000] "POST /wp-admin/admin-ajax.php HTTP/1.1" 200 599 "http://localhost/wp-admin/plugins.php" "Mozilla/5.0 (Windows NT 10.0; WOW64) AppleWebKit/537.36 (KHTML, like Gecko) Chrome/93.0.4577.63 Safari/537.36"
172.18.0.1 - - [13/Sep/2021:21:37:22 +0000] "GET /wp-admin/plugins.php?action=activate&plugin=wordpressProject%2Findex.php&plugin_status=all&paged=1&s&_wpnonce=c014abcb52 HTTP/1.1" 302 521 "http://localhost/wp-admin/plugins.php" "Mozilla/5.0 (Windows NT 10.0; WOW64) AppleWebKit/537.36 (KHTML, like Gecko) Chrome/93.0.4577.63 Safari/537.36"
172.18.0.1 - - [13/Sep/2021:21:37:31 +0000] "GET /wp-admin/plugins.php?activate=true&plugin_status=all&paged=1&s= HTTP/1.1" 200 33182 "http://localhost/wp-admin/plugins.php" "Mozilla/5.0 (Windows NT 10.0; WOW64) AppleWebKit/537.36 (KHTML, like Gecko) Chrome/93.0.4577.63 Safari/537.36"
172.18.0.1 - - [13/Sep/2021:21:38:15 +0000] "-" 408 0 "-" "-"
127.0.0.1 - - [13/Sep/2021:21:38:33 +0000] "POST /wp-cron.php?doing_wp_cron=1631569112.9755420684814453125000 HTTP/1.1" 200 192 "http://localhost/wp-cron.php?doing_wp_cron=1631569112.9755420684814453125000" "WordPress/5.8; http://localhost"
172.18.0.1 - - [13/Sep/2021:21:38:32 +0000] "POST /wp-admin/admin-ajax.php HTTP/1.1" 200 599 "http://localhost/wp-admin/plugins.php?plugin_status=all&paged=1&s" "Mozilla/5.0 (Windows NT 10.0; WOW64) AppleWebKit/537.36 (KHTML, like Gecko) Chrome/93.0.4577.63 Safari/537.36"
127.0.0.1 - - [13/Sep/2021:21:39:27 +0000] "POST /wp-cron.php?doing_wp_cron=1631569167.2179050445556640625000 HTTP/1.1" 200 192 "http://localhost/wp-cron.php?doing_wp_cron=1631569167.2179050445556640625000" "WordPress/5.8; http://localhost"
172.18.0.1 - - [13/Sep/2021:21:39:27 +0000] "GET / HTTP/1.1" 200 6883 "-" "Mozilla/5.0 (Windows NT 10.0; WOW64) AppleWebKit/537.36 (KHTML, like Gecko) Chrome/93.0.4577.63 Safari/537.36"
172.18.0.1 - - [13/Sep/2021:21:39:28 +0000] "GET /favicon.ico HTTP/1.1" 302 483 "http://localhost/" "Mozilla/5.0 (Windows NT 10.0; WOW64) AppleWebKit/537.36 (KHTML, like Gecko) Chrome/93.0.4577.63 Safari/537.36"
172.18.0.1 - - [13/Sep/2021:21:39:28 +0000] "GET /wp-includes/images/w-logo-blue-white-bg.png HTTP/1.1" 200 4405 "http://localhost/" "Mozilla/5.0 (Windows NT 10.0; WOW64) AppleWebKit/537.36 (KHTML, like Gecko) Chrome/93.0.4577.63 Safari/537.36"
172.18.0.1 - - [13/Sep/2021:21:39:44 +0000] "GET /2021/09/09/calculadora/ HTTP/1.1" 200 9237 "http://localhost/" "Mozilla/5.0 (Windows NT 10.0; WOW64) AppleWebKit/537.36 (KHTML, like Gecko) Chrome/93.0.4577.63 Safari/537.36"
172.18.0.1 - - [13/Sep/2021:21:39:44 +0000] "GET /wp-content/plugins/calculated-fields-form/css/stylepublic.css?ver=1.1.16 HTTP/1.1" 200 4989 "http://localhost/2021/09/09/calculadora/" "Mozilla/5.0 (Windows NT 10.0; WOW64) AppleWebKit/537.36 (KHTML, like Gecko) Chrome/93.0.4577.63 Safari/537.36"
172.18.0.1 - - [13/Sep/2021:21:39:44 +0000] "GET /wp-content/plugins/calculated-fields-form/js/jquery.validate.js?ver=pro HTTP/1.1" 200 8957 "http://localhost/2021/09/09/calculadora/" "Mozilla/5.0 (Windows NT 10.0; WOW64) AppleWebKit/537.36 (KHTML, like Gecko) Chrome/93.0.4577.63 Safari/537.36"
172.18.0.1 - - [13/Sep/2021:21:39:44 +0000] "GET /wp-content/plugins/calculated-fields-form/js/jQuery.stringify.js?ver=pro HTTP/1.1" 200 1064 "http://localhost/2021/09/09/calculadora/" "Mozilla/5.0 (Windows NT 10.0; WOW64) AppleWebKit/537.36 (KHTML, like Gecko) Chrome/93.0.4577.63 Safari/537.36"
172.18.0.1 - - [13/Sep/2021:21:39:44 +0000] "GET /wp-includes/js/comment-reply.min.js?ver=5.8 HTTP/1.1" 200 1696 "http://localhost/2021/09/09/calculadora/" "Mozilla/5.0 (Windows NT 10.0; WOW64) AppleWebKit/537.36 (KHTML, like Gecko) Chrome/93.0.4577.63 Safari/537.36"
172.18.0.1 - - [13/Sep/2021:21:39:44 +0000] "GET /wp-includes/js/jquery/ui/tooltip.min.js?ver=1.12.1 HTTP/1.1" 200 2485 "http://localhost/2021/09/09/calculadora/" "Mozilla/5.0 (Windows NT 10.0; WOW64) AppleWebKit/537.36 (KHTML, like Gecko) Chrome/93.0.4577.63 Safari/537.36"
172.18.0.1 - - [13/Sep/2021:21:39:44 +0000] "GET /2021/09/09/calculadora/?cp_cff_resources=public&min=1&ver=1.1.16 HTTP/1.1" 200 28724 "http://localhost/2021/09/09/calculadora/" "Mozilla/5.0 (Windows NT 10.0; WOW64) AppleWebKit/537.36 (KHTML, like Gecko) Chrome/93.0.4577.63 Safari/537.36"
172.18.0.1 - - [13/Sep/2021:21:39:50 +0000] "GET /2021/09/09/hello-world/ HTTP/1.1" 200 8296 "http://localhost/" "Mozilla/5.0 (Windows NT 10.0; WOW64) AppleWebKit/537.36 (KHTML, like Gecko) Chrome/93.0.4577.63 Safari/537.36"
127.0.0.1 - - [13/Sep/2021:21:40:18 +0000] "POST /wp-cron.php?doing_wp_cron=1631569218.6917140483856201171875 HTTP/1.1" 200 192 "http://localhost/wp-cron.php?doing_wp_cron=1631569218.6917140483856201171875" "WordPress/5.8; http://localhost"
172.18.0.1 - - [13/Sep/2021:21:40:18 +0000] "GET / HTTP/1.1" 200 6883 "http://localhost/" "Mozilla/5.0 (Windows NT 10.0; WOW64) AppleWebKit/537.36 (KHTML, like Gecko) Chrome/93.0.4577.63 Safari/537.36"
172.18.0.1 - - [13/Sep/2021:21:40:20 +0000] "GET /favicon.ico HTTP/1.1" 302 483 "http://localhost/" "Mozilla/5.0 (Windows NT 10.0; WOW64) AppleWebKit/537.36 (KHTML, like Gecko) Chrome/93.0.4577.63 Safari/537.36"
172.18.0.1 - - [13/Sep/2021:21:40:20 +0000] "GET /wp-includes/images/w-logo-blue-white-bg.png HTTP/1.1" 200 4405 "http://localhost/" "Mozilla/5.0 (Windows NT 10.0; WOW64) AppleWebKit/537.36 (KHTML, like Gecko) Chrome/93.0.4577.63 Safari/537.36"
172.18.0.1 - - [13/Sep/2021:21:40:33 +0000] "POST /wp-admin/admin-ajax.php HTTP/1.1" 200 599 "http://localhost/wp-admin/plugins.php?plugin_status=all&paged=1&s" "Mozilla/5.0 (Windows NT 10.0; WOW64) AppleWebKit/537.36 (KHTML, like Gecko) Chrome/93.0.4577.63 Safari/537.36"
127.0.0.1 - - [13/Sep/2021:21:41:24 +0000] "POST /wp-cron.php?doing_wp_cron=1631569284.2891409397125244140625 HTTP/1.1" 200 192 "http://localhost/wp-cron.php?doing_wp_cron=1631569284.2891409397125244140625" "WordPress/5.8; http://localhost"
172.18.0.1 - - [13/Sep/2021:21:41:24 +0000] "GET /2021/09/09/calculadora/ HTTP/1.1" 200 9237 "http://localhost/" "Mozilla/5.0 (Windows NT 10.0; WOW64) AppleWebKit/537.36 (KHTML, like Gecko) Chrome/93.0.4577.63 Safari/537.36"
172.18.0.1 - - [13/Sep/2021:21:41:25 +0000] "GET /2021/09/09/calculadora/?cp_cff_resources=public&min=1&ver=1.1.16 HTTP/1.1" 200 28723 "http://localhost/2021/09/09/calculadora/" "Mozilla/5.0 (Windows NT 10.0; WOW64) AppleWebKit/537.36 (KHTML, like Gecko) Chrome/93.0.4577.63 Safari/537.36"
172.18.0.1 - - [13/Sep/2021:21:41:29 +0000] "GET /2021/09/09/calculadora/ HTTP/1.1" 200 9236 "http://localhost/" "Mozilla/5.0 (Windows NT 10.0; WOW64) AppleWebKit/537.36 (KHTML, like Gecko) Chrome/93.0.4577.63 Safari/537.36"
172.18.0.1 - - [13/Sep/2021:21:41:29 +0000] "GET /2021/09/09/calculadora/?cp_cff_resources=public&min=1&ver=1.1.16 HTTP/1.1" 200 28723 "http://localhost/2021/09/09/calculadora/" "Mozilla/5.0 (Windows NT 10.0; WOW64) AppleWebKit/537.36 (KHTML, like Gecko) Chrome/93.0.4577.63 Safari/537.36"
172.18.0.1 - - [13/Sep/2021:21:41:29 +0000] "GET /favicon.ico HTTP/1.1" 302 483 "http://localhost/2021/09/09/calculadora/" "Mozilla/5.0 (Windows NT 10.0; WOW64) AppleWebKit/537.36 (KHTML, like Gecko) Chrome/93.0.4577.63 Safari/537.36"
172.18.0.1 - - [13/Sep/2021:21:41:29 +0000] "GET /wp-includes/images/w-logo-blue-white-bg.png HTTP/1.1" 200 4405 "http://localhost/2021/09/09/calculadora/" "Mozilla/5.0 (Windows NT 10.0; WOW64) AppleWebKit/537.36 (KHTML, like Gecko) Chrome/93.0.4577.63 Safari/537.36"
127.0.0.1 - - [13/Sep/2021:21:42:12 +0000] "POST /wp-cron.php?doing_wp_cron=1631569332.7683100700378417968750 HTTP/1.1" 200 192 "http://localhost/wp-cron.php?doing_wp_cron=1631569332.7683100700378417968750" "WordPress/5.8; http://localhost"
172.18.0.1 - - [13/Sep/2021:21:42:12 +0000] "POST /wp-admin/admin-ajax.php HTTP/1.1" 200 599 "http://localhost/wp-admin/plugins.php?plugin_status=all&paged=1&s" "Mozilla/5.0 (Windows NT 10.0; WOW64) AppleWebKit/537.36 (KHTML, like Gecko) Chrome/93.0.4577.63 Safari/537.36"
172.18.0.1 - - [13/Sep/2021:21:43:10 +0000] "-" 408 0 "-" "-"
127.0.0.1 - - [13/Sep/2021:21:43:13 +0000] "POST /wp-cron.php?doing_wp_cron=1631569393.3368370532989501953125 HTTP/1.1" 200 192 "http://localhost/wp-cron.php?doing_wp_cron=1631569393.3368370532989501953125" "WordPress/5.8; http://localhost"
172.18.0.1 - - [13/Sep/2021:21:43:13 +0000] "POST /wp-admin/admin-ajax.php HTTP/1.1" 200 599 "http://localhost/wp-admin/plugins.php?plugin_status=all&paged=1&s" "Mozilla/5.0 (Windows NT 10.0; WOW64) AppleWebKit/537.36 (KHTML, like Gecko) Chrome/93.0.4577.63 Safari/537.36"
127.0.0.1 - - [13/Sep/2021:21:45:14 +0000] "POST /wp-cron.php?doing_wp_cron=1631569514.4109110832214355468750 HTTP/1.1" 200 192 "http://localhost/wp-cron.php?doing_wp_cron=1631569514.4109110832214355468750" "WordPress/5.8; http://localhost"
172.18.0.1 - - [13/Sep/2021:21:45:14 +0000] "POST /wp-admin/admin-ajax.php HTTP/1.1" 200 599 "http://localhost/wp-admin/plugins.php?plugin_status=all&paged=1&s" "Mozilla/5.0 (Windows NT 10.0; WOW64) AppleWebKit/537.36 (KHTML, like Gecko) Chrome/93.0.4577.63 Safari/537.36"
127.0.0.1 - - [13/Sep/2021:21:47:15 +0000] "POST /wp-cron.php?doing_wp_cron=1631569635.3630208969116210937500 HTTP/1.1" 200 192 "http://localhost/wp-cron.php?doing_wp_cron=1631569635.3630208969116210937500" "WordPress/5.8; http://localhost"
172.18.0.1 - - [13/Sep/2021:21:47:15 +0000] "POST /wp-admin/admin-ajax.php HTTP/1.1" 200 599 "http://localhost/wp-admin/plugins.php?plugin_status=all&paged=1&s" "Mozilla/5.0 (Windows NT 10.0; WOW64) AppleWebKit/537.36 (KHTML, like Gecko) Chrome/93.0.4577.63 Safari/537.36"
127.0.0.1 - - [13/Sep/2021:21:48:16 +0000] "POST /wp-cron.php?doing_wp_cron=1631569696.4114029407501220703125 HTTP/1.1" 200 192 "http://localhost/wp-cron.php?doing_wp_cron=1631569696.4114029407501220703125" "WordPress/5.8; http://localhost"
172.18.0.1 - - [13/Sep/2021:21:48:16 +0000] "POST /wp-admin/admin-ajax.php HTTP/1.1" 200 599 "http://localhost/wp-admin/plugins.php?plugin_status=all&paged=1&s" "Mozilla/5.0 (Windows NT 10.0; WOW64) AppleWebKit/537.36 (KHTML, like Gecko) Chrome/93.0.4577.63 Safari/537.36"
127.0.0.1 - - [13/Sep/2021:21:49:17 +0000] "POST /wp-cron.php?doing_wp_cron=1631569757.3494589328765869140625 HTTP/1.1" 200 192 "http://localhost/wp-cron.php?doing_wp_cron=1631569757.3494589328765869140625" "WordPress/5.8; http://localhost"
172.18.0.1 - - [13/Sep/2021:21:49:17 +0000] "POST /wp-admin/admin-ajax.php HTTP/1.1" 200 599 "http://localhost/wp-admin/plugins.php?plugin_status=all&paged=1&s" "Mozilla/5.0 (Windows NT 10.0; WOW64) AppleWebKit/537.36 (KHTML, like Gecko) Chrome/93.0.4577.63 Safari/537.36"
127.0.0.1 - - [13/Sep/2021:21:51:18 +0000] "POST /wp-cron.php?doing_wp_cron=1631569878.3612051010131835937500 HTTP/1.1" 200 192 "http://localhost/wp-cron.php?doing_wp_cron=1631569878.3612051010131835937500" "WordPress/5.8; http://localhost"
172.18.0.1 - - [13/Sep/2021:21:51:18 +0000] "POST /wp-admin/admin-ajax.php HTTP/1.1" 200 599 "http://localhost/wp-admin/plugins.php?plugin_status=all&paged=1&s" "Mozilla/5.0 (Windows NT 10.0; WOW64) AppleWebKit/537.36 (KHTML, like Gecko) Chrome/93.0.4577.63 Safari/537.36"
127.0.0.1 - - [13/Sep/2021:21:53:19 +0000] "POST /wp-cron.php?doing_wp_cron=1631569999.3593161106109619140625 HTTP/1.1" 200 192 "http://localhost/wp-cron.php?doing_wp_cron=1631569999.3593161106109619140625" "WordPress/5.8; http://localhost"
172.18.0.1 - - [13/Sep/2021:21:53:19 +0000] "POST /wp-admin/admin-ajax.php HTTP/1.1" 200 599 "http://localhost/wp-admin/plugins.php?plugin_status=all&paged=1&s" "Mozilla/5.0 (Windows NT 10.0; WOW64) AppleWebKit/537.36 (KHTML, like Gecko) Chrome/93.0.4577.63 Safari/537.36"
127.0.0.1 - - [13/Sep/2021:21:55:20 +0000] "POST /wp-cron.php?doing_wp_cron=1631570120.4359340667724609375000 HTTP/1.1" 200 192 "http://localhost/wp-cron.php?doing_wp_cron=1631570120.4359340667724609375000" "WordPress/5.8; http://localhost"
172.18.0.1 - - [13/Sep/2021:21:55:20 +0000] "POST /wp-admin/admin-ajax.php HTTP/1.1" 200 599 "http://localhost/wp-admin/plugins.php?plugin_status=all&paged=1&s" "Mozilla/5.0 (Windows NT 10.0; WOW64) AppleWebKit/537.36 (KHTML, like Gecko) Chrome/93.0.4577.63 Safari/537.36"
172.18.0.1 - - [13/Sep/2021:21:55:56 +0000] "GET /wp-admin/plugins.php?action=activate&plugin=hello.php&plugin_status=all&paged=1&s&_wpnonce=e0a4daac03 HTTP/1.1" 302 522 "http://localhost/wp-admin/plugins.php?plugin_status=all&paged=1&s" "Mozilla/5.0 (Windows NT 10.0; WOW64) AppleWebKit/537.36 (KHTML, like Gecko) Chrome/93.0.4577.63 Safari/537.36"
127.0.0.1 - - [13/Sep/2021:21:56:05 +0000] "POST /wp-cron.php?doing_wp_cron=1631570165.1875090599060058593750 HTTP/1.1" 200 192 "http://localhost/wp-cron.php?doing_wp_cron=1631570165.1875090599060058593750" "WordPress/5.8; http://localhost"
172.18.0.1 - - [13/Sep/2021:21:56:05 +0000] "GET /wp-admin/plugins.php?activate=true&plugin_status=all&paged=1&s= HTTP/1.1" 200 33362 "http://localhost/wp-admin/plugins.php?plugin_status=all&paged=1&s" "Mozilla/5.0 (Windows NT 10.0; WOW64) AppleWebKit/537.36 (KHTML, like Gecko) Chrome/93.0.4577.63 Safari/537.36"
127.0.0.1 - - [13/Sep/2021:21:56:10 +0000] "POST /wp-cron.php?doing_wp_cron=1631570170.2259809970855712890625 HTTP/1.1" 200 192 "http://localhost/wp-cron.php?doing_wp_cron=1631570170.2259809970855712890625" "WordPress/5.8; http://localhost"
172.18.0.1 - - [13/Sep/2021:21:56:10 +0000] "GET /wp-admin/plugins.php?action=deactivate&plugin=hello.php&plugin_status=all&paged=1&s&_wpnonce=b7ca9431c4 HTTP/1.1" 302 523 "http://localhost/wp-admin/plugins.php?plugin_status=all&paged=1&s" "Mozilla/5.0 (Windows NT 10.0; WOW64) AppleWebKit/537.36 (KHTML, like Gecko) Chrome/93.0.4577.63 Safari/537.36"
172.18.0.1 - - [13/Sep/2021:21:56:19 +0000] "GET /wp-admin/plugins.php?deactivate=true&plugin_status=all&paged=1&s= HTTP/1.1" 200 33182 "http://localhost/wp-admin/plugins.php?plugin_status=all&paged=1&s" "Mozilla/5.0 (Windows NT 10.0; WOW64) AppleWebKit/537.36 (KHTML, like Gecko) Chrome/93.0.4577.63 Safari/537.36"
172.18.0.1 - - [13/Sep/2021:21:56:49 +0000] "-" 408 0 "-" "-"
172.18.0.1 - - [13/Sep/2021:21:57:21 +0000] "POST /wp-admin/admin-ajax.php HTTP/1.1" 200 599 "http://localhost/wp-admin/plugins.php?plugin_status=all&paged=1&s" "Mozilla/5.0 (Windows NT 10.0; WOW64) AppleWebKit/537.36 (KHTML, like Gecko) Chrome/93.0.4577.63 Safari/537.36"
127.0.0.1 - - [13/Sep/2021:21:57:21 +0000] "POST /wp-cron.php?doing_wp_cron=1631570241.4106669425964355468750 HTTP/1.1" 200 192 "http://localhost/wp-cron.php?doing_wp_cron=1631570241.4106669425964355468750" "WordPress/5.8; http://localhost"
127.0.0.1 - - [13/Sep/2021:21:59:22 +0000] "POST /wp-cron.php?doing_wp_cron=1631570362.3968870639801025390625 HTTP/1.1" 200 192 "http://localhost/wp-cron.php?doing_wp_cron=1631570362.3968870639801025390625" "WordPress/5.8; http://localhost"
172.18.0.1 - - [13/Sep/2021:21:59:22 +0000] "POST /wp-admin/admin-ajax.php HTTP/1.1" 200 599 "http://localhost/wp-admin/plugins.php?plugin_status=all&paged=1&s" "Mozilla/5.0 (Windows NT 10.0; WOW64) AppleWebKit/537.36 (KHTML, like Gecko) Chrome/93.0.4577.63 Safari/537.36"
127.0.0.1 - - [13/Sep/2021:22:00:23 +0000] "POST /wp-cron.php?doing_wp_cron=1631570423.3714969158172607421875 HTTP/1.1" 200 192 "http://localhost/wp-cron.php?doing_wp_cron=1631570423.3714969158172607421875" "WordPress/5.8; http://localhost"
172.18.0.1 - - [13/Sep/2021:22:00:23 +0000] "POST /wp-admin/admin-ajax.php HTTP/1.1" 200 599 "http://localhost/wp-admin/plugins.php?plugin_status=all&paged=1&s" "Mozilla/5.0 (Windows NT 10.0; WOW64) AppleWebKit/537.36 (KHTML, like Gecko) Chrome/93.0.4577.63 Safari/537.36"
127.0.0.1 - - [13/Sep/2021:22:01:37 +0000] "POST /wp-cron.php?doing_wp_cron=1631570497.9279799461364746093750 HTTP/1.1" 200 192 "http://localhost/wp-cron.php?doing_wp_cron=1631570497.9279799461364746093750" "WordPress/5.8; http://localhost"
172.18.0.1 - - [13/Sep/2021:22:01:37 +0000] "POST /wp-admin/admin-ajax.php HTTP/1.1" 200 599 "http://localhost/wp-admin/plugins.php?plugin_status=all&paged=1&s" "Mozilla/5.0 (Windows NT 10.0; WOW64) AppleWebKit/537.36 (KHTML, like Gecko) Chrome/93.0.4577.63 Safari/537.36"
127.0.0.1 - - [13/Sep/2021:22:02:38 +0000] "POST /wp-cron.php?doing_wp_cron=1631570558.0858340263366699218750 HTTP/1.1" 200 192 "http://localhost/wp-cron.php?doing_wp_cron=1631570558.0858340263366699218750" "WordPress/5.8; http://localhost"
172.18.0.1 - - [13/Sep/2021:22:02:38 +0000] "POST /wp-admin/admin-ajax.php HTTP/1.1" 200 599 "http://localhost/wp-admin/plugins.php?plugin_status=all&paged=1&s" "Mozilla/5.0 (Windows NT 10.0; WOW64) AppleWebKit/537.36 (KHTML, like Gecko) Chrome/93.0.4577.63 Safari/537.36"
172.18.0.1 - - [13/Sep/2021:22:03:38 +0000] "POST /wp-admin/admin-ajax.php HTTP/1.1" 500 543 "http://localhost/wp-admin/plugins.php?plugin_status=all&paged=1&s" "Mozilla/5.0 (Windows NT 10.0; WOW64) AppleWebKit/537.36 (KHTML, like Gecko) Chrome/93.0.4577.63 Safari/537.36"
172.18.0.1 - - [13/Sep/2021:22:04:39 +0000] "POST /wp-admin/admin-ajax.php HTTP/1.1" 500 543 "http://localhost/wp-admin/plugins.php?plugin_status=all&paged=1&s" "Mozilla/5.0 (Windows NT 10.0; WOW64) AppleWebKit/537.36 (KHTML, like Gecko) Chrome/93.0.4577.63 Safari/537.36"
172.18.0.1 - - [13/Sep/2021:22:05:40 +0000] "POST /wp-admin/admin-ajax.php HTTP/1.1" 500 543 "http://localhost/wp-admin/plugins.php?plugin_status=all&paged=1&s" "Mozilla/5.0 (Windows NT 10.0; WOW64) AppleWebKit/537.36 (KHTML, like Gecko) Chrome/93.0.4577.63 Safari/537.36"
172.18.0.1 - - [13/Sep/2021:22:06:40 +0000] "POST /wp-admin/admin-ajax.php HTTP/1.1" 500 543 "http://localhost/wp-admin/plugins.php?plugin_status=all&paged=1&s" "Mozilla/5.0 (Windows NT 10.0; WOW64) AppleWebKit/537.36 (KHTML, like Gecko) Chrome/93.0.4577.63 Safari/537.36"
172.18.0.1 - - [13/Sep/2021:22:07:40 +0000] "POST /wp-admin/admin-ajax.php HTTP/1.1" 500 543 "http://localhost/wp-admin/plugins.php?plugin_status=all&paged=1&s" "Mozilla/5.0 (Windows NT 10.0; WOW64) AppleWebKit/537.36 (KHTML, like Gecko) Chrome/93.0.4577.63 Safari/537.36"
172.18.0.1 - - [13/Sep/2021:22:08:41 +0000] "POST /wp-admin/admin-ajax.php HTTP/1.1" 500 543 "http://localhost/wp-admin/plugins.php?plugin_status=all&paged=1&s" "Mozilla/5.0 (Windows NT 10.0; WOW64) AppleWebKit/537.36 (KHTML, like Gecko) Chrome/93.0.4577.63 Safari/537.36"
172.18.0.1 - - [13/Sep/2021:22:09:41 +0000] "POST /wp-admin/admin-ajax.php HTTP/1.1" 500 543 "http://localhost/wp-admin/plugins.php?plugin_status=all&paged=1&s" "Mozilla/5.0 (Windows NT 10.0; WOW64) AppleWebKit/537.36 (KHTML, like Gecko) Chrome/93.0.4577.63 Safari/537.36"
172.18.0.1 - - [13/Sep/2021:22:10:08 +0000] "GET /wp-admin/plugins.php?plugin_status=all&paged=1&s HTTP/1.1" 500 3109 "http://localhost/wp-admin/plugins.php?plugin_status=all&paged=1&s" "Mozilla/5.0 (Windows NT 10.0; WOW64) AppleWebKit/537.36 (KHTML, like Gecko) Chrome/93.0.4577.63 Safari/537.36"
172.18.0.1 - - [13/Sep/2021:22:10:08 +0000] "GET /favicon.ico HTTP/1.1" 500 3050 "http://localhost/wp-admin/plugins.php?plugin_status=all&paged=1&s" "Mozilla/5.0 (Windows NT 10.0; WOW64) AppleWebKit/537.36 (KHTML, like Gecko) Chrome/93.0.4577.63 Safari/537.36"
172.18.0.1 - - [13/Sep/2021:22:10:10 +0000] "GET /wp-admin/plugins.php?plugin_status=all&paged=1&s HTTP/1.1" 500 3109 "http://localhost/wp-admin/plugins.php?plugin_status=all&paged=1&s" "Mozilla/5.0 (Windows NT 10.0; WOW64) AppleWebKit/537.36 (KHTML, like Gecko) Chrome/93.0.4577.63 Safari/537.36"
172.18.0.1 - - [13/Sep/2021:22:10:10 +0000] "GET /favicon.ico HTTP/1.1" 500 3050 "http://localhost/wp-admin/plugins.php?plugin_status=all&paged=1&s" "Mozilla/5.0 (Windows NT 10.0; WOW64) AppleWebKit/537.36 (KHTML, like Gecko) Chrome/93.0.4577.63 Safari/537.36"
172.18.0.1 - - [13/Sep/2021:22:10:12 +0000] "GET /favicon.ico HTTP/1.1" 500 3050 "http://localhost/wp-admin/plugins.php?plugin_status=all&paged=1&s" "Mozilla/5.0 (Windows NT 10.0; WOW64) AppleWebKit/537.36 (KHTML, like Gecko) Chrome/93.0.4577.63 Safari/537.36"
172.18.0.1 - - [13/Sep/2021:22:10:23 +0000] "GET /favicon.ico HTTP/1.1" 500 3050 "http://localhost/wp-admin/plugins.php?plugin_status=all&paged=1&s" "Mozilla/5.0 (Windows NT 10.0; WOW64) AppleWebKit/537.36 (KHTML, like Gecko) Chrome/93.0.4577.63 Safari/537.36"
172.18.0.1 - - [13/Sep/2021:22:10:25 +0000] "GET /wp-admin/ HTTP/1.1" 500 3109 "http://localhost/" "Mozilla/5.0 (Windows NT 10.0; WOW64) AppleWebKit/537.36 (KHTML, like Gecko) Chrome/93.0.4577.63 Safari/537.36"
172.18.0.1 - - [13/Sep/2021:22:10:25 +0000] "GET /favicon.ico HTTP/1.1" 500 3050 "http://localhost/wp-admin/" "Mozilla/5.0 (Windows NT 10.0; WOW64) AppleWebKit/537.36 (KHTML, like Gecko) Chrome/93.0.4577.63 Safari/537.36"
172.18.0.1 - - [13/Sep/2021:22:10:27 +0000] "GET /wp-admin/ HTTP/1.1" 500 3109 "http://localhost/" "Mozilla/5.0 (Windows NT 10.0; WOW64) AppleWebKit/537.36 (KHTML, like Gecko) Chrome/93.0.4577.63 Safari/537.36"
172.18.0.1 - - [13/Sep/2021:22:10:27 +0000] "GET /favicon.ico HTTP/1.1" 500 3050 "http://localhost/wp-admin/" "Mozilla/5.0 (Windows NT 10.0; WOW64) AppleWebKit/537.36 (KHTML, like Gecko) Chrome/93.0.4577.63 Safari/537.36"
172.18.0.1 - - [13/Sep/2021:22:10:48 +0000] "GET /wp-admin/ HTTP/1.1" 500 3109 "http://localhost/" "Mozilla/5.0 (Windows NT 10.0; WOW64) AppleWebKit/537.36 (KHTML, like Gecko) Chrome/93.0.4577.63 Safari/537.36"
172.18.0.1 - - [13/Sep/2021:22:10:49 +0000] "GET /favicon.ico HTTP/1.1" 500 3050 "http://localhost/wp-admin/" "Mozilla/5.0 (Windows NT 10.0; WOW64) AppleWebKit/537.36 (KHTML, like Gecko) Chrome/93.0.4577.63 Safari/537.36"
172.18.0.1 - - [13/Sep/2021:22:11:11 +0000] "GET /wp-admin/ HTTP/1.1" 500 3109 "http://localhost/" "Mozilla/5.0 (Windows NT 10.0; WOW64) AppleWebKit/537.36 (KHTML, like Gecko) Chrome/93.0.4577.63 Safari/537.36"
172.18.0.1 - - [13/Sep/2021:22:11:11 +0000] "GET /favicon.ico HTTP/1.1" 500 3050 "http://localhost/wp-admin/" "Mozilla/5.0 (Windows NT 10.0; WOW64) AppleWebKit/537.36 (KHTML, like Gecko) Chrome/93.0.4577.63 Safari/537.36"
172.18.0.1 - - [13/Sep/2021:22:11:12 +0000] "GET /wp-admin/ HTTP/1.1" 500 3109 "http://localhost/" "Mozilla/5.0 (Windows NT 10.0; WOW64) AppleWebKit/537.36 (KHTML, like Gecko) Chrome/93.0.4577.63 Safari/537.36"
172.18.0.1 - - [13/Sep/2021:22:11:12 +0000] "GET /favicon.ico HTTP/1.1" 500 3050 "http://localhost/wp-admin/" "Mozilla/5.0 (Windows NT 10.0; WOW64) AppleWebKit/537.36 (KHTML, like Gecko) Chrome/93.0.4577.63 Safari/537.36"
172.18.0.1 - - [13/Sep/2021:22:11:14 +0000] "GET /wp-admin/ HTTP/1.1" 500 3109 "http://localhost/wp-admin/" "Mozilla/5.0 (Windows NT 10.0; WOW64) AppleWebKit/537.36 (KHTML, like Gecko) Chrome/93.0.4577.63 Safari/537.36"
172.18.0.1 - - [13/Sep/2021:22:11:14 +0000] "GET /favicon.ico HTTP/1.1" 500 3050 "http://localhost/wp-admin/" "Mozilla/5.0 (Windows NT 10.0; WOW64) AppleWebKit/537.36 (KHTML, like Gecko) Chrome/93.0.4577.63 Safari/537.36"
172.18.0.1 - - [13/Sep/2021:22:11:56 +0000] "GET /wp-admin/ HTTP/1.1" 500 3109 "http://localhost/wp-admin/" "Mozilla/5.0 (Windows NT 10.0; WOW64) AppleWebKit/537.36 (KHTML, like Gecko) Chrome/93.0.4577.63 Safari/537.36"
172.18.0.1 - - [13/Sep/2021:22:11:56 +0000] "GET /favicon.ico HTTP/1.1" 500 3050 "http://localhost/wp-admin/" "Mozilla/5.0 (Windows NT 10.0; WOW64) AppleWebKit/537.36 (KHTML, like Gecko) Chrome/93.0.4577.63 Safari/537.36"
172.18.0.1 - - [13/Sep/2021:22:11:57 +0000] "GET /wp-admin/ HTTP/1.1" 500 3109 "http://localhost/wp-admin/" "Mozilla/5.0 (Windows NT 10.0; WOW64) AppleWebKit/537.36 (KHTML, like Gecko) Chrome/93.0.4577.63 Safari/537.36"
172.18.0.1 - - [13/Sep/2021:22:11:58 +0000] "GET /favicon.ico HTTP/1.1" 500 3050 "http://localhost/wp-admin/" "Mozilla/5.0 (Windows NT 10.0; WOW64) AppleWebKit/537.36 (KHTML, like Gecko) Chrome/93.0.4577.63 Safari/537.36"
172.18.0.1 - - [13/Sep/2021:22:12:04 +0000] "GET /wp-admin/ HTTP/1.1" 500 3109 "http://localhost/wp-admin/" "Mozilla/5.0 (Windows NT 10.0; WOW64) AppleWebKit/537.36 (KHTML, like Gecko) Chrome/93.0.4577.63 Safari/537.36"
172.18.0.1 - - [13/Sep/2021:22:12:04 +0000] "GET /favicon.ico HTTP/1.1" 500 3050 "http://localhost/wp-admin/" "Mozilla/5.0 (Windows NT 10.0; WOW64) AppleWebKit/537.36 (KHTML, like Gecko) Chrome/93.0.4577.63 Safari/537.36"
172.18.0.1 - - [13/Sep/2021:22:12:17 +0000] "GET /wp-admin/ HTTP/1.1" 500 3109 "http://localhost/wp-admin/" "Mozilla/5.0 (Windows NT 10.0; WOW64) AppleWebKit/537.36 (KHTML, like Gecko) Chrome/93.0.4577.63 Safari/537.36"
172.18.0.1 - - [13/Sep/2021:22:12:18 +0000] "GET /favicon.ico HTTP/1.1" 500 3050 "http://localhost/wp-admin/" "Mozilla/5.0 (Windows NT 10.0; WOW64) AppleWebKit/537.36 (KHTML, like Gecko) Chrome/93.0.4577.63 Safari/537.36"
127.0.0.1 - - [13/Sep/2021:22:12:27 +0000] "POST /wp-cron.php?doing_wp_cron=1631571147.4447391033172607421875 HTTP/1.1" 200 192 "http://localhost/wp-cron.php?doing_wp_cron=1631571147.4447391033172607421875" "WordPress/5.8; http://localhost"
172.18.0.1 - - [13/Sep/2021:22:12:27 +0000] "GET /wp-admin/ HTTP/1.1" 200 35434 "http://localhost/wp-admin/" "Mozilla/5.0 (Windows NT 10.0; WOW64) AppleWebKit/537.36 (KHTML, like Gecko) Chrome/93.0.4577.63 Safari/537.36"
172.18.0.1 - - [13/Sep/2021:22:12:31 +0000] "GET /wp-admin/load-styles.php?c=0&dir=ltr&load%5Bchunk_0%5D=dashicons,admin-bar,site-health,common,forms,admin-menu,dashboard,list-tables,edit,revisions,media,themes,about,nav-menus,wp-poi&load%5Bchunk_1%5D=nter,widgets,site-icon,l10n,buttons,wp-auth-check,media-views&ver=5.8 HTTP/1.1" 200 106697 "http://localhost/wp-admin/" "Mozilla/5.0 (Windows NT 10.0; WOW64) AppleWebKit/537.36 (KHTML, like Gecko) Chrome/93.0.4577.63 Safari/537.36"
172.18.0.1 - - [13/Sep/2021:22:12:31 +0000] "GET /wp-content/plugins/woocommerce/assets/css/dashboard.css?ver=5.6.0 HTTP/1.1" 200 1680 "http://localhost/wp-admin/" "Mozilla/5.0 (Windows NT 10.0; WOW64) AppleWebKit/537.36 (KHTML, like Gecko) Chrome/93.0.4577.63 Safari/537.36"
172.18.0.1 - - [13/Sep/2021:22:12:31 +0000] "GET /wp-admin/load-scripts.php?c=0&load%5Bchunk_0%5D=jquery-core,jquery-migrate,utils,jquery-ui-core,moxiejs,plupload&ver=5.8 HTTP/1.1" 200 73587 "http://localhost/wp-admin/" "Mozilla/5.0 (Windows NT 10.0; WOW64) AppleWebKit/537.36 (KHTML, like Gecko) Chrome/93.0.4577.63 Safari/537.36"
172.18.0.1 - - [13/Sep/2021:22:12:31 +0000] "GET /wp-content/plugins/woocommerce/assets/js/jquery-flot/jquery.flot.resize.min.js?ver=5.6.0 HTTP/1.1" 200 942 "http://localhost/wp-admin/" "Mozilla/5.0 (Windows NT 10.0; WOW64) AppleWebKit/537.36 (KHTML, like Gecko) Chrome/93.0.4577.63 Safari/537.36"
172.18.0.1 - - [13/Sep/2021:22:12:31 +0000] "GET /wp-content/plugins/woocommerce/assets/js/admin/reports.min.js?ver=5.6.0 HTTP/1.1" 200 1706 "http://localhost/wp-admin/" "Mozilla/5.0 (Windows NT 10.0; WOW64) AppleWebKit/537.36 (KHTML, like Gecko) Chrome/93.0.4577.63 Safari/537.36"
172.18.0.1 - - [13/Sep/2021:22:12:31 +0000] "GET /wp-content/plugins/woocommerce/assets/js/jquery-flot/jquery.flot.min.js?ver=5.6.0 HTTP/1.1" 200 12650 "http://localhost/wp-admin/" "Mozilla/5.0 (Windows NT 10.0; WOW64) AppleWebKit/537.36 (KHTML, like Gecko) Chrome/93.0.4577.63 Safari/537.36"
172.18.0.1 - - [13/Sep/2021:22:12:31 +0000] "GET /wp-content/plugins/woocommerce/assets/css/twenty-twenty-one-admin.css?ver=5.6.0 HTTP/1.1" 200 441 "http://localhost/wp-admin/" "Mozilla/5.0 (Windows NT 10.0; WOW64) AppleWebKit/537.36 (KHTML, like Gecko) Chrome/93.0.4577.63 Safari/537.36"
172.18.0.1 - - [13/Sep/2021:22:12:31 +0000] "GET /wp-content/plugins/woocommerce-mercadopago/assets/css/admin_notice_mercadopago.min.css?ver=5.3.1 HTTP/1.1" 200 812 "http://localhost/wp-admin/" "Mozilla/5.0 (Windows NT 10.0; WOW64) AppleWebKit/537.36 (KHTML, like Gecko) Chrome/93.0.4577.63 Safari/537.36"
172.18.0.1 - - [13/Sep/2021:22:12:31 +0000] "GET /wp-content/plugins/woocommerce-mercadopago/assets/css/config_mercadopago.min.css?ver=5.3.1 HTTP/1.1" 200 1533 "http://localhost/wp-admin/" "Mozilla/5.0 (Windows NT 10.0; WOW64) AppleWebKit/537.36 (KHTML, like Gecko) Chrome/93.0.4577.63 Safari/537.36"
172.18.0.1 - - [13/Sep/2021:22:12:31 +0000] "GET /wp-content/plugins/woocommerce-mercadopago/assets/css/saved_cards_notice_mercadopago.min.css?ver=5.3.1 HTTP/1.1" 200 862 "http://localhost/wp-admin/" "Mozilla/5.0 (Windows NT 10.0; WOW64) AppleWebKit/537.36 (KHTML, like Gecko) Chrome/93.0.4577.63 Safari/537.36"
172.18.0.1 - - [13/Sep/2021:22:12:31 +0000] "GET /wp-content/plugins/woocommerce/assets/css/menu.css?ver=5.6.0 HTTP/1.1" 200 1662 "http://localhost/wp-admin/" "Mozilla/5.0 (Windows NT 10.0; WOW64) AppleWebKit/537.36 (KHTML, like Gecko) Chrome/93.0.4577.63 Safari/537.36"
172.18.0.1 - - [13/Sep/2021:22:12:31 +0000] "GET /wp-content/plugins/woocommerce/assets/css/activation.css?ver=5.6.0 HTTP/1.1" 200 843 "http://localhost/wp-admin/" "Mozilla/5.0 (Windows NT 10.0; WOW64) AppleWebKit/537.36 (KHTML, like Gecko) Chrome/93.0.4577.63 Safari/537.36"
172.18.0.1 - - [13/Sep/2021:22:12:31 +0000] "GET /wp-content/plugins/woocommerce/assets/js/jquery-flot/jquery.flot.stack.min.js?ver=5.6.0 HTTP/1.1" 200 978 "http://localhost/wp-admin/" "Mozilla/5.0 (Windows NT 10.0; WOW64) AppleWebKit/537.36 (KHTML, like Gecko) Chrome/93.0.4577.63 Safari/537.36"
172.18.0.1 - - [13/Sep/2021:22:12:31 +0000] "GET /wp-content/plugins/woocommerce/assets/js/jquery-flot/jquery.flot.pie.min.js?ver=5.6.0 HTTP/1.1" 200 3215 "http://localhost/wp-admin/" "Mozilla/5.0 (Windows NT 10.0; WOW64) AppleWebKit/537.36 (KHTML, like Gecko) Chrome/93.0.4577.63 Safari/537.36"
172.18.0.1 - - [13/Sep/2021:22:12:31 +0000] "GET /wp-content/plugins/woocommerce-mercadopago/assets/js/review.min.js?ver=5.3.1 HTTP/1.1" 200 489 "http://localhost/wp-admin/" "Mozilla/5.0 (Windows NT 10.0; WOW64) AppleWebKit/537.36 (KHTML, like Gecko) Chrome/93.0.4577.63 Safari/537.36"
172.18.0.1 - - [13/Sep/2021:22:12:31 +0000] "GET /wp-content/plugins/woocommerce-mercadopago/assets/js/saved_cards_notice_mercadopago.min.js?ver=5.3.1 HTTP/1.1" 200 489 "http://localhost/wp-admin/" "Mozilla/5.0 (Windows NT 10.0; WOW64) AppleWebKit/537.36 (KHTML, like Gecko) Chrome/93.0.4577.63 Safari/537.36"
172.18.0.1 - - [13/Sep/2021:22:12:31 +0000] "GET /wp-content/plugins/woocommerce/assets/js/jquery-flot/jquery.flot.time.min.js?ver=5.6.0 HTTP/1.1" 200 2193 "http://localhost/wp-admin/" "Mozilla/5.0 (Windows NT 10.0; WOW64) AppleWebKit/537.36 (KHTML, like Gecko) Chrome/93.0.4577.63 Safari/537.36"
172.18.0.1 - - [13/Sep/2021:22:12:31 +0000] "GET /wp-includes/css/editor.min.css?ver=5.8 HTTP/1.1" 200 6228 "http://localhost/wp-admin/" "Mozilla/5.0 (Windows NT 10.0; WOW64) AppleWebKit/537.36 (KHTML, like Gecko) Chrome/93.0.4577.63 Safari/537.36"
172.18.0.1 - - [13/Sep/2021:22:12:31 +0000] "GET /wp-admin/js/site-health.min.js?ver=5.8 HTTP/1.1" 200 2487 "http://localhost/wp-admin/" "Mozilla/5.0 (Windows NT 10.0; WOW64) AppleWebKit/537.36 (KHTML, like Gecko) Chrome/93.0.4577.63 Safari/537.36"
172.18.0.1 - - [13/Sep/2021:22:12:31 +0000] "GET /wp-includes/js/wp-lists.min.js?ver=5.8 HTTP/1.1" 200 2879 "http://localhost/wp-admin/" "Mozilla/5.0 (Windows NT 10.0; WOW64) AppleWebKit/537.36 (KHTML, like Gecko) Chrome/93.0.4577.63 Safari/537.36"
172.18.0.1 - - [13/Sep/2021:22:12:31 +0000] "GET /wp-includes/js/wp-ajax-response.min.js?ver=5.8 HTTP/1.1" 200 1322 "http://localhost/wp-admin/" "Mozilla/5.0 (Windows NT 10.0; WOW64) AppleWebKit/537.36 (KHTML, like Gecko) Chrome/93.0.4577.63 Safari/537.36"
172.18.0.1 - - [13/Sep/2021:22:12:31 +0000] "GET /wp-admin/js/edit-comments.min.js?ver=5.8 HTTP/1.1" 200 5438 "http://localhost/wp-admin/" "Mozilla/5.0 (Windows NT 10.0; WOW64) AppleWebKit/537.36 (KHTML, like Gecko) Chrome/93.0.4577.63 Safari/537.36"
